Archive member included to satisfy reference by file (symbol)

/usr/local/lib/gcc/avr/4.9.2/avr5/libgcc.a(_udivmodqi4.o)
                              uzeboxVideoEngine.o (__udivmodqi4)
/usr/local/lib/gcc/avr/4.9.2/avr5/libgcc.a(_divmodqi4.o)
                              Iris.o (__divmodqi4)
/usr/local/lib/gcc/avr/4.9.2/avr5/libgcc.a(_udivmodhi4.o)
                              uzeboxVideoEngine.o (__udivmodhi4)
/usr/local/lib/gcc/avr/4.9.2/avr5/libgcc.a(_divmodhi4.o)
                              uzeboxSoundEngine.o (__divmodhi4)
/usr/local/lib/gcc/avr/4.9.2/avr5/libgcc.a(_udivmodsi4.o)
                              uzeboxVideoEngine.o (__udivmodsi4)
/usr/local/lib/gcc/avr/4.9.2/avr5/libgcc.a(_exit.o)
                              /usr/local/lib/gcc/avr/4.9.2/../../../../avr/lib/avr5/crtm644.o (exit)
/usr/local/lib/gcc/avr/4.9.2/avr5/libgcc.a(_tablejump2.o)
                              Iris.o (__tablejump2__)
/usr/local/lib/gcc/avr/4.9.2/avr5/libgcc.a(_copy_data.o)
                              uzeboxVideoEngine.o (__do_copy_data)
/usr/local/lib/gcc/avr/4.9.2/avr5/libgcc.a(_clear_bss.o)
                              uzeboxCore.o (__do_clear_bss)
/usr/local/lib/gcc/avr/4.9.2/../../../../avr/lib/avr5/libm.a(addsf3.o)
                              Iris.o (__subsf3)
/usr/local/lib/gcc/avr/4.9.2/../../../../avr/lib/avr5/libm.a(addsf3x.o)
                              /usr/local/lib/gcc/avr/4.9.2/../../../../avr/lib/avr5/libm.a(addsf3.o) (__addsf3x)
/usr/local/lib/gcc/avr/4.9.2/../../../../avr/lib/avr5/libm.a(cmpsf2.o)
                              Iris.o (__eqsf2)
/usr/local/lib/gcc/avr/4.9.2/../../../../avr/lib/avr5/libm.a(fixunssfsi.o)
                              Iris.o (__fixunssfsi)
/usr/local/lib/gcc/avr/4.9.2/../../../../avr/lib/avr5/libm.a(floatsisf.o)
                              Iris.o (__floatunsisf)
/usr/local/lib/gcc/avr/4.9.2/../../../../avr/lib/avr5/libm.a(fp_cmp.o)
                              /usr/local/lib/gcc/avr/4.9.2/../../../../avr/lib/avr5/libm.a(cmpsf2.o) (__fp_cmp)
/usr/local/lib/gcc/avr/4.9.2/../../../../avr/lib/avr5/libm.a(fp_inf.o)
                              /usr/local/lib/gcc/avr/4.9.2/../../../../avr/lib/avr5/libm.a(addsf3x.o) (__fp_inf)
/usr/local/lib/gcc/avr/4.9.2/../../../../avr/lib/avr5/libm.a(fp_nan.o)
                              /usr/local/lib/gcc/avr/4.9.2/../../../../avr/lib/avr5/libm.a(addsf3x.o) (__fp_nan)
/usr/local/lib/gcc/avr/4.9.2/../../../../avr/lib/avr5/libm.a(fp_pscA.o)
                              /usr/local/lib/gcc/avr/4.9.2/../../../../avr/lib/avr5/libm.a(addsf3x.o) (__fp_pscA)
/usr/local/lib/gcc/avr/4.9.2/../../../../avr/lib/avr5/libm.a(fp_pscB.o)
                              /usr/local/lib/gcc/avr/4.9.2/../../../../avr/lib/avr5/libm.a(addsf3x.o) (__fp_pscB)
/usr/local/lib/gcc/avr/4.9.2/../../../../avr/lib/avr5/libm.a(fp_round.o)
                              /usr/local/lib/gcc/avr/4.9.2/../../../../avr/lib/avr5/libm.a(addsf3.o) (__fp_round)
/usr/local/lib/gcc/avr/4.9.2/../../../../avr/lib/avr5/libm.a(fp_split3.o)
                              /usr/local/lib/gcc/avr/4.9.2/../../../../avr/lib/avr5/libm.a(addsf3x.o) (__fp_split3)
/usr/local/lib/gcc/avr/4.9.2/../../../../avr/lib/avr5/libm.a(fp_zero.o)
                              /usr/local/lib/gcc/avr/4.9.2/../../../../avr/lib/avr5/libm.a(addsf3x.o) (__fp_zero)
/usr/local/lib/gcc/avr/4.9.2/../../../../avr/lib/avr5/libm.a(gesf2.o)
                              Iris.o (__gesf2)
/usr/local/lib/gcc/avr/4.9.2/../../../../avr/lib/avr5/libm.a(mulsf3.o)
                              Iris.o (__mulsf3)
/usr/local/lib/gcc/avr/4.9.2/../../../../avr/lib/avr5/libm.a(mulsf3x.o)
                              /usr/local/lib/gcc/avr/4.9.2/../../../../avr/lib/avr5/libm.a(mulsf3.o) (__mulsf3x)
/usr/local/lib/gcc/avr/4.9.2/../../../../avr/lib/avr5/libc.a(strnlen_P.o)
                              Iris.o (strnlen_P)

Allocating common symbols
Common symbol       size              file

songStart           0x2               uzeboxSoundEngine.o
font_tiles_map      0x2               Iris.o
tracks              0x73              uzeboxSoundEngine.o
jump_anim           0x2               Iris.o
scores              0x20              Iris.o
fadeSpeed           0x1               uzeboxVideoEngine.o
currDeltaTime       0x2               uzeboxSoundEngine.o
fadeDir             0x1               uzeboxVideoEngine.o
patchPointers       0x2               uzeboxSoundEngine.o
game                0x201             Iris.o
lastStatus          0x1               uzeboxSoundEngine.o
joypadsConnectionStatus
                    0x1               uzeboxCore.o
free_tile_index     0x1               uzeboxVideoEngine.o
fadeActive          0x1               uzeboxVideoEngine.o
masterVolume        0x1               uzeboxSoundEngine.o
prone_anim          0x2               Iris.o
nextDeltaTime       0x2               uzeboxSoundEngine.o
spider_anim         0x4               Iris.o
songSpeed           0x1               uzeboxSoundEngine.o
songPos             0x2               uzeboxSoundEngine.o
shark_anim          0x2               Iris.o
extendedSprites     0x50              Iris.o
run_anim            0x8               Iris.o
enemy_shot_anim     0x2               Iris.o
loopStart           0x2               uzeboxSoundEngine.o
shot_anim           0x2               Iris.o
step                0x1               uzeboxSoundEngine.o
expl_anim           0x6               Iris.o
currFadeFrame       0x1               uzeboxVideoEngine.o
fadeStep            0x1               uzeboxVideoEngine.o
idle_anim           0x2               Iris.o

Discarded input sections

 .data          0x0000000000000000        0x0 /usr/local/lib/gcc/avr/4.9.2/../../../../avr/lib/avr5/crtm644.o
 .bss           0x0000000000000000        0x0 /usr/local/lib/gcc/avr/4.9.2/../../../../avr/lib/avr5/crtm644.o
 .data          0x0000000000000000        0x0 uzeboxVideoEngineCore.o
 .text.SetSpritesTileBank
                0x0000000000000000       0x12 uzeboxVideoEngineCore.o
 .text.SetFont  0x0000000000000000        0x8 uzeboxVideoEngineCore.o
 .text.SetFontTilesIndex
                0x0000000000000000        0x6 uzeboxVideoEngineCore.o
 .text.GetTile  0x0000000000000000       0x24 uzeboxVideoEngineCore.o
 .text.GetVsyncCounter
                0x0000000000000000        0xa uzeboxVideoEngineCore.o
 .text.ClearVsyncCounter
                0x0000000000000000        0xa uzeboxVideoEngineCore.o
 .text.SetUserPreVsyncCallback
                0x0000000000000000        0xa uzeboxVideoEngineCore.o
 .text.SetUserPostVsyncCallback
                0x0000000000000000        0xa uzeboxVideoEngineCore.o
 .text.IsRunningInEmulator
                0x0000000000000000       0x12 uzeboxVideoEngineCore.o
 .text.WaitClocks
                0x0000000000000000        0x6 uzeboxVideoEngineCore.o
 .text.SetLedOn
                0x0000000000000000        0x4 uzeboxVideoEngineCore.o
 .text.SetLedOff
                0x0000000000000000        0x4 uzeboxVideoEngineCore.o
 .text.ToggleLed
                0x0000000000000000        0x4 uzeboxVideoEngineCore.o
 .text.internal_spi_byte
                0x0000000000000000        0xe uzeboxVideoEngineCore.o
 .text          0x0000000000000000        0x0 uzeboxCore.o
 .data          0x0000000000000000        0x0 uzeboxCore.o
 .text.SetRenderingParameters
                0x0000000000000000        0xa uzeboxCore.o
 .text.DetectControllers
                0x0000000000000000       0x36 uzeboxCore.o
 .text.FormatEeprom2
                0x0000000000000000       0x98 uzeboxCore.o
 .text.IsPowerSwitchPressed
                0x0000000000000000        0xe uzeboxCore.o
 .text          0x0000000000000000        0x0 uzeboxSoundEngine.o
 .data          0x0000000000000000        0x0 uzeboxSoundEngine.o
 .text.ResumeSong
                0x0000000000000000        0x8 uzeboxSoundEngine.o
 .text.SetSongSpeed
                0x0000000000000000        0x6 uzeboxSoundEngine.o
 .text.GetSongSpeed
                0x0000000000000000        0x6 uzeboxSoundEngine.o
 .text.GetMasterVolume
                0x0000000000000000        0x6 uzeboxSoundEngine.o
 .data          0x0000000000000000        0x0 uzeboxSoundEngineCore.o
 .text.SetMixerNoiseParams
                0x0000000000000000       0x10 uzeboxSoundEngineCore.o
 .text.SetMixerVolume
                0x0000000000000000       0x16 uzeboxSoundEngineCore.o
 .text.EnableSoundEngine
                0x0000000000000000        0x8 uzeboxSoundEngineCore.o
 .text          0x0000000000000000        0x0 uzeboxVideoEngine.o
 .text.SetUserRamTilesCount
                0x0000000000000000        0x6 uzeboxVideoEngine.o
 .text.GetUserRamTile
                0x0000000000000000        0xe uzeboxVideoEngine.o
 .text.SetSpriteVisibility
                0x0000000000000000        0x6 uzeboxVideoEngine.o
 .text.SetScrolling
                0x0000000000000000       0x28 uzeboxVideoEngine.o
 .text.MapSprite
                0x0000000000000000       0x80 uzeboxVideoEngine.o
 .text.MapSprite2
                0x0000000000000000       0xa4 uzeboxVideoEngine.o
 .text.MoveSprite
                0x0000000000000000       0x7c uzeboxVideoEngine.o
 .text.PrintLong
                0x0000000000000000       0x8a uzeboxVideoEngine.o
 .text.PrintByte
                0x0000000000000000       0x66 uzeboxVideoEngine.o
 .text.PrintInt
                0x0000000000000000       0x70 uzeboxVideoEngine.o
 .text.PrintBinaryByte
                0x0000000000000000       0x36 uzeboxVideoEngine.o
 .text.PrintHexByte
                0x0000000000000000       0x40 uzeboxVideoEngine.o
 .text.PrintHexInt
                0x0000000000000000       0x24 uzeboxVideoEngine.o
 .text.PrintHexLong
                0x0000000000000000       0x5e uzeboxVideoEngine.o
 .text.Print    0x0000000000000000       0x36 uzeboxVideoEngine.o
 .text.PrintRam
                0x0000000000000000       0x36 uzeboxVideoEngine.o
 .text.PrintChar
                0x0000000000000000        0x6 uzeboxVideoEngine.o
 .text.Fill     0x0000000000000000       0x6e uzeboxVideoEngine.o
 .text.FontFill
                0x0000000000000000       0x6c uzeboxVideoEngine.o
 .text          0x0000000000000000        0x0 Iris.o
 .text.LBGetNextFrameReverse
                0x0000000000000000       0x60 Iris.o
 .text.LBCopyChars
                0x0000000000000000       0x18 Iris.o
 .text.LBSetFontTilesMap
                0x0000000000000000        0xa Iris.o
 .text.LBPrintStr
                0x0000000000000000       0x62 Iris.o
 .text.save_eeprom
                0x0000000000000000        0x4 Iris.o
 .text.render_level_tile
                0x0000000000000000        0xe Iris.o
 .text.get_camera_x
                0x0000000000000000        0x4 Iris.o
 .text.get_camera_y
                0x0000000000000000        0x4 Iris.o
 .text.get_hero_spawn_x
                0x0000000000000000        0x4 Iris.o
 .text.get_hero_spawn_y
                0x0000000000000000        0x4 Iris.o
 .text.level_hazard
                0x0000000000000000       0x14 Iris.o
 .text          0x0000000000000000        0x0 /usr/local/lib/gcc/avr/4.9.2/avr5/libgcc.a(_udivmodqi4.o)
 .data          0x0000000000000000        0x0 /usr/local/lib/gcc/avr/4.9.2/avr5/libgcc.a(_udivmodqi4.o)
 .bss           0x0000000000000000        0x0 /usr/local/lib/gcc/avr/4.9.2/avr5/libgcc.a(_udivmodqi4.o)
 .text.libgcc.mul
                0x0000000000000000        0x0 /usr/local/lib/gcc/avr/4.9.2/avr5/libgcc.a(_udivmodqi4.o)
 .text.libgcc   0x0000000000000000        0x0 /usr/local/lib/gcc/avr/4.9.2/avr5/libgcc.a(_udivmodqi4.o)
 .text.libgcc.prologue
                0x0000000000000000        0x0 /usr/local/lib/gcc/avr/4.9.2/avr5/libgcc.a(_udivmodqi4.o)
 .text.libgcc.builtins
                0x0000000000000000        0x0 /usr/local/lib/gcc/avr/4.9.2/avr5/libgcc.a(_udivmodqi4.o)
 .text.libgcc.fmul
                0x0000000000000000        0x0 /usr/local/lib/gcc/avr/4.9.2/avr5/libgcc.a(_udivmodqi4.o)
 .text.libgcc.fixed
                0x0000000000000000        0x0 /usr/local/lib/gcc/avr/4.9.2/avr5/libgcc.a(_udivmodqi4.o)
 .text          0x0000000000000000        0x0 /usr/local/lib/gcc/avr/4.9.2/avr5/libgcc.a(_divmodqi4.o)
 .data          0x0000000000000000        0x0 /usr/local/lib/gcc/avr/4.9.2/avr5/libgcc.a(_divmodqi4.o)
 .bss           0x0000000000000000        0x0 /usr/local/lib/gcc/avr/4.9.2/avr5/libgcc.a(_divmodqi4.o)
 .text.libgcc.mul
                0x0000000000000000        0x0 /usr/local/lib/gcc/avr/4.9.2/avr5/libgcc.a(_divmodqi4.o)
 .text.libgcc   0x0000000000000000        0x0 /usr/local/lib/gcc/avr/4.9.2/avr5/libgcc.a(_divmodqi4.o)
 .text.libgcc.prologue
                0x0000000000000000        0x0 /usr/local/lib/gcc/avr/4.9.2/avr5/libgcc.a(_divmodqi4.o)
 .text.libgcc.builtins
                0x0000000000000000        0x0 /usr/local/lib/gcc/avr/4.9.2/avr5/libgcc.a(_divmodqi4.o)
 .text.libgcc.fmul
                0x0000000000000000        0x0 /usr/local/lib/gcc/avr/4.9.2/avr5/libgcc.a(_divmodqi4.o)
 .text.libgcc.fixed
                0x0000000000000000        0x0 /usr/local/lib/gcc/avr/4.9.2/avr5/libgcc.a(_divmodqi4.o)
 .text          0x0000000000000000        0x0 /usr/local/lib/gcc/avr/4.9.2/avr5/libgcc.a(_udivmodhi4.o)
 .data          0x0000000000000000        0x0 /usr/local/lib/gcc/avr/4.9.2/avr5/libgcc.a(_udivmodhi4.o)
 .bss           0x0000000000000000        0x0 /usr/local/lib/gcc/avr/4.9.2/avr5/libgcc.a(_udivmodhi4.o)
 .text.libgcc.mul
                0x0000000000000000        0x0 /usr/local/lib/gcc/avr/4.9.2/avr5/libgcc.a(_udivmodhi4.o)
 .text.libgcc   0x0000000000000000        0x0 /usr/local/lib/gcc/avr/4.9.2/avr5/libgcc.a(_udivmodhi4.o)
 .text.libgcc.prologue
                0x0000000000000000        0x0 /usr/local/lib/gcc/avr/4.9.2/avr5/libgcc.a(_udivmodhi4.o)
 .text.libgcc.builtins
                0x0000000000000000        0x0 /usr/local/lib/gcc/avr/4.9.2/avr5/libgcc.a(_udivmodhi4.o)
 .text.libgcc.fmul
                0x0000000000000000        0x0 /usr/local/lib/gcc/avr/4.9.2/avr5/libgcc.a(_udivmodhi4.o)
 .text.libgcc.fixed
                0x0000000000000000        0x0 /usr/local/lib/gcc/avr/4.9.2/avr5/libgcc.a(_udivmodhi4.o)
 .text          0x0000000000000000        0x0 /usr/local/lib/gcc/avr/4.9.2/avr5/libgcc.a(_divmodhi4.o)
 .data          0x0000000000000000        0x0 /usr/local/lib/gcc/avr/4.9.2/avr5/libgcc.a(_divmodhi4.o)
 .bss           0x0000000000000000        0x0 /usr/local/lib/gcc/avr/4.9.2/avr5/libgcc.a(_divmodhi4.o)
 .text.libgcc.mul
                0x0000000000000000        0x0 /usr/local/lib/gcc/avr/4.9.2/avr5/libgcc.a(_divmodhi4.o)
 .text.libgcc   0x0000000000000000        0x0 /usr/local/lib/gcc/avr/4.9.2/avr5/libgcc.a(_divmodhi4.o)
 .text.libgcc.prologue
                0x0000000000000000        0x0 /usr/local/lib/gcc/avr/4.9.2/avr5/libgcc.a(_divmodhi4.o)
 .text.libgcc.builtins
                0x0000000000000000        0x0 /usr/local/lib/gcc/avr/4.9.2/avr5/libgcc.a(_divmodhi4.o)
 .text.libgcc.fmul
                0x0000000000000000        0x0 /usr/local/lib/gcc/avr/4.9.2/avr5/libgcc.a(_divmodhi4.o)
 .text.libgcc.fixed
                0x0000000000000000        0x0 /usr/local/lib/gcc/avr/4.9.2/avr5/libgcc.a(_divmodhi4.o)
 .text          0x0000000000000000        0x0 /usr/local/lib/gcc/avr/4.9.2/avr5/libgcc.a(_udivmodsi4.o)
 .data          0x0000000000000000        0x0 /usr/local/lib/gcc/avr/4.9.2/avr5/libgcc.a(_udivmodsi4.o)
 .bss           0x0000000000000000        0x0 /usr/local/lib/gcc/avr/4.9.2/avr5/libgcc.a(_udivmodsi4.o)
 .stab          0x0000000000000000      0x228 /usr/local/lib/gcc/avr/4.9.2/avr5/libgcc.a(_udivmodsi4.o)
                                        0x234 (size before relaxing)
 .text.libgcc.mul
                0x0000000000000000        0x0 /usr/local/lib/gcc/avr/4.9.2/avr5/libgcc.a(_udivmodsi4.o)
 .text.libgcc.div
                0x0000000000000000       0x44 /usr/local/lib/gcc/avr/4.9.2/avr5/libgcc.a(_udivmodsi4.o)
 .text.libgcc   0x0000000000000000        0x0 /usr/local/lib/gcc/avr/4.9.2/avr5/libgcc.a(_udivmodsi4.o)
 .text.libgcc.prologue
                0x0000000000000000        0x0 /usr/local/lib/gcc/avr/4.9.2/avr5/libgcc.a(_udivmodsi4.o)
 .text.libgcc.builtins
                0x0000000000000000        0x0 /usr/local/lib/gcc/avr/4.9.2/avr5/libgcc.a(_udivmodsi4.o)
 .text.libgcc.fmul
                0x0000000000000000        0x0 /usr/local/lib/gcc/avr/4.9.2/avr5/libgcc.a(_udivmodsi4.o)
 .text.libgcc.fixed
                0x0000000000000000        0x0 /usr/local/lib/gcc/avr/4.9.2/avr5/libgcc.a(_udivmodsi4.o)
 .text          0x0000000000000000        0x0 /usr/local/lib/gcc/avr/4.9.2/avr5/libgcc.a(_exit.o)
 .data          0x0000000000000000        0x0 /usr/local/lib/gcc/avr/4.9.2/avr5/libgcc.a(_exit.o)
 .bss           0x0000000000000000        0x0 /usr/local/lib/gcc/avr/4.9.2/avr5/libgcc.a(_exit.o)
 .text.libgcc.mul
                0x0000000000000000        0x0 /usr/local/lib/gcc/avr/4.9.2/avr5/libgcc.a(_exit.o)
 .text.libgcc.div
                0x0000000000000000        0x0 /usr/local/lib/gcc/avr/4.9.2/avr5/libgcc.a(_exit.o)
 .text.libgcc   0x0000000000000000        0x0 /usr/local/lib/gcc/avr/4.9.2/avr5/libgcc.a(_exit.o)
 .text.libgcc.prologue
                0x0000000000000000        0x0 /usr/local/lib/gcc/avr/4.9.2/avr5/libgcc.a(_exit.o)
 .text.libgcc.builtins
                0x0000000000000000        0x0 /usr/local/lib/gcc/avr/4.9.2/avr5/libgcc.a(_exit.o)
 .text.libgcc.fmul
                0x0000000000000000        0x0 /usr/local/lib/gcc/avr/4.9.2/avr5/libgcc.a(_exit.o)
 .text.libgcc.fixed
                0x0000000000000000        0x0 /usr/local/lib/gcc/avr/4.9.2/avr5/libgcc.a(_exit.o)
 .text          0x0000000000000000        0x0 /usr/local/lib/gcc/avr/4.9.2/avr5/libgcc.a(_tablejump2.o)
 .data          0x0000000000000000        0x0 /usr/local/lib/gcc/avr/4.9.2/avr5/libgcc.a(_tablejump2.o)
 .bss           0x0000000000000000        0x0 /usr/local/lib/gcc/avr/4.9.2/avr5/libgcc.a(_tablejump2.o)
 .text.libgcc.mul
                0x0000000000000000        0x0 /usr/local/lib/gcc/avr/4.9.2/avr5/libgcc.a(_tablejump2.o)
 .text.libgcc.div
                0x0000000000000000        0x0 /usr/local/lib/gcc/avr/4.9.2/avr5/libgcc.a(_tablejump2.o)
 .text.libgcc.prologue
                0x0000000000000000        0x0 /usr/local/lib/gcc/avr/4.9.2/avr5/libgcc.a(_tablejump2.o)
 .text.libgcc.builtins
                0x0000000000000000        0x0 /usr/local/lib/gcc/avr/4.9.2/avr5/libgcc.a(_tablejump2.o)
 .text.libgcc.fmul
                0x0000000000000000        0x0 /usr/local/lib/gcc/avr/4.9.2/avr5/libgcc.a(_tablejump2.o)
 .text.libgcc.fixed
                0x0000000000000000        0x0 /usr/local/lib/gcc/avr/4.9.2/avr5/libgcc.a(_tablejump2.o)
 .text          0x0000000000000000        0x0 /usr/local/lib/gcc/avr/4.9.2/avr5/libgcc.a(_copy_data.o)
 .data          0x0000000000000000        0x0 /usr/local/lib/gcc/avr/4.9.2/avr5/libgcc.a(_copy_data.o)
 .bss           0x0000000000000000        0x0 /usr/local/lib/gcc/avr/4.9.2/avr5/libgcc.a(_copy_data.o)
 .text.libgcc.mul
                0x0000000000000000        0x0 /usr/local/lib/gcc/avr/4.9.2/avr5/libgcc.a(_copy_data.o)
 .text.libgcc.div
                0x0000000000000000        0x0 /usr/local/lib/gcc/avr/4.9.2/avr5/libgcc.a(_copy_data.o)
 .text.libgcc   0x0000000000000000        0x0 /usr/local/lib/gcc/avr/4.9.2/avr5/libgcc.a(_copy_data.o)
 .text.libgcc.prologue
                0x0000000000000000        0x0 /usr/local/lib/gcc/avr/4.9.2/avr5/libgcc.a(_copy_data.o)
 .text.libgcc.builtins
                0x0000000000000000        0x0 /usr/local/lib/gcc/avr/4.9.2/avr5/libgcc.a(_copy_data.o)
 .text.libgcc.fmul
                0x0000000000000000        0x0 /usr/local/lib/gcc/avr/4.9.2/avr5/libgcc.a(_copy_data.o)
 .text.libgcc.fixed
                0x0000000000000000        0x0 /usr/local/lib/gcc/avr/4.9.2/avr5/libgcc.a(_copy_data.o)
 .text          0x0000000000000000        0x0 /usr/local/lib/gcc/avr/4.9.2/avr5/libgcc.a(_clear_bss.o)
 .data          0x0000000000000000        0x0 /usr/local/lib/gcc/avr/4.9.2/avr5/libgcc.a(_clear_bss.o)
 .bss           0x0000000000000000        0x0 /usr/local/lib/gcc/avr/4.9.2/avr5/libgcc.a(_clear_bss.o)
 .text.libgcc.mul
                0x0000000000000000        0x0 /usr/local/lib/gcc/avr/4.9.2/avr5/libgcc.a(_clear_bss.o)
 .text.libgcc.div
                0x0000000000000000        0x0 /usr/local/lib/gcc/avr/4.9.2/avr5/libgcc.a(_clear_bss.o)
 .text.libgcc   0x0000000000000000        0x0 /usr/local/lib/gcc/avr/4.9.2/avr5/libgcc.a(_clear_bss.o)
 .text.libgcc.prologue
                0x0000000000000000        0x0 /usr/local/lib/gcc/avr/4.9.2/avr5/libgcc.a(_clear_bss.o)
 .text.libgcc.builtins
                0x0000000000000000        0x0 /usr/local/lib/gcc/avr/4.9.2/avr5/libgcc.a(_clear_bss.o)
 .text.libgcc.fmul
                0x0000000000000000        0x0 /usr/local/lib/gcc/avr/4.9.2/avr5/libgcc.a(_clear_bss.o)
 .text.libgcc.fixed
                0x0000000000000000        0x0 /usr/local/lib/gcc/avr/4.9.2/avr5/libgcc.a(_clear_bss.o)
 .text          0x0000000000000000        0x0 /usr/local/lib/gcc/avr/4.9.2/../../../../avr/lib/avr5/libm.a(addsf3.o)
 .data          0x0000000000000000        0x0 /usr/local/lib/gcc/avr/4.9.2/../../../../avr/lib/avr5/libm.a(addsf3.o)
 .bss           0x0000000000000000        0x0 /usr/local/lib/gcc/avr/4.9.2/../../../../avr/lib/avr5/libm.a(addsf3.o)
 .text          0x0000000000000000        0x0 /usr/local/lib/gcc/avr/4.9.2/../../../../avr/lib/avr5/libm.a(addsf3x.o)
 .data          0x0000000000000000        0x0 /usr/local/lib/gcc/avr/4.9.2/../../../../avr/lib/avr5/libm.a(addsf3x.o)
 .bss           0x0000000000000000        0x0 /usr/local/lib/gcc/avr/4.9.2/../../../../avr/lib/avr5/libm.a(addsf3x.o)
 .text          0x0000000000000000        0x0 /usr/local/lib/gcc/avr/4.9.2/../../../../avr/lib/avr5/libm.a(cmpsf2.o)
 .data          0x0000000000000000        0x0 /usr/local/lib/gcc/avr/4.9.2/../../../../avr/lib/avr5/libm.a(cmpsf2.o)
 .bss           0x0000000000000000        0x0 /usr/local/lib/gcc/avr/4.9.2/../../../../avr/lib/avr5/libm.a(cmpsf2.o)
 .text          0x0000000000000000        0x0 /usr/local/lib/gcc/avr/4.9.2/../../../../avr/lib/avr5/libm.a(fixunssfsi.o)
 .data          0x0000000000000000        0x0 /usr/local/lib/gcc/avr/4.9.2/../../../../avr/lib/avr5/libm.a(fixunssfsi.o)
 .bss           0x0000000000000000        0x0 /usr/local/lib/gcc/avr/4.9.2/../../../../avr/lib/avr5/libm.a(fixunssfsi.o)
 .text          0x0000000000000000        0x0 /usr/local/lib/gcc/avr/4.9.2/../../../../avr/lib/avr5/libm.a(floatsisf.o)
 .data          0x0000000000000000        0x0 /usr/local/lib/gcc/avr/4.9.2/../../../../avr/lib/avr5/libm.a(floatsisf.o)
 .bss           0x0000000000000000        0x0 /usr/local/lib/gcc/avr/4.9.2/../../../../avr/lib/avr5/libm.a(floatsisf.o)
 .text          0x0000000000000000        0x0 /usr/local/lib/gcc/avr/4.9.2/../../../../avr/lib/avr5/libm.a(fp_cmp.o)
 .data          0x0000000000000000        0x0 /usr/local/lib/gcc/avr/4.9.2/../../../../avr/lib/avr5/libm.a(fp_cmp.o)
 .bss           0x0000000000000000        0x0 /usr/local/lib/gcc/avr/4.9.2/../../../../avr/lib/avr5/libm.a(fp_cmp.o)
 .text          0x0000000000000000        0x0 /usr/local/lib/gcc/avr/4.9.2/../../../../avr/lib/avr5/libm.a(fp_inf.o)
 .data          0x0000000000000000        0x0 /usr/local/lib/gcc/avr/4.9.2/../../../../avr/lib/avr5/libm.a(fp_inf.o)
 .bss           0x0000000000000000        0x0 /usr/local/lib/gcc/avr/4.9.2/../../../../avr/lib/avr5/libm.a(fp_inf.o)
 .text          0x0000000000000000        0x0 /usr/local/lib/gcc/avr/4.9.2/../../../../avr/lib/avr5/libm.a(fp_nan.o)
 .data          0x0000000000000000        0x0 /usr/local/lib/gcc/avr/4.9.2/../../../../avr/lib/avr5/libm.a(fp_nan.o)
 .bss           0x0000000000000000        0x0 /usr/local/lib/gcc/avr/4.9.2/../../../../avr/lib/avr5/libm.a(fp_nan.o)
 .text          0x0000000000000000        0x0 /usr/local/lib/gcc/avr/4.9.2/../../../../avr/lib/avr5/libm.a(fp_pscA.o)
 .data          0x0000000000000000        0x0 /usr/local/lib/gcc/avr/4.9.2/../../../../avr/lib/avr5/libm.a(fp_pscA.o)
 .bss           0x0000000000000000        0x0 /usr/local/lib/gcc/avr/4.9.2/../../../../avr/lib/avr5/libm.a(fp_pscA.o)
 .text          0x0000000000000000        0x0 /usr/local/lib/gcc/avr/4.9.2/../../../../avr/lib/avr5/libm.a(fp_pscB.o)
 .data          0x0000000000000000        0x0 /usr/local/lib/gcc/avr/4.9.2/../../../../avr/lib/avr5/libm.a(fp_pscB.o)
 .bss           0x0000000000000000        0x0 /usr/local/lib/gcc/avr/4.9.2/../../../../avr/lib/avr5/libm.a(fp_pscB.o)
 .text          0x0000000000000000        0x0 /usr/local/lib/gcc/avr/4.9.2/../../../../avr/lib/avr5/libm.a(fp_round.o)
 .data          0x0000000000000000        0x0 /usr/local/lib/gcc/avr/4.9.2/../../../../avr/lib/avr5/libm.a(fp_round.o)
 .bss           0x0000000000000000        0x0 /usr/local/lib/gcc/avr/4.9.2/../../../../avr/lib/avr5/libm.a(fp_round.o)
 .text          0x0000000000000000        0x0 /usr/local/lib/gcc/avr/4.9.2/../../../../avr/lib/avr5/libm.a(fp_split3.o)
 .data          0x0000000000000000        0x0 /usr/local/lib/gcc/avr/4.9.2/../../../../avr/lib/avr5/libm.a(fp_split3.o)
 .bss           0x0000000000000000        0x0 /usr/local/lib/gcc/avr/4.9.2/../../../../avr/lib/avr5/libm.a(fp_split3.o)
 .text          0x0000000000000000        0x0 /usr/local/lib/gcc/avr/4.9.2/../../../../avr/lib/avr5/libm.a(fp_zero.o)
 .data          0x0000000000000000        0x0 /usr/local/lib/gcc/avr/4.9.2/../../../../avr/lib/avr5/libm.a(fp_zero.o)
 .bss           0x0000000000000000        0x0 /usr/local/lib/gcc/avr/4.9.2/../../../../avr/lib/avr5/libm.a(fp_zero.o)
 .text          0x0000000000000000        0x0 /usr/local/lib/gcc/avr/4.9.2/../../../../avr/lib/avr5/libm.a(gesf2.o)
 .data          0x0000000000000000        0x0 /usr/local/lib/gcc/avr/4.9.2/../../../../avr/lib/avr5/libm.a(gesf2.o)
 .bss           0x0000000000000000        0x0 /usr/local/lib/gcc/avr/4.9.2/../../../../avr/lib/avr5/libm.a(gesf2.o)
 .text          0x0000000000000000        0x0 /usr/local/lib/gcc/avr/4.9.2/../../../../avr/lib/avr5/libm.a(mulsf3.o)
 .data          0x0000000000000000        0x0 /usr/local/lib/gcc/avr/4.9.2/../../../../avr/lib/avr5/libm.a(mulsf3.o)
 .bss           0x0000000000000000        0x0 /usr/local/lib/gcc/avr/4.9.2/../../../../avr/lib/avr5/libm.a(mulsf3.o)
 .text          0x0000000000000000        0x0 /usr/local/lib/gcc/avr/4.9.2/../../../../avr/lib/avr5/libm.a(mulsf3x.o)
 .data          0x0000000000000000        0x0 /usr/local/lib/gcc/avr/4.9.2/../../../../avr/lib/avr5/libm.a(mulsf3x.o)
 .bss           0x0000000000000000        0x0 /usr/local/lib/gcc/avr/4.9.2/../../../../avr/lib/avr5/libm.a(mulsf3x.o)
 .text          0x0000000000000000        0x0 /usr/local/lib/gcc/avr/4.9.2/../../../../avr/lib/avr5/libc.a(strnlen_P.o)
 .data          0x0000000000000000        0x0 /usr/local/lib/gcc/avr/4.9.2/../../../../avr/lib/avr5/libc.a(strnlen_P.o)
 .bss           0x0000000000000000        0x0 /usr/local/lib/gcc/avr/4.9.2/../../../../avr/lib/avr5/libc.a(strnlen_P.o)

Memory Configuration

Name             Origin             Length             Attributes
text             0x0000000000000000 0x0000000000020000 xr
data             0x0000000000800060 0x000000000000ffa0 rw !x
eeprom           0x0000000000810000 0x0000000000010000 rw !x
fuse             0x0000000000820000 0x0000000000000400 rw !x
lock             0x0000000000830000 0x0000000000000400 rw !x
signature        0x0000000000840000 0x0000000000000400 rw !x
*default*        0x0000000000000000 0xffffffffffffffff

Linker script and memory map

Address of section .data set to 0x800100
LOAD /usr/local/lib/gcc/avr/4.9.2/../../../../avr/lib/avr5/crtm644.o
Address of section .noinit set to 0x800100
Address of section .data set to 0x800500
LOAD uzeboxVideoEngineCore.o
LOAD uzeboxCore.o
LOAD uzeboxSoundEngine.o
LOAD uzeboxSoundEngineCore.o
LOAD uzeboxVideoEngine.o
LOAD Iris.o
START GROUP
LOAD /usr/local/lib/gcc/avr/4.9.2/avr5/libgcc.a
LOAD /usr/local/lib/gcc/avr/4.9.2/../../../../avr/lib/avr5/libm.a
LOAD /usr/local/lib/gcc/avr/4.9.2/../../../../avr/lib/avr5/libc.a
END GROUP

.hash
 *(.hash)

.dynsym
 *(.dynsym)

.dynstr
 *(.dynstr)

.gnu.version
 *(.gnu.version)

.gnu.version_d
 *(.gnu.version_d)

.gnu.version_r
 *(.gnu.version_r)

.rel.init
 *(.rel.init)

.rela.init
 *(.rela.init)

.rel.text
 *(.rel.text)
 *(.rel.text.*)
 *(.rel.gnu.linkonce.t*)

.rela.text
 *(.rela.text)
 *(.rela.text.*)
 *(.rela.gnu.linkonce.t*)

.rel.fini
 *(.rel.fini)

.rela.fini
 *(.rela.fini)

.rel.rodata
 *(.rel.rodata)
 *(.rel.rodata.*)
 *(.rel.gnu.linkonce.r*)

.rela.rodata
 *(.rela.rodata)
 *(.rela.rodata.*)
 *(.rela.gnu.linkonce.r*)

.rel.data
 *(.rel.data)
 *(.rel.data.*)
 *(.rel.gnu.linkonce.d*)

.rela.data
 *(.rela.data)
 *(.rela.data.*)
 *(.rela.gnu.linkonce.d*)

.rel.ctors
 *(.rel.ctors)

.rela.ctors
 *(.rela.ctors)

.rel.dtors
 *(.rel.dtors)

.rela.dtors
 *(.rela.dtors)

.rel.got
 *(.rel.got)

.rela.got
 *(.rela.got)

.rel.bss
 *(.rel.bss)

.rela.bss
 *(.rela.bss)

.rel.plt
 *(.rel.plt)

.rela.plt
 *(.rela.plt)

.text           0x0000000000000000     0xc902
 *(.vectors)
 .vectors       0x0000000000000000       0x70 /usr/local/lib/gcc/avr/4.9.2/../../../../avr/lib/avr5/crtm644.o
                0x0000000000000000                __vectors
                0x0000000000000000                __vector_default
 *(.vectors)
 *(.progmem.gcc*)
 .progmem.gcc_sw_table.load_level
                0x0000000000000070       0x14 Iris.o
                0x0000000000000084                . = ALIGN (0x2)
                0x0000000000000084                __trampolines_start = .
 *(.trampolines)
 .trampolines   0x0000000000000084        0x0 linker stubs
 *(.trampolines*)
                0x0000000000000084                __trampolines_end = .
 *(.progmem*)
 .progmem.data  0x0000000000000084       0x4e uzeboxCore.o
                0x0000000000000084                io_table
                0x00000000000000b2                eeprom_format_table
 .progmem.data  0x00000000000000d2       0x1e uzeboxSoundEngine.o
                0x00000000000000d2                patchCommands
 .progmem.data  0x00000000000000f0      0x853 uzeboxVideoEngine.o
                0x00000000000000f0                fader
                0x00000000000000fc                map_uzeboxlogo2
                0x000000000000010d                map_uzeboxlogo
                0x0000000000000123                logo_tileset
                0x0000000000000923                logoInitPatches
                0x000000000000092c                initPatch
 .progmem.data  0x0000000000000943     0x554c Iris.o
                0x0000000000000943                strTwist
                0x00000000000009c4                strReveal4
                0x00000000000009e7                strReveal3
                0x0000000000000a02                strReveal2
                0x0000000000000a1b                strReveal1
                0x0000000000000a30                strReveal0
                0x0000000000000a4d                strIntro
                0x0000000000000af2                default_scores
                0x0000000000000b10                strTally
                0x0000000000000b17                strGameOver
                0x0000000000000b21                strLevelBonus
                0x0000000000000b27                strLevelClear
                0x0000000000000b33                strPaused
                0x0000000000000b39                strExitGame
                0x0000000000000b45                strMainMenu
                0x0000000000000b51                strTime
                0x0000000000000b57                strLives
                0x0000000000000b5e                strShield
                0x0000000000000b66                strScore
                0x0000000000000b6d                strSelectHandle
                0x0000000000000b6e                strHighScores
                0x0000000000000b7a                str1Player
                0x0000000000000b80                strMusic
                0x0000000000000b98                strCopyright
                0x0000000000000bad                spacesong
                0x000000000000124d                planetsong
                0x0000000000001d1f                my_patches
                0x0000000000001d5e                explode
                0x0000000000001e2f                pshoot
                0x0000000000001e85                navigate
                0x0000000000001e96                instrument
                0x0000000000001e9e                sprites_data
                0x0000000000002d5e                map_enemy_spider_1
                0x0000000000002d61                map_enemy_spider_0
                0x0000000000002d64                map_enemy_shark
                0x0000000000002d67                map_enemy_shot
                0x0000000000002d6a                map_hero_shot
                0x0000000000002d6d                map_hero_ship_large_1
                0x0000000000002d77                map_hero_ship_large_0
                0x0000000000002d81                map_hero_ship_1
                0x0000000000002d86                map_hero_ship_0
                0x0000000000002d8b                map_hero_prone
                0x0000000000002d90                map_hero_jump
                0x0000000000002d98                map_hero_step_3
                0x0000000000002da0                map_hero_step_2
                0x0000000000002da8                map_hero_step_1
                0x0000000000002db0                map_hero_step_0
                0x0000000000002db8                map_hero_idle
                0x0000000000002dc0                map_emerald_4
                0x0000000000002dc3                map_emerald_3
                0x0000000000002dc6                map_emerald_2
                0x0000000000002dc9                map_emerald_0
                0x0000000000002dcc                map_emerald_1
                0x0000000000002dcf                map_explosion_2
                0x0000000000002dd2                map_explosion_1
                0x0000000000002dd5                map_explosion_0
                0x0000000000002dd8                map_particle
                0x0000000000002ddb                map_up_arrow
                0x0000000000002dde                map_down_arrow
                0x0000000000002de1                map_right_arrow
                0x0000000000002de4                map_none
                0x0000000000002de7                tiles_data
                0x0000000000004d67                map_font
                0x0000000000004d8e                map_atmosphere
                0x0000000000004dc8                map_star_dark
                0x0000000000004dcb                map_star
                0x0000000000004dce                map_desert_spike_down
                0x0000000000004dd1                map_desert_spike_up
                0x0000000000004dd4                map_desert_top
                0x0000000000004dd7                map_desert_bottom
                0x0000000000004dda                map_city_spark
                0x0000000000004ddd                map_city_top
                0x0000000000004de0                map_city_bottom
                0x0000000000004de3                map_jungle_branch
                0x0000000000004de6                map_jungle_flower
                0x0000000000004de9                map_jungle_top
                0x0000000000004dec                map_jungle_bottom
                0x0000000000004def                map_fire_lava
                0x0000000000004df2                map_fire_top
                0x0000000000004df5                map_fire_bottom
                0x0000000000004df8                map_icicle_up
                0x0000000000004dfb                map_icicle_down
                0x0000000000004dfe                map_ice_bottom
                0x0000000000004e01                map_ice_right
                0x0000000000004e04                map_ice_middle
                0x0000000000004e07                map_ice_left
                0x0000000000004e0a                map_canvas
                0x0000000000004e93                map_splash
                0x0000000000004ee0                map_tile_none
                0x0000000000004ee3                map_space_mega_tiles
                0x0000000000005177                map_level_space
                0x00000000000051a1                map_level_mega_tiles
                0x000000000000598a                map_level_desert
                0x0000000000005a8b                map_level_city
                0x0000000000005b8c                map_level_forest
                0x0000000000005c8d                map_level_fire
                0x0000000000005d8e                map_level_ice
                0x0000000000005e90                . = ALIGN (0x2)
 *fill*         0x0000000000005e8f        0x1 
 *(.jumptables)
 *(.jumptables*)
 *(.lowtext)
 *(.lowtext*)
                0x0000000000005e90                __ctors_start = .
 *(.ctors)
                0x0000000000005e90                __ctors_end = .
                0x0000000000005e90                __dtors_start = .
 *(.dtors)
                0x0000000000005e90                __dtors_end = .
 SORT(*)(.ctors)
 SORT(*)(.dtors)
 *(.init0)
 .init0         0x0000000000005e90        0x0 /usr/local/lib/gcc/avr/4.9.2/../../../../avr/lib/avr5/crtm644.o
                0x0000000000005e90                __init
 *(.init0)
 *(.init1)
 *(.init1)
 *(.init2)
 .init2         0x0000000000005e90        0xc /usr/local/lib/gcc/avr/4.9.2/../../../../avr/lib/avr5/crtm644.o
 *(.init2)
 *(.init3)
 *(.init3)
 *(.init4)
 .init4         0x0000000000005e9c       0x16 /usr/local/lib/gcc/avr/4.9.2/avr5/libgcc.a(_copy_data.o)
                0x0000000000005e9c                __do_copy_data
 .init4         0x0000000000005eb2       0x10 /usr/local/lib/gcc/avr/4.9.2/avr5/libgcc.a(_clear_bss.o)
                0x0000000000005eb2                __do_clear_bss
 *(.init4)
 *(.init5)
 *(.init5)
 *(.init6)
 *(.init6)
 *(.init7)
 .init7         0x0000000000005ec2       0x16 uzeboxCore.o
                0x0000000000005ec2                wdt_init
 *(.init7)
 *(.init8)
 .init8         0x0000000000005ed8       0x82 uzeboxCore.o
                0x0000000000005ed8                Initialize
 *(.init8)
 *(.init9)
 .init9         0x0000000000005f5a        0x8 /usr/local/lib/gcc/avr/4.9.2/../../../../avr/lib/avr5/crtm644.o
 *(.init9)
 *(.text)
 .text          0x0000000000005f62        0x4 /usr/local/lib/gcc/avr/4.9.2/../../../../avr/lib/avr5/crtm644.o
                0x0000000000005f62                __vector_20
                0x0000000000005f62                __vector_1
                0x0000000000005f62                __vector_24
                0x0000000000005f62                __vector_12
                0x0000000000005f62                __bad_interrupt
                0x0000000000005f62                __vector_6
                0x0000000000005f62                __vector_3
                0x0000000000005f62                __vector_23
                0x0000000000005f62                __vector_25
                0x0000000000005f62                __vector_11
                0x0000000000005f62                __vector_17
                0x0000000000005f62                __vector_19
                0x0000000000005f62                __vector_7
                0x0000000000005f62                __vector_27
                0x0000000000005f62                __vector_5
                0x0000000000005f62                __vector_4
                0x0000000000005f62                __vector_9
                0x0000000000005f62                __vector_2
                0x0000000000005f62                __vector_21
                0x0000000000005f62                __vector_15
                0x0000000000005f62                __vector_26
                0x0000000000005f62                __vector_10
                0x0000000000005f62                __vector_16
                0x0000000000005f62                __vector_18
                0x0000000000005f62                __vector_22
 .text          0x0000000000005f66      0x868 uzeboxVideoEngineCore.o
                0x00000000000062ce                CopyFlashTile
                0x00000000000063ec                CopyRamTile
                0x0000000000006506                BlitSprite
                0x00000000000065ea                __vector_13
                0x000000000000666a                __vector_14
 .text          0x00000000000067ce      0x180 uzeboxSoundEngineCore.o
                0x00000000000067ce                process_music
                0x00000000000067da                update_sound
                0x000000000000694e                . = ALIGN (0x2)
 *(.text.*)
 .text.SetSpritesTileTable
                0x000000000000694e        0xa uzeboxVideoEngineCore.o
                0x000000000000694e                SetSpritesTileTable
 .text.ClearVram
                0x0000000000006958       0x14 uzeboxVideoEngineCore.o
                0x0000000000006958                ClearVram
 .text.SetTile  0x000000000000696c       0x22 uzeboxVideoEngineCore.o
                0x000000000000696c                SetTile
 .text.SetTileTable
                0x000000000000698e        0xa uzeboxVideoEngineCore.o
                0x000000000000698e                SetTileTable
 .text.GetVsyncFlag
                0x0000000000006998        0x8 uzeboxVideoEngineCore.o
                0x0000000000006998                GetVsyncFlag
 .text.ClearVsyncFlag
                0x00000000000069a0        0xc uzeboxVideoEngineCore.o
                0x00000000000069a0                ClearVsyncFlag
 .text.ReadJoypad
                0x00000000000069ac       0x18 uzeboxVideoEngineCore.o
                0x00000000000069ac                ReadJoypad
 .text.WaitUs   0x00000000000069c4        0xe uzeboxVideoEngineCore.o
                0x00000000000069c4                WaitUs
 .text.WriteEeprom
                0x00000000000069d2       0x14 uzeboxVideoEngineCore.o
                0x00000000000069d2                WriteEeprom
 .text.ReadEeprom
                0x00000000000069e6       0x12 uzeboxVideoEngineCore.o
                0x00000000000069e6                ReadEeprom
 .text.wdt_randomize
                0x00000000000069f8       0x50 uzeboxVideoEngineCore.o
                0x00000000000069f8                wdt_randomize
 .text.GetTrueRandomSeed
                0x0000000000006a48        0xa uzeboxVideoEngineCore.o
                0x0000000000006a48                GetTrueRandomSeed
 .text.__vector_8
                0x0000000000006a52       0x44 uzeboxVideoEngineCore.o
                0x0000000000006a52                __vector_8
 .text.SoftReset
                0x0000000000006a96       0x16 uzeboxCore.o
                0x0000000000006a96                SoftReset
 .text.ReadButtons
                0x0000000000006aac       0x6c uzeboxCore.o
                0x0000000000006aac                ReadButtons
 .text.ReadControllers
                0x0000000000006b18       0x20 uzeboxCore.o
                0x0000000000006b18                ReadControllers
 .text.FormatEeprom
                0x0000000000006b38       0x44 uzeboxCore.o
                0x0000000000006b38                FormatEeprom
 .text.isEepromFormatted
                0x0000000000006b7c       0x2e uzeboxCore.o
                0x0000000000006b7c                isEepromFormatted
 .text.EepromBlockExists
                0x0000000000006baa       0xa4 uzeboxCore.o
                0x0000000000006baa                EepromBlockExists
 .text.EepromWriteBlock
                0x0000000000006c4e       0x94 uzeboxCore.o
                0x0000000000006c4e                EepromWriteBlock
 .text.EepromReadBlock
                0x0000000000006ce2       0x66 uzeboxCore.o
                0x0000000000006ce2                EepromReadBlock
 .text.GetPrngNumber
                0x0000000000006d48       0x5c uzeboxCore.o
                0x0000000000006d48                GetPrngNumber
 .text.PatchCommand00
                0x0000000000006da4        0x6 uzeboxSoundEngine.o
                0x0000000000006da4                PatchCommand00
 .text.PatchCommand01
                0x0000000000006daa       0x10 uzeboxSoundEngine.o
                0x0000000000006daa                PatchCommand01
 .text.PatchCommand05
                0x0000000000006dba        0xa uzeboxSoundEngine.o
                0x0000000000006dba                PatchCommand05
 .text.PatchCommand06
                0x0000000000006dc4        0xa uzeboxSoundEngine.o
                0x0000000000006dc4                PatchCommand06
 .text.PatchCommand07
                0x0000000000006dce        0x6 uzeboxSoundEngine.o
                0x0000000000006dce                PatchCommand07
 .text.PatchCommand09
                0x0000000000006dd4        0x6 uzeboxSoundEngine.o
                0x0000000000006dd4                PatchCommand09
 .text.PatchCommand10
                0x0000000000006dda        0x6 uzeboxSoundEngine.o
                0x0000000000006dda                PatchCommand10
 .text.PatchCommand11
                0x0000000000006de0       0x76 uzeboxSoundEngine.o
                0x0000000000006de0                PatchCommand11
 .text.PatchCommand12
                0x0000000000006e56        0x6 uzeboxSoundEngine.o
                0x0000000000006e56                PatchCommand12
 .text.PatchCommand13
                0x0000000000006e5c        0x6 uzeboxSoundEngine.o
                0x0000000000006e5c                PatchCommand13
 .text.PatchCommand02
                0x0000000000006e62        0x8 uzeboxSoundEngine.o
                0x0000000000006e62                PatchCommand02
 .text.PatchCommand03
                0x0000000000006e6a        0xe uzeboxSoundEngine.o
                0x0000000000006e6a                PatchCommand03
 .text.PatchCommand04
                0x0000000000006e78       0x10 uzeboxSoundEngine.o
                0x0000000000006e78                PatchCommand04
 .text.PatchCommand08
                0x0000000000006e88       0x20 uzeboxSoundEngine.o
                0x0000000000006e88                PatchCommand08
 .text.PatchCommand14
                0x0000000000006ea8       0x54 uzeboxSoundEngine.o
                0x0000000000006ea8                PatchCommand14
 .text.InitMusicPlayer
                0x0000000000006efc       0x44 uzeboxSoundEngine.o
                0x0000000000006efc                InitMusicPlayer
 .text.StartSong
                0x0000000000006f40       0x52 uzeboxSoundEngine.o
                0x0000000000006f40                StartSong
 .text.StopSong
                0x0000000000006f92       0x1c uzeboxSoundEngine.o
                0x0000000000006f92                StopSong
 .text.ReadVarLen
                0x0000000000006fae       0x4c uzeboxSoundEngine.o
                0x0000000000006fae                ReadVarLen
 .text.TriggerCommon
                0x0000000000006ffa      0x11c uzeboxSoundEngine.o
                0x0000000000006ffa                TriggerCommon
 .text.TriggerFx
                0x0000000000007116       0x90 uzeboxSoundEngine.o
                0x0000000000007116                TriggerFx
 .text.TriggerNote
                0x00000000000071a6       0x80 uzeboxSoundEngine.o
                0x00000000000071a6                TriggerNote
 .text.ProcessMusic
                0x0000000000007226      0x43e uzeboxSoundEngine.o
                0x0000000000007226                ProcessMusic
 .text.SetMasterVolume
                0x0000000000007664        0x6 uzeboxSoundEngine.o
                0x0000000000007664                SetMasterVolume
 .text.SetMixerNote
                0x000000000000766a       0x2e uzeboxSoundEngineCore.o
                0x000000000000766a                SetMixerNote
 .text.SetMixerWave
                0x0000000000007698       0x3a uzeboxSoundEngineCore.o
                0x0000000000007698                SetMixerWave
 *fill*         0x00000000000076d2       0x2e 
 .text.DisableSoundEngine
                0x0000000000007700      0xc00 uzeboxSoundEngineCore.o
                0x0000000000007700                DisableSoundEngine
                0x0000000000007708                steptable
                0x0000000000007900                waves
 .text.RestoreBackground
                0x0000000000008300       0x2c uzeboxVideoEngine.o
                0x0000000000008300                RestoreBackground
 .text.ProcessSprites
                0x000000000000832c      0x224 uzeboxVideoEngine.o
                0x000000000000832c                ProcessSprites
 .text.Scroll   0x0000000000008550       0x4a uzeboxVideoEngine.o
                0x0000000000008550                Scroll
 .text.InitializeVideoMode
                0x000000000000859a       0x1e uzeboxVideoEngine.o
                0x000000000000859a                InitializeVideoMode
 .text.DrawMap  0x00000000000085b8       0xd2 uzeboxVideoEngine.o
                0x00000000000085b8                DrawMap2
                0x00000000000085b8                DrawMap
 .text.WaitVsync
                0x000000000000868a       0x2e uzeboxVideoEngine.o
                0x000000000000868a                WaitVsync
 .text.DisplayLogo
                0x00000000000086b8       0x6e uzeboxVideoEngine.o
                0x00000000000086b8                DisplayLogo
 .text.doFade   0x0000000000008726       0x1c uzeboxVideoEngine.o
                0x0000000000008726                doFade
 .text.FadeIn   0x0000000000008742       0x18 uzeboxVideoEngine.o
                0x0000000000008742                FadeIn
 .text.FadeOut  0x000000000000875a       0x18 uzeboxVideoEngine.o
                0x000000000000875a                FadeOut
 .text.ProcessFading
                0x0000000000008772       0x4a uzeboxVideoEngine.o
                0x0000000000008772                ProcessFading
 .text.VideoModeVsync
                0x00000000000087bc        0x8 uzeboxVideoEngine.o
                0x00000000000087bc                VideoModeVsync
 .text.LBGetNextFrame
                0x00000000000087c4       0x4c Iris.o
                0x00000000000087c4                LBGetNextFrame
 .text.LBGetJoyPadState
                0x0000000000008810       0x96 Iris.o
                0x0000000000008810                LBGetJoyPadState
 .text.LBPrintChar
                0x00000000000088a6       0x40 Iris.o
                0x00000000000088a6                LBPrintChar
 .text.LBPrint  0x00000000000088e6       0x38 Iris.o
                0x00000000000088e6                LBPrint
 .text.LBPrintByte
                0x000000000000891e       0x62 Iris.o
                0x000000000000891e                LBPrintByte
 .text.LBPrintInt
                0x0000000000008980       0x72 Iris.o
                0x0000000000008980                LBPrintInt
 .text.LBCollides
                0x00000000000089f2       0x4c Iris.o
                0x00000000000089f2                LBCollides
 .text.LBRandom
                0x0000000000008a3e       0x2c Iris.o
                0x0000000000008a3e                LBRandom
 .text.LBWaitSeconds
                0x0000000000008a6a       0x1e Iris.o
                0x0000000000008a6a                LBWaitSeconds
 .text.LBMapSprite
                0x0000000000008a88       0xa4 Iris.o
                0x0000000000008a88                LBMapSprite
 .text.LBMoveSprite
                0x0000000000008b2c       0x7c Iris.o
                0x0000000000008b2c                LBMoveSprite
 .text.LBRotateSprites
                0x0000000000008ba8       0x7e Iris.o
                0x0000000000008ba8                LBRotateSprites
 .text.is_space
                0x0000000000008c26        0x8 Iris.o
                0x0000000000008c26                is_space
 .text.init_default_high_scores
                0x0000000000008c2e       0x2c Iris.o
                0x0000000000008c2e                init_default_high_scores
 .text.init_enemy_state
                0x0000000000008c5a       0x28 Iris.o
                0x0000000000008c5a                init_enemy_state
 .text.init_player_state
                0x0000000000008c82      0x17e Iris.o
                0x0000000000008c82                init_player_state
 .text.init_enemy_shot
                0x0000000000008e00       0xd2 Iris.o
                0x0000000000008e00                init_enemy_shot
 .text.init_enemy_spider
                0x0000000000008ed2       0xde Iris.o
                0x0000000000008ed2                init_enemy_spider
 .text.init_enemy_shark
                0x0000000000008fb0       0xce Iris.o
                0x0000000000008fb0                init_enemy_shark
 .text.load_eeprom
                0x000000000000907e       0x24 Iris.o
                0x000000000000907e                load_eeprom
 .text.clear_overlay
                0x00000000000090a2       0x30 Iris.o
                0x00000000000090a2                clear_overlay
 .text.get_level_tile
                0x00000000000090d2       0xca Iris.o
                0x00000000000090d2                get_level_tile
 .text.render_camera_view
                0x000000000000919c       0xd8 Iris.o
                0x000000000000919c                render_camera_view
 .text.spawn_enemy
                0x0000000000009274       0x76 Iris.o
                0x0000000000009274                spawn_enemy
 .text.solid_tile
                0x00000000000092ea       0x1e Iris.o
                0x00000000000092ea                solid_tile
 .text.append_tile_column
                0x0000000000009308      0x16e Iris.o
                0x0000000000009308                append_tile_column
 .text.append_tile_row
                0x0000000000009476       0x80 Iris.o
                0x0000000000009476                append_tile_row
 .text.move_camera_x
                0x00000000000094f6       0x32 Iris.o
                0x00000000000094f6                move_camera_x
 .text.move_camera_y
                0x0000000000009528       0x36 Iris.o
                0x0000000000009528                move_camera_y
 .text.map_ship
                0x000000000000955e       0x2a Iris.o
                0x000000000000955e                map_ship
 .text.map_level_info
                0x0000000000009588       0x68 Iris.o
                0x0000000000009588                map_level_info
 .text.on_solid_ground
                0x00000000000095f0      0x19e Iris.o
                0x00000000000095f0                on_solid_ground
 .text.find_shot_slot
                0x000000000000978e       0x24 Iris.o
                0x000000000000978e                find_shot_slot
 .text.update_shot
                0x00000000000097b2      0x20c Iris.o
                0x00000000000097b2                update_shot
 .text.pixel_overlap
                0x00000000000099be       0x28 Iris.o
                0x00000000000099be                pixel_overlap
 .text.collision_detect_level
                0x00000000000099e6      0x678 Iris.o
                0x00000000000099e6                collision_detect_level
 .text.animate_shot
                0x000000000000a05e      0x330 Iris.o
                0x000000000000a05e                animate_shot
 .text.map_explosion
                0x000000000000a38e       0x96 Iris.o
                0x000000000000a38e                map_explosion
 .text.animate_sprite
                0x000000000000a424      0x142 Iris.o
                0x000000000000a424                animate_sprite
 .text.animate_player
                0x000000000000a566       0x92 Iris.o
                0x000000000000a566                animate_player
 .text.update_spider_enemy
                0x000000000000a5f8       0x98 Iris.o
                0x000000000000a5f8                update_spider_enemy
 .text.update_shark_enemy
                0x000000000000a690       0x2a Iris.o
                0x000000000000a690                update_shark_enemy
 .text.update_basic_shot
                0x000000000000a6ba       0x16 Iris.o
                0x000000000000a6ba                update_basic_shot
 .text.update_enemies
                0x000000000000a6d0       0x8a Iris.o
                0x000000000000a6d0                update_enemies
 .text.update_enemy_shots
                0x000000000000a75a      0x134 Iris.o
                0x000000000000a75a                update_enemy_shots
 .text.animate_enemies
                0x000000000000a88e      0x286 Iris.o
                0x000000000000a88e                animate_enemies
 .text.animate_enemy_shots
                0x000000000000ab14      0x27a Iris.o
                0x000000000000ab14                animate_enemy_shots
 .text.clear_sprites
                0x000000000000ad8e       0x44 Iris.o
                0x000000000000ad8e                clear_sprites
 .text.fade_through
                0x000000000000add2       0x20 Iris.o
                0x000000000000add2                fade_through
 .text.load_level
                0x000000000000adf2      0x214 Iris.o
                0x000000000000adf2                load_level
 .text.hide_sprites
                0x000000000000b006       0x38 Iris.o
                0x000000000000b006                hide_sprites
 .text.select_pressed
                0x000000000000b03e       0x14 Iris.o
                0x000000000000b03e                select_pressed
 .text.stream_dialogue
                0x000000000000b052       0x6e Iris.o
                0x000000000000b052                stream_dialogue
 .text.map_particles
                0x000000000000b0c0       0x1a Iris.o
                0x000000000000b0c0                map_particles
 .text.place_particles
                0x000000000000b0da       0x44 Iris.o
                0x000000000000b0da                place_particles
 .text.animate_particles
                0x000000000000b11e       0x64 Iris.o
                0x000000000000b11e                animate_particles
 .text.get_emarald_map
                0x000000000000b182       0x1e Iris.o
                0x000000000000b182                get_emarald_map
 .text.music_transition
                0x000000000000b1a0       0x20 Iris.o
                0x000000000000b1a0                music_transition
 .text.planet_transition
                0x000000000000b1c0      0x116 Iris.o
                0x000000000000b1c0                planet_transition
 .text.intro    0x000000000000b2d6       0xc2 Iris.o
                0x000000000000b2d6                intro
 .text.load_splash
                0x000000000000b398       0x6e Iris.o
                0x000000000000b398                load_splash
 .text.load_high_scores
                0x000000000000b406      0x21e Iris.o
                0x000000000000b406                load_high_scores
 .text.exit_game
                0x000000000000b624       0x1c Iris.o
                0x000000000000b624                exit_game
 .text.update_splash
                0x000000000000b640       0x8e Iris.o
                0x000000000000b640                update_splash
 .text.update_high_scores
                0x000000000000b6ce      0x13c Iris.o
                0x000000000000b6ce                update_high_scores
 .text.tally_score
                0x000000000000b80a      0x282 Iris.o
                0x000000000000b80a                tally_score
 .text.handle_player_death
                0x000000000000ba8c       0x60 Iris.o
                0x000000000000ba8c                handle_player_death
 .text.update_player
                0x000000000000baec      0x5e0 Iris.o
                0x000000000000baec                update_player
 .text.update_level
                0x000000000000c0cc      0x2a2 Iris.o
                0x000000000000c0cc                update_level
 .text.update_pause
                0x000000000000c36e       0xf0 Iris.o
                0x000000000000c36e                update_pause
 .text.startup.main
                0x000000000000c45e       0x9e Iris.o
                0x000000000000c45e                main
 .text.libgcc.div
                0x000000000000c4fc       0x18 /usr/local/lib/gcc/avr/4.9.2/avr5/libgcc.a(_udivmodqi4.o)
                0x000000000000c4fc                __udivmodqi4
 .text.libgcc.div
                0x000000000000c514       0x1c /usr/local/lib/gcc/avr/4.9.2/avr5/libgcc.a(_divmodqi4.o)
                0x000000000000c514                __divmodqi4
 .text.libgcc.div
                0x000000000000c530       0x28 /usr/local/lib/gcc/avr/4.9.2/avr5/libgcc.a(_udivmodhi4.o)
                0x000000000000c530                __udivmodhi4
 .text.libgcc.div
                0x000000000000c558       0x28 /usr/local/lib/gcc/avr/4.9.2/avr5/libgcc.a(_divmodhi4.o)
                0x000000000000c558                __divmodhi4
                0x000000000000c558                _div
 .text.libgcc   0x000000000000c580        0xc /usr/local/lib/gcc/avr/4.9.2/avr5/libgcc.a(_tablejump2.o)
                0x000000000000c580                __tablejump2__
 .text.avr-libc.fplib
                0x000000000000c58c        0xa /usr/local/lib/gcc/avr/4.9.2/../../../../avr/lib/avr5/libm.a(addsf3.o)
                0x000000000000c58c                __subsf3
                0x000000000000c58e                __addsf3
 .text.avr-libc.fplib
                0x000000000000c596       0xc0 /usr/local/lib/gcc/avr/4.9.2/../../../../avr/lib/avr5/libm.a(addsf3x.o)
                0x000000000000c5b0                __addsf3x
 .text.avr-libc.fplib
                0x000000000000c656        0x8 /usr/local/lib/gcc/avr/4.9.2/../../../../avr/lib/avr5/libm.a(cmpsf2.o)
                0x000000000000c656                __lesf2
                0x000000000000c656                __nesf2
                0x000000000000c656                __eqsf2
                0x000000000000c656                __cmpsf2
                0x000000000000c656                __ltsf2
 .text.avr-libc.fplib
                0x000000000000c65e       0x58 /usr/local/lib/gcc/avr/4.9.2/../../../../avr/lib/avr5/libm.a(fixunssfsi.o)
                0x000000000000c65e                __fixunssfsi
 .text.avr-libc.fplib
                0x000000000000c6b6       0x7a /usr/local/lib/gcc/avr/4.9.2/../../../../avr/lib/avr5/libm.a(floatsisf.o)
                0x000000000000c6b6                __floatunsisf
                0x000000000000c6ba                __floatsisf
 .text.avr-libc.fplib
                0x000000000000c730       0x48 /usr/local/lib/gcc/avr/4.9.2/../../../../avr/lib/avr5/libm.a(fp_cmp.o)
                0x000000000000c730                __fp_cmp
 .text.avr-libc.fplib
                0x000000000000c778        0xc /usr/local/lib/gcc/avr/4.9.2/../../../../avr/lib/avr5/libm.a(fp_inf.o)
                0x000000000000c778                __fp_inf
 .text.avr-libc.fplib
                0x000000000000c784        0x6 /usr/local/lib/gcc/avr/4.9.2/../../../../avr/lib/avr5/libm.a(fp_nan.o)
                0x000000000000c784                __fp_nan
 .text.avr-libc.fplib
                0x000000000000c78a        0xe /usr/local/lib/gcc/avr/4.9.2/../../../../avr/lib/avr5/libm.a(fp_pscA.o)
                0x000000000000c78a                __fp_pscA
 .text.avr-libc.fplib
                0x000000000000c798        0xe /usr/local/lib/gcc/avr/4.9.2/../../../../avr/lib/avr5/libm.a(fp_pscB.o)
                0x000000000000c798                __fp_pscB
 .text.avr-libc.fplib
                0x000000000000c7a6       0x22 /usr/local/lib/gcc/avr/4.9.2/../../../../avr/lib/avr5/libm.a(fp_round.o)
                0x000000000000c7a6                __fp_round
 .text.avr-libc.fplib
                0x000000000000c7c8       0x44 /usr/local/lib/gcc/avr/4.9.2/../../../../avr/lib/avr5/libm.a(fp_split3.o)
                0x000000000000c7c8                __fp_split3
                0x000000000000c7d8                __fp_splitA
 .text.avr-libc.fplib
                0x000000000000c80c        0xe /usr/local/lib/gcc/avr/4.9.2/../../../../avr/lib/avr5/libm.a(fp_zero.o)
                0x000000000000c80c                __fp_zero
                0x000000000000c80e                __fp_szero
 .text.avr-libc.fplib
                0x000000000000c81a        0x8 /usr/local/lib/gcc/avr/4.9.2/../../../../avr/lib/avr5/libm.a(gesf2.o)
                0x000000000000c81a                __gtsf2
                0x000000000000c81a                __gesf2
 .text.avr-libc.fplib
                0x000000000000c822        0x4 /usr/local/lib/gcc/avr/4.9.2/../../../../avr/lib/avr5/libm.a(mulsf3.o)
                0x000000000000c822                __mulsf3
 .text.avr-libc.fplib
                0x000000000000c826       0xc2 /usr/local/lib/gcc/avr/4.9.2/../../../../avr/lib/avr5/libm.a(mulsf3x.o)
                0x000000000000c83a                __mulsf3x
                0x000000000000c83e                __mulsf3_pse
 .text.avr-libc
                0x000000000000c8e8       0x16 /usr/local/lib/gcc/avr/4.9.2/../../../../avr/lib/avr5/libc.a(strnlen_P.o)
                0x000000000000c8e8                strnlen_P
                0x000000000000c8fe                . = ALIGN (0x2)
 *(.fini9)
 .fini9         0x000000000000c8fe        0x0 /usr/local/lib/gcc/avr/4.9.2/avr5/libgcc.a(_exit.o)
                0x000000000000c8fe                exit
                0x000000000000c8fe                _exit
 *(.fini9)
 *(.fini8)
 *(.fini8)
 *(.fini7)
 *(.fini7)
 *(.fini6)
 *(.fini6)
 *(.fini5)
 *(.fini5)
 *(.fini4)
 *(.fini4)
 *(.fini3)
 *(.fini3)
 *(.fini2)
 *(.fini2)
 *(.fini1)
 *(.fini1)
 *(.fini0)
 .fini0         0x000000000000c8fe        0x4 /usr/local/lib/gcc/avr/4.9.2/avr5/libgcc.a(_exit.o)
 *(.fini0)
                0x000000000000c902                _etext = .

.data           0x0000000000800500       0x10 load address 0x000000000000c902
                0x0000000000800500                PROVIDE (__data_start, .)
 *(.data)
 .data          0x0000000000800500        0x1 uzeboxVideoEngine.o
                0x0000000000800500                spritesOn
 .data          0x0000000000800501        0x1 Iris.o
 *(.data*)
 *(.rodata)
 .rodata        0x0000000000800502        0xe Iris.o
 *(.rodata*)
 *(.gnu.linkonce.d*)
                0x0000000000800510                . = ALIGN (0x2)
                0x0000000000800510                _edata = .
                0x0000000000800510                PROVIDE (__data_end, .)

.bss            0x0000000000800510      0xb03
                0x0000000000800510                PROVIDE (__bss_start, .)
 *(.bss)
 .bss           0x0000000000800510      0x7bc uzeboxVideoEngineCore.o
                0x0000000000800510                sprites
                0x0000000000800550                ram_tiles
                0x0000000000800c50                ram_tiles_restore
                0x0000000000800ca4                sprites_tile_banks
                0x0000000000800caf                Screen
                0x0000000000800cb6                sync_phase
                0x0000000000800cb7                sync_pulse
                0x0000000000800cb8                sync_flags
                0x0000000000800cbd                first_render_line
                0x0000000000800cbe                render_lines_count
                0x0000000000800cbf                joypad1_status_lo
                0x0000000000800cc1                joypad1_status_hi
                0x0000000000800cc3                joypad2_status_lo
                0x0000000000800cc5                joypad2_status_hi
 .bss           0x0000000000800ccc        0x2 uzeboxCore.o
 .bss           0x0000000000800cce        0x1 uzeboxSoundEngine.o
                0x0000000000800cce                playSong
 .bss           0x0000000000800ccf       0x23 uzeboxSoundEngineCore.o
                0x0000000000800ccf                sound_enabled
                0x0000000000800cd0                mixer
                0x0000000000800ce3                tr4_params
                0x0000000000800ce4                tr4_barrel_lo
                0x0000000000800ce5                tr4_barrel_hi
 .bss           0x0000000000800cf2        0x2 uzeboxVideoEngine.o
                0x0000000000800cf2                userRamTilesCount_tmp
                0x0000000000800cf3                userRamTilesCount
 .bss           0x0000000000800cf4        0x4 Iris.o
 *(.bss*)
 *(COMMON)
 COMMON         0x0000000000800cf8        0x1 uzeboxCore.o
                0x0000000000800cf8                joypadsConnectionStatus
 COMMON         0x0000000000800cf9       0x83 uzeboxSoundEngine.o
                0x0000000000800cf9                songStart
                0x0000000000800cfb                tracks
                0x0000000000800d6e                currDeltaTime
                0x0000000000800d70                patchPointers
                0x0000000000800d72                lastStatus
                0x0000000000800d73                masterVolume
                0x0000000000800d74                nextDeltaTime
                0x0000000000800d76                songSpeed
                0x0000000000800d77                songPos
                0x0000000000800d79                loopStart
                0x0000000000800d7b                step
 COMMON         0x0000000000800d7c        0x6 uzeboxVideoEngine.o
                0x0000000000800d7c                fadeSpeed
                0x0000000000800d7d                fadeDir
                0x0000000000800d7e                free_tile_index
                0x0000000000800d7f                fadeActive
                0x0000000000800d80                currFadeFrame
                0x0000000000800d81                fadeStep
 COMMON         0x0000000000800d82      0x291 Iris.o
                0x0000000000800d82                font_tiles_map
                0x0000000000800d84                jump_anim
                0x0000000000800d86                scores
                0x0000000000800da6                game
                0x0000000000800fa7                prone_anim
                0x0000000000800fa9                spider_anim
                0x0000000000800fad                shark_anim
                0x0000000000800faf                extendedSprites
                0x0000000000800fff                run_anim
                0x0000000000801007                enemy_shot_anim
                0x0000000000801009                shot_anim
                0x000000000080100b                expl_anim
                0x0000000000801011                idle_anim
                0x0000000000801013                PROVIDE (__bss_end, .)
                0x000000000000c902                __data_load_start = LOADADDR (.data)
                0x000000000000c912                __data_load_end = (__data_load_start + SIZEOF (.data))

.noinit         0x0000000000800100      0x400
                0x0000000000800100                PROVIDE (__noinit_start, .)
 *(.noinit*)
 .noinit        0x0000000000800100      0x400 uzeboxVideoEngineCore.o
                0x0000000000800100                vram
                0x0000000000800500                overlay_vram
                0x0000000000800500                PROVIDE (__noinit_end, .)
                0x0000000000800500                _end = .
                0x0000000000800500                PROVIDE (__heap_start, .)

.eeprom         0x0000000000810000        0x0
 *(.eeprom*)
                0x0000000000810000                __eeprom_end = .

.fuse
 *(.fuse)
 *(.lfuse)
 *(.hfuse)
 *(.efuse)

.lock
 *(.lock*)

.signature
 *(.signature*)

.stab           0x0000000000000000      0x708
 *(.stab)
 .stab          0x0000000000000000       0xf0 /usr/local/lib/gcc/avr/4.9.2/avr5/libgcc.a(_udivmodqi4.o)
 .stab          0x00000000000000f0       0xf0 /usr/local/lib/gcc/avr/4.9.2/avr5/libgcc.a(_divmodqi4.o)
                                         0xfc (size before relaxing)
 .stab          0x00000000000001e0      0x15c /usr/local/lib/gcc/avr/4.9.2/avr5/libgcc.a(_udivmodhi4.o)
                                        0x168 (size before relaxing)
 .stab          0x000000000000033c      0x138 /usr/local/lib/gcc/avr/4.9.2/avr5/libgcc.a(_divmodhi4.o)
                                        0x144 (size before relaxing)
 .stab          0x0000000000000474       0x6c /usr/local/lib/gcc/avr/4.9.2/avr5/libgcc.a(_exit.o)
                                         0x78 (size before relaxing)
 .stab          0x00000000000004e0       0x9c /usr/local/lib/gcc/avr/4.9.2/avr5/libgcc.a(_tablejump2.o)
                                         0xa8 (size before relaxing)
 .stab          0x000000000000057c       0xd8 /usr/local/lib/gcc/avr/4.9.2/avr5/libgcc.a(_copy_data.o)
                                         0xe4 (size before relaxing)
 .stab          0x0000000000000654       0xb4 /usr/local/lib/gcc/avr/4.9.2/avr5/libgcc.a(_clear_bss.o)
                                         0xc0 (size before relaxing)

.stabstr        0x0000000000000000      0x2f1
 *(.stabstr)
 .stabstr       0x0000000000000000      0x2f1 /usr/local/lib/gcc/avr/4.9.2/avr5/libgcc.a(_udivmodqi4.o)

.stab.excl
 *(.stab.excl)

.stab.exclstr
 *(.stab.exclstr)

.stab.index
 *(.stab.index)

.stab.indexstr
 *(.stab.indexstr)

.comment        0x0000000000000000       0x11
 *(.comment)
 .comment       0x0000000000000000       0x11 uzeboxCore.o
                                         0x12 (size before relaxing)
 .comment       0x0000000000000011       0x12 uzeboxSoundEngine.o
 .comment       0x0000000000000011       0x12 uzeboxVideoEngine.o
 .comment       0x0000000000000011       0x12 Iris.o

.note.gnu.build-id
 *(.note.gnu.build-id)

.debug
 *(.debug)

.line
 *(.line)

.debug_srcinfo
 *(.debug_srcinfo)

.debug_sfnames
 *(.debug_sfnames)

.debug_aranges  0x0000000000000000      0x688
 *(.debug_aranges)
 .debug_aranges
                0x0000000000000000       0xf8 uzeboxVideoEngineCore.o
 .debug_aranges
                0x00000000000000f8       0x90 uzeboxCore.o
 .debug_aranges
                0x0000000000000188       0xf8 uzeboxSoundEngine.o
 .debug_aranges
                0x0000000000000280       0x50 uzeboxSoundEngineCore.o
 .debug_aranges
                0x00000000000002d0      0x110 uzeboxVideoEngine.o
 .debug_aranges
                0x00000000000003e0      0x2a8 Iris.o

.debug_pubnames
 *(.debug_pubnames)

.debug_info     0x0000000000000000     0x913a
 *(.debug_info .gnu.linkonce.wi.*)
 .debug_info    0x0000000000000000      0x672 /usr/local/lib/gcc/avr/4.9.2/../../../../avr/lib/avr5/crtm644.o
 .debug_info    0x0000000000000672       0x7b uzeboxVideoEngineCore.o
 .debug_info    0x00000000000006ed      0xab8 uzeboxCore.o
 .debug_info    0x00000000000011a5     0x12ce uzeboxSoundEngine.o
 .debug_info    0x0000000000002473       0x72 uzeboxSoundEngineCore.o
 .debug_info    0x00000000000024e5     0x15b9 uzeboxVideoEngine.o
 .debug_info    0x0000000000003a9e     0x569c Iris.o

.debug_abbrev   0x0000000000000000     0x16a1
 *(.debug_abbrev)
 .debug_abbrev  0x0000000000000000      0x619 /usr/local/lib/gcc/avr/4.9.2/../../../../avr/lib/avr5/crtm644.o
 .debug_abbrev  0x0000000000000619       0x12 uzeboxVideoEngineCore.o
 .debug_abbrev  0x000000000000062b      0x32b uzeboxCore.o
 .debug_abbrev  0x0000000000000956      0x35c uzeboxSoundEngine.o
 .debug_abbrev  0x0000000000000cb2       0x12 uzeboxSoundEngineCore.o
 .debug_abbrev  0x0000000000000cc4      0x3da uzeboxVideoEngine.o
 .debug_abbrev  0x000000000000109e      0x603 Iris.o

.debug_line     0x0000000000000000     0x22aa
 *(.debug_line .debug_line.* .debug_line_end)
 .debug_line    0x0000000000000000       0x1d /usr/local/lib/gcc/avr/4.9.2/../../../../avr/lib/avr5/crtm644.o
 .debug_line    0x000000000000001d      0x5bd uzeboxVideoEngineCore.o
 .debug_line    0x00000000000005da      0x2b9 uzeboxCore.o
 .debug_line    0x0000000000000893      0x3d5 uzeboxSoundEngine.o
 .debug_line    0x0000000000000c68      0x1a9 uzeboxSoundEngineCore.o
 .debug_line    0x0000000000000e11      0x4e2 uzeboxVideoEngine.o
 .debug_line    0x00000000000012f3      0xfb7 Iris.o

.debug_frame    0x0000000000000000     0x1640
 *(.debug_frame)
 .debug_frame   0x0000000000000000      0x1cc uzeboxCore.o
 .debug_frame   0x00000000000001cc      0x274 uzeboxSoundEngine.o
 .debug_frame   0x0000000000000440      0x4d4 uzeboxVideoEngine.o
 .debug_frame   0x0000000000000914      0xd2c Iris.o

.debug_str      0x0000000000000000     0x1c9f
 *(.debug_str)
 .debug_str     0x0000000000000000      0x231 /usr/local/lib/gcc/avr/4.9.2/../../../../avr/lib/avr5/crtm644.o
 .debug_str     0x0000000000000231      0x4bd uzeboxCore.o
                                        0x514 (size before relaxing)
 .debug_str     0x00000000000006ee      0x3fd uzeboxSoundEngine.o
                                        0x636 (size before relaxing)
 .debug_str     0x0000000000000aeb      0x359 uzeboxVideoEngine.o
                                        0x56c (size before relaxing)
 .debug_str     0x0000000000000e44      0xe5b Iris.o
                                       0x126a (size before relaxing)

.debug_loc      0x0000000000000000     0x7aee
 *(.debug_loc)
 .debug_loc     0x0000000000000000      0x9f9 uzeboxCore.o
 .debug_loc     0x00000000000009f9     0x1148 uzeboxSoundEngine.o
 .debug_loc     0x0000000000001b41     0x1bf5 uzeboxVideoEngine.o
 .debug_loc     0x0000000000003736     0x43b8 Iris.o

.debug_macinfo
 *(.debug_macinfo)

.debug_weaknames
 *(.debug_weaknames)

.debug_funcnames
 *(.debug_funcnames)

.debug_typenames
 *(.debug_typenames)

.debug_varnames
 *(.debug_varnames)

.debug_pubtypes
 *(.debug_pubtypes)

.debug_ranges   0x0000000000000000      0x808
 *(.debug_ranges)
 .debug_ranges  0x0000000000000000       0xf0 uzeboxVideoEngineCore.o
 .debug_ranges  0x00000000000000f0       0x98 uzeboxCore.o
 .debug_ranges  0x0000000000000188      0x130 uzeboxSoundEngine.o
 .debug_ranges  0x00000000000002b8       0x48 uzeboxSoundEngineCore.o
 .debug_ranges  0x0000000000000300      0x148 uzeboxVideoEngine.o
 .debug_ranges  0x0000000000000448      0x3c0 Iris.o

.debug_macro
 *(.debug_macro)
OUTPUT(Iris.elf elf32-avr)
LOAD linker stubs
