Archive member included to satisfy reference by file (symbol)

/usr/local/lib/gcc/avr/4.9.2/avr5/libgcc.a(_udivmodqi4.o)
                              uzeboxVideoEngine.o (__udivmodqi4)
/usr/local/lib/gcc/avr/4.9.2/avr5/libgcc.a(_divmodqi4.o)
                              Iris.o (__divmodqi4)
/usr/local/lib/gcc/avr/4.9.2/avr5/libgcc.a(_udivmodhi4.o)
                              uzeboxVideoEngine.o (__udivmodhi4)
/usr/local/lib/gcc/avr/4.9.2/avr5/libgcc.a(_divmodhi4.o)
                              uzeboxSoundEngine.o (__divmodhi4)
/usr/local/lib/gcc/avr/4.9.2/avr5/libgcc.a(_udivmodsi4.o)
                              uzeboxVideoEngine.o (__udivmodsi4)
/usr/local/lib/gcc/avr/4.9.2/avr5/libgcc.a(_exit.o)
                              /usr/local/lib/gcc/avr/4.9.2/../../../../avr/lib/avr5/crtm644.o (exit)
/usr/local/lib/gcc/avr/4.9.2/avr5/libgcc.a(_tablejump2.o)
                              Iris.o (__tablejump2__)
/usr/local/lib/gcc/avr/4.9.2/avr5/libgcc.a(_copy_data.o)
                              uzeboxVideoEngine.o (__do_copy_data)
/usr/local/lib/gcc/avr/4.9.2/avr5/libgcc.a(_clear_bss.o)
                              uzeboxCore.o (__do_clear_bss)
/usr/local/lib/gcc/avr/4.9.2/../../../../avr/lib/avr5/libm.a(addsf3.o)
                              Iris.o (__addsf3)
/usr/local/lib/gcc/avr/4.9.2/../../../../avr/lib/avr5/libm.a(addsf3x.o)
                              /usr/local/lib/gcc/avr/4.9.2/../../../../avr/lib/avr5/libm.a(addsf3.o) (__addsf3x)
/usr/local/lib/gcc/avr/4.9.2/../../../../avr/lib/avr5/libm.a(fixsfsi.o)
                              Iris.o (__fixsfsi)
/usr/local/lib/gcc/avr/4.9.2/../../../../avr/lib/avr5/libm.a(fixunssfsi.o)
                              Iris.o (__fixunssfsi)
/usr/local/lib/gcc/avr/4.9.2/../../../../avr/lib/avr5/libm.a(floatsisf.o)
                              Iris.o (__floatunsisf)
/usr/local/lib/gcc/avr/4.9.2/../../../../avr/lib/avr5/libm.a(fp_inf.o)
                              /usr/local/lib/gcc/avr/4.9.2/../../../../avr/lib/avr5/libm.a(addsf3x.o) (__fp_inf)
/usr/local/lib/gcc/avr/4.9.2/../../../../avr/lib/avr5/libm.a(fp_nan.o)
                              /usr/local/lib/gcc/avr/4.9.2/../../../../avr/lib/avr5/libm.a(addsf3x.o) (__fp_nan)
/usr/local/lib/gcc/avr/4.9.2/../../../../avr/lib/avr5/libm.a(fp_pscA.o)
                              /usr/local/lib/gcc/avr/4.9.2/../../../../avr/lib/avr5/libm.a(addsf3x.o) (__fp_pscA)
/usr/local/lib/gcc/avr/4.9.2/../../../../avr/lib/avr5/libm.a(fp_pscB.o)
                              /usr/local/lib/gcc/avr/4.9.2/../../../../avr/lib/avr5/libm.a(addsf3x.o) (__fp_pscB)
/usr/local/lib/gcc/avr/4.9.2/../../../../avr/lib/avr5/libm.a(fp_round.o)
                              /usr/local/lib/gcc/avr/4.9.2/../../../../avr/lib/avr5/libm.a(addsf3.o) (__fp_round)
/usr/local/lib/gcc/avr/4.9.2/../../../../avr/lib/avr5/libm.a(fp_split3.o)
                              /usr/local/lib/gcc/avr/4.9.2/../../../../avr/lib/avr5/libm.a(addsf3x.o) (__fp_split3)
/usr/local/lib/gcc/avr/4.9.2/../../../../avr/lib/avr5/libm.a(fp_zero.o)
                              /usr/local/lib/gcc/avr/4.9.2/../../../../avr/lib/avr5/libm.a(addsf3x.o) (__fp_zero)
/usr/local/lib/gcc/avr/4.9.2/../../../../avr/lib/avr5/libm.a(mulsf3.o)
                              Iris.o (__mulsf3)
/usr/local/lib/gcc/avr/4.9.2/../../../../avr/lib/avr5/libm.a(mulsf3x.o)
                              /usr/local/lib/gcc/avr/4.9.2/../../../../avr/lib/avr5/libm.a(mulsf3.o) (__mulsf3x)
/usr/local/lib/gcc/avr/4.9.2/../../../../avr/lib/avr5/libc.a(strnlen_P.o)
                              Iris.o (strnlen_P)

Allocating common symbols
Common symbol       size              file

songStart           0x2               uzeboxSoundEngine.o
font_tiles_map      0x2               Iris.o
tracks              0x73              uzeboxSoundEngine.o
boss_run_anim       0x8               Iris.o
jump_anim           0x2               Iris.o
scores              0x20              Iris.o
fadeSpeed           0x1               uzeboxVideoEngine.o
currDeltaTime       0x2               uzeboxSoundEngine.o
fadeDir             0x1               uzeboxVideoEngine.o
patchPointers       0x2               uzeboxSoundEngine.o
game                0x202             Iris.o
lastStatus          0x1               uzeboxSoundEngine.o
joypadsConnectionStatus
                    0x1               uzeboxCore.o
free_tile_index     0x1               uzeboxVideoEngine.o
fadeActive          0x1               uzeboxVideoEngine.o
masterVolume        0x1               uzeboxSoundEngine.o
prone_anim          0x2               Iris.o
nextDeltaTime       0x2               uzeboxSoundEngine.o
spider_anim         0x4               Iris.o
songSpeed           0x1               uzeboxSoundEngine.o
songPos             0x2               uzeboxSoundEngine.o
shark_anim          0x2               Iris.o
extendedSprites     0x50              Iris.o
run_anim            0x8               Iris.o
boss_jump_anim      0x2               Iris.o
enemy_shot_anim     0x2               Iris.o
loopStart           0x2               uzeboxSoundEngine.o
boss_shot_anim      0x2               Iris.o
shot_anim           0x2               Iris.o
step                0x1               uzeboxSoundEngine.o
expl_anim           0x6               Iris.o
currFadeFrame       0x1               uzeboxVideoEngine.o
fadeStep            0x1               uzeboxVideoEngine.o
boss_idle_anim      0x2               Iris.o
idle_anim           0x2               Iris.o

Discarded input sections

 .data          0x0000000000000000        0x0 /usr/local/lib/gcc/avr/4.9.2/../../../../avr/lib/avr5/crtm644.o
 .bss           0x0000000000000000        0x0 /usr/local/lib/gcc/avr/4.9.2/../../../../avr/lib/avr5/crtm644.o
 .data          0x0000000000000000        0x0 uzeboxVideoEngineCore.o
 .text.SetSpritesTileBank
                0x0000000000000000       0x12 uzeboxVideoEngineCore.o
 .text.SetFont  0x0000000000000000        0x8 uzeboxVideoEngineCore.o
 .text.SetFontTilesIndex
                0x0000000000000000        0x6 uzeboxVideoEngineCore.o
 .text.GetTile  0x0000000000000000       0x24 uzeboxVideoEngineCore.o
 .text.GetVsyncCounter
                0x0000000000000000        0xa uzeboxVideoEngineCore.o
 .text.ClearVsyncCounter
                0x0000000000000000        0xa uzeboxVideoEngineCore.o
 .text.SetUserPreVsyncCallback
                0x0000000000000000        0xa uzeboxVideoEngineCore.o
 .text.SetUserPostVsyncCallback
                0x0000000000000000        0xa uzeboxVideoEngineCore.o
 .text.IsRunningInEmulator
                0x0000000000000000       0x12 uzeboxVideoEngineCore.o
 .text.WaitClocks
                0x0000000000000000        0x6 uzeboxVideoEngineCore.o
 .text.SetLedOn
                0x0000000000000000        0x4 uzeboxVideoEngineCore.o
 .text.SetLedOff
                0x0000000000000000        0x4 uzeboxVideoEngineCore.o
 .text.ToggleLed
                0x0000000000000000        0x4 uzeboxVideoEngineCore.o
 .text.internal_spi_byte
                0x0000000000000000        0xe uzeboxVideoEngineCore.o
 .text          0x0000000000000000        0x0 uzeboxCore.o
 .data          0x0000000000000000        0x0 uzeboxCore.o
 .text.SetRenderingParameters
                0x0000000000000000        0xa uzeboxCore.o
 .text.DetectControllers
                0x0000000000000000       0x36 uzeboxCore.o
 .text.FormatEeprom2
                0x0000000000000000       0x98 uzeboxCore.o
 .text.IsPowerSwitchPressed
                0x0000000000000000        0xe uzeboxCore.o
 .text          0x0000000000000000        0x0 uzeboxSoundEngine.o
 .data          0x0000000000000000        0x0 uzeboxSoundEngine.o
 .text.ResumeSong
                0x0000000000000000        0x8 uzeboxSoundEngine.o
 .text.SetSongSpeed
                0x0000000000000000        0x6 uzeboxSoundEngine.o
 .text.GetSongSpeed
                0x0000000000000000        0x6 uzeboxSoundEngine.o
 .text.GetMasterVolume
                0x0000000000000000        0x6 uzeboxSoundEngine.o
 .data          0x0000000000000000        0x0 uzeboxSoundEngineCore.o
 .text.SetMixerNoiseParams
                0x0000000000000000       0x10 uzeboxSoundEngineCore.o
 .text.SetMixerVolume
                0x0000000000000000       0x16 uzeboxSoundEngineCore.o
 .text.EnableSoundEngine
                0x0000000000000000        0x8 uzeboxSoundEngineCore.o
 .text          0x0000000000000000        0x0 uzeboxVideoEngine.o
 .text.SetUserRamTilesCount
                0x0000000000000000        0x6 uzeboxVideoEngine.o
 .text.GetUserRamTile
                0x0000000000000000        0xe uzeboxVideoEngine.o
 .text.SetSpriteVisibility
                0x0000000000000000        0x6 uzeboxVideoEngine.o
 .text.SetScrolling
                0x0000000000000000       0x28 uzeboxVideoEngine.o
 .text.MapSprite
                0x0000000000000000       0x80 uzeboxVideoEngine.o
 .text.MapSprite2
                0x0000000000000000       0xa4 uzeboxVideoEngine.o
 .text.MoveSprite
                0x0000000000000000       0x7c uzeboxVideoEngine.o
 .text.PrintLong
                0x0000000000000000       0x8a uzeboxVideoEngine.o
 .text.PrintByte
                0x0000000000000000       0x66 uzeboxVideoEngine.o
 .text.PrintInt
                0x0000000000000000       0x70 uzeboxVideoEngine.o
 .text.PrintBinaryByte
                0x0000000000000000       0x36 uzeboxVideoEngine.o
 .text.PrintHexByte
                0x0000000000000000       0x40 uzeboxVideoEngine.o
 .text.PrintHexInt
                0x0000000000000000       0x24 uzeboxVideoEngine.o
 .text.PrintHexLong
                0x0000000000000000       0x5e uzeboxVideoEngine.o
 .text.Print    0x0000000000000000       0x36 uzeboxVideoEngine.o
 .text.PrintRam
                0x0000000000000000       0x36 uzeboxVideoEngine.o
 .text.PrintChar
                0x0000000000000000        0x6 uzeboxVideoEngine.o
 .text.Fill     0x0000000000000000       0x6e uzeboxVideoEngine.o
 .text.FontFill
                0x0000000000000000       0x6c uzeboxVideoEngine.o
 .text          0x0000000000000000        0x0 Iris.o
 .text.LBGetNextFrameReverse
                0x0000000000000000       0x60 Iris.o
 .text.LBResetJoyPadState
                0x0000000000000000       0x12 Iris.o
 .text.LBCopyChars
                0x0000000000000000       0x18 Iris.o
 .text.LBSetFontTilesMap
                0x0000000000000000        0xa Iris.o
 .text.LBPrintStr
                0x0000000000000000       0x62 Iris.o
 .text.save_eeprom
                0x0000000000000000        0x4 Iris.o
 .text.render_level_tile
                0x0000000000000000        0xe Iris.o
 .text.get_camera_x
                0x0000000000000000        0x4 Iris.o
 .text.get_camera_y
                0x0000000000000000        0x4 Iris.o
 .text.get_hero_spawn_x
                0x0000000000000000        0x4 Iris.o
 .text.get_hero_spawn_y
                0x0000000000000000        0x4 Iris.o
 .text.get_boss_spawn_x
                0x0000000000000000        0x4 Iris.o
 .text.get_boss_spawn_y
                0x0000000000000000        0x4 Iris.o
 .text.solid_tile
                0x0000000000000000        0xe Iris.o
 .text.level_hazard
                0x0000000000000000        0xe Iris.o
 .text          0x0000000000000000        0x0 /usr/local/lib/gcc/avr/4.9.2/avr5/libgcc.a(_udivmodqi4.o)
 .data          0x0000000000000000        0x0 /usr/local/lib/gcc/avr/4.9.2/avr5/libgcc.a(_udivmodqi4.o)
 .bss           0x0000000000000000        0x0 /usr/local/lib/gcc/avr/4.9.2/avr5/libgcc.a(_udivmodqi4.o)
 .text.libgcc.mul
                0x0000000000000000        0x0 /usr/local/lib/gcc/avr/4.9.2/avr5/libgcc.a(_udivmodqi4.o)
 .text.libgcc   0x0000000000000000        0x0 /usr/local/lib/gcc/avr/4.9.2/avr5/libgcc.a(_udivmodqi4.o)
 .text.libgcc.prologue
                0x0000000000000000        0x0 /usr/local/lib/gcc/avr/4.9.2/avr5/libgcc.a(_udivmodqi4.o)
 .text.libgcc.builtins
                0x0000000000000000        0x0 /usr/local/lib/gcc/avr/4.9.2/avr5/libgcc.a(_udivmodqi4.o)
 .text.libgcc.fmul
                0x0000000000000000        0x0 /usr/local/lib/gcc/avr/4.9.2/avr5/libgcc.a(_udivmodqi4.o)
 .text.libgcc.fixed
                0x0000000000000000        0x0 /usr/local/lib/gcc/avr/4.9.2/avr5/libgcc.a(_udivmodqi4.o)
 .text          0x0000000000000000        0x0 /usr/local/lib/gcc/avr/4.9.2/avr5/libgcc.a(_divmodqi4.o)
 .data          0x0000000000000000        0x0 /usr/local/lib/gcc/avr/4.9.2/avr5/libgcc.a(_divmodqi4.o)
 .bss           0x0000000000000000        0x0 /usr/local/lib/gcc/avr/4.9.2/avr5/libgcc.a(_divmodqi4.o)
 .text.libgcc.mul
                0x0000000000000000        0x0 /usr/local/lib/gcc/avr/4.9.2/avr5/libgcc.a(_divmodqi4.o)
 .text.libgcc   0x0000000000000000        0x0 /usr/local/lib/gcc/avr/4.9.2/avr5/libgcc.a(_divmodqi4.o)
 .text.libgcc.prologue
                0x0000000000000000        0x0 /usr/local/lib/gcc/avr/4.9.2/avr5/libgcc.a(_divmodqi4.o)
 .text.libgcc.builtins
                0x0000000000000000        0x0 /usr/local/lib/gcc/avr/4.9.2/avr5/libgcc.a(_divmodqi4.o)
 .text.libgcc.fmul
                0x0000000000000000        0x0 /usr/local/lib/gcc/avr/4.9.2/avr5/libgcc.a(_divmodqi4.o)
 .text.libgcc.fixed
                0x0000000000000000        0x0 /usr/local/lib/gcc/avr/4.9.2/avr5/libgcc.a(_divmodqi4.o)
 .text          0x0000000000000000        0x0 /usr/local/lib/gcc/avr/4.9.2/avr5/libgcc.a(_udivmodhi4.o)
 .data          0x0000000000000000        0x0 /usr/local/lib/gcc/avr/4.9.2/avr5/libgcc.a(_udivmodhi4.o)
 .bss           0x0000000000000000        0x0 /usr/local/lib/gcc/avr/4.9.2/avr5/libgcc.a(_udivmodhi4.o)
 .text.libgcc.mul
                0x0000000000000000        0x0 /usr/local/lib/gcc/avr/4.9.2/avr5/libgcc.a(_udivmodhi4.o)
 .text.libgcc   0x0000000000000000        0x0 /usr/local/lib/gcc/avr/4.9.2/avr5/libgcc.a(_udivmodhi4.o)
 .text.libgcc.prologue
                0x0000000000000000        0x0 /usr/local/lib/gcc/avr/4.9.2/avr5/libgcc.a(_udivmodhi4.o)
 .text.libgcc.builtins
                0x0000000000000000        0x0 /usr/local/lib/gcc/avr/4.9.2/avr5/libgcc.a(_udivmodhi4.o)
 .text.libgcc.fmul
                0x0000000000000000        0x0 /usr/local/lib/gcc/avr/4.9.2/avr5/libgcc.a(_udivmodhi4.o)
 .text.libgcc.fixed
                0x0000000000000000        0x0 /usr/local/lib/gcc/avr/4.9.2/avr5/libgcc.a(_udivmodhi4.o)
 .text          0x0000000000000000        0x0 /usr/local/lib/gcc/avr/4.9.2/avr5/libgcc.a(_divmodhi4.o)
 .data          0x0000000000000000        0x0 /usr/local/lib/gcc/avr/4.9.2/avr5/libgcc.a(_divmodhi4.o)
 .bss           0x0000000000000000        0x0 /usr/local/lib/gcc/avr/4.9.2/avr5/libgcc.a(_divmodhi4.o)
 .text.libgcc.mul
                0x0000000000000000        0x0 /usr/local/lib/gcc/avr/4.9.2/avr5/libgcc.a(_divmodhi4.o)
 .text.libgcc   0x0000000000000000        0x0 /usr/local/lib/gcc/avr/4.9.2/avr5/libgcc.a(_divmodhi4.o)
 .text.libgcc.prologue
                0x0000000000000000        0x0 /usr/local/lib/gcc/avr/4.9.2/avr5/libgcc.a(_divmodhi4.o)
 .text.libgcc.builtins
                0x0000000000000000        0x0 /usr/local/lib/gcc/avr/4.9.2/avr5/libgcc.a(_divmodhi4.o)
 .text.libgcc.fmul
                0x0000000000000000        0x0 /usr/local/lib/gcc/avr/4.9.2/avr5/libgcc.a(_divmodhi4.o)
 .text.libgcc.fixed
                0x0000000000000000        0x0 /usr/local/lib/gcc/avr/4.9.2/avr5/libgcc.a(_divmodhi4.o)
 .text          0x0000000000000000        0x0 /usr/local/lib/gcc/avr/4.9.2/avr5/libgcc.a(_udivmodsi4.o)
 .data          0x0000000000000000        0x0 /usr/local/lib/gcc/avr/4.9.2/avr5/libgcc.a(_udivmodsi4.o)
 .bss           0x0000000000000000        0x0 /usr/local/lib/gcc/avr/4.9.2/avr5/libgcc.a(_udivmodsi4.o)
 .stab          0x0000000000000000      0x228 /usr/local/lib/gcc/avr/4.9.2/avr5/libgcc.a(_udivmodsi4.o)
                                        0x234 (size before relaxing)
 .text.libgcc.mul
                0x0000000000000000        0x0 /usr/local/lib/gcc/avr/4.9.2/avr5/libgcc.a(_udivmodsi4.o)
 .text.libgcc.div
                0x0000000000000000       0x44 /usr/local/lib/gcc/avr/4.9.2/avr5/libgcc.a(_udivmodsi4.o)
 .text.libgcc   0x0000000000000000        0x0 /usr/local/lib/gcc/avr/4.9.2/avr5/libgcc.a(_udivmodsi4.o)
 .text.libgcc.prologue
                0x0000000000000000        0x0 /usr/local/lib/gcc/avr/4.9.2/avr5/libgcc.a(_udivmodsi4.o)
 .text.libgcc.builtins
                0x0000000000000000        0x0 /usr/local/lib/gcc/avr/4.9.2/avr5/libgcc.a(_udivmodsi4.o)
 .text.libgcc.fmul
                0x0000000000000000        0x0 /usr/local/lib/gcc/avr/4.9.2/avr5/libgcc.a(_udivmodsi4.o)
 .text.libgcc.fixed
                0x0000000000000000        0x0 /usr/local/lib/gcc/avr/4.9.2/avr5/libgcc.a(_udivmodsi4.o)
 .text          0x0000000000000000        0x0 /usr/local/lib/gcc/avr/4.9.2/avr5/libgcc.a(_exit.o)
 .data          0x0000000000000000        0x0 /usr/local/lib/gcc/avr/4.9.2/avr5/libgcc.a(_exit.o)
 .bss           0x0000000000000000        0x0 /usr/local/lib/gcc/avr/4.9.2/avr5/libgcc.a(_exit.o)
 .text.libgcc.mul
                0x0000000000000000        0x0 /usr/local/lib/gcc/avr/4.9.2/avr5/libgcc.a(_exit.o)
 .text.libgcc.div
                0x0000000000000000        0x0 /usr/local/lib/gcc/avr/4.9.2/avr5/libgcc.a(_exit.o)
 .text.libgcc   0x0000000000000000        0x0 /usr/local/lib/gcc/avr/4.9.2/avr5/libgcc.a(_exit.o)
 .text.libgcc.prologue
                0x0000000000000000        0x0 /usr/local/lib/gcc/avr/4.9.2/avr5/libgcc.a(_exit.o)
 .text.libgcc.builtins
                0x0000000000000000        0x0 /usr/local/lib/gcc/avr/4.9.2/avr5/libgcc.a(_exit.o)
 .text.libgcc.fmul
                0x0000000000000000        0x0 /usr/local/lib/gcc/avr/4.9.2/avr5/libgcc.a(_exit.o)
 .text.libgcc.fixed
                0x0000000000000000        0x0 /usr/local/lib/gcc/avr/4.9.2/avr5/libgcc.a(_exit.o)
 .text          0x0000000000000000        0x0 /usr/local/lib/gcc/avr/4.9.2/avr5/libgcc.a(_tablejump2.o)
 .data          0x0000000000000000        0x0 /usr/local/lib/gcc/avr/4.9.2/avr5/libgcc.a(_tablejump2.o)
 .bss           0x0000000000000000        0x0 /usr/local/lib/gcc/avr/4.9.2/avr5/libgcc.a(_tablejump2.o)
 .text.libgcc.mul
                0x0000000000000000        0x0 /usr/local/lib/gcc/avr/4.9.2/avr5/libgcc.a(_tablejump2.o)
 .text.libgcc.div
                0x0000000000000000        0x0 /usr/local/lib/gcc/avr/4.9.2/avr5/libgcc.a(_tablejump2.o)
 .text.libgcc.prologue
                0x0000000000000000        0x0 /usr/local/lib/gcc/avr/4.9.2/avr5/libgcc.a(_tablejump2.o)
 .text.libgcc.builtins
                0x0000000000000000        0x0 /usr/local/lib/gcc/avr/4.9.2/avr5/libgcc.a(_tablejump2.o)
 .text.libgcc.fmul
                0x0000000000000000        0x0 /usr/local/lib/gcc/avr/4.9.2/avr5/libgcc.a(_tablejump2.o)
 .text.libgcc.fixed
                0x0000000000000000        0x0 /usr/local/lib/gcc/avr/4.9.2/avr5/libgcc.a(_tablejump2.o)
 .text          0x0000000000000000        0x0 /usr/local/lib/gcc/avr/4.9.2/avr5/libgcc.a(_copy_data.o)
 .data          0x0000000000000000        0x0 /usr/local/lib/gcc/avr/4.9.2/avr5/libgcc.a(_copy_data.o)
 .bss           0x0000000000000000        0x0 /usr/local/lib/gcc/avr/4.9.2/avr5/libgcc.a(_copy_data.o)
 .text.libgcc.mul
                0x0000000000000000        0x0 /usr/local/lib/gcc/avr/4.9.2/avr5/libgcc.a(_copy_data.o)
 .text.libgcc.div
                0x0000000000000000        0x0 /usr/local/lib/gcc/avr/4.9.2/avr5/libgcc.a(_copy_data.o)
 .text.libgcc   0x0000000000000000        0x0 /usr/local/lib/gcc/avr/4.9.2/avr5/libgcc.a(_copy_data.o)
 .text.libgcc.prologue
                0x0000000000000000        0x0 /usr/local/lib/gcc/avr/4.9.2/avr5/libgcc.a(_copy_data.o)
 .text.libgcc.builtins
                0x0000000000000000        0x0 /usr/local/lib/gcc/avr/4.9.2/avr5/libgcc.a(_copy_data.o)
 .text.libgcc.fmul
                0x0000000000000000        0x0 /usr/local/lib/gcc/avr/4.9.2/avr5/libgcc.a(_copy_data.o)
 .text.libgcc.fixed
                0x0000000000000000        0x0 /usr/local/lib/gcc/avr/4.9.2/avr5/libgcc.a(_copy_data.o)
 .text          0x0000000000000000        0x0 /usr/local/lib/gcc/avr/4.9.2/avr5/libgcc.a(_clear_bss.o)
 .data          0x0000000000000000        0x0 /usr/local/lib/gcc/avr/4.9.2/avr5/libgcc.a(_clear_bss.o)
 .bss           0x0000000000000000        0x0 /usr/local/lib/gcc/avr/4.9.2/avr5/libgcc.a(_clear_bss.o)
 .text.libgcc.mul
                0x0000000000000000        0x0 /usr/local/lib/gcc/avr/4.9.2/avr5/libgcc.a(_clear_bss.o)
 .text.libgcc.div
                0x0000000000000000        0x0 /usr/local/lib/gcc/avr/4.9.2/avr5/libgcc.a(_clear_bss.o)
 .text.libgcc   0x0000000000000000        0x0 /usr/local/lib/gcc/avr/4.9.2/avr5/libgcc.a(_clear_bss.o)
 .text.libgcc.prologue
                0x0000000000000000        0x0 /usr/local/lib/gcc/avr/4.9.2/avr5/libgcc.a(_clear_bss.o)
 .text.libgcc.builtins
                0x0000000000000000        0x0 /usr/local/lib/gcc/avr/4.9.2/avr5/libgcc.a(_clear_bss.o)
 .text.libgcc.fmul
                0x0000000000000000        0x0 /usr/local/lib/gcc/avr/4.9.2/avr5/libgcc.a(_clear_bss.o)
 .text.libgcc.fixed
                0x0000000000000000        0x0 /usr/local/lib/gcc/avr/4.9.2/avr5/libgcc.a(_clear_bss.o)
 .text          0x0000000000000000        0x0 /usr/local/lib/gcc/avr/4.9.2/../../../../avr/lib/avr5/libm.a(addsf3.o)
 .data          0x0000000000000000        0x0 /usr/local/lib/gcc/avr/4.9.2/../../../../avr/lib/avr5/libm.a(addsf3.o)
 .bss           0x0000000000000000        0x0 /usr/local/lib/gcc/avr/4.9.2/../../../../avr/lib/avr5/libm.a(addsf3.o)
 .text          0x0000000000000000        0x0 /usr/local/lib/gcc/avr/4.9.2/../../../../avr/lib/avr5/libm.a(addsf3x.o)
 .data          0x0000000000000000        0x0 /usr/local/lib/gcc/avr/4.9.2/../../../../avr/lib/avr5/libm.a(addsf3x.o)
 .bss           0x0000000000000000        0x0 /usr/local/lib/gcc/avr/4.9.2/../../../../avr/lib/avr5/libm.a(addsf3x.o)
 .text          0x0000000000000000        0x0 /usr/local/lib/gcc/avr/4.9.2/../../../../avr/lib/avr5/libm.a(fixsfsi.o)
 .data          0x0000000000000000        0x0 /usr/local/lib/gcc/avr/4.9.2/../../../../avr/lib/avr5/libm.a(fixsfsi.o)
 .bss           0x0000000000000000        0x0 /usr/local/lib/gcc/avr/4.9.2/../../../../avr/lib/avr5/libm.a(fixsfsi.o)
 .text          0x0000000000000000        0x0 /usr/local/lib/gcc/avr/4.9.2/../../../../avr/lib/avr5/libm.a(fixunssfsi.o)
 .data          0x0000000000000000        0x0 /usr/local/lib/gcc/avr/4.9.2/../../../../avr/lib/avr5/libm.a(fixunssfsi.o)
 .bss           0x0000000000000000        0x0 /usr/local/lib/gcc/avr/4.9.2/../../../../avr/lib/avr5/libm.a(fixunssfsi.o)
 .text          0x0000000000000000        0x0 /usr/local/lib/gcc/avr/4.9.2/../../../../avr/lib/avr5/libm.a(floatsisf.o)
 .data          0x0000000000000000        0x0 /usr/local/lib/gcc/avr/4.9.2/../../../../avr/lib/avr5/libm.a(floatsisf.o)
 .bss           0x0000000000000000        0x0 /usr/local/lib/gcc/avr/4.9.2/../../../../avr/lib/avr5/libm.a(floatsisf.o)
 .text          0x0000000000000000        0x0 /usr/local/lib/gcc/avr/4.9.2/../../../../avr/lib/avr5/libm.a(fp_inf.o)
 .data          0x0000000000000000        0x0 /usr/local/lib/gcc/avr/4.9.2/../../../../avr/lib/avr5/libm.a(fp_inf.o)
 .bss           0x0000000000000000        0x0 /usr/local/lib/gcc/avr/4.9.2/../../../../avr/lib/avr5/libm.a(fp_inf.o)
 .text          0x0000000000000000        0x0 /usr/local/lib/gcc/avr/4.9.2/../../../../avr/lib/avr5/libm.a(fp_nan.o)
 .data          0x0000000000000000        0x0 /usr/local/lib/gcc/avr/4.9.2/../../../../avr/lib/avr5/libm.a(fp_nan.o)
 .bss           0x0000000000000000        0x0 /usr/local/lib/gcc/avr/4.9.2/../../../../avr/lib/avr5/libm.a(fp_nan.o)
 .text          0x0000000000000000        0x0 /usr/local/lib/gcc/avr/4.9.2/../../../../avr/lib/avr5/libm.a(fp_pscA.o)
 .data          0x0000000000000000        0x0 /usr/local/lib/gcc/avr/4.9.2/../../../../avr/lib/avr5/libm.a(fp_pscA.o)
 .bss           0x0000000000000000        0x0 /usr/local/lib/gcc/avr/4.9.2/../../../../avr/lib/avr5/libm.a(fp_pscA.o)
 .text          0x0000000000000000        0x0 /usr/local/lib/gcc/avr/4.9.2/../../../../avr/lib/avr5/libm.a(fp_pscB.o)
 .data          0x0000000000000000        0x0 /usr/local/lib/gcc/avr/4.9.2/../../../../avr/lib/avr5/libm.a(fp_pscB.o)
 .bss           0x0000000000000000        0x0 /usr/local/lib/gcc/avr/4.9.2/../../../../avr/lib/avr5/libm.a(fp_pscB.o)
 .text          0x0000000000000000        0x0 /usr/local/lib/gcc/avr/4.9.2/../../../../avr/lib/avr5/libm.a(fp_round.o)
 .data          0x0000000000000000        0x0 /usr/local/lib/gcc/avr/4.9.2/../../../../avr/lib/avr5/libm.a(fp_round.o)
 .bss           0x0000000000000000        0x0 /usr/local/lib/gcc/avr/4.9.2/../../../../avr/lib/avr5/libm.a(fp_round.o)
 .text          0x0000000000000000        0x0 /usr/local/lib/gcc/avr/4.9.2/../../../../avr/lib/avr5/libm.a(fp_split3.o)
 .data          0x0000000000000000        0x0 /usr/local/lib/gcc/avr/4.9.2/../../../../avr/lib/avr5/libm.a(fp_split3.o)
 .bss           0x0000000000000000        0x0 /usr/local/lib/gcc/avr/4.9.2/../../../../avr/lib/avr5/libm.a(fp_split3.o)
 .text          0x0000000000000000        0x0 /usr/local/lib/gcc/avr/4.9.2/../../../../avr/lib/avr5/libm.a(fp_zero.o)
 .data          0x0000000000000000        0x0 /usr/local/lib/gcc/avr/4.9.2/../../../../avr/lib/avr5/libm.a(fp_zero.o)
 .bss           0x0000000000000000        0x0 /usr/local/lib/gcc/avr/4.9.2/../../../../avr/lib/avr5/libm.a(fp_zero.o)
 .text          0x0000000000000000        0x0 /usr/local/lib/gcc/avr/4.9.2/../../../../avr/lib/avr5/libm.a(mulsf3.o)
 .data          0x0000000000000000        0x0 /usr/local/lib/gcc/avr/4.9.2/../../../../avr/lib/avr5/libm.a(mulsf3.o)
 .bss           0x0000000000000000        0x0 /usr/local/lib/gcc/avr/4.9.2/../../../../avr/lib/avr5/libm.a(mulsf3.o)
 .text          0x0000000000000000        0x0 /usr/local/lib/gcc/avr/4.9.2/../../../../avr/lib/avr5/libm.a(mulsf3x.o)
 .data          0x0000000000000000        0x0 /usr/local/lib/gcc/avr/4.9.2/../../../../avr/lib/avr5/libm.a(mulsf3x.o)
 .bss           0x0000000000000000        0x0 /usr/local/lib/gcc/avr/4.9.2/../../../../avr/lib/avr5/libm.a(mulsf3x.o)
 .text          0x0000000000000000        0x0 /usr/local/lib/gcc/avr/4.9.2/../../../../avr/lib/avr5/libc.a(strnlen_P.o)
 .data          0x0000000000000000        0x0 /usr/local/lib/gcc/avr/4.9.2/../../../../avr/lib/avr5/libc.a(strnlen_P.o)
 .bss           0x0000000000000000        0x0 /usr/local/lib/gcc/avr/4.9.2/../../../../avr/lib/avr5/libc.a(strnlen_P.o)

Memory Configuration

Name             Origin             Length             Attributes
text             0x0000000000000000 0x0000000000020000 xr
data             0x0000000000800060 0x000000000000ffa0 rw !x
eeprom           0x0000000000810000 0x0000000000010000 rw !x
fuse             0x0000000000820000 0x0000000000000400 rw !x
lock             0x0000000000830000 0x0000000000000400 rw !x
signature        0x0000000000840000 0x0000000000000400 rw !x
*default*        0x0000000000000000 0xffffffffffffffff

Linker script and memory map

Address of section .data set to 0x800100
LOAD /usr/local/lib/gcc/avr/4.9.2/../../../../avr/lib/avr5/crtm644.o
Address of section .noinit set to 0x800100
Address of section .data set to 0x800500
LOAD uzeboxVideoEngineCore.o
LOAD uzeboxCore.o
LOAD uzeboxSoundEngine.o
LOAD uzeboxSoundEngineCore.o
LOAD uzeboxVideoEngine.o
LOAD Iris.o
START GROUP
LOAD /usr/local/lib/gcc/avr/4.9.2/avr5/libgcc.a
LOAD /usr/local/lib/gcc/avr/4.9.2/../../../../avr/lib/avr5/libm.a
LOAD /usr/local/lib/gcc/avr/4.9.2/../../../../avr/lib/avr5/libc.a
END GROUP

.hash
 *(.hash)

.dynsym
 *(.dynsym)

.dynstr
 *(.dynstr)

.gnu.version
 *(.gnu.version)

.gnu.version_d
 *(.gnu.version_d)

.gnu.version_r
 *(.gnu.version_r)

.rel.init
 *(.rel.init)

.rela.init
 *(.rela.init)

.rel.text
 *(.rel.text)
 *(.rel.text.*)
 *(.rel.gnu.linkonce.t*)

.rela.text
 *(.rela.text)
 *(.rela.text.*)
 *(.rela.gnu.linkonce.t*)

.rel.fini
 *(.rel.fini)

.rela.fini
 *(.rela.fini)

.rel.rodata
 *(.rel.rodata)
 *(.rel.rodata.*)
 *(.rel.gnu.linkonce.r*)

.rela.rodata
 *(.rela.rodata)
 *(.rela.rodata.*)
 *(.rela.gnu.linkonce.r*)

.rel.data
 *(.rel.data)
 *(.rel.data.*)
 *(.rel.gnu.linkonce.d*)

.rela.data
 *(.rela.data)
 *(.rela.data.*)
 *(.rela.gnu.linkonce.d*)

.rel.ctors
 *(.rel.ctors)

.rela.ctors
 *(.rela.ctors)

.rel.dtors
 *(.rel.dtors)

.rela.dtors
 *(.rela.dtors)

.rel.got
 *(.rel.got)

.rela.got
 *(.rela.got)

.rel.bss
 *(.rel.bss)

.rela.bss
 *(.rela.bss)

.rel.plt
 *(.rel.plt)

.rela.plt
 *(.rela.plt)

.text           0x0000000000000000     0xd772
 *(.vectors)
 .vectors       0x0000000000000000       0x70 /usr/local/lib/gcc/avr/4.9.2/../../../../avr/lib/avr5/crtm644.o
                0x0000000000000000                __vectors
                0x0000000000000000                __vector_default
 *(.vectors)
 *(.progmem.gcc*)
 .progmem.gcc_sw_table.load_level
                0x0000000000000070       0x14 Iris.o
                0x0000000000000084                . = ALIGN (0x2)
                0x0000000000000084                __trampolines_start = .
 *(.trampolines)
 .trampolines   0x0000000000000084        0x0 linker stubs
 *(.trampolines*)
                0x0000000000000084                __trampolines_end = .
 *(.progmem*)
 .progmem.data  0x0000000000000084       0x4e uzeboxCore.o
                0x0000000000000084                io_table
                0x00000000000000b2                eeprom_format_table
 .progmem.data  0x00000000000000d2       0x1e uzeboxSoundEngine.o
                0x00000000000000d2                patchCommands
 .progmem.data  0x00000000000000f0      0x853 uzeboxVideoEngine.o
                0x00000000000000f0                fader
                0x00000000000000fc                map_uzeboxlogo2
                0x000000000000010d                map_uzeboxlogo
                0x0000000000000123                logo_tileset
                0x0000000000000923                logoInitPatches
                0x000000000000092c                initPatch
 .progmem.data  0x0000000000000943     0x6bfc Iris.o
                0x0000000000000943                strChallenge
                0x00000000000009f3                strIntro
                0x0000000000000a98                default_scores
                0x0000000000000ab6                strTally
                0x0000000000000abd                strGameOver
                0x0000000000000ac7                strLevelBonus
                0x0000000000000acd                strLevelClear
                0x0000000000000ad9                strPaused
                0x0000000000000adf                strExitGame
                0x0000000000000aeb                strMainMenu
                0x0000000000000af7                strTime
                0x0000000000000afd                strLives
                0x0000000000000b04                strShield
                0x0000000000000b0c                strScore
                0x0000000000000b13                strSelectHandle
                0x0000000000000b14                strHighScores
                0x0000000000000b20                str1Player
                0x0000000000000b26                strMusic
                0x0000000000000b3e                strCopyright
                0x0000000000000b53                spacesong
                0x00000000000011f3                planetsong
                0x0000000000001cc5                my_patches
                0x0000000000001d04                explode
                0x0000000000001dd5                pshoot
                0x0000000000001e2b                navigate
                0x0000000000001e3c                instrument
                0x0000000000001e44                sprites_data
                0x00000000000036c4                map_hazard_desert
                0x00000000000036c7                map_hazard_city
                0x00000000000036ca                map_hazard_jungle
                0x00000000000036cd                map_hazard_fire
                0x00000000000036d0                map_hazard_ice
                0x00000000000036d3                map_special_desert
                0x00000000000036d6                map_special_city
                0x00000000000036d9                map_special_jungle
                0x00000000000036dc                map_special_fire
                0x00000000000036df                map_special_ice
                0x00000000000036e2                map_enemy_elevator
                0x00000000000036e5                map_enemy_drone
                0x00000000000036e8                map_enemy_tank
                0x00000000000036eb                map_enemy_ball
                0x00000000000036ee                map_enemy_spider_1
                0x00000000000036f1                map_enemy_spider_0
                0x00000000000036f4                map_enemy_shark
                0x00000000000036f7                map_enemy_shot
                0x00000000000036fa                map_ahero_shot
                0x00000000000036fd                map_ahero_jump
                0x0000000000003705                map_ahero_step_3
                0x000000000000370d                map_ahero_step_2
                0x0000000000003715                map_ahero_step_1
                0x000000000000371d                map_ahero_step_0
                0x0000000000003725                map_ahero_idle
                0x000000000000372d                map_hero_shot
                0x0000000000003730                map_hero_ship_large_1
                0x000000000000373a                map_hero_ship_large_0
                0x0000000000003744                map_hero_ship_1
                0x0000000000003749                map_hero_ship_0
                0x000000000000374e                map_hero_prone
                0x0000000000003753                map_hero_jump
                0x000000000000375b                map_hero_step_3
                0x0000000000003763                map_hero_step_2
                0x000000000000376b                map_hero_step_1
                0x0000000000003773                map_hero_step_0
                0x000000000000377b                map_hero_idle
                0x0000000000003783                map_glowing_eye
                0x0000000000003786                map_emerald_4
                0x0000000000003789                map_emerald_3
                0x000000000000378c                map_emerald_2
                0x000000000000378f                map_emerald_1
                0x0000000000003792                map_emerald_0
                0x0000000000003795                map_explosion_2
                0x0000000000003798                map_explosion_1
                0x000000000000379b                map_explosion_0
                0x000000000000379e                map_particle
                0x00000000000037a1                map_up_arrow
                0x00000000000037a4                map_down_arrow
                0x00000000000037a7                map_right_arrow
                0x00000000000037aa                map_none
                0x00000000000037ad                tiles_data
                0x0000000000005f6d                map_font
                0x0000000000005f94                map_atmosphere
                0x0000000000005fce                map_dialog
                0x0000000000006030                map_canvas
                0x00000000000060b9                map_splash
                0x0000000000006106                map_tile_none
                0x0000000000006109                map_level_mega_tiles
                0x0000000000006e38                map_level_space_final
                0x0000000000006f39                map_level_space
                0x000000000000703a                map_level_desert
                0x000000000000713b                map_level_city
                0x000000000000723c                map_level_forest
                0x000000000000733d                map_level_fire
                0x000000000000743e                map_level_ice
                0x0000000000007540                . = ALIGN (0x2)
 *fill*         0x000000000000753f        0x1 
 *(.jumptables)
 *(.jumptables*)
 *(.lowtext)
 *(.lowtext*)
                0x0000000000007540                __ctors_start = .
 *(.ctors)
                0x0000000000007540                __ctors_end = .
                0x0000000000007540                __dtors_start = .
 *(.dtors)
                0x0000000000007540                __dtors_end = .
 SORT(*)(.ctors)
 SORT(*)(.dtors)
 *(.init0)
 .init0         0x0000000000007540        0x0 /usr/local/lib/gcc/avr/4.9.2/../../../../avr/lib/avr5/crtm644.o
                0x0000000000007540                __init
 *(.init0)
 *(.init1)
 *(.init1)
 *(.init2)
 .init2         0x0000000000007540        0xc /usr/local/lib/gcc/avr/4.9.2/../../../../avr/lib/avr5/crtm644.o
 *(.init2)
 *(.init3)
 *(.init3)
 *(.init4)
 .init4         0x000000000000754c       0x16 /usr/local/lib/gcc/avr/4.9.2/avr5/libgcc.a(_copy_data.o)
                0x000000000000754c                __do_copy_data
 .init4         0x0000000000007562       0x10 /usr/local/lib/gcc/avr/4.9.2/avr5/libgcc.a(_clear_bss.o)
                0x0000000000007562                __do_clear_bss
 *(.init4)
 *(.init5)
 *(.init5)
 *(.init6)
 *(.init6)
 *(.init7)
 .init7         0x0000000000007572       0x16 uzeboxCore.o
                0x0000000000007572                wdt_init
 *(.init7)
 *(.init8)
 .init8         0x0000000000007588       0x82 uzeboxCore.o
                0x0000000000007588                Initialize
 *(.init8)
 *(.init9)
 .init9         0x000000000000760a        0x8 /usr/local/lib/gcc/avr/4.9.2/../../../../avr/lib/avr5/crtm644.o
 *(.init9)
 *(.text)
 .text          0x0000000000007612        0x4 /usr/local/lib/gcc/avr/4.9.2/../../../../avr/lib/avr5/crtm644.o
                0x0000000000007612                __vector_20
                0x0000000000007612                __vector_1
                0x0000000000007612                __vector_24
                0x0000000000007612                __vector_12
                0x0000000000007612                __bad_interrupt
                0x0000000000007612                __vector_6
                0x0000000000007612                __vector_3
                0x0000000000007612                __vector_23
                0x0000000000007612                __vector_25
                0x0000000000007612                __vector_11
                0x0000000000007612                __vector_17
                0x0000000000007612                __vector_19
                0x0000000000007612                __vector_7
                0x0000000000007612                __vector_27
                0x0000000000007612                __vector_5
                0x0000000000007612                __vector_4
                0x0000000000007612                __vector_9
                0x0000000000007612                __vector_2
                0x0000000000007612                __vector_21
                0x0000000000007612                __vector_15
                0x0000000000007612                __vector_26
                0x0000000000007612                __vector_10
                0x0000000000007612                __vector_16
                0x0000000000007612                __vector_18
                0x0000000000007612                __vector_22
 .text          0x0000000000007616      0x868 uzeboxVideoEngineCore.o
                0x000000000000797e                CopyFlashTile
                0x0000000000007a9c                CopyRamTile
                0x0000000000007bb6                BlitSprite
                0x0000000000007c9a                __vector_13
                0x0000000000007d1a                __vector_14
 .text          0x0000000000007e7e      0x180 uzeboxSoundEngineCore.o
                0x0000000000007e7e                process_music
                0x0000000000007e8a                update_sound
                0x0000000000007ffe                . = ALIGN (0x2)
 *(.text.*)
 .text.SetSpritesTileTable
                0x0000000000007ffe        0xa uzeboxVideoEngineCore.o
                0x0000000000007ffe                SetSpritesTileTable
 .text.ClearVram
                0x0000000000008008       0x14 uzeboxVideoEngineCore.o
                0x0000000000008008                ClearVram
 .text.SetTile  0x000000000000801c       0x22 uzeboxVideoEngineCore.o
                0x000000000000801c                SetTile
 .text.SetTileTable
                0x000000000000803e        0xa uzeboxVideoEngineCore.o
                0x000000000000803e                SetTileTable
 .text.GetVsyncFlag
                0x0000000000008048        0x8 uzeboxVideoEngineCore.o
                0x0000000000008048                GetVsyncFlag
 .text.ClearVsyncFlag
                0x0000000000008050        0xc uzeboxVideoEngineCore.o
                0x0000000000008050                ClearVsyncFlag
 .text.ReadJoypad
                0x000000000000805c       0x18 uzeboxVideoEngineCore.o
                0x000000000000805c                ReadJoypad
 .text.WaitUs   0x0000000000008074        0xe uzeboxVideoEngineCore.o
                0x0000000000008074                WaitUs
 .text.WriteEeprom
                0x0000000000008082       0x14 uzeboxVideoEngineCore.o
                0x0000000000008082                WriteEeprom
 .text.ReadEeprom
                0x0000000000008096       0x12 uzeboxVideoEngineCore.o
                0x0000000000008096                ReadEeprom
 .text.wdt_randomize
                0x00000000000080a8       0x50 uzeboxVideoEngineCore.o
                0x00000000000080a8                wdt_randomize
 .text.GetTrueRandomSeed
                0x00000000000080f8        0xa uzeboxVideoEngineCore.o
                0x00000000000080f8                GetTrueRandomSeed
 .text.__vector_8
                0x0000000000008102       0x44 uzeboxVideoEngineCore.o
                0x0000000000008102                __vector_8
 .text.SoftReset
                0x0000000000008146       0x16 uzeboxCore.o
                0x0000000000008146                SoftReset
 .text.ReadButtons
                0x000000000000815c       0x6c uzeboxCore.o
                0x000000000000815c                ReadButtons
 .text.ReadControllers
                0x00000000000081c8       0x20 uzeboxCore.o
                0x00000000000081c8                ReadControllers
 .text.FormatEeprom
                0x00000000000081e8       0x44 uzeboxCore.o
                0x00000000000081e8                FormatEeprom
 .text.isEepromFormatted
                0x000000000000822c       0x2e uzeboxCore.o
                0x000000000000822c                isEepromFormatted
 .text.EepromBlockExists
                0x000000000000825a       0xa4 uzeboxCore.o
                0x000000000000825a                EepromBlockExists
 .text.EepromWriteBlock
                0x00000000000082fe       0x94 uzeboxCore.o
                0x00000000000082fe                EepromWriteBlock
 .text.EepromReadBlock
                0x0000000000008392       0x66 uzeboxCore.o
                0x0000000000008392                EepromReadBlock
 .text.GetPrngNumber
                0x00000000000083f8       0x5c uzeboxCore.o
                0x00000000000083f8                GetPrngNumber
 .text.PatchCommand00
                0x0000000000008454        0x6 uzeboxSoundEngine.o
                0x0000000000008454                PatchCommand00
 .text.PatchCommand01
                0x000000000000845a       0x10 uzeboxSoundEngine.o
                0x000000000000845a                PatchCommand01
 .text.PatchCommand05
                0x000000000000846a        0xa uzeboxSoundEngine.o
                0x000000000000846a                PatchCommand05
 .text.PatchCommand06
                0x0000000000008474        0xa uzeboxSoundEngine.o
                0x0000000000008474                PatchCommand06
 .text.PatchCommand07
                0x000000000000847e        0x6 uzeboxSoundEngine.o
                0x000000000000847e                PatchCommand07
 .text.PatchCommand09
                0x0000000000008484        0x6 uzeboxSoundEngine.o
                0x0000000000008484                PatchCommand09
 .text.PatchCommand10
                0x000000000000848a        0x6 uzeboxSoundEngine.o
                0x000000000000848a                PatchCommand10
 .text.PatchCommand11
                0x0000000000008490       0x76 uzeboxSoundEngine.o
                0x0000000000008490                PatchCommand11
 .text.PatchCommand12
                0x0000000000008506        0x6 uzeboxSoundEngine.o
                0x0000000000008506                PatchCommand12
 .text.PatchCommand13
                0x000000000000850c        0x6 uzeboxSoundEngine.o
                0x000000000000850c                PatchCommand13
 .text.PatchCommand02
                0x0000000000008512        0x8 uzeboxSoundEngine.o
                0x0000000000008512                PatchCommand02
 .text.PatchCommand03
                0x000000000000851a        0xe uzeboxSoundEngine.o
                0x000000000000851a                PatchCommand03
 .text.PatchCommand04
                0x0000000000008528       0x10 uzeboxSoundEngine.o
                0x0000000000008528                PatchCommand04
 .text.PatchCommand08
                0x0000000000008538       0x20 uzeboxSoundEngine.o
                0x0000000000008538                PatchCommand08
 .text.PatchCommand14
                0x0000000000008558       0x54 uzeboxSoundEngine.o
                0x0000000000008558                PatchCommand14
 .text.InitMusicPlayer
                0x00000000000085ac       0x44 uzeboxSoundEngine.o
                0x00000000000085ac                InitMusicPlayer
 .text.StartSong
                0x00000000000085f0       0x52 uzeboxSoundEngine.o
                0x00000000000085f0                StartSong
 .text.StopSong
                0x0000000000008642       0x1c uzeboxSoundEngine.o
                0x0000000000008642                StopSong
 .text.ReadVarLen
                0x000000000000865e       0x4c uzeboxSoundEngine.o
                0x000000000000865e                ReadVarLen
 .text.TriggerCommon
                0x00000000000086aa      0x11c uzeboxSoundEngine.o
                0x00000000000086aa                TriggerCommon
 .text.TriggerFx
                0x00000000000087c6       0x90 uzeboxSoundEngine.o
                0x00000000000087c6                TriggerFx
 .text.TriggerNote
                0x0000000000008856       0x80 uzeboxSoundEngine.o
                0x0000000000008856                TriggerNote
 .text.ProcessMusic
                0x00000000000088d6      0x43e uzeboxSoundEngine.o
                0x00000000000088d6                ProcessMusic
 .text.SetMasterVolume
                0x0000000000008d14        0x6 uzeboxSoundEngine.o
                0x0000000000008d14                SetMasterVolume
 .text.SetMixerNote
                0x0000000000008d1a       0x2e uzeboxSoundEngineCore.o
                0x0000000000008d1a                SetMixerNote
 .text.SetMixerWave
                0x0000000000008d48       0x3a uzeboxSoundEngineCore.o
                0x0000000000008d48                SetMixerWave
 *fill*         0x0000000000008d82       0x7e 
 .text.DisableSoundEngine
                0x0000000000008e00      0xc00 uzeboxSoundEngineCore.o
                0x0000000000008e00                DisableSoundEngine
                0x0000000000008e08                steptable
                0x0000000000009000                waves
 .text.RestoreBackground
                0x0000000000009a00       0x2c uzeboxVideoEngine.o
                0x0000000000009a00                RestoreBackground
 .text.ProcessSprites
                0x0000000000009a2c      0x224 uzeboxVideoEngine.o
                0x0000000000009a2c                ProcessSprites
 .text.Scroll   0x0000000000009c50       0x4a uzeboxVideoEngine.o
                0x0000000000009c50                Scroll
 .text.InitializeVideoMode
                0x0000000000009c9a       0x1e uzeboxVideoEngine.o
                0x0000000000009c9a                InitializeVideoMode
 .text.DrawMap  0x0000000000009cb8       0xd2 uzeboxVideoEngine.o
                0x0000000000009cb8                DrawMap2
                0x0000000000009cb8                DrawMap
 .text.WaitVsync
                0x0000000000009d8a       0x2e uzeboxVideoEngine.o
                0x0000000000009d8a                WaitVsync
 .text.DisplayLogo
                0x0000000000009db8       0x6e uzeboxVideoEngine.o
                0x0000000000009db8                DisplayLogo
 .text.doFade   0x0000000000009e26       0x1c uzeboxVideoEngine.o
                0x0000000000009e26                doFade
 .text.FadeIn   0x0000000000009e42       0x18 uzeboxVideoEngine.o
                0x0000000000009e42                FadeIn
 .text.FadeOut  0x0000000000009e5a       0x18 uzeboxVideoEngine.o
                0x0000000000009e5a                FadeOut
 .text.ProcessFading
                0x0000000000009e72       0x4a uzeboxVideoEngine.o
                0x0000000000009e72                ProcessFading
 .text.VideoModeVsync
                0x0000000000009ebc        0x8 uzeboxVideoEngine.o
                0x0000000000009ebc                VideoModeVsync
 .text.LBGetNextFrame
                0x0000000000009ec4       0x4c Iris.o
                0x0000000000009ec4                LBGetNextFrame
 .text.LBGetJoyPadState
                0x0000000000009f10       0x96 Iris.o
                0x0000000000009f10                LBGetJoyPadState
 .text.LBPrintChar
                0x0000000000009fa6       0x40 Iris.o
                0x0000000000009fa6                LBPrintChar
 .text.LBPrint  0x0000000000009fe6       0x38 Iris.o
                0x0000000000009fe6                LBPrint
 .text.LBPrintByte
                0x000000000000a01e       0x62 Iris.o
                0x000000000000a01e                LBPrintByte
 .text.LBPrintInt
                0x000000000000a080       0x72 Iris.o
                0x000000000000a080                LBPrintInt
 .text.LBCollides
                0x000000000000a0f2       0x54 Iris.o
                0x000000000000a0f2                LBCollides
 .text.LBRandom
                0x000000000000a146       0x2c Iris.o
                0x000000000000a146                LBRandom
 .text.LBWaitSeconds
                0x000000000000a172       0x1e Iris.o
                0x000000000000a172                LBWaitSeconds
 .text.LBMapSprite
                0x000000000000a190       0xa4 Iris.o
                0x000000000000a190                LBMapSprite
 .text.LBMoveSprite
                0x000000000000a234       0x7c Iris.o
                0x000000000000a234                LBMoveSprite
 .text.LBRotateSprites
                0x000000000000a2b0       0x68 Iris.o
                0x000000000000a2b0                LBRotateSprites
 .text.is_space
                0x000000000000a318        0x8 Iris.o
                0x000000000000a318                is_space
 .text.init_default_high_scores
                0x000000000000a320       0x2c Iris.o
                0x000000000000a320                init_default_high_scores
 .text.init_enemy_state
                0x000000000000a34c       0x24 Iris.o
                0x000000000000a34c                init_enemy_state
 .text.init_boss_state
                0x000000000000a370      0x182 Iris.o
                0x000000000000a370                init_boss_state
 .text.init_player_state
                0x000000000000a4f2      0x186 Iris.o
                0x000000000000a4f2                init_player_state
 .text.init_enemy_shot
                0x000000000000a678       0x8a Iris.o
                0x000000000000a678                init_enemy_shot
 .text.init_enemy_spider
                0x000000000000a702       0x82 Iris.o
                0x000000000000a702                init_enemy_spider
 .text.init_enemy_shark
                0x000000000000a784       0x70 Iris.o
                0x000000000000a784                init_enemy_shark
 .text.load_eeprom
                0x000000000000a7f4       0x24 Iris.o
                0x000000000000a7f4                load_eeprom
 .text.clear_overlay
                0x000000000000a818       0x30 Iris.o
                0x000000000000a818                clear_overlay
 .text.get_level_tile
                0x000000000000a848       0x50 Iris.o
                0x000000000000a848                get_level_tile
 .text.render_camera_view
                0x000000000000a898       0xd0 Iris.o
                0x000000000000a898                render_camera_view
 .text.spawn_enemy
                0x000000000000a968       0x84 Iris.o
                0x000000000000a968                spawn_enemy
 .text.append_tile_column
                0x000000000000a9ec      0x130 Iris.o
                0x000000000000a9ec                append_tile_column
 .text.move_camera_x
                0x000000000000ab1c       0x32 Iris.o
                0x000000000000ab1c                move_camera_x
 .text.map_ship
                0x000000000000ab4e       0x2a Iris.o
                0x000000000000ab4e                map_ship
 .text.map_level_info
                0x000000000000ab78       0x4a Iris.o
                0x000000000000ab78                map_level_info
 .text.on_solid_ground
                0x000000000000abc2       0xb6 Iris.o
                0x000000000000abc2                on_solid_ground
 .text.find_shot_slot
                0x000000000000ac78       0x20 Iris.o
                0x000000000000ac78                find_shot_slot
 .text.update_shot
                0x000000000000ac98      0x10c Iris.o
                0x000000000000ac98                update_shot
 .text.pixel_overlap
                0x000000000000ada4       0x1a Iris.o
                0x000000000000ada4                pixel_overlap
 .text.collision_detect_level
                0x000000000000adbe      0x3d8 Iris.o
                0x000000000000adbe                collision_detect_level
 .text.animate_shot
                0x000000000000b196      0x346 Iris.o
                0x000000000000b196                animate_shot
 .text.map_explosion
                0x000000000000b4dc       0x96 Iris.o
                0x000000000000b4dc                map_explosion
 .text.animate_sprite
                0x000000000000b572      0x132 Iris.o
                0x000000000000b572                animate_sprite
 .text.animate_player
                0x000000000000b6a4       0x36 Iris.o
                0x000000000000b6a4                animate_player
 .text.update_spider_enemy
                0x000000000000b6da       0x82 Iris.o
                0x000000000000b6da                update_spider_enemy
 .text.update_shark_enemy
                0x000000000000b75c       0x20 Iris.o
                0x000000000000b75c                update_shark_enemy
 .text.update_basic_shot
                0x000000000000b77c       0x16 Iris.o
                0x000000000000b77c                update_basic_shot
 .text.update_enemies
                0x000000000000b792       0x88 Iris.o
                0x000000000000b792                update_enemies
 .text.update_enemy_shots
                0x000000000000b81a       0xc4 Iris.o
                0x000000000000b81a                update_enemy_shots
 .text.animate_enemies
                0x000000000000b8de       0xea Iris.o
                0x000000000000b8de                animate_enemies
 .text.animate_enemy_shots
                0x000000000000b9c8      0x16a Iris.o
                0x000000000000b9c8                animate_enemy_shots
 .text.clear_sprites
                0x000000000000bb32       0x44 Iris.o
                0x000000000000bb32                clear_sprites
 .text.fade_through
                0x000000000000bb76       0x20 Iris.o
                0x000000000000bb76                fade_through
 .text.load_level
                0x000000000000bb96      0x21c Iris.o
                0x000000000000bb96                load_level
 .text.hide_sprites
                0x000000000000bdb2       0x38 Iris.o
                0x000000000000bdb2                hide_sprites
 .text.select_pressed
                0x000000000000bdea       0x14 Iris.o
                0x000000000000bdea                select_pressed
 .text.stream_text_middle
                0x000000000000bdfe       0x6e Iris.o
                0x000000000000bdfe                stream_text_middle
 .text.stream_text_anywhere
                0x000000000000be6c       0x4e Iris.o
                0x000000000000be6c                stream_text_anywhere
 .text.map_particles
                0x000000000000beba       0x1a Iris.o
                0x000000000000beba                map_particles
 .text.place_particles
                0x000000000000bed4       0x44 Iris.o
                0x000000000000bed4                place_particles
 .text.animate_particles
                0x000000000000bf18       0x64 Iris.o
                0x000000000000bf18                animate_particles
 .text.get_emarald_map
                0x000000000000bf7c       0x1e Iris.o
                0x000000000000bf7c                get_emarald_map
 .text.music_transition
                0x000000000000bf9a       0x20 Iris.o
                0x000000000000bf9a                music_transition
 .text.planet_transition
                0x000000000000bfba      0x11a Iris.o
                0x000000000000bfba                planet_transition
 .text.intro    0x000000000000c0d4       0xc2 Iris.o
                0x000000000000c0d4                intro
 .text.load_splash
                0x000000000000c196       0x6e Iris.o
                0x000000000000c196                load_splash
 .text.load_high_scores
                0x000000000000c204      0x21e Iris.o
                0x000000000000c204                load_high_scores
 .text.exit_game
                0x000000000000c422       0x20 Iris.o
                0x000000000000c422                exit_game
 .text.update_splash
                0x000000000000c442       0x8e Iris.o
                0x000000000000c442                update_splash
 .text.update_high_scores
                0x000000000000c4d0      0x13c Iris.o
                0x000000000000c4d0                update_high_scores
 .text.tally_score
                0x000000000000c60c      0x27e Iris.o
                0x000000000000c60c                tally_score
 .text.handle_player_death
                0x000000000000c88a       0x80 Iris.o
                0x000000000000c88a                handle_player_death
 .text.update_player
                0x000000000000c90a      0x392 Iris.o
                0x000000000000c90a                update_player
 .text.update_level
                0x000000000000cc9c      0x24a Iris.o
                0x000000000000cc9c                update_level
 .text.update_pause
                0x000000000000cee6       0xf0 Iris.o
                0x000000000000cee6                update_pause
 .text.challenge
                0x000000000000cfd6       0x9a Iris.o
                0x000000000000cfd6                challenge
 .text.update_player_ai
                0x000000000000d070       0xd6 Iris.o
                0x000000000000d070                update_player_ai
 .text.prepare_debugging
                0x000000000000d146      0x162 Iris.o
                0x000000000000d146                prepare_debugging
 .text.startup.main
                0x000000000000d2a8      0x112 Iris.o
                0x000000000000d2a8                main
 .text.libgcc.div
                0x000000000000d3ba       0x18 /usr/local/lib/gcc/avr/4.9.2/avr5/libgcc.a(_udivmodqi4.o)
                0x000000000000d3ba                __udivmodqi4
 .text.libgcc.div
                0x000000000000d3d2       0x1c /usr/local/lib/gcc/avr/4.9.2/avr5/libgcc.a(_divmodqi4.o)
                0x000000000000d3d2                __divmodqi4
 .text.libgcc.div
                0x000000000000d3ee       0x28 /usr/local/lib/gcc/avr/4.9.2/avr5/libgcc.a(_udivmodhi4.o)
                0x000000000000d3ee                __udivmodhi4
 .text.libgcc.div
                0x000000000000d416       0x28 /usr/local/lib/gcc/avr/4.9.2/avr5/libgcc.a(_divmodhi4.o)
                0x000000000000d416                __divmodhi4
                0x000000000000d416                _div
 .text.libgcc   0x000000000000d43e        0xc /usr/local/lib/gcc/avr/4.9.2/avr5/libgcc.a(_tablejump2.o)
                0x000000000000d43e                __tablejump2__
 .text.avr-libc.fplib
                0x000000000000d44a        0xa /usr/local/lib/gcc/avr/4.9.2/../../../../avr/lib/avr5/libm.a(addsf3.o)
                0x000000000000d44a                __subsf3
                0x000000000000d44c                __addsf3
 .text.avr-libc.fplib
                0x000000000000d454       0xc0 /usr/local/lib/gcc/avr/4.9.2/../../../../avr/lib/avr5/libm.a(addsf3x.o)
                0x000000000000d46e                __addsf3x
 .text.avr-libc.fplib
                0x000000000000d514        0xa /usr/local/lib/gcc/avr/4.9.2/../../../../avr/lib/avr5/libm.a(fixsfsi.o)
                0x000000000000d514                __fixsfsi
 .text.avr-libc.fplib
                0x000000000000d51e       0x58 /usr/local/lib/gcc/avr/4.9.2/../../../../avr/lib/avr5/libm.a(fixunssfsi.o)
                0x000000000000d51e                __fixunssfsi
 .text.avr-libc.fplib
                0x000000000000d576       0x7a /usr/local/lib/gcc/avr/4.9.2/../../../../avr/lib/avr5/libm.a(floatsisf.o)
                0x000000000000d576                __floatunsisf
                0x000000000000d57a                __floatsisf
 .text.avr-libc.fplib
                0x000000000000d5f0        0xc /usr/local/lib/gcc/avr/4.9.2/../../../../avr/lib/avr5/libm.a(fp_inf.o)
                0x000000000000d5f0                __fp_inf
 .text.avr-libc.fplib
                0x000000000000d5fc        0x6 /usr/local/lib/gcc/avr/4.9.2/../../../../avr/lib/avr5/libm.a(fp_nan.o)
                0x000000000000d5fc                __fp_nan
 .text.avr-libc.fplib
                0x000000000000d602        0xe /usr/local/lib/gcc/avr/4.9.2/../../../../avr/lib/avr5/libm.a(fp_pscA.o)
                0x000000000000d602                __fp_pscA
 .text.avr-libc.fplib
                0x000000000000d610        0xe /usr/local/lib/gcc/avr/4.9.2/../../../../avr/lib/avr5/libm.a(fp_pscB.o)
                0x000000000000d610                __fp_pscB
 .text.avr-libc.fplib
                0x000000000000d61e       0x22 /usr/local/lib/gcc/avr/4.9.2/../../../../avr/lib/avr5/libm.a(fp_round.o)
                0x000000000000d61e                __fp_round
 .text.avr-libc.fplib
                0x000000000000d640       0x44 /usr/local/lib/gcc/avr/4.9.2/../../../../avr/lib/avr5/libm.a(fp_split3.o)
                0x000000000000d640                __fp_split3
                0x000000000000d650                __fp_splitA
 .text.avr-libc.fplib
                0x000000000000d684        0xe /usr/local/lib/gcc/avr/4.9.2/../../../../avr/lib/avr5/libm.a(fp_zero.o)
                0x000000000000d684                __fp_zero
                0x000000000000d686                __fp_szero
 .text.avr-libc.fplib
                0x000000000000d692        0x4 /usr/local/lib/gcc/avr/4.9.2/../../../../avr/lib/avr5/libm.a(mulsf3.o)
                0x000000000000d692                __mulsf3
 .text.avr-libc.fplib
                0x000000000000d696       0xc2 /usr/local/lib/gcc/avr/4.9.2/../../../../avr/lib/avr5/libm.a(mulsf3x.o)
                0x000000000000d6aa                __mulsf3x
                0x000000000000d6ae                __mulsf3_pse
 .text.avr-libc
                0x000000000000d758       0x16 /usr/local/lib/gcc/avr/4.9.2/../../../../avr/lib/avr5/libc.a(strnlen_P.o)
                0x000000000000d758                strnlen_P
                0x000000000000d76e                . = ALIGN (0x2)
 *(.fini9)
 .fini9         0x000000000000d76e        0x0 /usr/local/lib/gcc/avr/4.9.2/avr5/libgcc.a(_exit.o)
                0x000000000000d76e                exit
                0x000000000000d76e                _exit
 *(.fini9)
 *(.fini8)
 *(.fini8)
 *(.fini7)
 *(.fini7)
 *(.fini6)
 *(.fini6)
 *(.fini5)
 *(.fini5)
 *(.fini4)
 *(.fini4)
 *(.fini3)
 *(.fini3)
 *(.fini2)
 *(.fini2)
 *(.fini1)
 *(.fini1)
 *(.fini0)
 .fini0         0x000000000000d76e        0x4 /usr/local/lib/gcc/avr/4.9.2/avr5/libgcc.a(_exit.o)
 *(.fini0)
                0x000000000000d772                _etext = .

.data           0x0000000000800500       0x10 load address 0x000000000000d772
                0x0000000000800500                PROVIDE (__data_start, .)
 *(.data)
 .data          0x0000000000800500        0x1 uzeboxVideoEngine.o
                0x0000000000800500                spritesOn
 .data          0x0000000000800501        0x1 Iris.o
 *(.data*)
 *(.rodata)
 .rodata        0x0000000000800502        0xe Iris.o
 *(.rodata*)
 *(.gnu.linkonce.d*)
                0x0000000000800510                . = ALIGN (0x2)
                0x0000000000800510                _edata = .
                0x0000000000800510                PROVIDE (__data_end, .)

.bss            0x0000000000800510      0xb13
                0x0000000000800510                PROVIDE (__bss_start, .)
 *(.bss)
 .bss           0x0000000000800510      0x7bc uzeboxVideoEngineCore.o
                0x0000000000800510                sprites
                0x0000000000800550                ram_tiles
                0x0000000000800c50                ram_tiles_restore
                0x0000000000800ca4                sprites_tile_banks
                0x0000000000800caf                Screen
                0x0000000000800cb6                sync_phase
                0x0000000000800cb7                sync_pulse
                0x0000000000800cb8                sync_flags
                0x0000000000800cbd                first_render_line
                0x0000000000800cbe                render_lines_count
                0x0000000000800cbf                joypad1_status_lo
                0x0000000000800cc1                joypad1_status_hi
                0x0000000000800cc3                joypad2_status_lo
                0x0000000000800cc5                joypad2_status_hi
 .bss           0x0000000000800ccc        0x2 uzeboxCore.o
 .bss           0x0000000000800cce        0x1 uzeboxSoundEngine.o
                0x0000000000800cce                playSong
 .bss           0x0000000000800ccf       0x23 uzeboxSoundEngineCore.o
                0x0000000000800ccf                sound_enabled
                0x0000000000800cd0                mixer
                0x0000000000800ce3                tr4_params
                0x0000000000800ce4                tr4_barrel_lo
                0x0000000000800ce5                tr4_barrel_hi
 .bss           0x0000000000800cf2        0x2 uzeboxVideoEngine.o
                0x0000000000800cf2                userRamTilesCount_tmp
                0x0000000000800cf3                userRamTilesCount
 .bss           0x0000000000800cf4        0x5 Iris.o
 *(.bss*)
 *(COMMON)
 COMMON         0x0000000000800cf9        0x1 uzeboxCore.o
                0x0000000000800cf9                joypadsConnectionStatus
 COMMON         0x0000000000800cfa       0x83 uzeboxSoundEngine.o
                0x0000000000800cfa                songStart
                0x0000000000800cfc                tracks
                0x0000000000800d6f                currDeltaTime
                0x0000000000800d71                patchPointers
                0x0000000000800d73                lastStatus
                0x0000000000800d74                masterVolume
                0x0000000000800d75                nextDeltaTime
                0x0000000000800d77                songSpeed
                0x0000000000800d78                songPos
                0x0000000000800d7a                loopStart
                0x0000000000800d7c                step
 COMMON         0x0000000000800d7d        0x6 uzeboxVideoEngine.o
                0x0000000000800d7d                fadeSpeed
                0x0000000000800d7e                fadeDir
                0x0000000000800d7f                free_tile_index
                0x0000000000800d80                fadeActive
                0x0000000000800d81                currFadeFrame
                0x0000000000800d82                fadeStep
 COMMON         0x0000000000800d83      0x2a0 Iris.o
                0x0000000000800d83                font_tiles_map
                0x0000000000800d85                boss_run_anim
                0x0000000000800d8d                jump_anim
                0x0000000000800d8f                scores
                0x0000000000800daf                game
                0x0000000000800fb1                prone_anim
                0x0000000000800fb3                spider_anim
                0x0000000000800fb7                shark_anim
                0x0000000000800fb9                extendedSprites
                0x0000000000801009                run_anim
                0x0000000000801011                boss_jump_anim
                0x0000000000801013                enemy_shot_anim
                0x0000000000801015                boss_shot_anim
                0x0000000000801017                shot_anim
                0x0000000000801019                expl_anim
                0x000000000080101f                boss_idle_anim
                0x0000000000801021                idle_anim
                0x0000000000801023                PROVIDE (__bss_end, .)
                0x000000000000d772                __data_load_start = LOADADDR (.data)
                0x000000000000d782                __data_load_end = (__data_load_start + SIZEOF (.data))

.noinit         0x0000000000800100      0x400
                0x0000000000800100                PROVIDE (__noinit_start, .)
 *(.noinit*)
 .noinit        0x0000000000800100      0x400 uzeboxVideoEngineCore.o
                0x0000000000800100                vram
                0x0000000000800500                overlay_vram
                0x0000000000800500                PROVIDE (__noinit_end, .)
                0x0000000000800500                _end = .
                0x0000000000800500                PROVIDE (__heap_start, .)

.eeprom         0x0000000000810000        0x0
 *(.eeprom*)
                0x0000000000810000                __eeprom_end = .

.fuse
 *(.fuse)
 *(.lfuse)
 *(.hfuse)
 *(.efuse)

.lock
 *(.lock*)

.signature
 *(.signature*)

.stab           0x0000000000000000      0x708
 *(.stab)
 .stab          0x0000000000000000       0xf0 /usr/local/lib/gcc/avr/4.9.2/avr5/libgcc.a(_udivmodqi4.o)
 .stab          0x00000000000000f0       0xf0 /usr/local/lib/gcc/avr/4.9.2/avr5/libgcc.a(_divmodqi4.o)
                                         0xfc (size before relaxing)
 .stab          0x00000000000001e0      0x15c /usr/local/lib/gcc/avr/4.9.2/avr5/libgcc.a(_udivmodhi4.o)
                                        0x168 (size before relaxing)
 .stab          0x000000000000033c      0x138 /usr/local/lib/gcc/avr/4.9.2/avr5/libgcc.a(_divmodhi4.o)
                                        0x144 (size before relaxing)
 .stab          0x0000000000000474       0x6c /usr/local/lib/gcc/avr/4.9.2/avr5/libgcc.a(_exit.o)
                                         0x78 (size before relaxing)
 .stab          0x00000000000004e0       0x9c /usr/local/lib/gcc/avr/4.9.2/avr5/libgcc.a(_tablejump2.o)
                                         0xa8 (size before relaxing)
 .stab          0x000000000000057c       0xd8 /usr/local/lib/gcc/avr/4.9.2/avr5/libgcc.a(_copy_data.o)
                                         0xe4 (size before relaxing)
 .stab          0x0000000000000654       0xb4 /usr/local/lib/gcc/avr/4.9.2/avr5/libgcc.a(_clear_bss.o)
                                         0xc0 (size before relaxing)

.stabstr        0x0000000000000000      0x2f1
 *(.stabstr)
 .stabstr       0x0000000000000000      0x2f1 /usr/local/lib/gcc/avr/4.9.2/avr5/libgcc.a(_udivmodqi4.o)

.stab.excl
 *(.stab.excl)

.stab.exclstr
 *(.stab.exclstr)

.stab.index
 *(.stab.index)

.stab.indexstr
 *(.stab.indexstr)

.comment        0x0000000000000000       0x11
 *(.comment)
 .comment       0x0000000000000000       0x11 uzeboxCore.o
                                         0x12 (size before relaxing)
 .comment       0x0000000000000011       0x12 uzeboxSoundEngine.o
 .comment       0x0000000000000011       0x12 uzeboxVideoEngine.o
 .comment       0x0000000000000011       0x12 Iris.o

.note.gnu.build-id
 *(.note.gnu.build-id)

.debug
 *(.debug)

.line
 *(.line)

.debug_srcinfo
 *(.debug_srcinfo)

.debug_sfnames
 *(.debug_sfnames)

.debug_aranges  0x0000000000000000      0x6b8
 *(.debug_aranges)
 .debug_aranges
                0x0000000000000000       0xf8 uzeboxVideoEngineCore.o
 .debug_aranges
                0x00000000000000f8       0x90 uzeboxCore.o
 .debug_aranges
                0x0000000000000188       0xf8 uzeboxSoundEngine.o
 .debug_aranges
                0x0000000000000280       0x50 uzeboxSoundEngineCore.o
 .debug_aranges
                0x00000000000002d0      0x110 uzeboxVideoEngine.o
 .debug_aranges
                0x00000000000003e0      0x2d8 Iris.o

.debug_pubnames
 *(.debug_pubnames)

.debug_info     0x0000000000000000     0x96e4
 *(.debug_info .gnu.linkonce.wi.*)
 .debug_info    0x0000000000000000      0x672 /usr/local/lib/gcc/avr/4.9.2/../../../../avr/lib/avr5/crtm644.o
 .debug_info    0x0000000000000672       0x7b uzeboxVideoEngineCore.o
 .debug_info    0x00000000000006ed      0xab8 uzeboxCore.o
 .debug_info    0x00000000000011a5     0x12ce uzeboxSoundEngine.o
 .debug_info    0x0000000000002473       0x72 uzeboxSoundEngineCore.o
 .debug_info    0x00000000000024e5     0x15b9 uzeboxVideoEngine.o
 .debug_info    0x0000000000003a9e     0x5c46 Iris.o

.debug_abbrev   0x0000000000000000     0x1654
 *(.debug_abbrev)
 .debug_abbrev  0x0000000000000000      0x619 /usr/local/lib/gcc/avr/4.9.2/../../../../avr/lib/avr5/crtm644.o
 .debug_abbrev  0x0000000000000619       0x12 uzeboxVideoEngineCore.o
 .debug_abbrev  0x000000000000062b      0x32b uzeboxCore.o
 .debug_abbrev  0x0000000000000956      0x35c uzeboxSoundEngine.o
 .debug_abbrev  0x0000000000000cb2       0x12 uzeboxSoundEngineCore.o
 .debug_abbrev  0x0000000000000cc4      0x3da uzeboxVideoEngine.o
 .debug_abbrev  0x000000000000109e      0x5b6 Iris.o

.debug_line     0x0000000000000000     0x2385
 *(.debug_line .debug_line.* .debug_line_end)
 .debug_line    0x0000000000000000       0x1d /usr/local/lib/gcc/avr/4.9.2/../../../../avr/lib/avr5/crtm644.o
 .debug_line    0x000000000000001d      0x5bd uzeboxVideoEngineCore.o
 .debug_line    0x00000000000005da      0x2b9 uzeboxCore.o
 .debug_line    0x0000000000000893      0x3d5 uzeboxSoundEngine.o
 .debug_line    0x0000000000000c68      0x1a9 uzeboxSoundEngineCore.o
 .debug_line    0x0000000000000e11      0x4e2 uzeboxVideoEngine.o
 .debug_line    0x00000000000012f3     0x1092 Iris.o

.debug_frame    0x0000000000000000     0x1594
 *(.debug_frame)
 .debug_frame   0x0000000000000000      0x1cc uzeboxCore.o
 .debug_frame   0x00000000000001cc      0x274 uzeboxSoundEngine.o
 .debug_frame   0x0000000000000440      0x4d4 uzeboxVideoEngine.o
 .debug_frame   0x0000000000000914      0xc80 Iris.o

.debug_str      0x0000000000000000     0x1d54
 *(.debug_str)
 .debug_str     0x0000000000000000      0x231 /usr/local/lib/gcc/avr/4.9.2/../../../../avr/lib/avr5/crtm644.o
 .debug_str     0x0000000000000231      0x4bd uzeboxCore.o
                                        0x514 (size before relaxing)
 .debug_str     0x00000000000006ee      0x3f7 uzeboxSoundEngine.o
                                        0x636 (size before relaxing)
 .debug_str     0x0000000000000ae5      0x359 uzeboxVideoEngine.o
                                        0x56c (size before relaxing)
 .debug_str     0x0000000000000e3e      0xf16 Iris.o
                                       0x1335 (size before relaxing)

.debug_loc      0x0000000000000000     0x7d38
 *(.debug_loc)
 .debug_loc     0x0000000000000000      0x9f9 uzeboxCore.o
 .debug_loc     0x00000000000009f9     0x1148 uzeboxSoundEngine.o
 .debug_loc     0x0000000000001b41     0x1bf5 uzeboxVideoEngine.o
 .debug_loc     0x0000000000003736     0x4602 Iris.o

.debug_macinfo
 *(.debug_macinfo)

.debug_weaknames
 *(.debug_weaknames)

.debug_funcnames
 *(.debug_funcnames)

.debug_typenames
 *(.debug_typenames)

.debug_varnames
 *(.debug_varnames)

.debug_pubtypes
 *(.debug_pubtypes)

.debug_ranges   0x0000000000000000      0x868
 *(.debug_ranges)
 .debug_ranges  0x0000000000000000       0xf0 uzeboxVideoEngineCore.o
 .debug_ranges  0x00000000000000f0       0x98 uzeboxCore.o
 .debug_ranges  0x0000000000000188      0x130 uzeboxSoundEngine.o
 .debug_ranges  0x00000000000002b8       0x48 uzeboxSoundEngineCore.o
 .debug_ranges  0x0000000000000300      0x148 uzeboxVideoEngine.o
 .debug_ranges  0x0000000000000448      0x420 Iris.o

.debug_macro
 *(.debug_macro)
OUTPUT(Iris.elf elf32-avr)
LOAD linker stubs
