Archive member included to satisfy reference by file (symbol)

/usr/local/lib/gcc/avr/4.9.2/avr5/libgcc.a(_udivmodqi4.o)
                              uzeboxVideoEngine.o (__udivmodqi4)
/usr/local/lib/gcc/avr/4.9.2/avr5/libgcc.a(_divmodqi4.o)
                              Iris.o (__divmodqi4)
/usr/local/lib/gcc/avr/4.9.2/avr5/libgcc.a(_udivmodhi4.o)
                              uzeboxVideoEngine.o (__udivmodhi4)
/usr/local/lib/gcc/avr/4.9.2/avr5/libgcc.a(_divmodhi4.o)
                              uzeboxSoundEngine.o (__divmodhi4)
/usr/local/lib/gcc/avr/4.9.2/avr5/libgcc.a(_udivmodsi4.o)
                              uzeboxVideoEngine.o (__udivmodsi4)
/usr/local/lib/gcc/avr/4.9.2/avr5/libgcc.a(_exit.o)
                              /usr/local/lib/gcc/avr/4.9.2/../../../../avr/lib/avr5/crtm644.o (exit)
/usr/local/lib/gcc/avr/4.9.2/avr5/libgcc.a(_tablejump2.o)
                              Iris.o (__tablejump2__)
/usr/local/lib/gcc/avr/4.9.2/avr5/libgcc.a(_copy_data.o)
                              uzeboxVideoEngine.o (__do_copy_data)
/usr/local/lib/gcc/avr/4.9.2/avr5/libgcc.a(_clear_bss.o)
                              uzeboxCore.o (__do_clear_bss)
/usr/local/lib/gcc/avr/4.9.2/../../../../avr/lib/avr5/libm.a(addsf3.o)
                              Iris.o (__subsf3)
/usr/local/lib/gcc/avr/4.9.2/../../../../avr/lib/avr5/libm.a(addsf3x.o)
                              /usr/local/lib/gcc/avr/4.9.2/../../../../avr/lib/avr5/libm.a(addsf3.o) (__addsf3x)
/usr/local/lib/gcc/avr/4.9.2/../../../../avr/lib/avr5/libm.a(cmpsf2.o)
                              Iris.o (__eqsf2)
/usr/local/lib/gcc/avr/4.9.2/../../../../avr/lib/avr5/libm.a(fixunssfsi.o)
                              Iris.o (__fixunssfsi)
/usr/local/lib/gcc/avr/4.9.2/../../../../avr/lib/avr5/libm.a(floatsisf.o)
                              Iris.o (__floatunsisf)
/usr/local/lib/gcc/avr/4.9.2/../../../../avr/lib/avr5/libm.a(fp_cmp.o)
                              /usr/local/lib/gcc/avr/4.9.2/../../../../avr/lib/avr5/libm.a(cmpsf2.o) (__fp_cmp)
/usr/local/lib/gcc/avr/4.9.2/../../../../avr/lib/avr5/libm.a(fp_inf.o)
                              /usr/local/lib/gcc/avr/4.9.2/../../../../avr/lib/avr5/libm.a(addsf3x.o) (__fp_inf)
/usr/local/lib/gcc/avr/4.9.2/../../../../avr/lib/avr5/libm.a(fp_nan.o)
                              /usr/local/lib/gcc/avr/4.9.2/../../../../avr/lib/avr5/libm.a(addsf3x.o) (__fp_nan)
/usr/local/lib/gcc/avr/4.9.2/../../../../avr/lib/avr5/libm.a(fp_pscA.o)
                              /usr/local/lib/gcc/avr/4.9.2/../../../../avr/lib/avr5/libm.a(addsf3x.o) (__fp_pscA)
/usr/local/lib/gcc/avr/4.9.2/../../../../avr/lib/avr5/libm.a(fp_pscB.o)
                              /usr/local/lib/gcc/avr/4.9.2/../../../../avr/lib/avr5/libm.a(addsf3x.o) (__fp_pscB)
/usr/local/lib/gcc/avr/4.9.2/../../../../avr/lib/avr5/libm.a(fp_round.o)
                              /usr/local/lib/gcc/avr/4.9.2/../../../../avr/lib/avr5/libm.a(addsf3.o) (__fp_round)
/usr/local/lib/gcc/avr/4.9.2/../../../../avr/lib/avr5/libm.a(fp_split3.o)
                              /usr/local/lib/gcc/avr/4.9.2/../../../../avr/lib/avr5/libm.a(addsf3x.o) (__fp_split3)
/usr/local/lib/gcc/avr/4.9.2/../../../../avr/lib/avr5/libm.a(fp_zero.o)
                              /usr/local/lib/gcc/avr/4.9.2/../../../../avr/lib/avr5/libm.a(addsf3x.o) (__fp_zero)
/usr/local/lib/gcc/avr/4.9.2/../../../../avr/lib/avr5/libm.a(gesf2.o)
                              Iris.o (__gesf2)
/usr/local/lib/gcc/avr/4.9.2/../../../../avr/lib/avr5/libm.a(mulsf3.o)
                              Iris.o (__mulsf3)
/usr/local/lib/gcc/avr/4.9.2/../../../../avr/lib/avr5/libm.a(mulsf3x.o)
                              /usr/local/lib/gcc/avr/4.9.2/../../../../avr/lib/avr5/libm.a(mulsf3.o) (__mulsf3x)
/usr/local/lib/gcc/avr/4.9.2/../../../../avr/lib/avr5/libc.a(strnlen_P.o)
                              Iris.o (strnlen_P)

Allocating common symbols
Common symbol       size              file

songStart           0x2               uzeboxSoundEngine.o
font_tiles_map      0x2               Iris.o
tracks              0x73              uzeboxSoundEngine.o
jump_anim           0x2               Iris.o
scores              0x20              Iris.o
fadeSpeed           0x1               uzeboxVideoEngine.o
currDeltaTime       0x2               uzeboxSoundEngine.o
fadeDir             0x1               uzeboxVideoEngine.o
patchPointers       0x2               uzeboxSoundEngine.o
game                0x202             Iris.o
lastStatus          0x1               uzeboxSoundEngine.o
joypadsConnectionStatus
                    0x1               uzeboxCore.o
free_tile_index     0x1               uzeboxVideoEngine.o
fadeActive          0x1               uzeboxVideoEngine.o
masterVolume        0x1               uzeboxSoundEngine.o
prone_anim          0x2               Iris.o
nextDeltaTime       0x2               uzeboxSoundEngine.o
spider_anim         0x4               Iris.o
songSpeed           0x1               uzeboxSoundEngine.o
songPos             0x2               uzeboxSoundEngine.o
shark_anim          0x2               Iris.o
extendedSprites     0x50              Iris.o
run_anim            0x8               Iris.o
enemy_shot_anim     0x2               Iris.o
loopStart           0x2               uzeboxSoundEngine.o
shot_anim           0x2               Iris.o
step                0x1               uzeboxSoundEngine.o
expl_anim           0x6               Iris.o
currFadeFrame       0x1               uzeboxVideoEngine.o
fadeStep            0x1               uzeboxVideoEngine.o
idle_anim           0x2               Iris.o

Discarded input sections

 .data          0x0000000000000000        0x0 /usr/local/lib/gcc/avr/4.9.2/../../../../avr/lib/avr5/crtm644.o
 .bss           0x0000000000000000        0x0 /usr/local/lib/gcc/avr/4.9.2/../../../../avr/lib/avr5/crtm644.o
 .data          0x0000000000000000        0x0 uzeboxVideoEngineCore.o
 .text.SetSpritesTileBank
                0x0000000000000000       0x12 uzeboxVideoEngineCore.o
 .text.SetFont  0x0000000000000000        0x8 uzeboxVideoEngineCore.o
 .text.SetFontTilesIndex
                0x0000000000000000        0x6 uzeboxVideoEngineCore.o
 .text.GetTile  0x0000000000000000       0x24 uzeboxVideoEngineCore.o
 .text.GetVsyncCounter
                0x0000000000000000        0xa uzeboxVideoEngineCore.o
 .text.ClearVsyncCounter
                0x0000000000000000        0xa uzeboxVideoEngineCore.o
 .text.SetUserPreVsyncCallback
                0x0000000000000000        0xa uzeboxVideoEngineCore.o
 .text.SetUserPostVsyncCallback
                0x0000000000000000        0xa uzeboxVideoEngineCore.o
 .text.IsRunningInEmulator
                0x0000000000000000       0x12 uzeboxVideoEngineCore.o
 .text.WaitClocks
                0x0000000000000000        0x6 uzeboxVideoEngineCore.o
 .text.SetLedOn
                0x0000000000000000        0x4 uzeboxVideoEngineCore.o
 .text.SetLedOff
                0x0000000000000000        0x4 uzeboxVideoEngineCore.o
 .text.ToggleLed
                0x0000000000000000        0x4 uzeboxVideoEngineCore.o
 .text.internal_spi_byte
                0x0000000000000000        0xe uzeboxVideoEngineCore.o
 .text          0x0000000000000000        0x0 uzeboxCore.o
 .data          0x0000000000000000        0x0 uzeboxCore.o
 .text.SetRenderingParameters
                0x0000000000000000        0xa uzeboxCore.o
 .text.DetectControllers
                0x0000000000000000       0x36 uzeboxCore.o
 .text.FormatEeprom2
                0x0000000000000000       0x98 uzeboxCore.o
 .text.IsPowerSwitchPressed
                0x0000000000000000        0xe uzeboxCore.o
 .text          0x0000000000000000        0x0 uzeboxSoundEngine.o
 .data          0x0000000000000000        0x0 uzeboxSoundEngine.o
 .text.ResumeSong
                0x0000000000000000        0x8 uzeboxSoundEngine.o
 .text.SetSongSpeed
                0x0000000000000000        0x6 uzeboxSoundEngine.o
 .text.GetSongSpeed
                0x0000000000000000        0x6 uzeboxSoundEngine.o
 .text.GetMasterVolume
                0x0000000000000000        0x6 uzeboxSoundEngine.o
 .data          0x0000000000000000        0x0 uzeboxSoundEngineCore.o
 .text.SetMixerNoiseParams
                0x0000000000000000       0x10 uzeboxSoundEngineCore.o
 .text.SetMixerVolume
                0x0000000000000000       0x16 uzeboxSoundEngineCore.o
 .text.EnableSoundEngine
                0x0000000000000000        0x8 uzeboxSoundEngineCore.o
 .text          0x0000000000000000        0x0 uzeboxVideoEngine.o
 .text.SetUserRamTilesCount
                0x0000000000000000        0x6 uzeboxVideoEngine.o
 .text.GetUserRamTile
                0x0000000000000000        0xe uzeboxVideoEngine.o
 .text.SetSpriteVisibility
                0x0000000000000000        0x6 uzeboxVideoEngine.o
 .text.SetScrolling
                0x0000000000000000       0x28 uzeboxVideoEngine.o
 .text.MapSprite
                0x0000000000000000       0x80 uzeboxVideoEngine.o
 .text.MapSprite2
                0x0000000000000000       0xa4 uzeboxVideoEngine.o
 .text.MoveSprite
                0x0000000000000000       0x7c uzeboxVideoEngine.o
 .text.PrintLong
                0x0000000000000000       0x8a uzeboxVideoEngine.o
 .text.PrintByte
                0x0000000000000000       0x66 uzeboxVideoEngine.o
 .text.PrintInt
                0x0000000000000000       0x70 uzeboxVideoEngine.o
 .text.PrintBinaryByte
                0x0000000000000000       0x36 uzeboxVideoEngine.o
 .text.PrintHexByte
                0x0000000000000000       0x40 uzeboxVideoEngine.o
 .text.PrintHexInt
                0x0000000000000000       0x24 uzeboxVideoEngine.o
 .text.PrintHexLong
                0x0000000000000000       0x5e uzeboxVideoEngine.o
 .text.Print    0x0000000000000000       0x36 uzeboxVideoEngine.o
 .text.PrintRam
                0x0000000000000000       0x36 uzeboxVideoEngine.o
 .text.PrintChar
                0x0000000000000000        0x6 uzeboxVideoEngine.o
 .text.Fill     0x0000000000000000       0x6e uzeboxVideoEngine.o
 .text.FontFill
                0x0000000000000000       0x6c uzeboxVideoEngine.o
 .text          0x0000000000000000        0x0 Iris.o
 .text.LBGetNextFrameReverse
                0x0000000000000000       0x60 Iris.o
 .text.LBCopyChars
                0x0000000000000000       0x18 Iris.o
 .text.LBSetFontTilesMap
                0x0000000000000000        0xa Iris.o
 .text.LBPrintStr
                0x0000000000000000       0x62 Iris.o
 .text.save_eeprom
                0x0000000000000000        0x4 Iris.o
 .text.render_level_tile
                0x0000000000000000        0xe Iris.o
 .text.get_camera_x
                0x0000000000000000        0x4 Iris.o
 .text.get_camera_y
                0x0000000000000000        0x4 Iris.o
 .text.get_hero_spawn_x
                0x0000000000000000        0x4 Iris.o
 .text.get_hero_spawn_y
                0x0000000000000000        0x4 Iris.o
 .text.level_hazard
                0x0000000000000000       0x14 Iris.o
 .text          0x0000000000000000        0x0 /usr/local/lib/gcc/avr/4.9.2/avr5/libgcc.a(_udivmodqi4.o)
 .data          0x0000000000000000        0x0 /usr/local/lib/gcc/avr/4.9.2/avr5/libgcc.a(_udivmodqi4.o)
 .bss           0x0000000000000000        0x0 /usr/local/lib/gcc/avr/4.9.2/avr5/libgcc.a(_udivmodqi4.o)
 .text.libgcc.mul
                0x0000000000000000        0x0 /usr/local/lib/gcc/avr/4.9.2/avr5/libgcc.a(_udivmodqi4.o)
 .text.libgcc   0x0000000000000000        0x0 /usr/local/lib/gcc/avr/4.9.2/avr5/libgcc.a(_udivmodqi4.o)
 .text.libgcc.prologue
                0x0000000000000000        0x0 /usr/local/lib/gcc/avr/4.9.2/avr5/libgcc.a(_udivmodqi4.o)
 .text.libgcc.builtins
                0x0000000000000000        0x0 /usr/local/lib/gcc/avr/4.9.2/avr5/libgcc.a(_udivmodqi4.o)
 .text.libgcc.fmul
                0x0000000000000000        0x0 /usr/local/lib/gcc/avr/4.9.2/avr5/libgcc.a(_udivmodqi4.o)
 .text.libgcc.fixed
                0x0000000000000000        0x0 /usr/local/lib/gcc/avr/4.9.2/avr5/libgcc.a(_udivmodqi4.o)
 .text          0x0000000000000000        0x0 /usr/local/lib/gcc/avr/4.9.2/avr5/libgcc.a(_divmodqi4.o)
 .data          0x0000000000000000        0x0 /usr/local/lib/gcc/avr/4.9.2/avr5/libgcc.a(_divmodqi4.o)
 .bss           0x0000000000000000        0x0 /usr/local/lib/gcc/avr/4.9.2/avr5/libgcc.a(_divmodqi4.o)
 .text.libgcc.mul
                0x0000000000000000        0x0 /usr/local/lib/gcc/avr/4.9.2/avr5/libgcc.a(_divmodqi4.o)
 .text.libgcc   0x0000000000000000        0x0 /usr/local/lib/gcc/avr/4.9.2/avr5/libgcc.a(_divmodqi4.o)
 .text.libgcc.prologue
                0x0000000000000000        0x0 /usr/local/lib/gcc/avr/4.9.2/avr5/libgcc.a(_divmodqi4.o)
 .text.libgcc.builtins
                0x0000000000000000        0x0 /usr/local/lib/gcc/avr/4.9.2/avr5/libgcc.a(_divmodqi4.o)
 .text.libgcc.fmul
                0x0000000000000000        0x0 /usr/local/lib/gcc/avr/4.9.2/avr5/libgcc.a(_divmodqi4.o)
 .text.libgcc.fixed
                0x0000000000000000        0x0 /usr/local/lib/gcc/avr/4.9.2/avr5/libgcc.a(_divmodqi4.o)
 .text          0x0000000000000000        0x0 /usr/local/lib/gcc/avr/4.9.2/avr5/libgcc.a(_udivmodhi4.o)
 .data          0x0000000000000000        0x0 /usr/local/lib/gcc/avr/4.9.2/avr5/libgcc.a(_udivmodhi4.o)
 .bss           0x0000000000000000        0x0 /usr/local/lib/gcc/avr/4.9.2/avr5/libgcc.a(_udivmodhi4.o)
 .text.libgcc.mul
                0x0000000000000000        0x0 /usr/local/lib/gcc/avr/4.9.2/avr5/libgcc.a(_udivmodhi4.o)
 .text.libgcc   0x0000000000000000        0x0 /usr/local/lib/gcc/avr/4.9.2/avr5/libgcc.a(_udivmodhi4.o)
 .text.libgcc.prologue
                0x0000000000000000        0x0 /usr/local/lib/gcc/avr/4.9.2/avr5/libgcc.a(_udivmodhi4.o)
 .text.libgcc.builtins
                0x0000000000000000        0x0 /usr/local/lib/gcc/avr/4.9.2/avr5/libgcc.a(_udivmodhi4.o)
 .text.libgcc.fmul
                0x0000000000000000        0x0 /usr/local/lib/gcc/avr/4.9.2/avr5/libgcc.a(_udivmodhi4.o)
 .text.libgcc.fixed
                0x0000000000000000        0x0 /usr/local/lib/gcc/avr/4.9.2/avr5/libgcc.a(_udivmodhi4.o)
 .text          0x0000000000000000        0x0 /usr/local/lib/gcc/avr/4.9.2/avr5/libgcc.a(_divmodhi4.o)
 .data          0x0000000000000000        0x0 /usr/local/lib/gcc/avr/4.9.2/avr5/libgcc.a(_divmodhi4.o)
 .bss           0x0000000000000000        0x0 /usr/local/lib/gcc/avr/4.9.2/avr5/libgcc.a(_divmodhi4.o)
 .text.libgcc.mul
                0x0000000000000000        0x0 /usr/local/lib/gcc/avr/4.9.2/avr5/libgcc.a(_divmodhi4.o)
 .text.libgcc   0x0000000000000000        0x0 /usr/local/lib/gcc/avr/4.9.2/avr5/libgcc.a(_divmodhi4.o)
 .text.libgcc.prologue
                0x0000000000000000        0x0 /usr/local/lib/gcc/avr/4.9.2/avr5/libgcc.a(_divmodhi4.o)
 .text.libgcc.builtins
                0x0000000000000000        0x0 /usr/local/lib/gcc/avr/4.9.2/avr5/libgcc.a(_divmodhi4.o)
 .text.libgcc.fmul
                0x0000000000000000        0x0 /usr/local/lib/gcc/avr/4.9.2/avr5/libgcc.a(_divmodhi4.o)
 .text.libgcc.fixed
                0x0000000000000000        0x0 /usr/local/lib/gcc/avr/4.9.2/avr5/libgcc.a(_divmodhi4.o)
 .text          0x0000000000000000        0x0 /usr/local/lib/gcc/avr/4.9.2/avr5/libgcc.a(_udivmodsi4.o)
 .data          0x0000000000000000        0x0 /usr/local/lib/gcc/avr/4.9.2/avr5/libgcc.a(_udivmodsi4.o)
 .bss           0x0000000000000000        0x0 /usr/local/lib/gcc/avr/4.9.2/avr5/libgcc.a(_udivmodsi4.o)
 .stab          0x0000000000000000      0x228 /usr/local/lib/gcc/avr/4.9.2/avr5/libgcc.a(_udivmodsi4.o)
                                        0x234 (size before relaxing)
 .text.libgcc.mul
                0x0000000000000000        0x0 /usr/local/lib/gcc/avr/4.9.2/avr5/libgcc.a(_udivmodsi4.o)
 .text.libgcc.div
                0x0000000000000000       0x44 /usr/local/lib/gcc/avr/4.9.2/avr5/libgcc.a(_udivmodsi4.o)
 .text.libgcc   0x0000000000000000        0x0 /usr/local/lib/gcc/avr/4.9.2/avr5/libgcc.a(_udivmodsi4.o)
 .text.libgcc.prologue
                0x0000000000000000        0x0 /usr/local/lib/gcc/avr/4.9.2/avr5/libgcc.a(_udivmodsi4.o)
 .text.libgcc.builtins
                0x0000000000000000        0x0 /usr/local/lib/gcc/avr/4.9.2/avr5/libgcc.a(_udivmodsi4.o)
 .text.libgcc.fmul
                0x0000000000000000        0x0 /usr/local/lib/gcc/avr/4.9.2/avr5/libgcc.a(_udivmodsi4.o)
 .text.libgcc.fixed
                0x0000000000000000        0x0 /usr/local/lib/gcc/avr/4.9.2/avr5/libgcc.a(_udivmodsi4.o)
 .text          0x0000000000000000        0x0 /usr/local/lib/gcc/avr/4.9.2/avr5/libgcc.a(_exit.o)
 .data          0x0000000000000000        0x0 /usr/local/lib/gcc/avr/4.9.2/avr5/libgcc.a(_exit.o)
 .bss           0x0000000000000000        0x0 /usr/local/lib/gcc/avr/4.9.2/avr5/libgcc.a(_exit.o)
 .text.libgcc.mul
                0x0000000000000000        0x0 /usr/local/lib/gcc/avr/4.9.2/avr5/libgcc.a(_exit.o)
 .text.libgcc.div
                0x0000000000000000        0x0 /usr/local/lib/gcc/avr/4.9.2/avr5/libgcc.a(_exit.o)
 .text.libgcc   0x0000000000000000        0x0 /usr/local/lib/gcc/avr/4.9.2/avr5/libgcc.a(_exit.o)
 .text.libgcc.prologue
                0x0000000000000000        0x0 /usr/local/lib/gcc/avr/4.9.2/avr5/libgcc.a(_exit.o)
 .text.libgcc.builtins
                0x0000000000000000        0x0 /usr/local/lib/gcc/avr/4.9.2/avr5/libgcc.a(_exit.o)
 .text.libgcc.fmul
                0x0000000000000000        0x0 /usr/local/lib/gcc/avr/4.9.2/avr5/libgcc.a(_exit.o)
 .text.libgcc.fixed
                0x0000000000000000        0x0 /usr/local/lib/gcc/avr/4.9.2/avr5/libgcc.a(_exit.o)
 .text          0x0000000000000000        0x0 /usr/local/lib/gcc/avr/4.9.2/avr5/libgcc.a(_tablejump2.o)
 .data          0x0000000000000000        0x0 /usr/local/lib/gcc/avr/4.9.2/avr5/libgcc.a(_tablejump2.o)
 .bss           0x0000000000000000        0x0 /usr/local/lib/gcc/avr/4.9.2/avr5/libgcc.a(_tablejump2.o)
 .text.libgcc.mul
                0x0000000000000000        0x0 /usr/local/lib/gcc/avr/4.9.2/avr5/libgcc.a(_tablejump2.o)
 .text.libgcc.div
                0x0000000000000000        0x0 /usr/local/lib/gcc/avr/4.9.2/avr5/libgcc.a(_tablejump2.o)
 .text.libgcc.prologue
                0x0000000000000000        0x0 /usr/local/lib/gcc/avr/4.9.2/avr5/libgcc.a(_tablejump2.o)
 .text.libgcc.builtins
                0x0000000000000000        0x0 /usr/local/lib/gcc/avr/4.9.2/avr5/libgcc.a(_tablejump2.o)
 .text.libgcc.fmul
                0x0000000000000000        0x0 /usr/local/lib/gcc/avr/4.9.2/avr5/libgcc.a(_tablejump2.o)
 .text.libgcc.fixed
                0x0000000000000000        0x0 /usr/local/lib/gcc/avr/4.9.2/avr5/libgcc.a(_tablejump2.o)
 .text          0x0000000000000000        0x0 /usr/local/lib/gcc/avr/4.9.2/avr5/libgcc.a(_copy_data.o)
 .data          0x0000000000000000        0x0 /usr/local/lib/gcc/avr/4.9.2/avr5/libgcc.a(_copy_data.o)
 .bss           0x0000000000000000        0x0 /usr/local/lib/gcc/avr/4.9.2/avr5/libgcc.a(_copy_data.o)
 .text.libgcc.mul
                0x0000000000000000        0x0 /usr/local/lib/gcc/avr/4.9.2/avr5/libgcc.a(_copy_data.o)
 .text.libgcc.div
                0x0000000000000000        0x0 /usr/local/lib/gcc/avr/4.9.2/avr5/libgcc.a(_copy_data.o)
 .text.libgcc   0x0000000000000000        0x0 /usr/local/lib/gcc/avr/4.9.2/avr5/libgcc.a(_copy_data.o)
 .text.libgcc.prologue
                0x0000000000000000        0x0 /usr/local/lib/gcc/avr/4.9.2/avr5/libgcc.a(_copy_data.o)
 .text.libgcc.builtins
                0x0000000000000000        0x0 /usr/local/lib/gcc/avr/4.9.2/avr5/libgcc.a(_copy_data.o)
 .text.libgcc.fmul
                0x0000000000000000        0x0 /usr/local/lib/gcc/avr/4.9.2/avr5/libgcc.a(_copy_data.o)
 .text.libgcc.fixed
                0x0000000000000000        0x0 /usr/local/lib/gcc/avr/4.9.2/avr5/libgcc.a(_copy_data.o)
 .text          0x0000000000000000        0x0 /usr/local/lib/gcc/avr/4.9.2/avr5/libgcc.a(_clear_bss.o)
 .data          0x0000000000000000        0x0 /usr/local/lib/gcc/avr/4.9.2/avr5/libgcc.a(_clear_bss.o)
 .bss           0x0000000000000000        0x0 /usr/local/lib/gcc/avr/4.9.2/avr5/libgcc.a(_clear_bss.o)
 .text.libgcc.mul
                0x0000000000000000        0x0 /usr/local/lib/gcc/avr/4.9.2/avr5/libgcc.a(_clear_bss.o)
 .text.libgcc.div
                0x0000000000000000        0x0 /usr/local/lib/gcc/avr/4.9.2/avr5/libgcc.a(_clear_bss.o)
 .text.libgcc   0x0000000000000000        0x0 /usr/local/lib/gcc/avr/4.9.2/avr5/libgcc.a(_clear_bss.o)
 .text.libgcc.prologue
                0x0000000000000000        0x0 /usr/local/lib/gcc/avr/4.9.2/avr5/libgcc.a(_clear_bss.o)
 .text.libgcc.builtins
                0x0000000000000000        0x0 /usr/local/lib/gcc/avr/4.9.2/avr5/libgcc.a(_clear_bss.o)
 .text.libgcc.fmul
                0x0000000000000000        0x0 /usr/local/lib/gcc/avr/4.9.2/avr5/libgcc.a(_clear_bss.o)
 .text.libgcc.fixed
                0x0000000000000000        0x0 /usr/local/lib/gcc/avr/4.9.2/avr5/libgcc.a(_clear_bss.o)
 .text          0x0000000000000000        0x0 /usr/local/lib/gcc/avr/4.9.2/../../../../avr/lib/avr5/libm.a(addsf3.o)
 .data          0x0000000000000000        0x0 /usr/local/lib/gcc/avr/4.9.2/../../../../avr/lib/avr5/libm.a(addsf3.o)
 .bss           0x0000000000000000        0x0 /usr/local/lib/gcc/avr/4.9.2/../../../../avr/lib/avr5/libm.a(addsf3.o)
 .text          0x0000000000000000        0x0 /usr/local/lib/gcc/avr/4.9.2/../../../../avr/lib/avr5/libm.a(addsf3x.o)
 .data          0x0000000000000000        0x0 /usr/local/lib/gcc/avr/4.9.2/../../../../avr/lib/avr5/libm.a(addsf3x.o)
 .bss           0x0000000000000000        0x0 /usr/local/lib/gcc/avr/4.9.2/../../../../avr/lib/avr5/libm.a(addsf3x.o)
 .text          0x0000000000000000        0x0 /usr/local/lib/gcc/avr/4.9.2/../../../../avr/lib/avr5/libm.a(cmpsf2.o)
 .data          0x0000000000000000        0x0 /usr/local/lib/gcc/avr/4.9.2/../../../../avr/lib/avr5/libm.a(cmpsf2.o)
 .bss           0x0000000000000000        0x0 /usr/local/lib/gcc/avr/4.9.2/../../../../avr/lib/avr5/libm.a(cmpsf2.o)
 .text          0x0000000000000000        0x0 /usr/local/lib/gcc/avr/4.9.2/../../../../avr/lib/avr5/libm.a(fixunssfsi.o)
 .data          0x0000000000000000        0x0 /usr/local/lib/gcc/avr/4.9.2/../../../../avr/lib/avr5/libm.a(fixunssfsi.o)
 .bss           0x0000000000000000        0x0 /usr/local/lib/gcc/avr/4.9.2/../../../../avr/lib/avr5/libm.a(fixunssfsi.o)
 .text          0x0000000000000000        0x0 /usr/local/lib/gcc/avr/4.9.2/../../../../avr/lib/avr5/libm.a(floatsisf.o)
 .data          0x0000000000000000        0x0 /usr/local/lib/gcc/avr/4.9.2/../../../../avr/lib/avr5/libm.a(floatsisf.o)
 .bss           0x0000000000000000        0x0 /usr/local/lib/gcc/avr/4.9.2/../../../../avr/lib/avr5/libm.a(floatsisf.o)
 .text          0x0000000000000000        0x0 /usr/local/lib/gcc/avr/4.9.2/../../../../avr/lib/avr5/libm.a(fp_cmp.o)
 .data          0x0000000000000000        0x0 /usr/local/lib/gcc/avr/4.9.2/../../../../avr/lib/avr5/libm.a(fp_cmp.o)
 .bss           0x0000000000000000        0x0 /usr/local/lib/gcc/avr/4.9.2/../../../../avr/lib/avr5/libm.a(fp_cmp.o)
 .text          0x0000000000000000        0x0 /usr/local/lib/gcc/avr/4.9.2/../../../../avr/lib/avr5/libm.a(fp_inf.o)
 .data          0x0000000000000000        0x0 /usr/local/lib/gcc/avr/4.9.2/../../../../avr/lib/avr5/libm.a(fp_inf.o)
 .bss           0x0000000000000000        0x0 /usr/local/lib/gcc/avr/4.9.2/../../../../avr/lib/avr5/libm.a(fp_inf.o)
 .text          0x0000000000000000        0x0 /usr/local/lib/gcc/avr/4.9.2/../../../../avr/lib/avr5/libm.a(fp_nan.o)
 .data          0x0000000000000000        0x0 /usr/local/lib/gcc/avr/4.9.2/../../../../avr/lib/avr5/libm.a(fp_nan.o)
 .bss           0x0000000000000000        0x0 /usr/local/lib/gcc/avr/4.9.2/../../../../avr/lib/avr5/libm.a(fp_nan.o)
 .text          0x0000000000000000        0x0 /usr/local/lib/gcc/avr/4.9.2/../../../../avr/lib/avr5/libm.a(fp_pscA.o)
 .data          0x0000000000000000        0x0 /usr/local/lib/gcc/avr/4.9.2/../../../../avr/lib/avr5/libm.a(fp_pscA.o)
 .bss           0x0000000000000000        0x0 /usr/local/lib/gcc/avr/4.9.2/../../../../avr/lib/avr5/libm.a(fp_pscA.o)
 .text          0x0000000000000000        0x0 /usr/local/lib/gcc/avr/4.9.2/../../../../avr/lib/avr5/libm.a(fp_pscB.o)
 .data          0x0000000000000000        0x0 /usr/local/lib/gcc/avr/4.9.2/../../../../avr/lib/avr5/libm.a(fp_pscB.o)
 .bss           0x0000000000000000        0x0 /usr/local/lib/gcc/avr/4.9.2/../../../../avr/lib/avr5/libm.a(fp_pscB.o)
 .text          0x0000000000000000        0x0 /usr/local/lib/gcc/avr/4.9.2/../../../../avr/lib/avr5/libm.a(fp_round.o)
 .data          0x0000000000000000        0x0 /usr/local/lib/gcc/avr/4.9.2/../../../../avr/lib/avr5/libm.a(fp_round.o)
 .bss           0x0000000000000000        0x0 /usr/local/lib/gcc/avr/4.9.2/../../../../avr/lib/avr5/libm.a(fp_round.o)
 .text          0x0000000000000000        0x0 /usr/local/lib/gcc/avr/4.9.2/../../../../avr/lib/avr5/libm.a(fp_split3.o)
 .data          0x0000000000000000        0x0 /usr/local/lib/gcc/avr/4.9.2/../../../../avr/lib/avr5/libm.a(fp_split3.o)
 .bss           0x0000000000000000        0x0 /usr/local/lib/gcc/avr/4.9.2/../../../../avr/lib/avr5/libm.a(fp_split3.o)
 .text          0x0000000000000000        0x0 /usr/local/lib/gcc/avr/4.9.2/../../../../avr/lib/avr5/libm.a(fp_zero.o)
 .data          0x0000000000000000        0x0 /usr/local/lib/gcc/avr/4.9.2/../../../../avr/lib/avr5/libm.a(fp_zero.o)
 .bss           0x0000000000000000        0x0 /usr/local/lib/gcc/avr/4.9.2/../../../../avr/lib/avr5/libm.a(fp_zero.o)
 .text          0x0000000000000000        0x0 /usr/local/lib/gcc/avr/4.9.2/../../../../avr/lib/avr5/libm.a(gesf2.o)
 .data          0x0000000000000000        0x0 /usr/local/lib/gcc/avr/4.9.2/../../../../avr/lib/avr5/libm.a(gesf2.o)
 .bss           0x0000000000000000        0x0 /usr/local/lib/gcc/avr/4.9.2/../../../../avr/lib/avr5/libm.a(gesf2.o)
 .text          0x0000000000000000        0x0 /usr/local/lib/gcc/avr/4.9.2/../../../../avr/lib/avr5/libm.a(mulsf3.o)
 .data          0x0000000000000000        0x0 /usr/local/lib/gcc/avr/4.9.2/../../../../avr/lib/avr5/libm.a(mulsf3.o)
 .bss           0x0000000000000000        0x0 /usr/local/lib/gcc/avr/4.9.2/../../../../avr/lib/avr5/libm.a(mulsf3.o)
 .text          0x0000000000000000        0x0 /usr/local/lib/gcc/avr/4.9.2/../../../../avr/lib/avr5/libm.a(mulsf3x.o)
 .data          0x0000000000000000        0x0 /usr/local/lib/gcc/avr/4.9.2/../../../../avr/lib/avr5/libm.a(mulsf3x.o)
 .bss           0x0000000000000000        0x0 /usr/local/lib/gcc/avr/4.9.2/../../../../avr/lib/avr5/libm.a(mulsf3x.o)
 .text          0x0000000000000000        0x0 /usr/local/lib/gcc/avr/4.9.2/../../../../avr/lib/avr5/libc.a(strnlen_P.o)
 .data          0x0000000000000000        0x0 /usr/local/lib/gcc/avr/4.9.2/../../../../avr/lib/avr5/libc.a(strnlen_P.o)
 .bss           0x0000000000000000        0x0 /usr/local/lib/gcc/avr/4.9.2/../../../../avr/lib/avr5/libc.a(strnlen_P.o)

Memory Configuration

Name             Origin             Length             Attributes
text             0x0000000000000000 0x0000000000020000 xr
data             0x0000000000800060 0x000000000000ffa0 rw !x
eeprom           0x0000000000810000 0x0000000000010000 rw !x
fuse             0x0000000000820000 0x0000000000000400 rw !x
lock             0x0000000000830000 0x0000000000000400 rw !x
signature        0x0000000000840000 0x0000000000000400 rw !x
*default*        0x0000000000000000 0xffffffffffffffff

Linker script and memory map

Address of section .data set to 0x800100
LOAD /usr/local/lib/gcc/avr/4.9.2/../../../../avr/lib/avr5/crtm644.o
Address of section .noinit set to 0x800100
Address of section .data set to 0x800500
LOAD uzeboxVideoEngineCore.o
LOAD uzeboxCore.o
LOAD uzeboxSoundEngine.o
LOAD uzeboxSoundEngineCore.o
LOAD uzeboxVideoEngine.o
LOAD Iris.o
START GROUP
LOAD /usr/local/lib/gcc/avr/4.9.2/avr5/libgcc.a
LOAD /usr/local/lib/gcc/avr/4.9.2/../../../../avr/lib/avr5/libm.a
LOAD /usr/local/lib/gcc/avr/4.9.2/../../../../avr/lib/avr5/libc.a
END GROUP

.hash
 *(.hash)

.dynsym
 *(.dynsym)

.dynstr
 *(.dynstr)

.gnu.version
 *(.gnu.version)

.gnu.version_d
 *(.gnu.version_d)

.gnu.version_r
 *(.gnu.version_r)

.rel.init
 *(.rel.init)

.rela.init
 *(.rela.init)

.rel.text
 *(.rel.text)
 *(.rel.text.*)
 *(.rel.gnu.linkonce.t*)

.rela.text
 *(.rela.text)
 *(.rela.text.*)
 *(.rela.gnu.linkonce.t*)

.rel.fini
 *(.rel.fini)

.rela.fini
 *(.rela.fini)

.rel.rodata
 *(.rel.rodata)
 *(.rel.rodata.*)
 *(.rel.gnu.linkonce.r*)

.rela.rodata
 *(.rela.rodata)
 *(.rela.rodata.*)
 *(.rela.gnu.linkonce.r*)

.rel.data
 *(.rel.data)
 *(.rel.data.*)
 *(.rel.gnu.linkonce.d*)

.rela.data
 *(.rela.data)
 *(.rela.data.*)
 *(.rela.gnu.linkonce.d*)

.rel.ctors
 *(.rel.ctors)

.rela.ctors
 *(.rela.ctors)

.rel.dtors
 *(.rel.dtors)

.rela.dtors
 *(.rela.dtors)

.rel.got
 *(.rel.got)

.rela.got
 *(.rela.got)

.rel.bss
 *(.rel.bss)

.rela.bss
 *(.rela.bss)

.rel.plt
 *(.rel.plt)

.rela.plt
 *(.rela.plt)

.text           0x0000000000000000     0xd004
 *(.vectors)
 .vectors       0x0000000000000000       0x70 /usr/local/lib/gcc/avr/4.9.2/../../../../avr/lib/avr5/crtm644.o
                0x0000000000000000                __vectors
                0x0000000000000000                __vector_default
 *(.vectors)
 *(.progmem.gcc*)
 .progmem.gcc_sw_table.solid_tile
                0x0000000000000070       0x32 Iris.o
 .progmem.gcc_sw_table.load_level
                0x00000000000000a2       0x14 Iris.o
                0x00000000000000b6                . = ALIGN (0x2)
                0x00000000000000b6                __trampolines_start = .
 *(.trampolines)
 .trampolines   0x00000000000000b6        0x0 linker stubs
 *(.trampolines*)
                0x00000000000000b6                __trampolines_end = .
 *(.progmem*)
 .progmem.data  0x00000000000000b6       0x4e uzeboxCore.o
                0x00000000000000b6                io_table
                0x00000000000000e4                eeprom_format_table
 .progmem.data  0x0000000000000104       0x1e uzeboxSoundEngine.o
                0x0000000000000104                patchCommands
 .progmem.data  0x0000000000000122      0x853 uzeboxVideoEngine.o
                0x0000000000000122                fader
                0x000000000000012e                map_uzeboxlogo2
                0x000000000000013f                map_uzeboxlogo
                0x0000000000000155                logo_tileset
                0x0000000000000955                logoInitPatches
                0x000000000000095e                initPatch
 .progmem.data  0x0000000000000975     0x5cf2 Iris.o
                0x0000000000000975                strTwist
                0x00000000000009f6                strReveal4
                0x0000000000000a19                strReveal3
                0x0000000000000a34                strReveal2
                0x0000000000000a4d                strReveal1
                0x0000000000000a62                strReveal0
                0x0000000000000a7f                strIntro
                0x0000000000000b24                default_scores
                0x0000000000000b42                strTally
                0x0000000000000b49                strGameOver
                0x0000000000000b53                strLevelBonus
                0x0000000000000b59                strLevelClear
                0x0000000000000b65                strPaused
                0x0000000000000b6b                strExitGame
                0x0000000000000b77                strMainMenu
                0x0000000000000b83                strTime
                0x0000000000000b89                strLives
                0x0000000000000b90                strShield
                0x0000000000000b98                strScore
                0x0000000000000b9f                strSelectHandle
                0x0000000000000ba0                strHighScores
                0x0000000000000bac                str1Player
                0x0000000000000bb2                strMusic
                0x0000000000000bca                strCopyright
                0x0000000000000bdf                spacesong
                0x000000000000127f                planetsong
                0x0000000000001d51                my_patches
                0x0000000000001d90                explode
                0x0000000000001e61                pshoot
                0x0000000000001eb7                navigate
                0x0000000000001ec8                instrument
                0x0000000000001ed0                sprites_data
                0x0000000000003690                map_hazard_desert
                0x0000000000003693                map_hazard_city
                0x0000000000003696                map_hazard_jungle
                0x0000000000003699                map_hazard_fire
                0x000000000000369c                map_hazard_ice
                0x000000000000369f                map_special_desert
                0x00000000000036a2                map_special_city
                0x00000000000036a5                map_special_jungle
                0x00000000000036a8                map_special_fire
                0x00000000000036ab                map_special_ice
                0x00000000000036ae                map_enemy_drone
                0x00000000000036b1                map_enemy_tank
                0x00000000000036b4                map_enemy_ball
                0x00000000000036b7                map_enemy_spider_1
                0x00000000000036ba                map_enemy_spider_0
                0x00000000000036bd                map_enemy_shark
                0x00000000000036c0                map_enemy_shot
                0x00000000000036c3                map_ahero_jump
                0x00000000000036cb                map_ahero_step_3
                0x00000000000036d3                map_ahero_step_2
                0x00000000000036db                map_ahero_step_1
                0x00000000000036e3                map_ahero_step_0
                0x00000000000036eb                map_ahero_idle
                0x00000000000036f3                map_hero_shot
                0x00000000000036f6                map_hero_ship_large_1
                0x0000000000003700                map_hero_ship_large_0
                0x000000000000370a                map_hero_ship_1
                0x000000000000370f                map_hero_ship_0
                0x0000000000003714                map_hero_prone
                0x0000000000003719                map_hero_jump
                0x0000000000003721                map_hero_step_3
                0x0000000000003729                map_hero_step_2
                0x0000000000003731                map_hero_step_1
                0x0000000000003739                map_hero_step_0
                0x0000000000003741                map_hero_idle
                0x0000000000003749                map_emerald_4
                0x000000000000374c                map_emerald_3
                0x000000000000374f                map_emerald_2
                0x0000000000003752                map_emerald_1
                0x0000000000003755                map_emerald_0
                0x0000000000003758                map_explosion_2
                0x000000000000375b                map_explosion_1
                0x000000000000375e                map_explosion_0
                0x0000000000003761                map_particle
                0x0000000000003764                map_up_arrow
                0x0000000000003767                map_down_arrow
                0x000000000000376a                map_right_arrow
                0x000000000000376d                map_none
                0x0000000000003770                tiles_data
                0x00000000000056f0                map_font
                0x0000000000005717                map_atmosphere
                0x0000000000005751                map_star_dark
                0x0000000000005754                map_star
                0x0000000000005757                map_desert_spike_down
                0x000000000000575a                map_desert_spike_up
                0x000000000000575d                map_desert_top
                0x0000000000005760                map_desert_bottom
                0x0000000000005763                map_city_spark
                0x0000000000005766                map_city_top
                0x0000000000005769                map_city_bottom
                0x000000000000576c                map_jungle_branch
                0x000000000000576f                map_jungle_flower
                0x0000000000005772                map_jungle_top
                0x0000000000005775                map_jungle_bottom
                0x0000000000005778                map_fire_lava
                0x000000000000577b                map_fire_top
                0x000000000000577e                map_fire_bottom
                0x0000000000005781                map_icicle_up
                0x0000000000005784                map_icicle_down
                0x0000000000005787                map_ice_bottom
                0x000000000000578a                map_ice_right
                0x000000000000578d                map_ice_middle
                0x0000000000005790                map_ice_left
                0x0000000000005793                map_dialog
                0x00000000000057d1                map_canvas
                0x000000000000585a                map_splash
                0x00000000000058a7                map_tile_none
                0x00000000000058aa                map_space_mega_tiles
                0x0000000000005b2a                map_level_space
                0x0000000000005b54                map_level_mega_tiles
                0x0000000000006162                map_level_desert
                0x0000000000006263                map_level_city
                0x0000000000006364                map_level_forest
                0x0000000000006465                map_level_fire
                0x0000000000006566                map_level_ice
                0x0000000000006668                . = ALIGN (0x2)
 *fill*         0x0000000000006667        0x1 
 *(.jumptables)
 *(.jumptables*)
 *(.lowtext)
 *(.lowtext*)
                0x0000000000006668                __ctors_start = .
 *(.ctors)
                0x0000000000006668                __ctors_end = .
                0x0000000000006668                __dtors_start = .
 *(.dtors)
                0x0000000000006668                __dtors_end = .
 SORT(*)(.ctors)
 SORT(*)(.dtors)
 *(.init0)
 .init0         0x0000000000006668        0x0 /usr/local/lib/gcc/avr/4.9.2/../../../../avr/lib/avr5/crtm644.o
                0x0000000000006668                __init
 *(.init0)
 *(.init1)
 *(.init1)
 *(.init2)
 .init2         0x0000000000006668        0xc /usr/local/lib/gcc/avr/4.9.2/../../../../avr/lib/avr5/crtm644.o
 *(.init2)
 *(.init3)
 *(.init3)
 *(.init4)
 .init4         0x0000000000006674       0x16 /usr/local/lib/gcc/avr/4.9.2/avr5/libgcc.a(_copy_data.o)
                0x0000000000006674                __do_copy_data
 .init4         0x000000000000668a       0x10 /usr/local/lib/gcc/avr/4.9.2/avr5/libgcc.a(_clear_bss.o)
                0x000000000000668a                __do_clear_bss
 *(.init4)
 *(.init5)
 *(.init5)
 *(.init6)
 *(.init6)
 *(.init7)
 .init7         0x000000000000669a       0x16 uzeboxCore.o
                0x000000000000669a                wdt_init
 *(.init7)
 *(.init8)
 .init8         0x00000000000066b0       0x82 uzeboxCore.o
                0x00000000000066b0                Initialize
 *(.init8)
 *(.init9)
 .init9         0x0000000000006732        0x8 /usr/local/lib/gcc/avr/4.9.2/../../../../avr/lib/avr5/crtm644.o
 *(.init9)
 *(.text)
 .text          0x000000000000673a        0x4 /usr/local/lib/gcc/avr/4.9.2/../../../../avr/lib/avr5/crtm644.o
                0x000000000000673a                __vector_20
                0x000000000000673a                __vector_1
                0x000000000000673a                __vector_24
                0x000000000000673a                __vector_12
                0x000000000000673a                __bad_interrupt
                0x000000000000673a                __vector_6
                0x000000000000673a                __vector_3
                0x000000000000673a                __vector_23
                0x000000000000673a                __vector_25
                0x000000000000673a                __vector_11
                0x000000000000673a                __vector_17
                0x000000000000673a                __vector_19
                0x000000000000673a                __vector_7
                0x000000000000673a                __vector_27
                0x000000000000673a                __vector_5
                0x000000000000673a                __vector_4
                0x000000000000673a                __vector_9
                0x000000000000673a                __vector_2
                0x000000000000673a                __vector_21
                0x000000000000673a                __vector_15
                0x000000000000673a                __vector_26
                0x000000000000673a                __vector_10
                0x000000000000673a                __vector_16
                0x000000000000673a                __vector_18
                0x000000000000673a                __vector_22
 .text          0x000000000000673e      0x868 uzeboxVideoEngineCore.o
                0x0000000000006aa6                CopyFlashTile
                0x0000000000006bc4                CopyRamTile
                0x0000000000006cde                BlitSprite
                0x0000000000006dc2                __vector_13
                0x0000000000006e42                __vector_14
 .text          0x0000000000006fa6      0x180 uzeboxSoundEngineCore.o
                0x0000000000006fa6                process_music
                0x0000000000006fb2                update_sound
                0x0000000000007126                . = ALIGN (0x2)
 *(.text.*)
 .text.SetSpritesTileTable
                0x0000000000007126        0xa uzeboxVideoEngineCore.o
                0x0000000000007126                SetSpritesTileTable
 .text.ClearVram
                0x0000000000007130       0x14 uzeboxVideoEngineCore.o
                0x0000000000007130                ClearVram
 .text.SetTile  0x0000000000007144       0x22 uzeboxVideoEngineCore.o
                0x0000000000007144                SetTile
 .text.SetTileTable
                0x0000000000007166        0xa uzeboxVideoEngineCore.o
                0x0000000000007166                SetTileTable
 .text.GetVsyncFlag
                0x0000000000007170        0x8 uzeboxVideoEngineCore.o
                0x0000000000007170                GetVsyncFlag
 .text.ClearVsyncFlag
                0x0000000000007178        0xc uzeboxVideoEngineCore.o
                0x0000000000007178                ClearVsyncFlag
 .text.ReadJoypad
                0x0000000000007184       0x18 uzeboxVideoEngineCore.o
                0x0000000000007184                ReadJoypad
 .text.WaitUs   0x000000000000719c        0xe uzeboxVideoEngineCore.o
                0x000000000000719c                WaitUs
 .text.WriteEeprom
                0x00000000000071aa       0x14 uzeboxVideoEngineCore.o
                0x00000000000071aa                WriteEeprom
 .text.ReadEeprom
                0x00000000000071be       0x12 uzeboxVideoEngineCore.o
                0x00000000000071be                ReadEeprom
 .text.wdt_randomize
                0x00000000000071d0       0x50 uzeboxVideoEngineCore.o
                0x00000000000071d0                wdt_randomize
 .text.GetTrueRandomSeed
                0x0000000000007220        0xa uzeboxVideoEngineCore.o
                0x0000000000007220                GetTrueRandomSeed
 .text.__vector_8
                0x000000000000722a       0x44 uzeboxVideoEngineCore.o
                0x000000000000722a                __vector_8
 .text.SoftReset
                0x000000000000726e       0x16 uzeboxCore.o
                0x000000000000726e                SoftReset
 .text.ReadButtons
                0x0000000000007284       0x6c uzeboxCore.o
                0x0000000000007284                ReadButtons
 .text.ReadControllers
                0x00000000000072f0       0x20 uzeboxCore.o
                0x00000000000072f0                ReadControllers
 .text.FormatEeprom
                0x0000000000007310       0x44 uzeboxCore.o
                0x0000000000007310                FormatEeprom
 .text.isEepromFormatted
                0x0000000000007354       0x2e uzeboxCore.o
                0x0000000000007354                isEepromFormatted
 .text.EepromBlockExists
                0x0000000000007382       0xa4 uzeboxCore.o
                0x0000000000007382                EepromBlockExists
 .text.EepromWriteBlock
                0x0000000000007426       0x94 uzeboxCore.o
                0x0000000000007426                EepromWriteBlock
 .text.EepromReadBlock
                0x00000000000074ba       0x66 uzeboxCore.o
                0x00000000000074ba                EepromReadBlock
 .text.GetPrngNumber
                0x0000000000007520       0x5c uzeboxCore.o
                0x0000000000007520                GetPrngNumber
 .text.PatchCommand00
                0x000000000000757c        0x6 uzeboxSoundEngine.o
                0x000000000000757c                PatchCommand00
 .text.PatchCommand01
                0x0000000000007582       0x10 uzeboxSoundEngine.o
                0x0000000000007582                PatchCommand01
 .text.PatchCommand05
                0x0000000000007592        0xa uzeboxSoundEngine.o
                0x0000000000007592                PatchCommand05
 .text.PatchCommand06
                0x000000000000759c        0xa uzeboxSoundEngine.o
                0x000000000000759c                PatchCommand06
 .text.PatchCommand07
                0x00000000000075a6        0x6 uzeboxSoundEngine.o
                0x00000000000075a6                PatchCommand07
 .text.PatchCommand09
                0x00000000000075ac        0x6 uzeboxSoundEngine.o
                0x00000000000075ac                PatchCommand09
 .text.PatchCommand10
                0x00000000000075b2        0x6 uzeboxSoundEngine.o
                0x00000000000075b2                PatchCommand10
 .text.PatchCommand11
                0x00000000000075b8       0x76 uzeboxSoundEngine.o
                0x00000000000075b8                PatchCommand11
 .text.PatchCommand12
                0x000000000000762e        0x6 uzeboxSoundEngine.o
                0x000000000000762e                PatchCommand12
 .text.PatchCommand13
                0x0000000000007634        0x6 uzeboxSoundEngine.o
                0x0000000000007634                PatchCommand13
 .text.PatchCommand02
                0x000000000000763a        0x8 uzeboxSoundEngine.o
                0x000000000000763a                PatchCommand02
 .text.PatchCommand03
                0x0000000000007642        0xe uzeboxSoundEngine.o
                0x0000000000007642                PatchCommand03
 .text.PatchCommand04
                0x0000000000007650       0x10 uzeboxSoundEngine.o
                0x0000000000007650                PatchCommand04
 .text.PatchCommand08
                0x0000000000007660       0x20 uzeboxSoundEngine.o
                0x0000000000007660                PatchCommand08
 .text.PatchCommand14
                0x0000000000007680       0x54 uzeboxSoundEngine.o
                0x0000000000007680                PatchCommand14
 .text.InitMusicPlayer
                0x00000000000076d4       0x44 uzeboxSoundEngine.o
                0x00000000000076d4                InitMusicPlayer
 .text.StartSong
                0x0000000000007718       0x52 uzeboxSoundEngine.o
                0x0000000000007718                StartSong
 .text.StopSong
                0x000000000000776a       0x1c uzeboxSoundEngine.o
                0x000000000000776a                StopSong
 .text.ReadVarLen
                0x0000000000007786       0x4c uzeboxSoundEngine.o
                0x0000000000007786                ReadVarLen
 .text.TriggerCommon
                0x00000000000077d2      0x11c uzeboxSoundEngine.o
                0x00000000000077d2                TriggerCommon
 .text.TriggerFx
                0x00000000000078ee       0x90 uzeboxSoundEngine.o
                0x00000000000078ee                TriggerFx
 .text.TriggerNote
                0x000000000000797e       0x80 uzeboxSoundEngine.o
                0x000000000000797e                TriggerNote
 .text.ProcessMusic
                0x00000000000079fe      0x43e uzeboxSoundEngine.o
                0x00000000000079fe                ProcessMusic
 .text.SetMasterVolume
                0x0000000000007e3c        0x6 uzeboxSoundEngine.o
                0x0000000000007e3c                SetMasterVolume
 .text.SetMixerNote
                0x0000000000007e42       0x2e uzeboxSoundEngineCore.o
                0x0000000000007e42                SetMixerNote
 .text.SetMixerWave
                0x0000000000007e70       0x3a uzeboxSoundEngineCore.o
                0x0000000000007e70                SetMixerWave
 *fill*         0x0000000000007eaa       0x56 
 .text.DisableSoundEngine
                0x0000000000007f00      0xc00 uzeboxSoundEngineCore.o
                0x0000000000007f00                DisableSoundEngine
                0x0000000000007f08                steptable
                0x0000000000008100                waves
 .text.RestoreBackground
                0x0000000000008b00       0x2c uzeboxVideoEngine.o
                0x0000000000008b00                RestoreBackground
 .text.ProcessSprites
                0x0000000000008b2c      0x224 uzeboxVideoEngine.o
                0x0000000000008b2c                ProcessSprites
 .text.Scroll   0x0000000000008d50       0x4a uzeboxVideoEngine.o
                0x0000000000008d50                Scroll
 .text.InitializeVideoMode
                0x0000000000008d9a       0x1e uzeboxVideoEngine.o
                0x0000000000008d9a                InitializeVideoMode
 .text.DrawMap  0x0000000000008db8       0xd2 uzeboxVideoEngine.o
                0x0000000000008db8                DrawMap2
                0x0000000000008db8                DrawMap
 .text.WaitVsync
                0x0000000000008e8a       0x2e uzeboxVideoEngine.o
                0x0000000000008e8a                WaitVsync
 .text.DisplayLogo
                0x0000000000008eb8       0x6e uzeboxVideoEngine.o
                0x0000000000008eb8                DisplayLogo
 .text.doFade   0x0000000000008f26       0x1c uzeboxVideoEngine.o
                0x0000000000008f26                doFade
 .text.FadeIn   0x0000000000008f42       0x18 uzeboxVideoEngine.o
                0x0000000000008f42                FadeIn
 .text.FadeOut  0x0000000000008f5a       0x18 uzeboxVideoEngine.o
                0x0000000000008f5a                FadeOut
 .text.ProcessFading
                0x0000000000008f72       0x4a uzeboxVideoEngine.o
                0x0000000000008f72                ProcessFading
 .text.VideoModeVsync
                0x0000000000008fbc        0x8 uzeboxVideoEngine.o
                0x0000000000008fbc                VideoModeVsync
 .text.LBGetNextFrame
                0x0000000000008fc4       0x4c Iris.o
                0x0000000000008fc4                LBGetNextFrame
 .text.LBGetJoyPadState
                0x0000000000009010       0x96 Iris.o
                0x0000000000009010                LBGetJoyPadState
 .text.LBPrintChar
                0x00000000000090a6       0x40 Iris.o
                0x00000000000090a6                LBPrintChar
 .text.LBPrint  0x00000000000090e6       0x38 Iris.o
                0x00000000000090e6                LBPrint
 .text.LBPrintByte
                0x000000000000911e       0x62 Iris.o
                0x000000000000911e                LBPrintByte
 .text.LBPrintInt
                0x0000000000009180       0x72 Iris.o
                0x0000000000009180                LBPrintInt
 .text.LBCollides
                0x00000000000091f2       0x4c Iris.o
                0x00000000000091f2                LBCollides
 .text.LBRandom
                0x000000000000923e       0x2c Iris.o
                0x000000000000923e                LBRandom
 .text.LBWaitSeconds
                0x000000000000926a       0x1e Iris.o
                0x000000000000926a                LBWaitSeconds
 .text.LBMapSprite
                0x0000000000009288       0xa4 Iris.o
                0x0000000000009288                LBMapSprite
 .text.LBMoveSprite
                0x000000000000932c       0x7c Iris.o
                0x000000000000932c                LBMoveSprite
 .text.LBRotateSprites
                0x00000000000093a8       0x7e Iris.o
                0x00000000000093a8                LBRotateSprites
 .text.is_space
                0x0000000000009426        0x8 Iris.o
                0x0000000000009426                is_space
 .text.init_default_high_scores
                0x000000000000942e       0x2c Iris.o
                0x000000000000942e                init_default_high_scores
 .text.init_enemy_state
                0x000000000000945a       0x28 Iris.o
                0x000000000000945a                init_enemy_state
 .text.init_player_state
                0x0000000000009482      0x17e Iris.o
                0x0000000000009482                init_player_state
 .text.init_enemy_shot
                0x0000000000009600       0xd2 Iris.o
                0x0000000000009600                init_enemy_shot
 .text.init_enemy_spider
                0x00000000000096d2       0xde Iris.o
                0x00000000000096d2                init_enemy_spider
 .text.init_enemy_shark
                0x00000000000097b0       0xce Iris.o
                0x00000000000097b0                init_enemy_shark
 .text.load_eeprom
                0x000000000000987e       0x24 Iris.o
                0x000000000000987e                load_eeprom
 .text.clear_overlay
                0x00000000000098a2       0x30 Iris.o
                0x00000000000098a2                clear_overlay
 .text.get_level_tile
                0x00000000000098d2       0xca Iris.o
                0x00000000000098d2                get_level_tile
 .text.render_camera_view
                0x000000000000999c       0xd8 Iris.o
                0x000000000000999c                render_camera_view
 .text.spawn_enemy
                0x0000000000009a74       0x76 Iris.o
                0x0000000000009a74                spawn_enemy
 .text.solid_tile
                0x0000000000009aea       0x1c Iris.o
                0x0000000000009aea                solid_tile
 .text.append_tile_column
                0x0000000000009b06      0x16e Iris.o
                0x0000000000009b06                append_tile_column
 .text.append_tile_row
                0x0000000000009c74       0x80 Iris.o
                0x0000000000009c74                append_tile_row
 .text.move_camera_x
                0x0000000000009cf4       0x32 Iris.o
                0x0000000000009cf4                move_camera_x
 .text.move_camera_y
                0x0000000000009d26       0x36 Iris.o
                0x0000000000009d26                move_camera_y
 .text.map_ship
                0x0000000000009d5c       0x2a Iris.o
                0x0000000000009d5c                map_ship
 .text.map_level_info
                0x0000000000009d86       0x72 Iris.o
                0x0000000000009d86                map_level_info
 .text.on_solid_ground
                0x0000000000009df8      0x19e Iris.o
                0x0000000000009df8                on_solid_ground
 .text.find_shot_slot
                0x0000000000009f96       0x24 Iris.o
                0x0000000000009f96                find_shot_slot
 .text.update_shot
                0x0000000000009fba      0x20c Iris.o
                0x0000000000009fba                update_shot
 .text.pixel_overlap
                0x000000000000a1c6       0x28 Iris.o
                0x000000000000a1c6                pixel_overlap
 .text.collision_detect_level
                0x000000000000a1ee      0x678 Iris.o
                0x000000000000a1ee                collision_detect_level
 .text.animate_shot
                0x000000000000a866      0x330 Iris.o
                0x000000000000a866                animate_shot
 .text.map_explosion
                0x000000000000ab96       0x96 Iris.o
                0x000000000000ab96                map_explosion
 .text.animate_sprite
                0x000000000000ac2c      0x142 Iris.o
                0x000000000000ac2c                animate_sprite
 .text.animate_player
                0x000000000000ad6e       0x92 Iris.o
                0x000000000000ad6e                animate_player
 .text.update_spider_enemy
                0x000000000000ae00       0x98 Iris.o
                0x000000000000ae00                update_spider_enemy
 .text.update_shark_enemy
                0x000000000000ae98       0x2a Iris.o
                0x000000000000ae98                update_shark_enemy
 .text.update_basic_shot
                0x000000000000aec2       0x16 Iris.o
                0x000000000000aec2                update_basic_shot
 .text.update_enemies
                0x000000000000aed8       0x8a Iris.o
                0x000000000000aed8                update_enemies
 .text.update_enemy_shots
                0x000000000000af62      0x134 Iris.o
                0x000000000000af62                update_enemy_shots
 .text.animate_enemies
                0x000000000000b096      0x192 Iris.o
                0x000000000000b096                animate_enemies
 .text.animate_enemy_shots
                0x000000000000b228      0x26e Iris.o
                0x000000000000b228                animate_enemy_shots
 .text.clear_sprites
                0x000000000000b496       0x44 Iris.o
                0x000000000000b496                clear_sprites
 .text.fade_through
                0x000000000000b4da       0x20 Iris.o
                0x000000000000b4da                fade_through
 .text.load_level
                0x000000000000b4fa      0x214 Iris.o
                0x000000000000b4fa                load_level
 .text.hide_sprites
                0x000000000000b70e       0x38 Iris.o
                0x000000000000b70e                hide_sprites
 .text.select_pressed
                0x000000000000b746       0x14 Iris.o
                0x000000000000b746                select_pressed
 .text.stream_dialogue
                0x000000000000b75a       0x6e Iris.o
                0x000000000000b75a                stream_dialogue
 .text.map_particles
                0x000000000000b7c8       0x1a Iris.o
                0x000000000000b7c8                map_particles
 .text.place_particles
                0x000000000000b7e2       0x44 Iris.o
                0x000000000000b7e2                place_particles
 .text.animate_particles
                0x000000000000b826       0x64 Iris.o
                0x000000000000b826                animate_particles
 .text.get_emarald_map
                0x000000000000b88a       0x1e Iris.o
                0x000000000000b88a                get_emarald_map
 .text.music_transition
                0x000000000000b8a8       0x20 Iris.o
                0x000000000000b8a8                music_transition
 .text.planet_transition
                0x000000000000b8c8      0x116 Iris.o
                0x000000000000b8c8                planet_transition
 .text.intro    0x000000000000b9de       0xc2 Iris.o
                0x000000000000b9de                intro
 .text.load_splash
                0x000000000000baa0       0x6e Iris.o
                0x000000000000baa0                load_splash
 .text.load_high_scores
                0x000000000000bb0e      0x21e Iris.o
                0x000000000000bb0e                load_high_scores
 .text.exit_game
                0x000000000000bd2c       0x1c Iris.o
                0x000000000000bd2c                exit_game
 .text.update_splash
                0x000000000000bd48       0x8e Iris.o
                0x000000000000bd48                update_splash
 .text.update_high_scores
                0x000000000000bdd6      0x13c Iris.o
                0x000000000000bdd6                update_high_scores
 .text.tally_score
                0x000000000000bf12      0x282 Iris.o
                0x000000000000bf12                tally_score
 .text.handle_player_death
                0x000000000000c194       0x60 Iris.o
                0x000000000000c194                handle_player_death
 .text.update_player
                0x000000000000c1f4      0x5e4 Iris.o
                0x000000000000c1f4                update_player
 .text.update_level
                0x000000000000c7d8      0x298 Iris.o
                0x000000000000c7d8                update_level
 .text.update_pause
                0x000000000000ca70       0xf0 Iris.o
                0x000000000000ca70                update_pause
 .text.startup.main
                0x000000000000cb60       0x9e Iris.o
                0x000000000000cb60                main
 .text.libgcc.div
                0x000000000000cbfe       0x18 /usr/local/lib/gcc/avr/4.9.2/avr5/libgcc.a(_udivmodqi4.o)
                0x000000000000cbfe                __udivmodqi4
 .text.libgcc.div
                0x000000000000cc16       0x1c /usr/local/lib/gcc/avr/4.9.2/avr5/libgcc.a(_divmodqi4.o)
                0x000000000000cc16                __divmodqi4
 .text.libgcc.div
                0x000000000000cc32       0x28 /usr/local/lib/gcc/avr/4.9.2/avr5/libgcc.a(_udivmodhi4.o)
                0x000000000000cc32                __udivmodhi4
 .text.libgcc.div
                0x000000000000cc5a       0x28 /usr/local/lib/gcc/avr/4.9.2/avr5/libgcc.a(_divmodhi4.o)
                0x000000000000cc5a                __divmodhi4
                0x000000000000cc5a                _div
 .text.libgcc   0x000000000000cc82        0xc /usr/local/lib/gcc/avr/4.9.2/avr5/libgcc.a(_tablejump2.o)
                0x000000000000cc82                __tablejump2__
 .text.avr-libc.fplib
                0x000000000000cc8e        0xa /usr/local/lib/gcc/avr/4.9.2/../../../../avr/lib/avr5/libm.a(addsf3.o)
                0x000000000000cc8e                __subsf3
                0x000000000000cc90                __addsf3
 .text.avr-libc.fplib
                0x000000000000cc98       0xc0 /usr/local/lib/gcc/avr/4.9.2/../../../../avr/lib/avr5/libm.a(addsf3x.o)
                0x000000000000ccb2                __addsf3x
 .text.avr-libc.fplib
                0x000000000000cd58        0x8 /usr/local/lib/gcc/avr/4.9.2/../../../../avr/lib/avr5/libm.a(cmpsf2.o)
                0x000000000000cd58                __lesf2
                0x000000000000cd58                __nesf2
                0x000000000000cd58                __eqsf2
                0x000000000000cd58                __cmpsf2
                0x000000000000cd58                __ltsf2
 .text.avr-libc.fplib
                0x000000000000cd60       0x58 /usr/local/lib/gcc/avr/4.9.2/../../../../avr/lib/avr5/libm.a(fixunssfsi.o)
                0x000000000000cd60                __fixunssfsi
 .text.avr-libc.fplib
                0x000000000000cdb8       0x7a /usr/local/lib/gcc/avr/4.9.2/../../../../avr/lib/avr5/libm.a(floatsisf.o)
                0x000000000000cdb8                __floatunsisf
                0x000000000000cdbc                __floatsisf
 .text.avr-libc.fplib
                0x000000000000ce32       0x48 /usr/local/lib/gcc/avr/4.9.2/../../../../avr/lib/avr5/libm.a(fp_cmp.o)
                0x000000000000ce32                __fp_cmp
 .text.avr-libc.fplib
                0x000000000000ce7a        0xc /usr/local/lib/gcc/avr/4.9.2/../../../../avr/lib/avr5/libm.a(fp_inf.o)
                0x000000000000ce7a                __fp_inf
 .text.avr-libc.fplib
                0x000000000000ce86        0x6 /usr/local/lib/gcc/avr/4.9.2/../../../../avr/lib/avr5/libm.a(fp_nan.o)
                0x000000000000ce86                __fp_nan
 .text.avr-libc.fplib
                0x000000000000ce8c        0xe /usr/local/lib/gcc/avr/4.9.2/../../../../avr/lib/avr5/libm.a(fp_pscA.o)
                0x000000000000ce8c                __fp_pscA
 .text.avr-libc.fplib
                0x000000000000ce9a        0xe /usr/local/lib/gcc/avr/4.9.2/../../../../avr/lib/avr5/libm.a(fp_pscB.o)
                0x000000000000ce9a                __fp_pscB
 .text.avr-libc.fplib
                0x000000000000cea8       0x22 /usr/local/lib/gcc/avr/4.9.2/../../../../avr/lib/avr5/libm.a(fp_round.o)
                0x000000000000cea8                __fp_round
 .text.avr-libc.fplib
                0x000000000000ceca       0x44 /usr/local/lib/gcc/avr/4.9.2/../../../../avr/lib/avr5/libm.a(fp_split3.o)
                0x000000000000ceca                __fp_split3
                0x000000000000ceda                __fp_splitA
 .text.avr-libc.fplib
                0x000000000000cf0e        0xe /usr/local/lib/gcc/avr/4.9.2/../../../../avr/lib/avr5/libm.a(fp_zero.o)
                0x000000000000cf0e                __fp_zero
                0x000000000000cf10                __fp_szero
 .text.avr-libc.fplib
                0x000000000000cf1c        0x8 /usr/local/lib/gcc/avr/4.9.2/../../../../avr/lib/avr5/libm.a(gesf2.o)
                0x000000000000cf1c                __gtsf2
                0x000000000000cf1c                __gesf2
 .text.avr-libc.fplib
                0x000000000000cf24        0x4 /usr/local/lib/gcc/avr/4.9.2/../../../../avr/lib/avr5/libm.a(mulsf3.o)
                0x000000000000cf24                __mulsf3
 .text.avr-libc.fplib
                0x000000000000cf28       0xc2 /usr/local/lib/gcc/avr/4.9.2/../../../../avr/lib/avr5/libm.a(mulsf3x.o)
                0x000000000000cf3c                __mulsf3x
                0x000000000000cf40                __mulsf3_pse
 .text.avr-libc
                0x000000000000cfea       0x16 /usr/local/lib/gcc/avr/4.9.2/../../../../avr/lib/avr5/libc.a(strnlen_P.o)
                0x000000000000cfea                strnlen_P
                0x000000000000d000                . = ALIGN (0x2)
 *(.fini9)
 .fini9         0x000000000000d000        0x0 /usr/local/lib/gcc/avr/4.9.2/avr5/libgcc.a(_exit.o)
                0x000000000000d000                exit
                0x000000000000d000                _exit
 *(.fini9)
 *(.fini8)
 *(.fini8)
 *(.fini7)
 *(.fini7)
 *(.fini6)
 *(.fini6)
 *(.fini5)
 *(.fini5)
 *(.fini4)
 *(.fini4)
 *(.fini3)
 *(.fini3)
 *(.fini2)
 *(.fini2)
 *(.fini1)
 *(.fini1)
 *(.fini0)
 .fini0         0x000000000000d000        0x4 /usr/local/lib/gcc/avr/4.9.2/avr5/libgcc.a(_exit.o)
 *(.fini0)
                0x000000000000d004                _etext = .

.data           0x0000000000800500       0x10 load address 0x000000000000d004
                0x0000000000800500                PROVIDE (__data_start, .)
 *(.data)
 .data          0x0000000000800500        0x1 uzeboxVideoEngine.o
                0x0000000000800500                spritesOn
 .data          0x0000000000800501        0x1 Iris.o
 *(.data*)
 *(.rodata)
 .rodata        0x0000000000800502        0xe Iris.o
 *(.rodata*)
 *(.gnu.linkonce.d*)
                0x0000000000800510                . = ALIGN (0x2)
                0x0000000000800510                _edata = .
                0x0000000000800510                PROVIDE (__data_end, .)

.bss            0x0000000000800510      0xb04
                0x0000000000800510                PROVIDE (__bss_start, .)
 *(.bss)
 .bss           0x0000000000800510      0x7bc uzeboxVideoEngineCore.o
                0x0000000000800510                sprites
                0x0000000000800550                ram_tiles
                0x0000000000800c50                ram_tiles_restore
                0x0000000000800ca4                sprites_tile_banks
                0x0000000000800caf                Screen
                0x0000000000800cb6                sync_phase
                0x0000000000800cb7                sync_pulse
                0x0000000000800cb8                sync_flags
                0x0000000000800cbd                first_render_line
                0x0000000000800cbe                render_lines_count
                0x0000000000800cbf                joypad1_status_lo
                0x0000000000800cc1                joypad1_status_hi
                0x0000000000800cc3                joypad2_status_lo
                0x0000000000800cc5                joypad2_status_hi
 .bss           0x0000000000800ccc        0x2 uzeboxCore.o
 .bss           0x0000000000800cce        0x1 uzeboxSoundEngine.o
                0x0000000000800cce                playSong
 .bss           0x0000000000800ccf       0x23 uzeboxSoundEngineCore.o
                0x0000000000800ccf                sound_enabled
                0x0000000000800cd0                mixer
                0x0000000000800ce3                tr4_params
                0x0000000000800ce4                tr4_barrel_lo
                0x0000000000800ce5                tr4_barrel_hi
 .bss           0x0000000000800cf2        0x2 uzeboxVideoEngine.o
                0x0000000000800cf2                userRamTilesCount_tmp
                0x0000000000800cf3                userRamTilesCount
 .bss           0x0000000000800cf4        0x4 Iris.o
 *(.bss*)
 *(COMMON)
 COMMON         0x0000000000800cf8        0x1 uzeboxCore.o
                0x0000000000800cf8                joypadsConnectionStatus
 COMMON         0x0000000000800cf9       0x83 uzeboxSoundEngine.o
                0x0000000000800cf9                songStart
                0x0000000000800cfb                tracks
                0x0000000000800d6e                currDeltaTime
                0x0000000000800d70                patchPointers
                0x0000000000800d72                lastStatus
                0x0000000000800d73                masterVolume
                0x0000000000800d74                nextDeltaTime
                0x0000000000800d76                songSpeed
                0x0000000000800d77                songPos
                0x0000000000800d79                loopStart
                0x0000000000800d7b                step
 COMMON         0x0000000000800d7c        0x6 uzeboxVideoEngine.o
                0x0000000000800d7c                fadeSpeed
                0x0000000000800d7d                fadeDir
                0x0000000000800d7e                free_tile_index
                0x0000000000800d7f                fadeActive
                0x0000000000800d80                currFadeFrame
                0x0000000000800d81                fadeStep
 COMMON         0x0000000000800d82      0x292 Iris.o
                0x0000000000800d82                font_tiles_map
                0x0000000000800d84                jump_anim
                0x0000000000800d86                scores
                0x0000000000800da6                game
                0x0000000000800fa8                prone_anim
                0x0000000000800faa                spider_anim
                0x0000000000800fae                shark_anim
                0x0000000000800fb0                extendedSprites
                0x0000000000801000                run_anim
                0x0000000000801008                enemy_shot_anim
                0x000000000080100a                shot_anim
                0x000000000080100c                expl_anim
                0x0000000000801012                idle_anim
                0x0000000000801014                PROVIDE (__bss_end, .)
                0x000000000000d004                __data_load_start = LOADADDR (.data)
                0x000000000000d014                __data_load_end = (__data_load_start + SIZEOF (.data))

.noinit         0x0000000000800100      0x400
                0x0000000000800100                PROVIDE (__noinit_start, .)
 *(.noinit*)
 .noinit        0x0000000000800100      0x400 uzeboxVideoEngineCore.o
                0x0000000000800100                vram
                0x0000000000800500                overlay_vram
                0x0000000000800500                PROVIDE (__noinit_end, .)
                0x0000000000800500                _end = .
                0x0000000000800500                PROVIDE (__heap_start, .)

.eeprom         0x0000000000810000        0x0
 *(.eeprom*)
                0x0000000000810000                __eeprom_end = .

.fuse
 *(.fuse)
 *(.lfuse)
 *(.hfuse)
 *(.efuse)

.lock
 *(.lock*)

.signature
 *(.signature*)

.stab           0x0000000000000000      0x708
 *(.stab)
 .stab          0x0000000000000000       0xf0 /usr/local/lib/gcc/avr/4.9.2/avr5/libgcc.a(_udivmodqi4.o)
 .stab          0x00000000000000f0       0xf0 /usr/local/lib/gcc/avr/4.9.2/avr5/libgcc.a(_divmodqi4.o)
                                         0xfc (size before relaxing)
 .stab          0x00000000000001e0      0x15c /usr/local/lib/gcc/avr/4.9.2/avr5/libgcc.a(_udivmodhi4.o)
                                        0x168 (size before relaxing)
 .stab          0x000000000000033c      0x138 /usr/local/lib/gcc/avr/4.9.2/avr5/libgcc.a(_divmodhi4.o)
                                        0x144 (size before relaxing)
 .stab          0x0000000000000474       0x6c /usr/local/lib/gcc/avr/4.9.2/avr5/libgcc.a(_exit.o)
                                         0x78 (size before relaxing)
 .stab          0x00000000000004e0       0x9c /usr/local/lib/gcc/avr/4.9.2/avr5/libgcc.a(_tablejump2.o)
                                         0xa8 (size before relaxing)
 .stab          0x000000000000057c       0xd8 /usr/local/lib/gcc/avr/4.9.2/avr5/libgcc.a(_copy_data.o)
                                         0xe4 (size before relaxing)
 .stab          0x0000000000000654       0xb4 /usr/local/lib/gcc/avr/4.9.2/avr5/libgcc.a(_clear_bss.o)
                                         0xc0 (size before relaxing)

.stabstr        0x0000000000000000      0x2f1
 *(.stabstr)
 .stabstr       0x0000000000000000      0x2f1 /usr/local/lib/gcc/avr/4.9.2/avr5/libgcc.a(_udivmodqi4.o)

.stab.excl
 *(.stab.excl)

.stab.exclstr
 *(.stab.exclstr)

.stab.index
 *(.stab.index)

.stab.indexstr
 *(.stab.indexstr)

.comment        0x0000000000000000       0x11
 *(.comment)
 .comment       0x0000000000000000       0x11 uzeboxCore.o
                                         0x12 (size before relaxing)
 .comment       0x0000000000000011       0x12 uzeboxSoundEngine.o
 .comment       0x0000000000000011       0x12 uzeboxVideoEngine.o
 .comment       0x0000000000000011       0x12 Iris.o

.note.gnu.build-id
 *(.note.gnu.build-id)

.debug
 *(.debug)

.line
 *(.line)

.debug_srcinfo
 *(.debug_srcinfo)

.debug_sfnames
 *(.debug_sfnames)

.debug_aranges  0x0000000000000000      0x688
 *(.debug_aranges)
 .debug_aranges
                0x0000000000000000       0xf8 uzeboxVideoEngineCore.o
 .debug_aranges
                0x00000000000000f8       0x90 uzeboxCore.o
 .debug_aranges
                0x0000000000000188       0xf8 uzeboxSoundEngine.o
 .debug_aranges
                0x0000000000000280       0x50 uzeboxSoundEngineCore.o
 .debug_aranges
                0x00000000000002d0      0x110 uzeboxVideoEngine.o
 .debug_aranges
                0x00000000000003e0      0x2a8 Iris.o

.debug_pubnames
 *(.debug_pubnames)

.debug_info     0x0000000000000000     0x92c4
 *(.debug_info .gnu.linkonce.wi.*)
 .debug_info    0x0000000000000000      0x672 /usr/local/lib/gcc/avr/4.9.2/../../../../avr/lib/avr5/crtm644.o
 .debug_info    0x0000000000000672       0x7b uzeboxVideoEngineCore.o
 .debug_info    0x00000000000006ed      0xab8 uzeboxCore.o
 .debug_info    0x00000000000011a5     0x12ce uzeboxSoundEngine.o
 .debug_info    0x0000000000002473       0x72 uzeboxSoundEngineCore.o
 .debug_info    0x00000000000024e5     0x15b9 uzeboxVideoEngine.o
 .debug_info    0x0000000000003a9e     0x5826 Iris.o

.debug_abbrev   0x0000000000000000     0x16a1
 *(.debug_abbrev)
 .debug_abbrev  0x0000000000000000      0x619 /usr/local/lib/gcc/avr/4.9.2/../../../../avr/lib/avr5/crtm644.o
 .debug_abbrev  0x0000000000000619       0x12 uzeboxVideoEngineCore.o
 .debug_abbrev  0x000000000000062b      0x32b uzeboxCore.o
 .debug_abbrev  0x0000000000000956      0x35c uzeboxSoundEngine.o
 .debug_abbrev  0x0000000000000cb2       0x12 uzeboxSoundEngineCore.o
 .debug_abbrev  0x0000000000000cc4      0x3da uzeboxVideoEngine.o
 .debug_abbrev  0x000000000000109e      0x603 Iris.o

.debug_line     0x0000000000000000     0x22a1
 *(.debug_line .debug_line.* .debug_line_end)
 .debug_line    0x0000000000000000       0x1d /usr/local/lib/gcc/avr/4.9.2/../../../../avr/lib/avr5/crtm644.o
 .debug_line    0x000000000000001d      0x5bd uzeboxVideoEngineCore.o
 .debug_line    0x00000000000005da      0x2b9 uzeboxCore.o
 .debug_line    0x0000000000000893      0x3d5 uzeboxSoundEngine.o
 .debug_line    0x0000000000000c68      0x1a9 uzeboxSoundEngineCore.o
 .debug_line    0x0000000000000e11      0x4e2 uzeboxVideoEngine.o
 .debug_line    0x00000000000012f3      0xfae Iris.o

.debug_frame    0x0000000000000000     0x162c
 *(.debug_frame)
 .debug_frame   0x0000000000000000      0x1cc uzeboxCore.o
 .debug_frame   0x00000000000001cc      0x274 uzeboxSoundEngine.o
 .debug_frame   0x0000000000000440      0x4d4 uzeboxVideoEngine.o
 .debug_frame   0x0000000000000914      0xd18 Iris.o

.debug_str      0x0000000000000000     0x1de5
 *(.debug_str)
 .debug_str     0x0000000000000000      0x231 /usr/local/lib/gcc/avr/4.9.2/../../../../avr/lib/avr5/crtm644.o
 .debug_str     0x0000000000000231      0x4bd uzeboxCore.o
                                        0x514 (size before relaxing)
 .debug_str     0x00000000000006ee      0x3fd uzeboxSoundEngine.o
                                        0x636 (size before relaxing)
 .debug_str     0x0000000000000aeb      0x359 uzeboxVideoEngine.o
                                        0x56c (size before relaxing)
 .debug_str     0x0000000000000e44      0xfa1 Iris.o
                                       0x13b0 (size before relaxing)

.debug_loc      0x0000000000000000     0x7aa3
 *(.debug_loc)
 .debug_loc     0x0000000000000000      0x9f9 uzeboxCore.o
 .debug_loc     0x00000000000009f9     0x1148 uzeboxSoundEngine.o
 .debug_loc     0x0000000000001b41     0x1bf5 uzeboxVideoEngine.o
 .debug_loc     0x0000000000003736     0x436d Iris.o

.debug_macinfo
 *(.debug_macinfo)

.debug_weaknames
 *(.debug_weaknames)

.debug_funcnames
 *(.debug_funcnames)

.debug_typenames
 *(.debug_typenames)

.debug_varnames
 *(.debug_varnames)

.debug_pubtypes
 *(.debug_pubtypes)

.debug_ranges   0x0000000000000000      0x808
 *(.debug_ranges)
 .debug_ranges  0x0000000000000000       0xf0 uzeboxVideoEngineCore.o
 .debug_ranges  0x00000000000000f0       0x98 uzeboxCore.o
 .debug_ranges  0x0000000000000188      0x130 uzeboxSoundEngine.o
 .debug_ranges  0x00000000000002b8       0x48 uzeboxSoundEngineCore.o
 .debug_ranges  0x0000000000000300      0x148 uzeboxVideoEngine.o
 .debug_ranges  0x0000000000000448      0x3c0 Iris.o

.debug_macro
 *(.debug_macro)
OUTPUT(Iris.elf elf32-avr)
LOAD linker stubs
