Archive member included to satisfy reference by file (symbol)

/usr/local/lib/gcc/avr/4.9.2/avr5/libgcc.a(_udivmodqi4.o)
                              uzeboxVideoEngine.o (__udivmodqi4)
/usr/local/lib/gcc/avr/4.9.2/avr5/libgcc.a(_udivmodhi4.o)
                              uzeboxVideoEngine.o (__udivmodhi4)
/usr/local/lib/gcc/avr/4.9.2/avr5/libgcc.a(_divmodhi4.o)
                              uzeboxSoundEngine.o (__divmodhi4)
/usr/local/lib/gcc/avr/4.9.2/avr5/libgcc.a(_udivmodsi4.o)
                              uzeboxVideoEngine.o (__udivmodsi4)
/usr/local/lib/gcc/avr/4.9.2/avr5/libgcc.a(_exit.o)
                              /usr/local/lib/gcc/avr/4.9.2/../../../../avr/lib/avr5/crtm644.o (exit)
/usr/local/lib/gcc/avr/4.9.2/avr5/libgcc.a(_copy_data.o)
                              uzeboxVideoEngine.o (__do_copy_data)
/usr/local/lib/gcc/avr/4.9.2/avr5/libgcc.a(_clear_bss.o)
                              uzeboxCore.o (__do_clear_bss)
/usr/local/lib/gcc/avr/4.9.2/../../../../avr/lib/avr5/libm.a(addsf3.o)
                              Iris.o (__subsf3)
/usr/local/lib/gcc/avr/4.9.2/../../../../avr/lib/avr5/libm.a(addsf3x.o)
                              /usr/local/lib/gcc/avr/4.9.2/../../../../avr/lib/avr5/libm.a(addsf3.o) (__addsf3x)
/usr/local/lib/gcc/avr/4.9.2/../../../../avr/lib/avr5/libm.a(cmpsf2.o)
                              Iris.o (__eqsf2)
/usr/local/lib/gcc/avr/4.9.2/../../../../avr/lib/avr5/libm.a(fixunssfsi.o)
                              Iris.o (__fixunssfsi)
/usr/local/lib/gcc/avr/4.9.2/../../../../avr/lib/avr5/libm.a(floatsisf.o)
                              Iris.o (__floatunsisf)
/usr/local/lib/gcc/avr/4.9.2/../../../../avr/lib/avr5/libm.a(fp_cmp.o)
                              /usr/local/lib/gcc/avr/4.9.2/../../../../avr/lib/avr5/libm.a(cmpsf2.o) (__fp_cmp)
/usr/local/lib/gcc/avr/4.9.2/../../../../avr/lib/avr5/libm.a(fp_inf.o)
                              /usr/local/lib/gcc/avr/4.9.2/../../../../avr/lib/avr5/libm.a(addsf3x.o) (__fp_inf)
/usr/local/lib/gcc/avr/4.9.2/../../../../avr/lib/avr5/libm.a(fp_nan.o)
                              /usr/local/lib/gcc/avr/4.9.2/../../../../avr/lib/avr5/libm.a(addsf3x.o) (__fp_nan)
/usr/local/lib/gcc/avr/4.9.2/../../../../avr/lib/avr5/libm.a(fp_pscA.o)
                              /usr/local/lib/gcc/avr/4.9.2/../../../../avr/lib/avr5/libm.a(addsf3x.o) (__fp_pscA)
/usr/local/lib/gcc/avr/4.9.2/../../../../avr/lib/avr5/libm.a(fp_pscB.o)
                              /usr/local/lib/gcc/avr/4.9.2/../../../../avr/lib/avr5/libm.a(addsf3x.o) (__fp_pscB)
/usr/local/lib/gcc/avr/4.9.2/../../../../avr/lib/avr5/libm.a(fp_round.o)
                              /usr/local/lib/gcc/avr/4.9.2/../../../../avr/lib/avr5/libm.a(addsf3.o) (__fp_round)
/usr/local/lib/gcc/avr/4.9.2/../../../../avr/lib/avr5/libm.a(fp_split3.o)
                              /usr/local/lib/gcc/avr/4.9.2/../../../../avr/lib/avr5/libm.a(addsf3x.o) (__fp_split3)
/usr/local/lib/gcc/avr/4.9.2/../../../../avr/lib/avr5/libm.a(fp_zero.o)
                              /usr/local/lib/gcc/avr/4.9.2/../../../../avr/lib/avr5/libm.a(addsf3x.o) (__fp_zero)
/usr/local/lib/gcc/avr/4.9.2/../../../../avr/lib/avr5/libm.a(gesf2.o)
                              Iris.o (__gesf2)
/usr/local/lib/gcc/avr/4.9.2/../../../../avr/lib/avr5/libm.a(mulsf3.o)
                              Iris.o (__mulsf3)
/usr/local/lib/gcc/avr/4.9.2/../../../../avr/lib/avr5/libm.a(mulsf3x.o)
                              /usr/local/lib/gcc/avr/4.9.2/../../../../avr/lib/avr5/libm.a(mulsf3.o) (__mulsf3x)

Allocating common symbols
Common symbol       size              file

songStart           0x2               uzeboxSoundEngine.o
font_tiles_map      0x2               Iris.o
tracks              0x73              uzeboxSoundEngine.o
jump_anim           0x2               Iris.o
scores              0x20              Iris.o
fadeSpeed           0x1               uzeboxVideoEngine.o
currDeltaTime       0x2               uzeboxSoundEngine.o
fadeDir             0x1               uzeboxVideoEngine.o
patchPointers       0x2               uzeboxSoundEngine.o
game                0x1f9             Iris.o
lastStatus          0x1               uzeboxSoundEngine.o
joypadsConnectionStatus
                    0x1               uzeboxCore.o
free_tile_index     0x1               uzeboxVideoEngine.o
fadeActive          0x1               uzeboxVideoEngine.o
masterVolume        0x1               uzeboxSoundEngine.o
prone_anim          0x2               Iris.o
nextDeltaTime       0x2               uzeboxSoundEngine.o
spider_anim         0x4               Iris.o
songSpeed           0x1               uzeboxSoundEngine.o
songPos             0x2               uzeboxSoundEngine.o
extendedSprites     0x50              Iris.o
run_anim            0x8               Iris.o
enemy_shot_anim     0x2               Iris.o
loopStart           0x2               uzeboxSoundEngine.o
shot_anim           0x2               Iris.o
step                0x1               uzeboxSoundEngine.o
expl_anim           0x6               Iris.o
currFadeFrame       0x1               uzeboxVideoEngine.o
fadeStep            0x1               uzeboxVideoEngine.o
idle_anim           0x2               Iris.o

Discarded input sections

 .data          0x0000000000000000        0x0 /usr/local/lib/gcc/avr/4.9.2/../../../../avr/lib/avr5/crtm644.o
 .bss           0x0000000000000000        0x0 /usr/local/lib/gcc/avr/4.9.2/../../../../avr/lib/avr5/crtm644.o
 .data          0x0000000000000000        0x0 uzeboxVideoEngineCore.o
 .text.SetSpritesTileBank
                0x0000000000000000       0x12 uzeboxVideoEngineCore.o
 .text.SetFont  0x0000000000000000        0x8 uzeboxVideoEngineCore.o
 .text.SetFontTilesIndex
                0x0000000000000000        0x6 uzeboxVideoEngineCore.o
 .text.GetTile  0x0000000000000000       0x24 uzeboxVideoEngineCore.o
 .text.GetVsyncCounter
                0x0000000000000000        0xa uzeboxVideoEngineCore.o
 .text.ClearVsyncCounter
                0x0000000000000000        0xa uzeboxVideoEngineCore.o
 .text.SetUserPreVsyncCallback
                0x0000000000000000        0xa uzeboxVideoEngineCore.o
 .text.SetUserPostVsyncCallback
                0x0000000000000000        0xa uzeboxVideoEngineCore.o
 .text.IsRunningInEmulator
                0x0000000000000000       0x12 uzeboxVideoEngineCore.o
 .text.WaitClocks
                0x0000000000000000        0x6 uzeboxVideoEngineCore.o
 .text.SetLedOn
                0x0000000000000000        0x4 uzeboxVideoEngineCore.o
 .text.SetLedOff
                0x0000000000000000        0x4 uzeboxVideoEngineCore.o
 .text.ToggleLed
                0x0000000000000000        0x4 uzeboxVideoEngineCore.o
 .text.internal_spi_byte
                0x0000000000000000        0xe uzeboxVideoEngineCore.o
 .text.GetTrueRandomSeed
                0x0000000000000000        0xa uzeboxVideoEngineCore.o
 .text          0x0000000000000000        0x0 uzeboxCore.o
 .data          0x0000000000000000        0x0 uzeboxCore.o
 .bss           0x0000000000000000        0x2 uzeboxCore.o
 .text.SetRenderingParameters
                0x0000000000000000        0xa uzeboxCore.o
 .text.DetectControllers
                0x0000000000000000       0x36 uzeboxCore.o
 .text.FormatEeprom2
                0x0000000000000000       0x98 uzeboxCore.o
 .text.IsPowerSwitchPressed
                0x0000000000000000        0xe uzeboxCore.o
 .text.EepromReadBlock
                0x0000000000000000       0x66 uzeboxCore.o
 .text.GetPrngNumber
                0x0000000000000000       0x5c uzeboxCore.o
 .text          0x0000000000000000        0x0 uzeboxSoundEngine.o
 .data          0x0000000000000000        0x0 uzeboxSoundEngine.o
 .text.ResumeSong
                0x0000000000000000        0x8 uzeboxSoundEngine.o
 .text.SetSongSpeed
                0x0000000000000000        0x6 uzeboxSoundEngine.o
 .text.GetSongSpeed
                0x0000000000000000        0x6 uzeboxSoundEngine.o
 .text.GetMasterVolume
                0x0000000000000000        0x6 uzeboxSoundEngine.o
 .data          0x0000000000000000        0x0 uzeboxSoundEngineCore.o
 .text.SetMixerNoiseParams
                0x0000000000000000       0x10 uzeboxSoundEngineCore.o
 .text.SetMixerVolume
                0x0000000000000000       0x16 uzeboxSoundEngineCore.o
 .text.EnableSoundEngine
                0x0000000000000000        0x8 uzeboxSoundEngineCore.o
 .text          0x0000000000000000        0x0 uzeboxVideoEngine.o
 .text.SetUserRamTilesCount
                0x0000000000000000        0x6 uzeboxVideoEngine.o
 .text.GetUserRamTile
                0x0000000000000000        0xe uzeboxVideoEngine.o
 .text.SetSpriteVisibility
                0x0000000000000000        0x6 uzeboxVideoEngine.o
 .text.SetScrolling
                0x0000000000000000       0x28 uzeboxVideoEngine.o
 .text.MapSprite
                0x0000000000000000       0x80 uzeboxVideoEngine.o
 .text.MapSprite2
                0x0000000000000000       0xa4 uzeboxVideoEngine.o
 .text.MoveSprite
                0x0000000000000000       0x7c uzeboxVideoEngine.o
 .text.PrintLong
                0x0000000000000000       0x8a uzeboxVideoEngine.o
 .text.PrintByte
                0x0000000000000000       0x66 uzeboxVideoEngine.o
 .text.PrintInt
                0x0000000000000000       0x70 uzeboxVideoEngine.o
 .text.PrintBinaryByte
                0x0000000000000000       0x36 uzeboxVideoEngine.o
 .text.PrintHexByte
                0x0000000000000000       0x40 uzeboxVideoEngine.o
 .text.PrintHexInt
                0x0000000000000000       0x24 uzeboxVideoEngine.o
 .text.PrintHexLong
                0x0000000000000000       0x5e uzeboxVideoEngine.o
 .text.Print    0x0000000000000000       0x36 uzeboxVideoEngine.o
 .text.PrintRam
                0x0000000000000000       0x36 uzeboxVideoEngine.o
 .text.PrintChar
                0x0000000000000000        0x6 uzeboxVideoEngine.o
 .text.Fill     0x0000000000000000       0x6e uzeboxVideoEngine.o
 .text.FontFill
                0x0000000000000000       0x6c uzeboxVideoEngine.o
 .text          0x0000000000000000        0x0 Iris.o
 .text.LBGetNextFrameReverse
                0x0000000000000000       0x60 Iris.o
 .text.LBCopyChars
                0x0000000000000000       0x18 Iris.o
 .text.LBSetFontTilesMap
                0x0000000000000000        0xa Iris.o
 .text.LBPrintStr
                0x0000000000000000       0x62 Iris.o
 .text.LBRandom
                0x0000000000000000       0x6a Iris.o
 .text.load_eeprom
                0x0000000000000000       0x24 Iris.o
 .text.save_eeprom
                0x0000000000000000        0x4 Iris.o
 .text.render_level_tile
                0x0000000000000000        0xe Iris.o
 .text.get_camera_x
                0x0000000000000000        0x4 Iris.o
 .text.get_camera_y
                0x0000000000000000        0x4 Iris.o
 .text.get_hero_spawn_x
                0x0000000000000000        0x4 Iris.o
 .text.get_hero_spawn_y
                0x0000000000000000        0x4 Iris.o
 .text          0x0000000000000000        0x0 /usr/local/lib/gcc/avr/4.9.2/avr5/libgcc.a(_udivmodqi4.o)
 .data          0x0000000000000000        0x0 /usr/local/lib/gcc/avr/4.9.2/avr5/libgcc.a(_udivmodqi4.o)
 .bss           0x0000000000000000        0x0 /usr/local/lib/gcc/avr/4.9.2/avr5/libgcc.a(_udivmodqi4.o)
 .text.libgcc.mul
                0x0000000000000000        0x0 /usr/local/lib/gcc/avr/4.9.2/avr5/libgcc.a(_udivmodqi4.o)
 .text.libgcc   0x0000000000000000        0x0 /usr/local/lib/gcc/avr/4.9.2/avr5/libgcc.a(_udivmodqi4.o)
 .text.libgcc.prologue
                0x0000000000000000        0x0 /usr/local/lib/gcc/avr/4.9.2/avr5/libgcc.a(_udivmodqi4.o)
 .text.libgcc.builtins
                0x0000000000000000        0x0 /usr/local/lib/gcc/avr/4.9.2/avr5/libgcc.a(_udivmodqi4.o)
 .text.libgcc.fmul
                0x0000000000000000        0x0 /usr/local/lib/gcc/avr/4.9.2/avr5/libgcc.a(_udivmodqi4.o)
 .text.libgcc.fixed
                0x0000000000000000        0x0 /usr/local/lib/gcc/avr/4.9.2/avr5/libgcc.a(_udivmodqi4.o)
 .text          0x0000000000000000        0x0 /usr/local/lib/gcc/avr/4.9.2/avr5/libgcc.a(_udivmodhi4.o)
 .data          0x0000000000000000        0x0 /usr/local/lib/gcc/avr/4.9.2/avr5/libgcc.a(_udivmodhi4.o)
 .bss           0x0000000000000000        0x0 /usr/local/lib/gcc/avr/4.9.2/avr5/libgcc.a(_udivmodhi4.o)
 .text.libgcc.mul
                0x0000000000000000        0x0 /usr/local/lib/gcc/avr/4.9.2/avr5/libgcc.a(_udivmodhi4.o)
 .text.libgcc   0x0000000000000000        0x0 /usr/local/lib/gcc/avr/4.9.2/avr5/libgcc.a(_udivmodhi4.o)
 .text.libgcc.prologue
                0x0000000000000000        0x0 /usr/local/lib/gcc/avr/4.9.2/avr5/libgcc.a(_udivmodhi4.o)
 .text.libgcc.builtins
                0x0000000000000000        0x0 /usr/local/lib/gcc/avr/4.9.2/avr5/libgcc.a(_udivmodhi4.o)
 .text.libgcc.fmul
                0x0000000000000000        0x0 /usr/local/lib/gcc/avr/4.9.2/avr5/libgcc.a(_udivmodhi4.o)
 .text.libgcc.fixed
                0x0000000000000000        0x0 /usr/local/lib/gcc/avr/4.9.2/avr5/libgcc.a(_udivmodhi4.o)
 .text          0x0000000000000000        0x0 /usr/local/lib/gcc/avr/4.9.2/avr5/libgcc.a(_divmodhi4.o)
 .data          0x0000000000000000        0x0 /usr/local/lib/gcc/avr/4.9.2/avr5/libgcc.a(_divmodhi4.o)
 .bss           0x0000000000000000        0x0 /usr/local/lib/gcc/avr/4.9.2/avr5/libgcc.a(_divmodhi4.o)
 .text.libgcc.mul
                0x0000000000000000        0x0 /usr/local/lib/gcc/avr/4.9.2/avr5/libgcc.a(_divmodhi4.o)
 .text.libgcc   0x0000000000000000        0x0 /usr/local/lib/gcc/avr/4.9.2/avr5/libgcc.a(_divmodhi4.o)
 .text.libgcc.prologue
                0x0000000000000000        0x0 /usr/local/lib/gcc/avr/4.9.2/avr5/libgcc.a(_divmodhi4.o)
 .text.libgcc.builtins
                0x0000000000000000        0x0 /usr/local/lib/gcc/avr/4.9.2/avr5/libgcc.a(_divmodhi4.o)
 .text.libgcc.fmul
                0x0000000000000000        0x0 /usr/local/lib/gcc/avr/4.9.2/avr5/libgcc.a(_divmodhi4.o)
 .text.libgcc.fixed
                0x0000000000000000        0x0 /usr/local/lib/gcc/avr/4.9.2/avr5/libgcc.a(_divmodhi4.o)
 .text          0x0000000000000000        0x0 /usr/local/lib/gcc/avr/4.9.2/avr5/libgcc.a(_udivmodsi4.o)
 .data          0x0000000000000000        0x0 /usr/local/lib/gcc/avr/4.9.2/avr5/libgcc.a(_udivmodsi4.o)
 .bss           0x0000000000000000        0x0 /usr/local/lib/gcc/avr/4.9.2/avr5/libgcc.a(_udivmodsi4.o)
 .stab          0x0000000000000000      0x228 /usr/local/lib/gcc/avr/4.9.2/avr5/libgcc.a(_udivmodsi4.o)
                                        0x234 (size before relaxing)
 .text.libgcc.mul
                0x0000000000000000        0x0 /usr/local/lib/gcc/avr/4.9.2/avr5/libgcc.a(_udivmodsi4.o)
 .text.libgcc.div
                0x0000000000000000       0x44 /usr/local/lib/gcc/avr/4.9.2/avr5/libgcc.a(_udivmodsi4.o)
 .text.libgcc   0x0000000000000000        0x0 /usr/local/lib/gcc/avr/4.9.2/avr5/libgcc.a(_udivmodsi4.o)
 .text.libgcc.prologue
                0x0000000000000000        0x0 /usr/local/lib/gcc/avr/4.9.2/avr5/libgcc.a(_udivmodsi4.o)
 .text.libgcc.builtins
                0x0000000000000000        0x0 /usr/local/lib/gcc/avr/4.9.2/avr5/libgcc.a(_udivmodsi4.o)
 .text.libgcc.fmul
                0x0000000000000000        0x0 /usr/local/lib/gcc/avr/4.9.2/avr5/libgcc.a(_udivmodsi4.o)
 .text.libgcc.fixed
                0x0000000000000000        0x0 /usr/local/lib/gcc/avr/4.9.2/avr5/libgcc.a(_udivmodsi4.o)
 .text          0x0000000000000000        0x0 /usr/local/lib/gcc/avr/4.9.2/avr5/libgcc.a(_exit.o)
 .data          0x0000000000000000        0x0 /usr/local/lib/gcc/avr/4.9.2/avr5/libgcc.a(_exit.o)
 .bss           0x0000000000000000        0x0 /usr/local/lib/gcc/avr/4.9.2/avr5/libgcc.a(_exit.o)
 .text.libgcc.mul
                0x0000000000000000        0x0 /usr/local/lib/gcc/avr/4.9.2/avr5/libgcc.a(_exit.o)
 .text.libgcc.div
                0x0000000000000000        0x0 /usr/local/lib/gcc/avr/4.9.2/avr5/libgcc.a(_exit.o)
 .text.libgcc   0x0000000000000000        0x0 /usr/local/lib/gcc/avr/4.9.2/avr5/libgcc.a(_exit.o)
 .text.libgcc.prologue
                0x0000000000000000        0x0 /usr/local/lib/gcc/avr/4.9.2/avr5/libgcc.a(_exit.o)
 .text.libgcc.builtins
                0x0000000000000000        0x0 /usr/local/lib/gcc/avr/4.9.2/avr5/libgcc.a(_exit.o)
 .text.libgcc.fmul
                0x0000000000000000        0x0 /usr/local/lib/gcc/avr/4.9.2/avr5/libgcc.a(_exit.o)
 .text.libgcc.fixed
                0x0000000000000000        0x0 /usr/local/lib/gcc/avr/4.9.2/avr5/libgcc.a(_exit.o)
 .text          0x0000000000000000        0x0 /usr/local/lib/gcc/avr/4.9.2/avr5/libgcc.a(_copy_data.o)
 .data          0x0000000000000000        0x0 /usr/local/lib/gcc/avr/4.9.2/avr5/libgcc.a(_copy_data.o)
 .bss           0x0000000000000000        0x0 /usr/local/lib/gcc/avr/4.9.2/avr5/libgcc.a(_copy_data.o)
 .text.libgcc.mul
                0x0000000000000000        0x0 /usr/local/lib/gcc/avr/4.9.2/avr5/libgcc.a(_copy_data.o)
 .text.libgcc.div
                0x0000000000000000        0x0 /usr/local/lib/gcc/avr/4.9.2/avr5/libgcc.a(_copy_data.o)
 .text.libgcc   0x0000000000000000        0x0 /usr/local/lib/gcc/avr/4.9.2/avr5/libgcc.a(_copy_data.o)
 .text.libgcc.prologue
                0x0000000000000000        0x0 /usr/local/lib/gcc/avr/4.9.2/avr5/libgcc.a(_copy_data.o)
 .text.libgcc.builtins
                0x0000000000000000        0x0 /usr/local/lib/gcc/avr/4.9.2/avr5/libgcc.a(_copy_data.o)
 .text.libgcc.fmul
                0x0000000000000000        0x0 /usr/local/lib/gcc/avr/4.9.2/avr5/libgcc.a(_copy_data.o)
 .text.libgcc.fixed
                0x0000000000000000        0x0 /usr/local/lib/gcc/avr/4.9.2/avr5/libgcc.a(_copy_data.o)
 .text          0x0000000000000000        0x0 /usr/local/lib/gcc/avr/4.9.2/avr5/libgcc.a(_clear_bss.o)
 .data          0x0000000000000000        0x0 /usr/local/lib/gcc/avr/4.9.2/avr5/libgcc.a(_clear_bss.o)
 .bss           0x0000000000000000        0x0 /usr/local/lib/gcc/avr/4.9.2/avr5/libgcc.a(_clear_bss.o)
 .text.libgcc.mul
                0x0000000000000000        0x0 /usr/local/lib/gcc/avr/4.9.2/avr5/libgcc.a(_clear_bss.o)
 .text.libgcc.div
                0x0000000000000000        0x0 /usr/local/lib/gcc/avr/4.9.2/avr5/libgcc.a(_clear_bss.o)
 .text.libgcc   0x0000000000000000        0x0 /usr/local/lib/gcc/avr/4.9.2/avr5/libgcc.a(_clear_bss.o)
 .text.libgcc.prologue
                0x0000000000000000        0x0 /usr/local/lib/gcc/avr/4.9.2/avr5/libgcc.a(_clear_bss.o)
 .text.libgcc.builtins
                0x0000000000000000        0x0 /usr/local/lib/gcc/avr/4.9.2/avr5/libgcc.a(_clear_bss.o)
 .text.libgcc.fmul
                0x0000000000000000        0x0 /usr/local/lib/gcc/avr/4.9.2/avr5/libgcc.a(_clear_bss.o)
 .text.libgcc.fixed
                0x0000000000000000        0x0 /usr/local/lib/gcc/avr/4.9.2/avr5/libgcc.a(_clear_bss.o)
 .text          0x0000000000000000        0x0 /usr/local/lib/gcc/avr/4.9.2/../../../../avr/lib/avr5/libm.a(addsf3.o)
 .data          0x0000000000000000        0x0 /usr/local/lib/gcc/avr/4.9.2/../../../../avr/lib/avr5/libm.a(addsf3.o)
 .bss           0x0000000000000000        0x0 /usr/local/lib/gcc/avr/4.9.2/../../../../avr/lib/avr5/libm.a(addsf3.o)
 .text          0x0000000000000000        0x0 /usr/local/lib/gcc/avr/4.9.2/../../../../avr/lib/avr5/libm.a(addsf3x.o)
 .data          0x0000000000000000        0x0 /usr/local/lib/gcc/avr/4.9.2/../../../../avr/lib/avr5/libm.a(addsf3x.o)
 .bss           0x0000000000000000        0x0 /usr/local/lib/gcc/avr/4.9.2/../../../../avr/lib/avr5/libm.a(addsf3x.o)
 .text          0x0000000000000000        0x0 /usr/local/lib/gcc/avr/4.9.2/../../../../avr/lib/avr5/libm.a(cmpsf2.o)
 .data          0x0000000000000000        0x0 /usr/local/lib/gcc/avr/4.9.2/../../../../avr/lib/avr5/libm.a(cmpsf2.o)
 .bss           0x0000000000000000        0x0 /usr/local/lib/gcc/avr/4.9.2/../../../../avr/lib/avr5/libm.a(cmpsf2.o)
 .text          0x0000000000000000        0x0 /usr/local/lib/gcc/avr/4.9.2/../../../../avr/lib/avr5/libm.a(fixunssfsi.o)
 .data          0x0000000000000000        0x0 /usr/local/lib/gcc/avr/4.9.2/../../../../avr/lib/avr5/libm.a(fixunssfsi.o)
 .bss           0x0000000000000000        0x0 /usr/local/lib/gcc/avr/4.9.2/../../../../avr/lib/avr5/libm.a(fixunssfsi.o)
 .text          0x0000000000000000        0x0 /usr/local/lib/gcc/avr/4.9.2/../../../../avr/lib/avr5/libm.a(floatsisf.o)
 .data          0x0000000000000000        0x0 /usr/local/lib/gcc/avr/4.9.2/../../../../avr/lib/avr5/libm.a(floatsisf.o)
 .bss           0x0000000000000000        0x0 /usr/local/lib/gcc/avr/4.9.2/../../../../avr/lib/avr5/libm.a(floatsisf.o)
 .text          0x0000000000000000        0x0 /usr/local/lib/gcc/avr/4.9.2/../../../../avr/lib/avr5/libm.a(fp_cmp.o)
 .data          0x0000000000000000        0x0 /usr/local/lib/gcc/avr/4.9.2/../../../../avr/lib/avr5/libm.a(fp_cmp.o)
 .bss           0x0000000000000000        0x0 /usr/local/lib/gcc/avr/4.9.2/../../../../avr/lib/avr5/libm.a(fp_cmp.o)
 .text          0x0000000000000000        0x0 /usr/local/lib/gcc/avr/4.9.2/../../../../avr/lib/avr5/libm.a(fp_inf.o)
 .data          0x0000000000000000        0x0 /usr/local/lib/gcc/avr/4.9.2/../../../../avr/lib/avr5/libm.a(fp_inf.o)
 .bss           0x0000000000000000        0x0 /usr/local/lib/gcc/avr/4.9.2/../../../../avr/lib/avr5/libm.a(fp_inf.o)
 .text          0x0000000000000000        0x0 /usr/local/lib/gcc/avr/4.9.2/../../../../avr/lib/avr5/libm.a(fp_nan.o)
 .data          0x0000000000000000        0x0 /usr/local/lib/gcc/avr/4.9.2/../../../../avr/lib/avr5/libm.a(fp_nan.o)
 .bss           0x0000000000000000        0x0 /usr/local/lib/gcc/avr/4.9.2/../../../../avr/lib/avr5/libm.a(fp_nan.o)
 .text          0x0000000000000000        0x0 /usr/local/lib/gcc/avr/4.9.2/../../../../avr/lib/avr5/libm.a(fp_pscA.o)
 .data          0x0000000000000000        0x0 /usr/local/lib/gcc/avr/4.9.2/../../../../avr/lib/avr5/libm.a(fp_pscA.o)
 .bss           0x0000000000000000        0x0 /usr/local/lib/gcc/avr/4.9.2/../../../../avr/lib/avr5/libm.a(fp_pscA.o)
 .text          0x0000000000000000        0x0 /usr/local/lib/gcc/avr/4.9.2/../../../../avr/lib/avr5/libm.a(fp_pscB.o)
 .data          0x0000000000000000        0x0 /usr/local/lib/gcc/avr/4.9.2/../../../../avr/lib/avr5/libm.a(fp_pscB.o)
 .bss           0x0000000000000000        0x0 /usr/local/lib/gcc/avr/4.9.2/../../../../avr/lib/avr5/libm.a(fp_pscB.o)
 .text          0x0000000000000000        0x0 /usr/local/lib/gcc/avr/4.9.2/../../../../avr/lib/avr5/libm.a(fp_round.o)
 .data          0x0000000000000000        0x0 /usr/local/lib/gcc/avr/4.9.2/../../../../avr/lib/avr5/libm.a(fp_round.o)
 .bss           0x0000000000000000        0x0 /usr/local/lib/gcc/avr/4.9.2/../../../../avr/lib/avr5/libm.a(fp_round.o)
 .text          0x0000000000000000        0x0 /usr/local/lib/gcc/avr/4.9.2/../../../../avr/lib/avr5/libm.a(fp_split3.o)
 .data          0x0000000000000000        0x0 /usr/local/lib/gcc/avr/4.9.2/../../../../avr/lib/avr5/libm.a(fp_split3.o)
 .bss           0x0000000000000000        0x0 /usr/local/lib/gcc/avr/4.9.2/../../../../avr/lib/avr5/libm.a(fp_split3.o)
 .text          0x0000000000000000        0x0 /usr/local/lib/gcc/avr/4.9.2/../../../../avr/lib/avr5/libm.a(fp_zero.o)
 .data          0x0000000000000000        0x0 /usr/local/lib/gcc/avr/4.9.2/../../../../avr/lib/avr5/libm.a(fp_zero.o)
 .bss           0x0000000000000000        0x0 /usr/local/lib/gcc/avr/4.9.2/../../../../avr/lib/avr5/libm.a(fp_zero.o)
 .text          0x0000000000000000        0x0 /usr/local/lib/gcc/avr/4.9.2/../../../../avr/lib/avr5/libm.a(gesf2.o)
 .data          0x0000000000000000        0x0 /usr/local/lib/gcc/avr/4.9.2/../../../../avr/lib/avr5/libm.a(gesf2.o)
 .bss           0x0000000000000000        0x0 /usr/local/lib/gcc/avr/4.9.2/../../../../avr/lib/avr5/libm.a(gesf2.o)
 .text          0x0000000000000000        0x0 /usr/local/lib/gcc/avr/4.9.2/../../../../avr/lib/avr5/libm.a(mulsf3.o)
 .data          0x0000000000000000        0x0 /usr/local/lib/gcc/avr/4.9.2/../../../../avr/lib/avr5/libm.a(mulsf3.o)
 .bss           0x0000000000000000        0x0 /usr/local/lib/gcc/avr/4.9.2/../../../../avr/lib/avr5/libm.a(mulsf3.o)
 .text          0x0000000000000000        0x0 /usr/local/lib/gcc/avr/4.9.2/../../../../avr/lib/avr5/libm.a(mulsf3x.o)
 .data          0x0000000000000000        0x0 /usr/local/lib/gcc/avr/4.9.2/../../../../avr/lib/avr5/libm.a(mulsf3x.o)
 .bss           0x0000000000000000        0x0 /usr/local/lib/gcc/avr/4.9.2/../../../../avr/lib/avr5/libm.a(mulsf3x.o)

Memory Configuration

Name             Origin             Length             Attributes
text             0x0000000000000000 0x0000000000020000 xr
data             0x0000000000800060 0x000000000000ffa0 rw !x
eeprom           0x0000000000810000 0x0000000000010000 rw !x
fuse             0x0000000000820000 0x0000000000000400 rw !x
lock             0x0000000000830000 0x0000000000000400 rw !x
signature        0x0000000000840000 0x0000000000000400 rw !x
*default*        0x0000000000000000 0xffffffffffffffff

Linker script and memory map

Address of section .data set to 0x800100
LOAD /usr/local/lib/gcc/avr/4.9.2/../../../../avr/lib/avr5/crtm644.o
Address of section .noinit set to 0x800100
Address of section .data set to 0x800500
LOAD uzeboxVideoEngineCore.o
LOAD uzeboxCore.o
LOAD uzeboxSoundEngine.o
LOAD uzeboxSoundEngineCore.o
LOAD uzeboxVideoEngine.o
LOAD Iris.o
START GROUP
LOAD /usr/local/lib/gcc/avr/4.9.2/avr5/libgcc.a
LOAD /usr/local/lib/gcc/avr/4.9.2/../../../../avr/lib/avr5/libm.a
LOAD /usr/local/lib/gcc/avr/4.9.2/../../../../avr/lib/avr5/libc.a
END GROUP

.hash
 *(.hash)

.dynsym
 *(.dynsym)

.dynstr
 *(.dynstr)

.gnu.version
 *(.gnu.version)

.gnu.version_d
 *(.gnu.version_d)

.gnu.version_r
 *(.gnu.version_r)

.rel.init
 *(.rel.init)

.rela.init
 *(.rela.init)

.rel.text
 *(.rel.text)
 *(.rel.text.*)
 *(.rel.gnu.linkonce.t*)

.rela.text
 *(.rela.text)
 *(.rela.text.*)
 *(.rela.gnu.linkonce.t*)

.rel.fini
 *(.rel.fini)

.rela.fini
 *(.rela.fini)

.rel.rodata
 *(.rel.rodata)
 *(.rel.rodata.*)
 *(.rel.gnu.linkonce.r*)

.rela.rodata
 *(.rela.rodata)
 *(.rela.rodata.*)
 *(.rela.gnu.linkonce.r*)

.rel.data
 *(.rel.data)
 *(.rel.data.*)
 *(.rel.gnu.linkonce.d*)

.rela.data
 *(.rela.data)
 *(.rela.data.*)
 *(.rela.gnu.linkonce.d*)

.rel.ctors
 *(.rel.ctors)

.rela.ctors
 *(.rela.ctors)

.rel.dtors
 *(.rel.dtors)

.rela.dtors
 *(.rela.dtors)

.rel.got
 *(.rel.got)

.rela.got
 *(.rela.got)

.rel.bss
 *(.rel.bss)

.rela.bss
 *(.rela.bss)

.rel.plt
 *(.rel.plt)

.rela.plt
 *(.rela.plt)

.text           0x0000000000000000     0x996e
 *(.vectors)
 .vectors       0x0000000000000000       0x70 /usr/local/lib/gcc/avr/4.9.2/../../../../avr/lib/avr5/crtm644.o
                0x0000000000000000                __vectors
                0x0000000000000000                __vector_default
 *(.vectors)
 *(.progmem.gcc*)
                0x0000000000000070                . = ALIGN (0x2)
                0x0000000000000070                __trampolines_start = .
 *(.trampolines)
 .trampolines   0x0000000000000070        0x0 linker stubs
 *(.trampolines*)
                0x0000000000000070                __trampolines_end = .
 *(.progmem*)
 .progmem.data  0x0000000000000070       0x4e uzeboxCore.o
                0x0000000000000070                io_table
                0x000000000000009e                eeprom_format_table
 .progmem.data  0x00000000000000be       0x1e uzeboxSoundEngine.o
                0x00000000000000be                patchCommands
 .progmem.data  0x00000000000000dc      0x853 uzeboxVideoEngine.o
                0x00000000000000dc                fader
                0x00000000000000e8                map_uzeboxlogo2
                0x00000000000000f9                map_uzeboxlogo
                0x000000000000010f                logo_tileset
                0x000000000000090f                logoInitPatches
                0x0000000000000918                initPatch
 .progmem.data  0x000000000000092f     0x39d9 Iris.o
                0x000000000000092f                default_scores
                0x000000000000094d                strLevels
                0x000000000000095b                strPaused
                0x0000000000000962                strExit
                0x000000000000096e                strTime
                0x0000000000000974                strLives
                0x000000000000097b                strShield
                0x0000000000000983                strScore
                0x000000000000098a                strSelectHandle
                0x000000000000098b                strHighscores
                0x0000000000000997                str1Player
                0x000000000000099d                strMusic
                0x00000000000009b5                strCopyright
                0x00000000000009ca                spacesong
                0x000000000000106a                planetsong
                0x0000000000001b3c                my_patches
                0x0000000000001b7b                explode
                0x0000000000001c4c                pshoot
                0x0000000000001ca2                navigate
                0x0000000000001cb3                instrument
                0x0000000000001cbb                sprites_data
                0x00000000000029bb                map_enemy_spider_1
                0x00000000000029be                map_enemy_spider_0
                0x00000000000029c1                map_enemy_shark
                0x00000000000029c4                map_enemy_shot
                0x00000000000029c7                map_hero_shot
                0x00000000000029ca                map_hero_ship_large
                0x00000000000029d4                map_hero_ship_1
                0x00000000000029d9                map_hero_ship_0
                0x00000000000029de                map_hero_prone
                0x00000000000029e3                map_hero_jump
                0x00000000000029eb                map_hero_step_3
                0x00000000000029f3                map_hero_step_2
                0x00000000000029fb                map_hero_step_1
                0x0000000000002a03                map_hero_step_0
                0x0000000000002a0b                map_hero_idle
                0x0000000000002a13                map_explosion_2
                0x0000000000002a16                map_explosion_1
                0x0000000000002a19                map_explosion_0
                0x0000000000002a1c                map_meteor
                0x0000000000002a1f                map_up_arrow
                0x0000000000002a22                map_down_arrow
                0x0000000000002a25                map_right_arrow
                0x0000000000002a28                map_none
                0x0000000000002a2b                map_level_0
                0x00000000000030ab                tiles_data
                0x000000000000426b                map_font
                0x0000000000004292                map_star
                0x0000000000004295                map_ice_moon
                0x00000000000042a0                map_ice_cloud
                0x00000000000042a3                map_ice_far
                0x00000000000042a6                map_ice_sky
                0x00000000000042a9                map_ice_horizon
                0x00000000000042ac                map_ice_bottom
                0x00000000000042af                map_ice_right
                0x00000000000042b2                map_ice_middle
                0x00000000000042b5                map_ice_left
                0x00000000000042b8                map_splash
                0x0000000000004305                map_tile_none
                0x0000000000004308                . = ALIGN (0x2)
 *(.jumptables)
 *(.jumptables*)
 *(.lowtext)
 *(.lowtext*)
                0x0000000000004308                __ctors_start = .
 *(.ctors)
                0x0000000000004308                __ctors_end = .
                0x0000000000004308                __dtors_start = .
 *(.dtors)
                0x0000000000004308                __dtors_end = .
 SORT(*)(.ctors)
 SORT(*)(.dtors)
 *(.init0)
 .init0         0x0000000000004308        0x0 /usr/local/lib/gcc/avr/4.9.2/../../../../avr/lib/avr5/crtm644.o
                0x0000000000004308                __init
 *(.init0)
 *(.init1)
 *(.init1)
 *(.init2)
 .init2         0x0000000000004308        0xc /usr/local/lib/gcc/avr/4.9.2/../../../../avr/lib/avr5/crtm644.o
 *(.init2)
 *(.init3)
 *(.init3)
 *(.init4)
 .init4         0x0000000000004314       0x16 /usr/local/lib/gcc/avr/4.9.2/avr5/libgcc.a(_copy_data.o)
                0x0000000000004314                __do_copy_data
 .init4         0x000000000000432a       0x10 /usr/local/lib/gcc/avr/4.9.2/avr5/libgcc.a(_clear_bss.o)
                0x000000000000432a                __do_clear_bss
 *(.init4)
 *(.init5)
 *(.init5)
 *(.init6)
 *(.init6)
 *(.init7)
 .init7         0x000000000000433a       0x16 uzeboxCore.o
                0x000000000000433a                wdt_init
 *(.init7)
 *(.init8)
 .init8         0x0000000000004350       0x82 uzeboxCore.o
                0x0000000000004350                Initialize
 *(.init8)
 *(.init9)
 .init9         0x00000000000043d2        0x8 /usr/local/lib/gcc/avr/4.9.2/../../../../avr/lib/avr5/crtm644.o
 *(.init9)
 *(.text)
 .text          0x00000000000043da        0x4 /usr/local/lib/gcc/avr/4.9.2/../../../../avr/lib/avr5/crtm644.o
                0x00000000000043da                __vector_20
                0x00000000000043da                __vector_1
                0x00000000000043da                __vector_24
                0x00000000000043da                __vector_12
                0x00000000000043da                __bad_interrupt
                0x00000000000043da                __vector_6
                0x00000000000043da                __vector_3
                0x00000000000043da                __vector_23
                0x00000000000043da                __vector_25
                0x00000000000043da                __vector_11
                0x00000000000043da                __vector_17
                0x00000000000043da                __vector_19
                0x00000000000043da                __vector_7
                0x00000000000043da                __vector_27
                0x00000000000043da                __vector_5
                0x00000000000043da                __vector_4
                0x00000000000043da                __vector_9
                0x00000000000043da                __vector_2
                0x00000000000043da                __vector_21
                0x00000000000043da                __vector_15
                0x00000000000043da                __vector_26
                0x00000000000043da                __vector_10
                0x00000000000043da                __vector_16
                0x00000000000043da                __vector_18
                0x00000000000043da                __vector_22
 .text          0x00000000000043de      0x868 uzeboxVideoEngineCore.o
                0x0000000000004746                CopyFlashTile
                0x0000000000004864                CopyRamTile
                0x000000000000497e                BlitSprite
                0x0000000000004a62                __vector_13
                0x0000000000004ae2                __vector_14
 .text          0x0000000000004c46      0x180 uzeboxSoundEngineCore.o
                0x0000000000004c46                process_music
                0x0000000000004c52                update_sound
                0x0000000000004dc6                . = ALIGN (0x2)
 *(.text.*)
 .text.SetSpritesTileTable
                0x0000000000004dc6        0xa uzeboxVideoEngineCore.o
                0x0000000000004dc6                SetSpritesTileTable
 .text.ClearVram
                0x0000000000004dd0       0x14 uzeboxVideoEngineCore.o
                0x0000000000004dd0                ClearVram
 .text.SetTile  0x0000000000004de4       0x22 uzeboxVideoEngineCore.o
                0x0000000000004de4                SetTile
 .text.SetTileTable
                0x0000000000004e06        0xa uzeboxVideoEngineCore.o
                0x0000000000004e06                SetTileTable
 .text.GetVsyncFlag
                0x0000000000004e10        0x8 uzeboxVideoEngineCore.o
                0x0000000000004e10                GetVsyncFlag
 .text.ClearVsyncFlag
                0x0000000000004e18        0xc uzeboxVideoEngineCore.o
                0x0000000000004e18                ClearVsyncFlag
 .text.ReadJoypad
                0x0000000000004e24       0x18 uzeboxVideoEngineCore.o
                0x0000000000004e24                ReadJoypad
 .text.WaitUs   0x0000000000004e3c        0xe uzeboxVideoEngineCore.o
                0x0000000000004e3c                WaitUs
 .text.WriteEeprom
                0x0000000000004e4a       0x14 uzeboxVideoEngineCore.o
                0x0000000000004e4a                WriteEeprom
 .text.ReadEeprom
                0x0000000000004e5e       0x12 uzeboxVideoEngineCore.o
                0x0000000000004e5e                ReadEeprom
 .text.wdt_randomize
                0x0000000000004e70       0x50 uzeboxVideoEngineCore.o
                0x0000000000004e70                wdt_randomize
 .text.__vector_8
                0x0000000000004ec0       0x44 uzeboxVideoEngineCore.o
                0x0000000000004ec0                __vector_8
 .text.SoftReset
                0x0000000000004f04       0x16 uzeboxCore.o
                0x0000000000004f04                SoftReset
 .text.ReadButtons
                0x0000000000004f1a       0x6c uzeboxCore.o
                0x0000000000004f1a                ReadButtons
 .text.ReadControllers
                0x0000000000004f86       0x20 uzeboxCore.o
                0x0000000000004f86                ReadControllers
 .text.FormatEeprom
                0x0000000000004fa6       0x44 uzeboxCore.o
                0x0000000000004fa6                FormatEeprom
 .text.isEepromFormatted
                0x0000000000004fea       0x2e uzeboxCore.o
                0x0000000000004fea                isEepromFormatted
 .text.EepromBlockExists
                0x0000000000005018       0xa4 uzeboxCore.o
                0x0000000000005018                EepromBlockExists
 .text.EepromWriteBlock
                0x00000000000050bc       0x94 uzeboxCore.o
                0x00000000000050bc                EepromWriteBlock
 .text.PatchCommand00
                0x0000000000005150        0x6 uzeboxSoundEngine.o
                0x0000000000005150                PatchCommand00
 .text.PatchCommand01
                0x0000000000005156       0x10 uzeboxSoundEngine.o
                0x0000000000005156                PatchCommand01
 .text.PatchCommand05
                0x0000000000005166        0xa uzeboxSoundEngine.o
                0x0000000000005166                PatchCommand05
 .text.PatchCommand06
                0x0000000000005170        0xa uzeboxSoundEngine.o
                0x0000000000005170                PatchCommand06
 .text.PatchCommand07
                0x000000000000517a        0x6 uzeboxSoundEngine.o
                0x000000000000517a                PatchCommand07
 .text.PatchCommand09
                0x0000000000005180        0x6 uzeboxSoundEngine.o
                0x0000000000005180                PatchCommand09
 .text.PatchCommand10
                0x0000000000005186        0x6 uzeboxSoundEngine.o
                0x0000000000005186                PatchCommand10
 .text.PatchCommand11
                0x000000000000518c       0x76 uzeboxSoundEngine.o
                0x000000000000518c                PatchCommand11
 .text.PatchCommand12
                0x0000000000005202        0x6 uzeboxSoundEngine.o
                0x0000000000005202                PatchCommand12
 .text.PatchCommand13
                0x0000000000005208        0x6 uzeboxSoundEngine.o
                0x0000000000005208                PatchCommand13
 .text.PatchCommand02
                0x000000000000520e        0x8 uzeboxSoundEngine.o
                0x000000000000520e                PatchCommand02
 .text.PatchCommand03
                0x0000000000005216        0xe uzeboxSoundEngine.o
                0x0000000000005216                PatchCommand03
 .text.PatchCommand04
                0x0000000000005224       0x10 uzeboxSoundEngine.o
                0x0000000000005224                PatchCommand04
 .text.PatchCommand08
                0x0000000000005234       0x20 uzeboxSoundEngine.o
                0x0000000000005234                PatchCommand08
 .text.PatchCommand14
                0x0000000000005254       0x54 uzeboxSoundEngine.o
                0x0000000000005254                PatchCommand14
 .text.InitMusicPlayer
                0x00000000000052a8       0x44 uzeboxSoundEngine.o
                0x00000000000052a8                InitMusicPlayer
 .text.StartSong
                0x00000000000052ec       0x52 uzeboxSoundEngine.o
                0x00000000000052ec                StartSong
 .text.StopSong
                0x000000000000533e       0x1c uzeboxSoundEngine.o
                0x000000000000533e                StopSong
 .text.ReadVarLen
                0x000000000000535a       0x4c uzeboxSoundEngine.o
                0x000000000000535a                ReadVarLen
 .text.TriggerCommon
                0x00000000000053a6      0x11c uzeboxSoundEngine.o
                0x00000000000053a6                TriggerCommon
 .text.TriggerFx
                0x00000000000054c2       0x90 uzeboxSoundEngine.o
                0x00000000000054c2                TriggerFx
 .text.TriggerNote
                0x0000000000005552       0x80 uzeboxSoundEngine.o
                0x0000000000005552                TriggerNote
 .text.ProcessMusic
                0x00000000000055d2      0x43e uzeboxSoundEngine.o
                0x00000000000055d2                ProcessMusic
 .text.SetMasterVolume
                0x0000000000005a10        0x6 uzeboxSoundEngine.o
                0x0000000000005a10                SetMasterVolume
 .text.SetMixerNote
                0x0000000000005a16       0x2e uzeboxSoundEngineCore.o
                0x0000000000005a16                SetMixerNote
 .text.SetMixerWave
                0x0000000000005a44       0x3a uzeboxSoundEngineCore.o
                0x0000000000005a44                SetMixerWave
 *fill*         0x0000000000005a7e       0x82 
 .text.DisableSoundEngine
                0x0000000000005b00      0xc00 uzeboxSoundEngineCore.o
                0x0000000000005b00                DisableSoundEngine
                0x0000000000005b08                steptable
                0x0000000000005d00                waves
 .text.RestoreBackground
                0x0000000000006700       0x2c uzeboxVideoEngine.o
                0x0000000000006700                RestoreBackground
 .text.ProcessSprites
                0x000000000000672c      0x224 uzeboxVideoEngine.o
                0x000000000000672c                ProcessSprites
 .text.Scroll   0x0000000000006950       0x4a uzeboxVideoEngine.o
                0x0000000000006950                Scroll
 .text.InitializeVideoMode
                0x000000000000699a       0x1e uzeboxVideoEngine.o
                0x000000000000699a                InitializeVideoMode
 .text.DrawMap  0x00000000000069b8       0x9a uzeboxVideoEngine.o
                0x00000000000069b8                DrawMap2
                0x00000000000069b8                DrawMap
 .text.WaitVsync
                0x0000000000006a52       0x2e uzeboxVideoEngine.o
                0x0000000000006a52                WaitVsync
 .text.DisplayLogo
                0x0000000000006a80       0x6e uzeboxVideoEngine.o
                0x0000000000006a80                DisplayLogo
 .text.doFade   0x0000000000006aee       0x1c uzeboxVideoEngine.o
                0x0000000000006aee                doFade
 .text.FadeIn   0x0000000000006b0a       0x18 uzeboxVideoEngine.o
                0x0000000000006b0a                FadeIn
 .text.FadeOut  0x0000000000006b22       0x18 uzeboxVideoEngine.o
                0x0000000000006b22                FadeOut
 .text.ProcessFading
                0x0000000000006b3a       0x4a uzeboxVideoEngine.o
                0x0000000000006b3a                ProcessFading
 .text.VideoModeVsync
                0x0000000000006b84        0x8 uzeboxVideoEngine.o
                0x0000000000006b84                VideoModeVsync
 .text.LBGetNextFrame
                0x0000000000006b8c       0x4c Iris.o
                0x0000000000006b8c                LBGetNextFrame
 .text.LBGetJoyPadState
                0x0000000000006bd8       0x96 Iris.o
                0x0000000000006bd8                LBGetJoyPadState
 .text.LBPrintChar
                0x0000000000006c6e       0x40 Iris.o
                0x0000000000006c6e                LBPrintChar
 .text.LBPrint  0x0000000000006cae       0x38 Iris.o
                0x0000000000006cae                LBPrint
 .text.LBPrintByte
                0x0000000000006ce6       0x44 Iris.o
                0x0000000000006ce6                LBPrintByte
 .text.LBPrintInt
                0x0000000000006d2a       0x5c Iris.o
                0x0000000000006d2a                LBPrintInt
 .text.LBCollides
                0x0000000000006d86       0x4c Iris.o
                0x0000000000006d86                LBCollides
 .text.LBWaitSeconds
                0x0000000000006dd2       0x1e Iris.o
                0x0000000000006dd2                LBWaitSeconds
 .text.LBMapSprite
                0x0000000000006df0       0xa4 Iris.o
                0x0000000000006df0                LBMapSprite
 .text.LBMoveSprite
                0x0000000000006e94       0x7c Iris.o
                0x0000000000006e94                LBMoveSprite
 .text.LBRotateSprites
                0x0000000000006f10       0x7e Iris.o
                0x0000000000006f10                LBRotateSprites
 .text.init_game_state
                0x0000000000006f8e       0x12 Iris.o
                0x0000000000006f8e                init_game_state
 .text.init_enemy_state
                0x0000000000006fa0       0x28 Iris.o
                0x0000000000006fa0                init_enemy_state
 .text.init_player_state
                0x0000000000006fc8      0x136 Iris.o
                0x0000000000006fc8                init_player_state
 .text.init_enemy_spider
                0x00000000000070fe      0x15e Iris.o
                0x00000000000070fe                init_enemy_spider
 .text.fade_through
                0x000000000000725c       0x14 Iris.o
                0x000000000000725c                fade_through
 .text.clear_overlay
                0x0000000000007270       0x30 Iris.o
                0x0000000000007270                clear_overlay
 .text.read_level_byte
                0x00000000000072a0       0x40 Iris.o
                0x00000000000072a0                read_level_byte
 .text.get_level_tile
                0x00000000000072e0       0x18 Iris.o
                0x00000000000072e0                get_level_tile
 .text.render_camera_view
                0x00000000000072f8       0xaa Iris.o
                0x00000000000072f8                render_camera_view
 .text.spawn_enemy
                0x00000000000073a2       0x3e Iris.o
                0x00000000000073a2                spawn_enemy
 .text.solid_tile
                0x00000000000073e0        0xe Iris.o
                0x00000000000073e0                solid_tile
 .text.append_tile_column
                0x00000000000073ee      0x12a Iris.o
                0x00000000000073ee                append_tile_column
 .text.append_tile_row
                0x0000000000007518       0x80 Iris.o
                0x0000000000007518                append_tile_row
 .text.move_camera_x
                0x0000000000007598       0x32 Iris.o
                0x0000000000007598                move_camera_x
 .text.move_camera_y
                0x00000000000075ca       0x36 Iris.o
                0x00000000000075ca                move_camera_y
 .text.load_level
                0x0000000000007600       0xb0 Iris.o
                0x0000000000007600                load_level
 .text.on_solid_ground
                0x00000000000076b0      0x19e Iris.o
                0x00000000000076b0                on_solid_ground
 .text.find_shot_slot
                0x000000000000784e       0x24 Iris.o
                0x000000000000784e                find_shot_slot
 .text.update_shot
                0x0000000000007872      0x154 Iris.o
                0x0000000000007872                update_shot
 .text.pixel_overlap
                0x00000000000079c6       0x28 Iris.o
                0x00000000000079c6                pixel_overlap
 .text.collision_detect_level
                0x00000000000079ee      0x66c Iris.o
                0x00000000000079ee                collision_detect_level
 .text.animate_shot
                0x000000000000805a      0x330 Iris.o
                0x000000000000805a                animate_shot
 .text.map_explosion
                0x000000000000838a       0x96 Iris.o
                0x000000000000838a                map_explosion
 .text.animate_sprite
                0x0000000000008420      0x142 Iris.o
                0x0000000000008420                animate_sprite
 .text.animate_player
                0x0000000000008562       0x92 Iris.o
                0x0000000000008562                animate_player
 .text.update_spider_enemy
                0x00000000000085f4       0x98 Iris.o
                0x00000000000085f4                update_spider_enemy
 .text.update_basic_shot
                0x000000000000868c       0x16 Iris.o
                0x000000000000868c                update_basic_shot
 .text.update_enemies
                0x00000000000086a2       0x7a Iris.o
                0x00000000000086a2                update_enemies
 .text.update_enemy_shots
                0x000000000000871c      0x134 Iris.o
                0x000000000000871c                update_enemy_shots
 .text.animate_enemies
                0x0000000000008850      0x286 Iris.o
                0x0000000000008850                animate_enemies
 .text.animate_enemy_shots
                0x0000000000008ad6      0x276 Iris.o
                0x0000000000008ad6                animate_enemy_shots
 .text.update_level
                0x0000000000008d4c      0x14c Iris.o
                0x0000000000008d4c                update_level
 .text.clear_sprites
                0x0000000000008e98       0x44 Iris.o
                0x0000000000008e98                clear_sprites
 .text.level_transition
                0x0000000000008edc       0x6a Iris.o
                0x0000000000008edc                level_transition
 .text.save_score
                0x0000000000008f46        0x8 Iris.o
                0x0000000000008f46                save_score
 .text.load_splash
                0x0000000000008f4e       0x6a Iris.o
                0x0000000000008f4e                load_splash
 .text.exit_game
                0x0000000000008fb8       0x28 Iris.o
                0x0000000000008fb8                exit_game
 .text.handle_player_death
                0x0000000000008fe0       0x52 Iris.o
                0x0000000000008fe0                handle_player_death
 .text.update_player
                0x0000000000009032      0x456 Iris.o
                0x0000000000009032                update_player
 .text.select_pressed
                0x0000000000009488       0x14 Iris.o
                0x0000000000009488                select_pressed
 .text.update_splash
                0x000000000000949c       0x7e Iris.o
                0x000000000000949c                update_splash
 .text.startup.main
                0x000000000000951a       0x8c Iris.o
                0x000000000000951a                main
 .text.libgcc.div
                0x00000000000095a6       0x18 /usr/local/lib/gcc/avr/4.9.2/avr5/libgcc.a(_udivmodqi4.o)
                0x00000000000095a6                __udivmodqi4
 .text.libgcc.div
                0x00000000000095be       0x28 /usr/local/lib/gcc/avr/4.9.2/avr5/libgcc.a(_udivmodhi4.o)
                0x00000000000095be                __udivmodhi4
 .text.libgcc.div
                0x00000000000095e6       0x28 /usr/local/lib/gcc/avr/4.9.2/avr5/libgcc.a(_divmodhi4.o)
                0x00000000000095e6                __divmodhi4
                0x00000000000095e6                _div
 .text.avr-libc.fplib
                0x000000000000960e        0xa /usr/local/lib/gcc/avr/4.9.2/../../../../avr/lib/avr5/libm.a(addsf3.o)
                0x000000000000960e                __subsf3
                0x0000000000009610                __addsf3
 .text.avr-libc.fplib
                0x0000000000009618       0xc0 /usr/local/lib/gcc/avr/4.9.2/../../../../avr/lib/avr5/libm.a(addsf3x.o)
                0x0000000000009632                __addsf3x
 .text.avr-libc.fplib
                0x00000000000096d8        0x8 /usr/local/lib/gcc/avr/4.9.2/../../../../avr/lib/avr5/libm.a(cmpsf2.o)
                0x00000000000096d8                __lesf2
                0x00000000000096d8                __nesf2
                0x00000000000096d8                __eqsf2
                0x00000000000096d8                __cmpsf2
                0x00000000000096d8                __ltsf2
 .text.avr-libc.fplib
                0x00000000000096e0       0x58 /usr/local/lib/gcc/avr/4.9.2/../../../../avr/lib/avr5/libm.a(fixunssfsi.o)
                0x00000000000096e0                __fixunssfsi
 .text.avr-libc.fplib
                0x0000000000009738       0x7a /usr/local/lib/gcc/avr/4.9.2/../../../../avr/lib/avr5/libm.a(floatsisf.o)
                0x0000000000009738                __floatunsisf
                0x000000000000973c                __floatsisf
 .text.avr-libc.fplib
                0x00000000000097b2       0x48 /usr/local/lib/gcc/avr/4.9.2/../../../../avr/lib/avr5/libm.a(fp_cmp.o)
                0x00000000000097b2                __fp_cmp
 .text.avr-libc.fplib
                0x00000000000097fa        0xc /usr/local/lib/gcc/avr/4.9.2/../../../../avr/lib/avr5/libm.a(fp_inf.o)
                0x00000000000097fa                __fp_inf
 .text.avr-libc.fplib
                0x0000000000009806        0x6 /usr/local/lib/gcc/avr/4.9.2/../../../../avr/lib/avr5/libm.a(fp_nan.o)
                0x0000000000009806                __fp_nan
 .text.avr-libc.fplib
                0x000000000000980c        0xe /usr/local/lib/gcc/avr/4.9.2/../../../../avr/lib/avr5/libm.a(fp_pscA.o)
                0x000000000000980c                __fp_pscA
 .text.avr-libc.fplib
                0x000000000000981a        0xe /usr/local/lib/gcc/avr/4.9.2/../../../../avr/lib/avr5/libm.a(fp_pscB.o)
                0x000000000000981a                __fp_pscB
 .text.avr-libc.fplib
                0x0000000000009828       0x22 /usr/local/lib/gcc/avr/4.9.2/../../../../avr/lib/avr5/libm.a(fp_round.o)
                0x0000000000009828                __fp_round
 .text.avr-libc.fplib
                0x000000000000984a       0x44 /usr/local/lib/gcc/avr/4.9.2/../../../../avr/lib/avr5/libm.a(fp_split3.o)
                0x000000000000984a                __fp_split3
                0x000000000000985a                __fp_splitA
 .text.avr-libc.fplib
                0x000000000000988e        0xe /usr/local/lib/gcc/avr/4.9.2/../../../../avr/lib/avr5/libm.a(fp_zero.o)
                0x000000000000988e                __fp_zero
                0x0000000000009890                __fp_szero
 .text.avr-libc.fplib
                0x000000000000989c        0x8 /usr/local/lib/gcc/avr/4.9.2/../../../../avr/lib/avr5/libm.a(gesf2.o)
                0x000000000000989c                __gtsf2
                0x000000000000989c                __gesf2
 .text.avr-libc.fplib
                0x00000000000098a4        0x4 /usr/local/lib/gcc/avr/4.9.2/../../../../avr/lib/avr5/libm.a(mulsf3.o)
                0x00000000000098a4                __mulsf3
 .text.avr-libc.fplib
                0x00000000000098a8       0xc2 /usr/local/lib/gcc/avr/4.9.2/../../../../avr/lib/avr5/libm.a(mulsf3x.o)
                0x00000000000098bc                __mulsf3x
                0x00000000000098c0                __mulsf3_pse
                0x000000000000996a                . = ALIGN (0x2)
 *(.fini9)
 .fini9         0x000000000000996a        0x0 /usr/local/lib/gcc/avr/4.9.2/avr5/libgcc.a(_exit.o)
                0x000000000000996a                exit
                0x000000000000996a                _exit
 *(.fini9)
 *(.fini8)
 *(.fini8)
 *(.fini7)
 *(.fini7)
 *(.fini6)
 *(.fini6)
 *(.fini5)
 *(.fini5)
 *(.fini4)
 *(.fini4)
 *(.fini3)
 *(.fini3)
 *(.fini2)
 *(.fini2)
 *(.fini1)
 *(.fini1)
 *(.fini0)
 .fini0         0x000000000000996a        0x4 /usr/local/lib/gcc/avr/4.9.2/avr5/libgcc.a(_exit.o)
 *(.fini0)
                0x000000000000996e                _etext = .

.data           0x0000000000800500        0x2 load address 0x000000000000996e
                0x0000000000800500                PROVIDE (__data_start, .)
 *(.data)
 .data          0x0000000000800500        0x1 uzeboxVideoEngine.o
                0x0000000000800500                spritesOn
 .data          0x0000000000800501        0x1 Iris.o
 *(.data*)
 *(.rodata)
 *(.rodata*)
 *(.gnu.linkonce.d*)
                0x0000000000800502                . = ALIGN (0x2)
                0x0000000000800502                _edata = .
                0x0000000000800502                PROVIDE (__data_end, .)

.bss            0x0000000000800502      0xaf2
                0x0000000000800502                PROVIDE (__bss_start, .)
 *(.bss)
 .bss           0x0000000000800502      0x7b4 uzeboxVideoEngineCore.o
                0x0000000000800502                sprites
                0x000000000080053a                ram_tiles
                0x0000000000800c3a                ram_tiles_restore
                0x0000000000800c8e                sprites_tile_banks
                0x0000000000800c99                Screen
                0x0000000000800ca0                sync_phase
                0x0000000000800ca1                sync_pulse
                0x0000000000800ca2                sync_flags
                0x0000000000800ca7                first_render_line
                0x0000000000800ca8                render_lines_count
                0x0000000000800ca9                joypad1_status_lo
                0x0000000000800cab                joypad1_status_hi
                0x0000000000800cad                joypad2_status_lo
                0x0000000000800caf                joypad2_status_hi
 .bss           0x0000000000800cb6        0x1 uzeboxSoundEngine.o
                0x0000000000800cb6                playSong
 .bss           0x0000000000800cb7       0x23 uzeboxSoundEngineCore.o
                0x0000000000800cb7                sound_enabled
                0x0000000000800cb8                mixer
                0x0000000000800ccb                tr4_params
                0x0000000000800ccc                tr4_barrel_lo
                0x0000000000800ccd                tr4_barrel_hi
 .bss           0x0000000000800cda        0x2 uzeboxVideoEngine.o
                0x0000000000800cda                userRamTilesCount_tmp
                0x0000000000800cdb                userRamTilesCount
 .bss           0x0000000000800cdc        0x7 Iris.o
 *(.bss*)
 *(COMMON)
 COMMON         0x0000000000800ce3        0x1 uzeboxCore.o
                0x0000000000800ce3                joypadsConnectionStatus
 COMMON         0x0000000000800ce4       0x83 uzeboxSoundEngine.o
                0x0000000000800ce4                songStart
                0x0000000000800ce6                tracks
                0x0000000000800d59                currDeltaTime
                0x0000000000800d5b                patchPointers
                0x0000000000800d5d                lastStatus
                0x0000000000800d5e                masterVolume
                0x0000000000800d5f                nextDeltaTime
                0x0000000000800d61                songSpeed
                0x0000000000800d62                songPos
                0x0000000000800d64                loopStart
                0x0000000000800d66                step
 COMMON         0x0000000000800d67        0x6 uzeboxVideoEngine.o
                0x0000000000800d67                fadeSpeed
                0x0000000000800d68                fadeDir
                0x0000000000800d69                free_tile_index
                0x0000000000800d6a                fadeActive
                0x0000000000800d6b                currFadeFrame
                0x0000000000800d6c                fadeStep
 COMMON         0x0000000000800d6d      0x287 Iris.o
                0x0000000000800d6d                font_tiles_map
                0x0000000000800d6f                jump_anim
                0x0000000000800d71                scores
                0x0000000000800d91                game
                0x0000000000800f8a                prone_anim
                0x0000000000800f8c                spider_anim
                0x0000000000800f90                extendedSprites
                0x0000000000800fe0                run_anim
                0x0000000000800fe8                enemy_shot_anim
                0x0000000000800fea                shot_anim
                0x0000000000800fec                expl_anim
                0x0000000000800ff2                idle_anim
                0x0000000000800ff4                PROVIDE (__bss_end, .)
                0x000000000000996e                __data_load_start = LOADADDR (.data)
                0x0000000000009970                __data_load_end = (__data_load_start + SIZEOF (.data))

.noinit         0x0000000000800100      0x400
                0x0000000000800100                PROVIDE (__noinit_start, .)
 *(.noinit*)
 .noinit        0x0000000000800100      0x400 uzeboxVideoEngineCore.o
                0x0000000000800100                vram
                0x0000000000800500                overlay_vram
                0x0000000000800500                PROVIDE (__noinit_end, .)
                0x0000000000800500                _end = .
                0x0000000000800500                PROVIDE (__heap_start, .)

.eeprom         0x0000000000810000        0x0
 *(.eeprom*)
                0x0000000000810000                __eeprom_end = .

.fuse
 *(.fuse)
 *(.lfuse)
 *(.hfuse)
 *(.efuse)

.lock
 *(.lock*)

.signature
 *(.signature*)

.stab           0x0000000000000000      0x57c
 *(.stab)
 .stab          0x0000000000000000       0xf0 /usr/local/lib/gcc/avr/4.9.2/avr5/libgcc.a(_udivmodqi4.o)
 .stab          0x00000000000000f0      0x15c /usr/local/lib/gcc/avr/4.9.2/avr5/libgcc.a(_udivmodhi4.o)
                                        0x168 (size before relaxing)
 .stab          0x000000000000024c      0x138 /usr/local/lib/gcc/avr/4.9.2/avr5/libgcc.a(_divmodhi4.o)
                                        0x144 (size before relaxing)
 .stab          0x0000000000000384       0x6c /usr/local/lib/gcc/avr/4.9.2/avr5/libgcc.a(_exit.o)
                                         0x78 (size before relaxing)
 .stab          0x00000000000003f0       0xd8 /usr/local/lib/gcc/avr/4.9.2/avr5/libgcc.a(_copy_data.o)
                                         0xe4 (size before relaxing)
 .stab          0x00000000000004c8       0xb4 /usr/local/lib/gcc/avr/4.9.2/avr5/libgcc.a(_clear_bss.o)
                                         0xc0 (size before relaxing)

.stabstr        0x0000000000000000      0x256
 *(.stabstr)
 .stabstr       0x0000000000000000      0x256 /usr/local/lib/gcc/avr/4.9.2/avr5/libgcc.a(_udivmodqi4.o)

.stab.excl
 *(.stab.excl)

.stab.exclstr
 *(.stab.exclstr)

.stab.index
 *(.stab.index)

.stab.indexstr
 *(.stab.indexstr)

.comment        0x0000000000000000       0x11
 *(.comment)
 .comment       0x0000000000000000       0x11 uzeboxCore.o
                                         0x12 (size before relaxing)
 .comment       0x0000000000000011       0x12 uzeboxSoundEngine.o
 .comment       0x0000000000000011       0x12 uzeboxVideoEngine.o
 .comment       0x0000000000000011       0x12 Iris.o

.note.gnu.build-id
 *(.note.gnu.build-id)

.debug
 *(.debug)

.line
 *(.line)

.debug_srcinfo
 *(.debug_srcinfo)

.debug_sfnames
 *(.debug_sfnames)

.debug_aranges  0x0000000000000000      0x600
 *(.debug_aranges)
 .debug_aranges
                0x0000000000000000       0xf8 uzeboxVideoEngineCore.o
 .debug_aranges
                0x00000000000000f8       0x90 uzeboxCore.o
 .debug_aranges
                0x0000000000000188       0xf8 uzeboxSoundEngine.o
 .debug_aranges
                0x0000000000000280       0x50 uzeboxSoundEngineCore.o
 .debug_aranges
                0x00000000000002d0      0x110 uzeboxVideoEngine.o
 .debug_aranges
                0x00000000000003e0      0x220 Iris.o

.debug_pubnames
 *(.debug_pubnames)

.debug_info     0x0000000000000000     0x7335
 *(.debug_info .gnu.linkonce.wi.*)
 .debug_info    0x0000000000000000      0x672 /usr/local/lib/gcc/avr/4.9.2/../../../../avr/lib/avr5/crtm644.o
 .debug_info    0x0000000000000672       0x7b uzeboxVideoEngineCore.o
 .debug_info    0x00000000000006ed      0xab8 uzeboxCore.o
 .debug_info    0x00000000000011a5     0x12ce uzeboxSoundEngine.o
 .debug_info    0x0000000000002473       0x72 uzeboxSoundEngineCore.o
 .debug_info    0x00000000000024e5     0x15cd uzeboxVideoEngine.o
 .debug_info    0x0000000000003ab2     0x3883 Iris.o

.debug_abbrev   0x0000000000000000     0x1659
 *(.debug_abbrev)
 .debug_abbrev  0x0000000000000000      0x619 /usr/local/lib/gcc/avr/4.9.2/../../../../avr/lib/avr5/crtm644.o
 .debug_abbrev  0x0000000000000619       0x12 uzeboxVideoEngineCore.o
 .debug_abbrev  0x000000000000062b      0x32b uzeboxCore.o
 .debug_abbrev  0x0000000000000956      0x35c uzeboxSoundEngine.o
 .debug_abbrev  0x0000000000000cb2       0x12 uzeboxSoundEngineCore.o
 .debug_abbrev  0x0000000000000cc4      0x3da uzeboxVideoEngine.o
 .debug_abbrev  0x000000000000109e      0x5bb Iris.o

.debug_line     0x0000000000000000     0x1eb1
 *(.debug_line .debug_line.* .debug_line_end)
 .debug_line    0x0000000000000000       0x1d /usr/local/lib/gcc/avr/4.9.2/../../../../avr/lib/avr5/crtm644.o
 .debug_line    0x000000000000001d      0x5bd uzeboxVideoEngineCore.o
 .debug_line    0x00000000000005da      0x2b9 uzeboxCore.o
 .debug_line    0x0000000000000893      0x3d5 uzeboxSoundEngine.o
 .debug_line    0x0000000000000c68      0x1a9 uzeboxSoundEngineCore.o
 .debug_line    0x0000000000000e11      0x4e5 uzeboxVideoEngine.o
 .debug_line    0x00000000000012f6      0xbbb Iris.o

.debug_frame    0x0000000000000000     0x1280
 *(.debug_frame)
 .debug_frame   0x0000000000000000      0x1cc uzeboxCore.o
 .debug_frame   0x00000000000001cc      0x274 uzeboxSoundEngine.o
 .debug_frame   0x0000000000000440      0x4c4 uzeboxVideoEngine.o
 .debug_frame   0x0000000000000904      0x97c Iris.o

.debug_str      0x0000000000000000     0x1895
 *(.debug_str)
 .debug_str     0x0000000000000000      0x231 /usr/local/lib/gcc/avr/4.9.2/../../../../avr/lib/avr5/crtm644.o
 .debug_str     0x0000000000000231      0x4b8 uzeboxCore.o
                                        0x514 (size before relaxing)
 .debug_str     0x00000000000006e9      0x3fd uzeboxSoundEngine.o
                                        0x636 (size before relaxing)
 .debug_str     0x0000000000000ae6      0x354 uzeboxVideoEngine.o
                                        0x56c (size before relaxing)
 .debug_str     0x0000000000000e3a      0xa5b Iris.o
                                        0xe3d (size before relaxing)

.debug_loc      0x0000000000000000     0x649c
 *(.debug_loc)
 .debug_loc     0x0000000000000000      0x9f9 uzeboxCore.o
 .debug_loc     0x00000000000009f9     0x1148 uzeboxSoundEngine.o
 .debug_loc     0x0000000000001b41     0x1bd7 uzeboxVideoEngine.o
 .debug_loc     0x0000000000003718     0x2d84 Iris.o

.debug_macinfo
 *(.debug_macinfo)

.debug_weaknames
 *(.debug_weaknames)

.debug_funcnames
 *(.debug_funcnames)

.debug_typenames
 *(.debug_typenames)

.debug_varnames
 *(.debug_varnames)

.debug_pubtypes
 *(.debug_pubtypes)

.debug_ranges   0x0000000000000000      0x730
 *(.debug_ranges)
 .debug_ranges  0x0000000000000000       0xf0 uzeboxVideoEngineCore.o
 .debug_ranges  0x00000000000000f0       0x98 uzeboxCore.o
 .debug_ranges  0x0000000000000188      0x130 uzeboxSoundEngine.o
 .debug_ranges  0x00000000000002b8       0x48 uzeboxSoundEngineCore.o
 .debug_ranges  0x0000000000000300      0x148 uzeboxVideoEngine.o
 .debug_ranges  0x0000000000000448      0x2e8 Iris.o

.debug_macro
 *(.debug_macro)
OUTPUT(Iris.elf elf32-avr)
LOAD linker stubs
