Archive member included to satisfy reference by file (symbol)

/usr/local/lib/gcc/avr/4.9.2/avr5/libgcc.a(_udivmodqi4.o)
                              uzeboxVideoEngine.o (__udivmodqi4)
/usr/local/lib/gcc/avr/4.9.2/avr5/libgcc.a(_udivmodhi4.o)
                              uzeboxVideoEngine.o (__udivmodhi4)
/usr/local/lib/gcc/avr/4.9.2/avr5/libgcc.a(_divmodhi4.o)
                              uzeboxSoundEngine.o (__divmodhi4)
/usr/local/lib/gcc/avr/4.9.2/avr5/libgcc.a(_udivmodsi4.o)
                              uzeboxVideoEngine.o (__udivmodsi4)
/usr/local/lib/gcc/avr/4.9.2/avr5/libgcc.a(_exit.o)
                              /usr/local/lib/gcc/avr/4.9.2/../../../../avr/lib/avr5/crtm644.o (exit)
/usr/local/lib/gcc/avr/4.9.2/avr5/libgcc.a(_tablejump2.o)
                              Iris.o (__tablejump2__)
/usr/local/lib/gcc/avr/4.9.2/avr5/libgcc.a(_copy_data.o)
                              uzeboxVideoEngine.o (__do_copy_data)
/usr/local/lib/gcc/avr/4.9.2/avr5/libgcc.a(_clear_bss.o)
                              uzeboxCore.o (__do_clear_bss)
/usr/local/lib/gcc/avr/4.9.2/../../../../avr/lib/avr5/libm.a(addsf3.o)
                              Iris.o (__subsf3)
/usr/local/lib/gcc/avr/4.9.2/../../../../avr/lib/avr5/libm.a(addsf3x.o)
                              /usr/local/lib/gcc/avr/4.9.2/../../../../avr/lib/avr5/libm.a(addsf3.o) (__addsf3x)
/usr/local/lib/gcc/avr/4.9.2/../../../../avr/lib/avr5/libm.a(cmpsf2.o)
                              Iris.o (__eqsf2)
/usr/local/lib/gcc/avr/4.9.2/../../../../avr/lib/avr5/libm.a(fixunssfsi.o)
                              Iris.o (__fixunssfsi)
/usr/local/lib/gcc/avr/4.9.2/../../../../avr/lib/avr5/libm.a(floatsisf.o)
                              Iris.o (__floatunsisf)
/usr/local/lib/gcc/avr/4.9.2/../../../../avr/lib/avr5/libm.a(fp_cmp.o)
                              /usr/local/lib/gcc/avr/4.9.2/../../../../avr/lib/avr5/libm.a(cmpsf2.o) (__fp_cmp)
/usr/local/lib/gcc/avr/4.9.2/../../../../avr/lib/avr5/libm.a(fp_inf.o)
                              /usr/local/lib/gcc/avr/4.9.2/../../../../avr/lib/avr5/libm.a(addsf3x.o) (__fp_inf)
/usr/local/lib/gcc/avr/4.9.2/../../../../avr/lib/avr5/libm.a(fp_nan.o)
                              /usr/local/lib/gcc/avr/4.9.2/../../../../avr/lib/avr5/libm.a(addsf3x.o) (__fp_nan)
/usr/local/lib/gcc/avr/4.9.2/../../../../avr/lib/avr5/libm.a(fp_pscA.o)
                              /usr/local/lib/gcc/avr/4.9.2/../../../../avr/lib/avr5/libm.a(addsf3x.o) (__fp_pscA)
/usr/local/lib/gcc/avr/4.9.2/../../../../avr/lib/avr5/libm.a(fp_pscB.o)
                              /usr/local/lib/gcc/avr/4.9.2/../../../../avr/lib/avr5/libm.a(addsf3x.o) (__fp_pscB)
/usr/local/lib/gcc/avr/4.9.2/../../../../avr/lib/avr5/libm.a(fp_round.o)
                              /usr/local/lib/gcc/avr/4.9.2/../../../../avr/lib/avr5/libm.a(addsf3.o) (__fp_round)
/usr/local/lib/gcc/avr/4.9.2/../../../../avr/lib/avr5/libm.a(fp_split3.o)
                              /usr/local/lib/gcc/avr/4.9.2/../../../../avr/lib/avr5/libm.a(addsf3x.o) (__fp_split3)
/usr/local/lib/gcc/avr/4.9.2/../../../../avr/lib/avr5/libm.a(fp_zero.o)
                              /usr/local/lib/gcc/avr/4.9.2/../../../../avr/lib/avr5/libm.a(addsf3x.o) (__fp_zero)
/usr/local/lib/gcc/avr/4.9.2/../../../../avr/lib/avr5/libm.a(gesf2.o)
                              Iris.o (__gesf2)
/usr/local/lib/gcc/avr/4.9.2/../../../../avr/lib/avr5/libm.a(mulsf3.o)
                              Iris.o (__mulsf3)
/usr/local/lib/gcc/avr/4.9.2/../../../../avr/lib/avr5/libm.a(mulsf3x.o)
                              /usr/local/lib/gcc/avr/4.9.2/../../../../avr/lib/avr5/libm.a(mulsf3.o) (__mulsf3x)
/usr/local/lib/gcc/avr/4.9.2/../../../../avr/lib/avr5/libc.a(strnlen_P.o)
                              Iris.o (strnlen_P)

Allocating common symbols
Common symbol       size              file

songStart           0x2               uzeboxSoundEngine.o
font_tiles_map      0x2               Iris.o
tracks              0x73              uzeboxSoundEngine.o
jump_anim           0x2               Iris.o
scores              0x20              Iris.o
fadeSpeed           0x1               uzeboxVideoEngine.o
currDeltaTime       0x2               uzeboxSoundEngine.o
fadeDir             0x1               uzeboxVideoEngine.o
patchPointers       0x2               uzeboxSoundEngine.o
game                0x1fc             Iris.o
lastStatus          0x1               uzeboxSoundEngine.o
joypadsConnectionStatus
                    0x1               uzeboxCore.o
free_tile_index     0x1               uzeboxVideoEngine.o
fadeActive          0x1               uzeboxVideoEngine.o
masterVolume        0x1               uzeboxSoundEngine.o
prone_anim          0x2               Iris.o
nextDeltaTime       0x2               uzeboxSoundEngine.o
spider_anim         0x4               Iris.o
songSpeed           0x1               uzeboxSoundEngine.o
songPos             0x2               uzeboxSoundEngine.o
shark_anim          0x2               Iris.o
extendedSprites     0x50              Iris.o
run_anim            0x8               Iris.o
enemy_shot_anim     0x2               Iris.o
loopStart           0x2               uzeboxSoundEngine.o
shot_anim           0x2               Iris.o
step                0x1               uzeboxSoundEngine.o
expl_anim           0x6               Iris.o
currFadeFrame       0x1               uzeboxVideoEngine.o
fadeStep            0x1               uzeboxVideoEngine.o
idle_anim           0x2               Iris.o

Discarded input sections

 .data          0x0000000000000000        0x0 /usr/local/lib/gcc/avr/4.9.2/../../../../avr/lib/avr5/crtm644.o
 .bss           0x0000000000000000        0x0 /usr/local/lib/gcc/avr/4.9.2/../../../../avr/lib/avr5/crtm644.o
 .data          0x0000000000000000        0x0 uzeboxVideoEngineCore.o
 .text.SetSpritesTileBank
                0x0000000000000000       0x12 uzeboxVideoEngineCore.o
 .text.SetFont  0x0000000000000000        0x8 uzeboxVideoEngineCore.o
 .text.SetFontTilesIndex
                0x0000000000000000        0x6 uzeboxVideoEngineCore.o
 .text.GetTile  0x0000000000000000       0x24 uzeboxVideoEngineCore.o
 .text.GetVsyncCounter
                0x0000000000000000        0xa uzeboxVideoEngineCore.o
 .text.ClearVsyncCounter
                0x0000000000000000        0xa uzeboxVideoEngineCore.o
 .text.SetUserPreVsyncCallback
                0x0000000000000000        0xa uzeboxVideoEngineCore.o
 .text.SetUserPostVsyncCallback
                0x0000000000000000        0xa uzeboxVideoEngineCore.o
 .text.IsRunningInEmulator
                0x0000000000000000       0x12 uzeboxVideoEngineCore.o
 .text.WaitClocks
                0x0000000000000000        0x6 uzeboxVideoEngineCore.o
 .text.SetLedOn
                0x0000000000000000        0x4 uzeboxVideoEngineCore.o
 .text.SetLedOff
                0x0000000000000000        0x4 uzeboxVideoEngineCore.o
 .text.ToggleLed
                0x0000000000000000        0x4 uzeboxVideoEngineCore.o
 .text.internal_spi_byte
                0x0000000000000000        0xe uzeboxVideoEngineCore.o
 .text          0x0000000000000000        0x0 uzeboxCore.o
 .data          0x0000000000000000        0x0 uzeboxCore.o
 .bss           0x0000000000000000        0x2 uzeboxCore.o
 .text.SetRenderingParameters
                0x0000000000000000        0xa uzeboxCore.o
 .text.DetectControllers
                0x0000000000000000       0x36 uzeboxCore.o
 .text.FormatEeprom2
                0x0000000000000000       0x98 uzeboxCore.o
 .text.IsPowerSwitchPressed
                0x0000000000000000        0xe uzeboxCore.o
 .text.EepromReadBlock
                0x0000000000000000       0x66 uzeboxCore.o
 .text.GetPrngNumber
                0x0000000000000000       0x5c uzeboxCore.o
 .text          0x0000000000000000        0x0 uzeboxSoundEngine.o
 .data          0x0000000000000000        0x0 uzeboxSoundEngine.o
 .text.ResumeSong
                0x0000000000000000        0x8 uzeboxSoundEngine.o
 .text.SetSongSpeed
                0x0000000000000000        0x6 uzeboxSoundEngine.o
 .text.GetSongSpeed
                0x0000000000000000        0x6 uzeboxSoundEngine.o
 .text.GetMasterVolume
                0x0000000000000000        0x6 uzeboxSoundEngine.o
 .data          0x0000000000000000        0x0 uzeboxSoundEngineCore.o
 .text.SetMixerNoiseParams
                0x0000000000000000       0x10 uzeboxSoundEngineCore.o
 .text.SetMixerVolume
                0x0000000000000000       0x16 uzeboxSoundEngineCore.o
 .text.EnableSoundEngine
                0x0000000000000000        0x8 uzeboxSoundEngineCore.o
 .text          0x0000000000000000        0x0 uzeboxVideoEngine.o
 .text.SetUserRamTilesCount
                0x0000000000000000        0x6 uzeboxVideoEngine.o
 .text.GetUserRamTile
                0x0000000000000000        0xe uzeboxVideoEngine.o
 .text.SetSpriteVisibility
                0x0000000000000000        0x6 uzeboxVideoEngine.o
 .text.SetScrolling
                0x0000000000000000       0x28 uzeboxVideoEngine.o
 .text.MapSprite
                0x0000000000000000       0x80 uzeboxVideoEngine.o
 .text.MapSprite2
                0x0000000000000000       0xa4 uzeboxVideoEngine.o
 .text.MoveSprite
                0x0000000000000000       0x7c uzeboxVideoEngine.o
 .text.PrintLong
                0x0000000000000000       0x8a uzeboxVideoEngine.o
 .text.PrintByte
                0x0000000000000000       0x66 uzeboxVideoEngine.o
 .text.PrintInt
                0x0000000000000000       0x70 uzeboxVideoEngine.o
 .text.PrintBinaryByte
                0x0000000000000000       0x36 uzeboxVideoEngine.o
 .text.PrintHexByte
                0x0000000000000000       0x40 uzeboxVideoEngine.o
 .text.PrintHexInt
                0x0000000000000000       0x24 uzeboxVideoEngine.o
 .text.PrintHexLong
                0x0000000000000000       0x5e uzeboxVideoEngine.o
 .text.Print    0x0000000000000000       0x36 uzeboxVideoEngine.o
 .text.PrintRam
                0x0000000000000000       0x36 uzeboxVideoEngine.o
 .text.PrintChar
                0x0000000000000000        0x6 uzeboxVideoEngine.o
 .text.Fill     0x0000000000000000       0x6e uzeboxVideoEngine.o
 .text.FontFill
                0x0000000000000000       0x6c uzeboxVideoEngine.o
 .text          0x0000000000000000        0x0 Iris.o
 .text.LBGetNextFrameReverse
                0x0000000000000000       0x60 Iris.o
 .text.LBCopyChars
                0x0000000000000000       0x18 Iris.o
 .text.LBSetFontTilesMap
                0x0000000000000000        0xa Iris.o
 .text.LBPrintStr
                0x0000000000000000       0x62 Iris.o
 .text.load_eeprom
                0x0000000000000000       0x24 Iris.o
 .text.save_eeprom
                0x0000000000000000        0x4 Iris.o
 .text.render_level_tile
                0x0000000000000000        0xe Iris.o
 .text.get_camera_x
                0x0000000000000000        0x4 Iris.o
 .text.get_camera_y
                0x0000000000000000        0x4 Iris.o
 .text.get_hero_spawn_x
                0x0000000000000000        0x4 Iris.o
 .text.get_hero_spawn_y
                0x0000000000000000        0x4 Iris.o
 .text          0x0000000000000000        0x0 /usr/local/lib/gcc/avr/4.9.2/avr5/libgcc.a(_udivmodqi4.o)
 .data          0x0000000000000000        0x0 /usr/local/lib/gcc/avr/4.9.2/avr5/libgcc.a(_udivmodqi4.o)
 .bss           0x0000000000000000        0x0 /usr/local/lib/gcc/avr/4.9.2/avr5/libgcc.a(_udivmodqi4.o)
 .text.libgcc.mul
                0x0000000000000000        0x0 /usr/local/lib/gcc/avr/4.9.2/avr5/libgcc.a(_udivmodqi4.o)
 .text.libgcc   0x0000000000000000        0x0 /usr/local/lib/gcc/avr/4.9.2/avr5/libgcc.a(_udivmodqi4.o)
 .text.libgcc.prologue
                0x0000000000000000        0x0 /usr/local/lib/gcc/avr/4.9.2/avr5/libgcc.a(_udivmodqi4.o)
 .text.libgcc.builtins
                0x0000000000000000        0x0 /usr/local/lib/gcc/avr/4.9.2/avr5/libgcc.a(_udivmodqi4.o)
 .text.libgcc.fmul
                0x0000000000000000        0x0 /usr/local/lib/gcc/avr/4.9.2/avr5/libgcc.a(_udivmodqi4.o)
 .text.libgcc.fixed
                0x0000000000000000        0x0 /usr/local/lib/gcc/avr/4.9.2/avr5/libgcc.a(_udivmodqi4.o)
 .text          0x0000000000000000        0x0 /usr/local/lib/gcc/avr/4.9.2/avr5/libgcc.a(_udivmodhi4.o)
 .data          0x0000000000000000        0x0 /usr/local/lib/gcc/avr/4.9.2/avr5/libgcc.a(_udivmodhi4.o)
 .bss           0x0000000000000000        0x0 /usr/local/lib/gcc/avr/4.9.2/avr5/libgcc.a(_udivmodhi4.o)
 .text.libgcc.mul
                0x0000000000000000        0x0 /usr/local/lib/gcc/avr/4.9.2/avr5/libgcc.a(_udivmodhi4.o)
 .text.libgcc   0x0000000000000000        0x0 /usr/local/lib/gcc/avr/4.9.2/avr5/libgcc.a(_udivmodhi4.o)
 .text.libgcc.prologue
                0x0000000000000000        0x0 /usr/local/lib/gcc/avr/4.9.2/avr5/libgcc.a(_udivmodhi4.o)
 .text.libgcc.builtins
                0x0000000000000000        0x0 /usr/local/lib/gcc/avr/4.9.2/avr5/libgcc.a(_udivmodhi4.o)
 .text.libgcc.fmul
                0x0000000000000000        0x0 /usr/local/lib/gcc/avr/4.9.2/avr5/libgcc.a(_udivmodhi4.o)
 .text.libgcc.fixed
                0x0000000000000000        0x0 /usr/local/lib/gcc/avr/4.9.2/avr5/libgcc.a(_udivmodhi4.o)
 .text          0x0000000000000000        0x0 /usr/local/lib/gcc/avr/4.9.2/avr5/libgcc.a(_divmodhi4.o)
 .data          0x0000000000000000        0x0 /usr/local/lib/gcc/avr/4.9.2/avr5/libgcc.a(_divmodhi4.o)
 .bss           0x0000000000000000        0x0 /usr/local/lib/gcc/avr/4.9.2/avr5/libgcc.a(_divmodhi4.o)
 .text.libgcc.mul
                0x0000000000000000        0x0 /usr/local/lib/gcc/avr/4.9.2/avr5/libgcc.a(_divmodhi4.o)
 .text.libgcc   0x0000000000000000        0x0 /usr/local/lib/gcc/avr/4.9.2/avr5/libgcc.a(_divmodhi4.o)
 .text.libgcc.prologue
                0x0000000000000000        0x0 /usr/local/lib/gcc/avr/4.9.2/avr5/libgcc.a(_divmodhi4.o)
 .text.libgcc.builtins
                0x0000000000000000        0x0 /usr/local/lib/gcc/avr/4.9.2/avr5/libgcc.a(_divmodhi4.o)
 .text.libgcc.fmul
                0x0000000000000000        0x0 /usr/local/lib/gcc/avr/4.9.2/avr5/libgcc.a(_divmodhi4.o)
 .text.libgcc.fixed
                0x0000000000000000        0x0 /usr/local/lib/gcc/avr/4.9.2/avr5/libgcc.a(_divmodhi4.o)
 .text          0x0000000000000000        0x0 /usr/local/lib/gcc/avr/4.9.2/avr5/libgcc.a(_udivmodsi4.o)
 .data          0x0000000000000000        0x0 /usr/local/lib/gcc/avr/4.9.2/avr5/libgcc.a(_udivmodsi4.o)
 .bss           0x0000000000000000        0x0 /usr/local/lib/gcc/avr/4.9.2/avr5/libgcc.a(_udivmodsi4.o)
 .stab          0x0000000000000000      0x228 /usr/local/lib/gcc/avr/4.9.2/avr5/libgcc.a(_udivmodsi4.o)
                                        0x234 (size before relaxing)
 .text.libgcc.mul
                0x0000000000000000        0x0 /usr/local/lib/gcc/avr/4.9.2/avr5/libgcc.a(_udivmodsi4.o)
 .text.libgcc.div
                0x0000000000000000       0x44 /usr/local/lib/gcc/avr/4.9.2/avr5/libgcc.a(_udivmodsi4.o)
 .text.libgcc   0x0000000000000000        0x0 /usr/local/lib/gcc/avr/4.9.2/avr5/libgcc.a(_udivmodsi4.o)
 .text.libgcc.prologue
                0x0000000000000000        0x0 /usr/local/lib/gcc/avr/4.9.2/avr5/libgcc.a(_udivmodsi4.o)
 .text.libgcc.builtins
                0x0000000000000000        0x0 /usr/local/lib/gcc/avr/4.9.2/avr5/libgcc.a(_udivmodsi4.o)
 .text.libgcc.fmul
                0x0000000000000000        0x0 /usr/local/lib/gcc/avr/4.9.2/avr5/libgcc.a(_udivmodsi4.o)
 .text.libgcc.fixed
                0x0000000000000000        0x0 /usr/local/lib/gcc/avr/4.9.2/avr5/libgcc.a(_udivmodsi4.o)
 .text          0x0000000000000000        0x0 /usr/local/lib/gcc/avr/4.9.2/avr5/libgcc.a(_exit.o)
 .data          0x0000000000000000        0x0 /usr/local/lib/gcc/avr/4.9.2/avr5/libgcc.a(_exit.o)
 .bss           0x0000000000000000        0x0 /usr/local/lib/gcc/avr/4.9.2/avr5/libgcc.a(_exit.o)
 .text.libgcc.mul
                0x0000000000000000        0x0 /usr/local/lib/gcc/avr/4.9.2/avr5/libgcc.a(_exit.o)
 .text.libgcc.div
                0x0000000000000000        0x0 /usr/local/lib/gcc/avr/4.9.2/avr5/libgcc.a(_exit.o)
 .text.libgcc   0x0000000000000000        0x0 /usr/local/lib/gcc/avr/4.9.2/avr5/libgcc.a(_exit.o)
 .text.libgcc.prologue
                0x0000000000000000        0x0 /usr/local/lib/gcc/avr/4.9.2/avr5/libgcc.a(_exit.o)
 .text.libgcc.builtins
                0x0000000000000000        0x0 /usr/local/lib/gcc/avr/4.9.2/avr5/libgcc.a(_exit.o)
 .text.libgcc.fmul
                0x0000000000000000        0x0 /usr/local/lib/gcc/avr/4.9.2/avr5/libgcc.a(_exit.o)
 .text.libgcc.fixed
                0x0000000000000000        0x0 /usr/local/lib/gcc/avr/4.9.2/avr5/libgcc.a(_exit.o)
 .text          0x0000000000000000        0x0 /usr/local/lib/gcc/avr/4.9.2/avr5/libgcc.a(_tablejump2.o)
 .data          0x0000000000000000        0x0 /usr/local/lib/gcc/avr/4.9.2/avr5/libgcc.a(_tablejump2.o)
 .bss           0x0000000000000000        0x0 /usr/local/lib/gcc/avr/4.9.2/avr5/libgcc.a(_tablejump2.o)
 .text.libgcc.mul
                0x0000000000000000        0x0 /usr/local/lib/gcc/avr/4.9.2/avr5/libgcc.a(_tablejump2.o)
 .text.libgcc.div
                0x0000000000000000        0x0 /usr/local/lib/gcc/avr/4.9.2/avr5/libgcc.a(_tablejump2.o)
 .text.libgcc.prologue
                0x0000000000000000        0x0 /usr/local/lib/gcc/avr/4.9.2/avr5/libgcc.a(_tablejump2.o)
 .text.libgcc.builtins
                0x0000000000000000        0x0 /usr/local/lib/gcc/avr/4.9.2/avr5/libgcc.a(_tablejump2.o)
 .text.libgcc.fmul
                0x0000000000000000        0x0 /usr/local/lib/gcc/avr/4.9.2/avr5/libgcc.a(_tablejump2.o)
 .text.libgcc.fixed
                0x0000000000000000        0x0 /usr/local/lib/gcc/avr/4.9.2/avr5/libgcc.a(_tablejump2.o)
 .text          0x0000000000000000        0x0 /usr/local/lib/gcc/avr/4.9.2/avr5/libgcc.a(_copy_data.o)
 .data          0x0000000000000000        0x0 /usr/local/lib/gcc/avr/4.9.2/avr5/libgcc.a(_copy_data.o)
 .bss           0x0000000000000000        0x0 /usr/local/lib/gcc/avr/4.9.2/avr5/libgcc.a(_copy_data.o)
 .text.libgcc.mul
                0x0000000000000000        0x0 /usr/local/lib/gcc/avr/4.9.2/avr5/libgcc.a(_copy_data.o)
 .text.libgcc.div
                0x0000000000000000        0x0 /usr/local/lib/gcc/avr/4.9.2/avr5/libgcc.a(_copy_data.o)
 .text.libgcc   0x0000000000000000        0x0 /usr/local/lib/gcc/avr/4.9.2/avr5/libgcc.a(_copy_data.o)
 .text.libgcc.prologue
                0x0000000000000000        0x0 /usr/local/lib/gcc/avr/4.9.2/avr5/libgcc.a(_copy_data.o)
 .text.libgcc.builtins
                0x0000000000000000        0x0 /usr/local/lib/gcc/avr/4.9.2/avr5/libgcc.a(_copy_data.o)
 .text.libgcc.fmul
                0x0000000000000000        0x0 /usr/local/lib/gcc/avr/4.9.2/avr5/libgcc.a(_copy_data.o)
 .text.libgcc.fixed
                0x0000000000000000        0x0 /usr/local/lib/gcc/avr/4.9.2/avr5/libgcc.a(_copy_data.o)
 .text          0x0000000000000000        0x0 /usr/local/lib/gcc/avr/4.9.2/avr5/libgcc.a(_clear_bss.o)
 .data          0x0000000000000000        0x0 /usr/local/lib/gcc/avr/4.9.2/avr5/libgcc.a(_clear_bss.o)
 .bss           0x0000000000000000        0x0 /usr/local/lib/gcc/avr/4.9.2/avr5/libgcc.a(_clear_bss.o)
 .text.libgcc.mul
                0x0000000000000000        0x0 /usr/local/lib/gcc/avr/4.9.2/avr5/libgcc.a(_clear_bss.o)
 .text.libgcc.div
                0x0000000000000000        0x0 /usr/local/lib/gcc/avr/4.9.2/avr5/libgcc.a(_clear_bss.o)
 .text.libgcc   0x0000000000000000        0x0 /usr/local/lib/gcc/avr/4.9.2/avr5/libgcc.a(_clear_bss.o)
 .text.libgcc.prologue
                0x0000000000000000        0x0 /usr/local/lib/gcc/avr/4.9.2/avr5/libgcc.a(_clear_bss.o)
 .text.libgcc.builtins
                0x0000000000000000        0x0 /usr/local/lib/gcc/avr/4.9.2/avr5/libgcc.a(_clear_bss.o)
 .text.libgcc.fmul
                0x0000000000000000        0x0 /usr/local/lib/gcc/avr/4.9.2/avr5/libgcc.a(_clear_bss.o)
 .text.libgcc.fixed
                0x0000000000000000        0x0 /usr/local/lib/gcc/avr/4.9.2/avr5/libgcc.a(_clear_bss.o)
 .text          0x0000000000000000        0x0 /usr/local/lib/gcc/avr/4.9.2/../../../../avr/lib/avr5/libm.a(addsf3.o)
 .data          0x0000000000000000        0x0 /usr/local/lib/gcc/avr/4.9.2/../../../../avr/lib/avr5/libm.a(addsf3.o)
 .bss           0x0000000000000000        0x0 /usr/local/lib/gcc/avr/4.9.2/../../../../avr/lib/avr5/libm.a(addsf3.o)
 .text          0x0000000000000000        0x0 /usr/local/lib/gcc/avr/4.9.2/../../../../avr/lib/avr5/libm.a(addsf3x.o)
 .data          0x0000000000000000        0x0 /usr/local/lib/gcc/avr/4.9.2/../../../../avr/lib/avr5/libm.a(addsf3x.o)
 .bss           0x0000000000000000        0x0 /usr/local/lib/gcc/avr/4.9.2/../../../../avr/lib/avr5/libm.a(addsf3x.o)
 .text          0x0000000000000000        0x0 /usr/local/lib/gcc/avr/4.9.2/../../../../avr/lib/avr5/libm.a(cmpsf2.o)
 .data          0x0000000000000000        0x0 /usr/local/lib/gcc/avr/4.9.2/../../../../avr/lib/avr5/libm.a(cmpsf2.o)
 .bss           0x0000000000000000        0x0 /usr/local/lib/gcc/avr/4.9.2/../../../../avr/lib/avr5/libm.a(cmpsf2.o)
 .text          0x0000000000000000        0x0 /usr/local/lib/gcc/avr/4.9.2/../../../../avr/lib/avr5/libm.a(fixunssfsi.o)
 .data          0x0000000000000000        0x0 /usr/local/lib/gcc/avr/4.9.2/../../../../avr/lib/avr5/libm.a(fixunssfsi.o)
 .bss           0x0000000000000000        0x0 /usr/local/lib/gcc/avr/4.9.2/../../../../avr/lib/avr5/libm.a(fixunssfsi.o)
 .text          0x0000000000000000        0x0 /usr/local/lib/gcc/avr/4.9.2/../../../../avr/lib/avr5/libm.a(floatsisf.o)
 .data          0x0000000000000000        0x0 /usr/local/lib/gcc/avr/4.9.2/../../../../avr/lib/avr5/libm.a(floatsisf.o)
 .bss           0x0000000000000000        0x0 /usr/local/lib/gcc/avr/4.9.2/../../../../avr/lib/avr5/libm.a(floatsisf.o)
 .text          0x0000000000000000        0x0 /usr/local/lib/gcc/avr/4.9.2/../../../../avr/lib/avr5/libm.a(fp_cmp.o)
 .data          0x0000000000000000        0x0 /usr/local/lib/gcc/avr/4.9.2/../../../../avr/lib/avr5/libm.a(fp_cmp.o)
 .bss           0x0000000000000000        0x0 /usr/local/lib/gcc/avr/4.9.2/../../../../avr/lib/avr5/libm.a(fp_cmp.o)
 .text          0x0000000000000000        0x0 /usr/local/lib/gcc/avr/4.9.2/../../../../avr/lib/avr5/libm.a(fp_inf.o)
 .data          0x0000000000000000        0x0 /usr/local/lib/gcc/avr/4.9.2/../../../../avr/lib/avr5/libm.a(fp_inf.o)
 .bss           0x0000000000000000        0x0 /usr/local/lib/gcc/avr/4.9.2/../../../../avr/lib/avr5/libm.a(fp_inf.o)
 .text          0x0000000000000000        0x0 /usr/local/lib/gcc/avr/4.9.2/../../../../avr/lib/avr5/libm.a(fp_nan.o)
 .data          0x0000000000000000        0x0 /usr/local/lib/gcc/avr/4.9.2/../../../../avr/lib/avr5/libm.a(fp_nan.o)
 .bss           0x0000000000000000        0x0 /usr/local/lib/gcc/avr/4.9.2/../../../../avr/lib/avr5/libm.a(fp_nan.o)
 .text          0x0000000000000000        0x0 /usr/local/lib/gcc/avr/4.9.2/../../../../avr/lib/avr5/libm.a(fp_pscA.o)
 .data          0x0000000000000000        0x0 /usr/local/lib/gcc/avr/4.9.2/../../../../avr/lib/avr5/libm.a(fp_pscA.o)
 .bss           0x0000000000000000        0x0 /usr/local/lib/gcc/avr/4.9.2/../../../../avr/lib/avr5/libm.a(fp_pscA.o)
 .text          0x0000000000000000        0x0 /usr/local/lib/gcc/avr/4.9.2/../../../../avr/lib/avr5/libm.a(fp_pscB.o)
 .data          0x0000000000000000        0x0 /usr/local/lib/gcc/avr/4.9.2/../../../../avr/lib/avr5/libm.a(fp_pscB.o)
 .bss           0x0000000000000000        0x0 /usr/local/lib/gcc/avr/4.9.2/../../../../avr/lib/avr5/libm.a(fp_pscB.o)
 .text          0x0000000000000000        0x0 /usr/local/lib/gcc/avr/4.9.2/../../../../avr/lib/avr5/libm.a(fp_round.o)
 .data          0x0000000000000000        0x0 /usr/local/lib/gcc/avr/4.9.2/../../../../avr/lib/avr5/libm.a(fp_round.o)
 .bss           0x0000000000000000        0x0 /usr/local/lib/gcc/avr/4.9.2/../../../../avr/lib/avr5/libm.a(fp_round.o)
 .text          0x0000000000000000        0x0 /usr/local/lib/gcc/avr/4.9.2/../../../../avr/lib/avr5/libm.a(fp_split3.o)
 .data          0x0000000000000000        0x0 /usr/local/lib/gcc/avr/4.9.2/../../../../avr/lib/avr5/libm.a(fp_split3.o)
 .bss           0x0000000000000000        0x0 /usr/local/lib/gcc/avr/4.9.2/../../../../avr/lib/avr5/libm.a(fp_split3.o)
 .text          0x0000000000000000        0x0 /usr/local/lib/gcc/avr/4.9.2/../../../../avr/lib/avr5/libm.a(fp_zero.o)
 .data          0x0000000000000000        0x0 /usr/local/lib/gcc/avr/4.9.2/../../../../avr/lib/avr5/libm.a(fp_zero.o)
 .bss           0x0000000000000000        0x0 /usr/local/lib/gcc/avr/4.9.2/../../../../avr/lib/avr5/libm.a(fp_zero.o)
 .text          0x0000000000000000        0x0 /usr/local/lib/gcc/avr/4.9.2/../../../../avr/lib/avr5/libm.a(gesf2.o)
 .data          0x0000000000000000        0x0 /usr/local/lib/gcc/avr/4.9.2/../../../../avr/lib/avr5/libm.a(gesf2.o)
 .bss           0x0000000000000000        0x0 /usr/local/lib/gcc/avr/4.9.2/../../../../avr/lib/avr5/libm.a(gesf2.o)
 .text          0x0000000000000000        0x0 /usr/local/lib/gcc/avr/4.9.2/../../../../avr/lib/avr5/libm.a(mulsf3.o)
 .data          0x0000000000000000        0x0 /usr/local/lib/gcc/avr/4.9.2/../../../../avr/lib/avr5/libm.a(mulsf3.o)
 .bss           0x0000000000000000        0x0 /usr/local/lib/gcc/avr/4.9.2/../../../../avr/lib/avr5/libm.a(mulsf3.o)
 .text          0x0000000000000000        0x0 /usr/local/lib/gcc/avr/4.9.2/../../../../avr/lib/avr5/libm.a(mulsf3x.o)
 .data          0x0000000000000000        0x0 /usr/local/lib/gcc/avr/4.9.2/../../../../avr/lib/avr5/libm.a(mulsf3x.o)
 .bss           0x0000000000000000        0x0 /usr/local/lib/gcc/avr/4.9.2/../../../../avr/lib/avr5/libm.a(mulsf3x.o)
 .text          0x0000000000000000        0x0 /usr/local/lib/gcc/avr/4.9.2/../../../../avr/lib/avr5/libc.a(strnlen_P.o)
 .data          0x0000000000000000        0x0 /usr/local/lib/gcc/avr/4.9.2/../../../../avr/lib/avr5/libc.a(strnlen_P.o)
 .bss           0x0000000000000000        0x0 /usr/local/lib/gcc/avr/4.9.2/../../../../avr/lib/avr5/libc.a(strnlen_P.o)

Memory Configuration

Name             Origin             Length             Attributes
text             0x0000000000000000 0x0000000000020000 xr
data             0x0000000000800060 0x000000000000ffa0 rw !x
eeprom           0x0000000000810000 0x0000000000010000 rw !x
fuse             0x0000000000820000 0x0000000000000400 rw !x
lock             0x0000000000830000 0x0000000000000400 rw !x
signature        0x0000000000840000 0x0000000000000400 rw !x
*default*        0x0000000000000000 0xffffffffffffffff

Linker script and memory map

Address of section .data set to 0x800100
LOAD /usr/local/lib/gcc/avr/4.9.2/../../../../avr/lib/avr5/crtm644.o
Address of section .noinit set to 0x800100
Address of section .data set to 0x800500
LOAD uzeboxVideoEngineCore.o
LOAD uzeboxCore.o
LOAD uzeboxSoundEngine.o
LOAD uzeboxSoundEngineCore.o
LOAD uzeboxVideoEngine.o
LOAD Iris.o
START GROUP
LOAD /usr/local/lib/gcc/avr/4.9.2/avr5/libgcc.a
LOAD /usr/local/lib/gcc/avr/4.9.2/../../../../avr/lib/avr5/libm.a
LOAD /usr/local/lib/gcc/avr/4.9.2/../../../../avr/lib/avr5/libc.a
END GROUP

.hash
 *(.hash)

.dynsym
 *(.dynsym)

.dynstr
 *(.dynstr)

.gnu.version
 *(.gnu.version)

.gnu.version_d
 *(.gnu.version_d)

.gnu.version_r
 *(.gnu.version_r)

.rel.init
 *(.rel.init)

.rela.init
 *(.rela.init)

.rel.text
 *(.rel.text)
 *(.rel.text.*)
 *(.rel.gnu.linkonce.t*)

.rela.text
 *(.rela.text)
 *(.rela.text.*)
 *(.rela.gnu.linkonce.t*)

.rel.fini
 *(.rel.fini)

.rela.fini
 *(.rela.fini)

.rel.rodata
 *(.rel.rodata)
 *(.rel.rodata.*)
 *(.rel.gnu.linkonce.r*)

.rela.rodata
 *(.rela.rodata)
 *(.rela.rodata.*)
 *(.rela.gnu.linkonce.r*)

.rel.data
 *(.rel.data)
 *(.rel.data.*)
 *(.rel.gnu.linkonce.d*)

.rela.data
 *(.rela.data)
 *(.rela.data.*)
 *(.rela.gnu.linkonce.d*)

.rel.ctors
 *(.rel.ctors)

.rela.ctors
 *(.rela.ctors)

.rel.dtors
 *(.rel.dtors)

.rela.dtors
 *(.rela.dtors)

.rel.got
 *(.rel.got)

.rela.got
 *(.rela.got)

.rel.bss
 *(.rel.bss)

.rela.bss
 *(.rela.bss)

.rel.plt
 *(.rel.plt)

.rela.plt
 *(.rela.plt)

.text           0x0000000000000000     0xc534
 *(.vectors)
 .vectors       0x0000000000000000       0x70 /usr/local/lib/gcc/avr/4.9.2/../../../../avr/lib/avr5/crtm644.o
                0x0000000000000000                __vectors
                0x0000000000000000                __vector_default
 *(.vectors)
 *(.progmem.gcc*)
 .progmem.gcc_sw_table.load_level
                0x0000000000000070       0x14 Iris.o
                0x0000000000000084                . = ALIGN (0x2)
                0x0000000000000084                __trampolines_start = .
 *(.trampolines)
 .trampolines   0x0000000000000084        0x0 linker stubs
 *(.trampolines*)
                0x0000000000000084                __trampolines_end = .
 *(.progmem*)
 .progmem.data  0x0000000000000084       0x4e uzeboxCore.o
                0x0000000000000084                io_table
                0x00000000000000b2                eeprom_format_table
 .progmem.data  0x00000000000000d2       0x1e uzeboxSoundEngine.o
                0x00000000000000d2                patchCommands
 .progmem.data  0x00000000000000f0      0x853 uzeboxVideoEngine.o
                0x00000000000000f0                fader
                0x00000000000000fc                map_uzeboxlogo2
                0x000000000000010d                map_uzeboxlogo
                0x0000000000000123                logo_tileset
                0x0000000000000923                logoInitPatches
                0x000000000000092c                initPatch
 .progmem.data  0x0000000000000943     0x5c13 Iris.o
                0x0000000000000943                strTwist
                0x00000000000009c4                strReveal4
                0x00000000000009e7                strReveal3
                0x0000000000000a02                strReveal2
                0x0000000000000a1b                strReveal1
                0x0000000000000a30                strReveal0
                0x0000000000000a4d                strIntro
                0x0000000000000af2                default_scores
                0x0000000000000b10                strLevels
                0x0000000000000b1e                strPaused
                0x0000000000000b25                strExit
                0x0000000000000b31                strTime
                0x0000000000000b37                strLives
                0x0000000000000b3e                strShield
                0x0000000000000b46                strScore
                0x0000000000000b4d                strSelectHandle
                0x0000000000000b4e                strHighscores
                0x0000000000000b5a                str1Player
                0x0000000000000b60                strMusic
                0x0000000000000b78                strCopyright
                0x0000000000000b8d                spacesong
                0x000000000000122d                planetsong
                0x0000000000001cff                my_patches
                0x0000000000001d3e                explode
                0x0000000000001e0f                pshoot
                0x0000000000001e65                navigate
                0x0000000000001e76                instrument
                0x0000000000001e7e                sprites_data
                0x0000000000002d3e                map_enemy_spider_1
                0x0000000000002d41                map_enemy_spider_0
                0x0000000000002d44                map_enemy_shark
                0x0000000000002d47                map_enemy_shot
                0x0000000000002d4a                map_hero_shot
                0x0000000000002d4d                map_hero_ship_large_1
                0x0000000000002d57                map_hero_ship_large_0
                0x0000000000002d61                map_hero_ship_1
                0x0000000000002d66                map_hero_ship_0
                0x0000000000002d6b                map_hero_prone
                0x0000000000002d70                map_hero_jump
                0x0000000000002d78                map_hero_step_3
                0x0000000000002d80                map_hero_step_2
                0x0000000000002d88                map_hero_step_1
                0x0000000000002d90                map_hero_step_0
                0x0000000000002d98                map_hero_idle
                0x0000000000002da0                map_emerald_4
                0x0000000000002da3                map_emerald_3
                0x0000000000002da6                map_emerald_2
                0x0000000000002da9                map_emerald_0
                0x0000000000002dac                map_emerald_1
                0x0000000000002daf                map_explosion_2
                0x0000000000002db2                map_explosion_1
                0x0000000000002db5                map_explosion_0
                0x0000000000002db8                map_particle
                0x0000000000002dbb                map_up_arrow
                0x0000000000002dbe                map_down_arrow
                0x0000000000002dc1                map_right_arrow
                0x0000000000002dc4                map_none
                0x0000000000002dc7                map_level_space
                0x0000000000003447                map_level_4
                0x0000000000003ac7                map_level_3
                0x0000000000004147                map_level_2
                0x00000000000047c7                map_level_1
                0x0000000000004e47                map_level_0
                0x00000000000054c7                tiles_data
                0x0000000000006487                map_font
                0x00000000000064ae                map_atmosphere
                0x00000000000064e8                map_star_dark
                0x00000000000064eb                map_star
                0x00000000000064ee                map_ice_cloud
                0x00000000000064f1                map_ice_far
                0x00000000000064f4                map_ice_sky
                0x00000000000064f7                map_ice_horizon
                0x00000000000064fa                map_ice_bottom
                0x00000000000064fd                map_ice_right
                0x0000000000006500                map_ice_middle
                0x0000000000006503                map_ice_left
                0x0000000000006506                map_splash
                0x0000000000006553                map_tile_none
                0x0000000000006556                . = ALIGN (0x2)
 *(.jumptables)
 *(.jumptables*)
 *(.lowtext)
 *(.lowtext*)
                0x0000000000006556                __ctors_start = .
 *(.ctors)
                0x0000000000006556                __ctors_end = .
                0x0000000000006556                __dtors_start = .
 *(.dtors)
                0x0000000000006556                __dtors_end = .
 SORT(*)(.ctors)
 SORT(*)(.dtors)
 *(.init0)
 .init0         0x0000000000006556        0x0 /usr/local/lib/gcc/avr/4.9.2/../../../../avr/lib/avr5/crtm644.o
                0x0000000000006556                __init
 *(.init0)
 *(.init1)
 *(.init1)
 *(.init2)
 .init2         0x0000000000006556        0xc /usr/local/lib/gcc/avr/4.9.2/../../../../avr/lib/avr5/crtm644.o
 *(.init2)
 *(.init3)
 *(.init3)
 *(.init4)
 .init4         0x0000000000006562       0x16 /usr/local/lib/gcc/avr/4.9.2/avr5/libgcc.a(_copy_data.o)
                0x0000000000006562                __do_copy_data
 .init4         0x0000000000006578       0x10 /usr/local/lib/gcc/avr/4.9.2/avr5/libgcc.a(_clear_bss.o)
                0x0000000000006578                __do_clear_bss
 *(.init4)
 *(.init5)
 *(.init5)
 *(.init6)
 *(.init6)
 *(.init7)
 .init7         0x0000000000006588       0x16 uzeboxCore.o
                0x0000000000006588                wdt_init
 *(.init7)
 *(.init8)
 .init8         0x000000000000659e       0x82 uzeboxCore.o
                0x000000000000659e                Initialize
 *(.init8)
 *(.init9)
 .init9         0x0000000000006620        0x8 /usr/local/lib/gcc/avr/4.9.2/../../../../avr/lib/avr5/crtm644.o
 *(.init9)
 *(.text)
 .text          0x0000000000006628        0x4 /usr/local/lib/gcc/avr/4.9.2/../../../../avr/lib/avr5/crtm644.o
                0x0000000000006628                __vector_20
                0x0000000000006628                __vector_1
                0x0000000000006628                __vector_24
                0x0000000000006628                __vector_12
                0x0000000000006628                __bad_interrupt
                0x0000000000006628                __vector_6
                0x0000000000006628                __vector_3
                0x0000000000006628                __vector_23
                0x0000000000006628                __vector_25
                0x0000000000006628                __vector_11
                0x0000000000006628                __vector_17
                0x0000000000006628                __vector_19
                0x0000000000006628                __vector_7
                0x0000000000006628                __vector_27
                0x0000000000006628                __vector_5
                0x0000000000006628                __vector_4
                0x0000000000006628                __vector_9
                0x0000000000006628                __vector_2
                0x0000000000006628                __vector_21
                0x0000000000006628                __vector_15
                0x0000000000006628                __vector_26
                0x0000000000006628                __vector_10
                0x0000000000006628                __vector_16
                0x0000000000006628                __vector_18
                0x0000000000006628                __vector_22
 .text          0x000000000000662c      0x868 uzeboxVideoEngineCore.o
                0x0000000000006994                CopyFlashTile
                0x0000000000006ab2                CopyRamTile
                0x0000000000006bcc                BlitSprite
                0x0000000000006cb0                __vector_13
                0x0000000000006d30                __vector_14
 .text          0x0000000000006e94      0x180 uzeboxSoundEngineCore.o
                0x0000000000006e94                process_music
                0x0000000000006ea0                update_sound
                0x0000000000007014                . = ALIGN (0x2)
 *(.text.*)
 .text.SetSpritesTileTable
                0x0000000000007014        0xa uzeboxVideoEngineCore.o
                0x0000000000007014                SetSpritesTileTable
 .text.ClearVram
                0x000000000000701e       0x14 uzeboxVideoEngineCore.o
                0x000000000000701e                ClearVram
 .text.SetTile  0x0000000000007032       0x22 uzeboxVideoEngineCore.o
                0x0000000000007032                SetTile
 .text.SetTileTable
                0x0000000000007054        0xa uzeboxVideoEngineCore.o
                0x0000000000007054                SetTileTable
 .text.GetVsyncFlag
                0x000000000000705e        0x8 uzeboxVideoEngineCore.o
                0x000000000000705e                GetVsyncFlag
 .text.ClearVsyncFlag
                0x0000000000007066        0xc uzeboxVideoEngineCore.o
                0x0000000000007066                ClearVsyncFlag
 .text.ReadJoypad
                0x0000000000007072       0x18 uzeboxVideoEngineCore.o
                0x0000000000007072                ReadJoypad
 .text.WaitUs   0x000000000000708a        0xe uzeboxVideoEngineCore.o
                0x000000000000708a                WaitUs
 .text.WriteEeprom
                0x0000000000007098       0x14 uzeboxVideoEngineCore.o
                0x0000000000007098                WriteEeprom
 .text.ReadEeprom
                0x00000000000070ac       0x12 uzeboxVideoEngineCore.o
                0x00000000000070ac                ReadEeprom
 .text.wdt_randomize
                0x00000000000070be       0x50 uzeboxVideoEngineCore.o
                0x00000000000070be                wdt_randomize
 .text.GetTrueRandomSeed
                0x000000000000710e        0xa uzeboxVideoEngineCore.o
                0x000000000000710e                GetTrueRandomSeed
 .text.__vector_8
                0x0000000000007118       0x44 uzeboxVideoEngineCore.o
                0x0000000000007118                __vector_8
 .text.SoftReset
                0x000000000000715c       0x16 uzeboxCore.o
                0x000000000000715c                SoftReset
 .text.ReadButtons
                0x0000000000007172       0x6c uzeboxCore.o
                0x0000000000007172                ReadButtons
 .text.ReadControllers
                0x00000000000071de       0x20 uzeboxCore.o
                0x00000000000071de                ReadControllers
 .text.FormatEeprom
                0x00000000000071fe       0x44 uzeboxCore.o
                0x00000000000071fe                FormatEeprom
 .text.isEepromFormatted
                0x0000000000007242       0x2e uzeboxCore.o
                0x0000000000007242                isEepromFormatted
 .text.EepromBlockExists
                0x0000000000007270       0xa4 uzeboxCore.o
                0x0000000000007270                EepromBlockExists
 .text.EepromWriteBlock
                0x0000000000007314       0x94 uzeboxCore.o
                0x0000000000007314                EepromWriteBlock
 .text.PatchCommand00
                0x00000000000073a8        0x6 uzeboxSoundEngine.o
                0x00000000000073a8                PatchCommand00
 .text.PatchCommand01
                0x00000000000073ae       0x10 uzeboxSoundEngine.o
                0x00000000000073ae                PatchCommand01
 .text.PatchCommand05
                0x00000000000073be        0xa uzeboxSoundEngine.o
                0x00000000000073be                PatchCommand05
 .text.PatchCommand06
                0x00000000000073c8        0xa uzeboxSoundEngine.o
                0x00000000000073c8                PatchCommand06
 .text.PatchCommand07
                0x00000000000073d2        0x6 uzeboxSoundEngine.o
                0x00000000000073d2                PatchCommand07
 .text.PatchCommand09
                0x00000000000073d8        0x6 uzeboxSoundEngine.o
                0x00000000000073d8                PatchCommand09
 .text.PatchCommand10
                0x00000000000073de        0x6 uzeboxSoundEngine.o
                0x00000000000073de                PatchCommand10
 .text.PatchCommand11
                0x00000000000073e4       0x76 uzeboxSoundEngine.o
                0x00000000000073e4                PatchCommand11
 .text.PatchCommand12
                0x000000000000745a        0x6 uzeboxSoundEngine.o
                0x000000000000745a                PatchCommand12
 .text.PatchCommand13
                0x0000000000007460        0x6 uzeboxSoundEngine.o
                0x0000000000007460                PatchCommand13
 .text.PatchCommand02
                0x0000000000007466        0x8 uzeboxSoundEngine.o
                0x0000000000007466                PatchCommand02
 .text.PatchCommand03
                0x000000000000746e        0xe uzeboxSoundEngine.o
                0x000000000000746e                PatchCommand03
 .text.PatchCommand04
                0x000000000000747c       0x10 uzeboxSoundEngine.o
                0x000000000000747c                PatchCommand04
 .text.PatchCommand08
                0x000000000000748c       0x20 uzeboxSoundEngine.o
                0x000000000000748c                PatchCommand08
 .text.PatchCommand14
                0x00000000000074ac       0x54 uzeboxSoundEngine.o
                0x00000000000074ac                PatchCommand14
 .text.InitMusicPlayer
                0x0000000000007500       0x44 uzeboxSoundEngine.o
                0x0000000000007500                InitMusicPlayer
 .text.StartSong
                0x0000000000007544       0x52 uzeboxSoundEngine.o
                0x0000000000007544                StartSong
 .text.StopSong
                0x0000000000007596       0x1c uzeboxSoundEngine.o
                0x0000000000007596                StopSong
 .text.ReadVarLen
                0x00000000000075b2       0x4c uzeboxSoundEngine.o
                0x00000000000075b2                ReadVarLen
 .text.TriggerCommon
                0x00000000000075fe      0x11c uzeboxSoundEngine.o
                0x00000000000075fe                TriggerCommon
 .text.TriggerFx
                0x000000000000771a       0x90 uzeboxSoundEngine.o
                0x000000000000771a                TriggerFx
 .text.TriggerNote
                0x00000000000077aa       0x80 uzeboxSoundEngine.o
                0x00000000000077aa                TriggerNote
 .text.ProcessMusic
                0x000000000000782a      0x43e uzeboxSoundEngine.o
                0x000000000000782a                ProcessMusic
 .text.SetMasterVolume
                0x0000000000007c68        0x6 uzeboxSoundEngine.o
                0x0000000000007c68                SetMasterVolume
 .text.SetMixerNote
                0x0000000000007c6e       0x2e uzeboxSoundEngineCore.o
                0x0000000000007c6e                SetMixerNote
 .text.SetMixerWave
                0x0000000000007c9c       0x3a uzeboxSoundEngineCore.o
                0x0000000000007c9c                SetMixerWave
 *fill*         0x0000000000007cd6       0x2a 
 .text.DisableSoundEngine
                0x0000000000007d00      0xc00 uzeboxSoundEngineCore.o
                0x0000000000007d00                DisableSoundEngine
                0x0000000000007d08                steptable
                0x0000000000007f00                waves
 .text.RestoreBackground
                0x0000000000008900       0x2c uzeboxVideoEngine.o
                0x0000000000008900                RestoreBackground
 .text.ProcessSprites
                0x000000000000892c      0x224 uzeboxVideoEngine.o
                0x000000000000892c                ProcessSprites
 .text.Scroll   0x0000000000008b50       0x4a uzeboxVideoEngine.o
                0x0000000000008b50                Scroll
 .text.InitializeVideoMode
                0x0000000000008b9a       0x1e uzeboxVideoEngine.o
                0x0000000000008b9a                InitializeVideoMode
 .text.DrawMap  0x0000000000008bb8       0x9a uzeboxVideoEngine.o
                0x0000000000008bb8                DrawMap2
                0x0000000000008bb8                DrawMap
 .text.WaitVsync
                0x0000000000008c52       0x2e uzeboxVideoEngine.o
                0x0000000000008c52                WaitVsync
 .text.DisplayLogo
                0x0000000000008c80       0x6e uzeboxVideoEngine.o
                0x0000000000008c80                DisplayLogo
 .text.doFade   0x0000000000008cee       0x1c uzeboxVideoEngine.o
                0x0000000000008cee                doFade
 .text.FadeIn   0x0000000000008d0a       0x18 uzeboxVideoEngine.o
                0x0000000000008d0a                FadeIn
 .text.FadeOut  0x0000000000008d22       0x18 uzeboxVideoEngine.o
                0x0000000000008d22                FadeOut
 .text.ProcessFading
                0x0000000000008d3a       0x4a uzeboxVideoEngine.o
                0x0000000000008d3a                ProcessFading
 .text.VideoModeVsync
                0x0000000000008d84        0x8 uzeboxVideoEngine.o
                0x0000000000008d84                VideoModeVsync
 .text.LBGetNextFrame
                0x0000000000008d8c       0x4c Iris.o
                0x0000000000008d8c                LBGetNextFrame
 .text.LBGetJoyPadState
                0x0000000000008dd8       0x96 Iris.o
                0x0000000000008dd8                LBGetJoyPadState
 .text.LBPrintChar
                0x0000000000008e6e       0x40 Iris.o
                0x0000000000008e6e                LBPrintChar
 .text.LBPrint  0x0000000000008eae       0x38 Iris.o
                0x0000000000008eae                LBPrint
 .text.LBPrintByte
                0x0000000000008ee6       0x44 Iris.o
                0x0000000000008ee6                LBPrintByte
 .text.LBPrintInt
                0x0000000000008f2a       0x5c Iris.o
                0x0000000000008f2a                LBPrintInt
 .text.LBCollides
                0x0000000000008f86       0x4c Iris.o
                0x0000000000008f86                LBCollides
 .text.LBRandom
                0x0000000000008fd2       0x6a Iris.o
                0x0000000000008fd2                LBRandom
 .text.LBWaitSeconds
                0x000000000000903c       0x1e Iris.o
                0x000000000000903c                LBWaitSeconds
 .text.LBMapSprite
                0x000000000000905a       0xa4 Iris.o
                0x000000000000905a                LBMapSprite
 .text.LBMoveSprite
                0x00000000000090fe       0x7c Iris.o
                0x00000000000090fe                LBMoveSprite
 .text.LBRotateSprites
                0x000000000000917a       0x7e Iris.o
                0x000000000000917a                LBRotateSprites
 .text.is_space
                0x00000000000091f8        0x8 Iris.o
                0x00000000000091f8                is_space
 .text.init_game_state
                0x0000000000009200       0x12 Iris.o
                0x0000000000009200                init_game_state
 .text.init_enemy_state
                0x0000000000009212       0x28 Iris.o
                0x0000000000009212                init_enemy_state
 .text.init_player_state
                0x000000000000923a      0x17e Iris.o
                0x000000000000923a                init_player_state
 .text.init_enemy_shot
                0x00000000000093b8       0xd2 Iris.o
                0x00000000000093b8                init_enemy_shot
 .text.init_enemy_spider
                0x000000000000948a       0xde Iris.o
                0x000000000000948a                init_enemy_spider
 .text.init_enemy_shark
                0x0000000000009568       0xca Iris.o
                0x0000000000009568                init_enemy_shark
 .text.clear_overlay
                0x0000000000009632       0x30 Iris.o
                0x0000000000009632                clear_overlay
 .text.read_level_byte
                0x0000000000009662       0x40 Iris.o
                0x0000000000009662                read_level_byte
 .text.get_level_tile
                0x00000000000096a2       0x1a Iris.o
                0x00000000000096a2                get_level_tile
 .text.render_camera_view
                0x00000000000096bc       0xaa Iris.o
                0x00000000000096bc                render_camera_view
 .text.spawn_enemy
                0x0000000000009766       0x76 Iris.o
                0x0000000000009766                spawn_enemy
 .text.solid_tile
                0x00000000000097dc        0xe Iris.o
                0x00000000000097dc                solid_tile
 .text.append_tile_column
                0x00000000000097ea      0x156 Iris.o
                0x00000000000097ea                append_tile_column
 .text.append_tile_row
                0x0000000000009940       0x80 Iris.o
                0x0000000000009940                append_tile_row
 .text.move_camera_x
                0x00000000000099c0       0x32 Iris.o
                0x00000000000099c0                move_camera_x
 .text.move_camera_y
                0x00000000000099f2       0x36 Iris.o
                0x00000000000099f2                move_camera_y
 .text.map_ship
                0x0000000000009a28       0x2a Iris.o
                0x0000000000009a28                map_ship
 .text.map_level_info
                0x0000000000009a52       0x42 Iris.o
                0x0000000000009a52                map_level_info
 .text.on_solid_ground
                0x0000000000009a94      0x19e Iris.o
                0x0000000000009a94                on_solid_ground
 .text.find_shot_slot
                0x0000000000009c32       0x24 Iris.o
                0x0000000000009c32                find_shot_slot
 .text.update_shot
                0x0000000000009c56      0x1f6 Iris.o
                0x0000000000009c56                update_shot
 .text.pixel_overlap
                0x0000000000009e4c       0x28 Iris.o
                0x0000000000009e4c                pixel_overlap
 .text.collision_detect_level
                0x0000000000009e74      0x66c Iris.o
                0x0000000000009e74                collision_detect_level
 .text.animate_shot
                0x000000000000a4e0      0x330 Iris.o
                0x000000000000a4e0                animate_shot
 .text.map_explosion
                0x000000000000a810       0x96 Iris.o
                0x000000000000a810                map_explosion
 .text.animate_sprite
                0x000000000000a8a6      0x142 Iris.o
                0x000000000000a8a6                animate_sprite
 .text.animate_player
                0x000000000000a9e8       0x92 Iris.o
                0x000000000000a9e8                animate_player
 .text.update_spider_enemy
                0x000000000000aa7a       0x98 Iris.o
                0x000000000000aa7a                update_spider_enemy
 .text.update_shark_enemy
                0x000000000000ab12       0x2a Iris.o
                0x000000000000ab12                update_shark_enemy
 .text.update_basic_shot
                0x000000000000ab3c       0x16 Iris.o
                0x000000000000ab3c                update_basic_shot
 .text.update_enemies
                0x000000000000ab52       0x8a Iris.o
                0x000000000000ab52                update_enemies
 .text.update_enemy_shots
                0x000000000000abdc      0x134 Iris.o
                0x000000000000abdc                update_enemy_shots
 .text.animate_enemies
                0x000000000000ad10      0x286 Iris.o
                0x000000000000ad10                animate_enemies
 .text.animate_enemy_shots
                0x000000000000af96      0x27a Iris.o
                0x000000000000af96                animate_enemy_shots
 .text.clear_sprites
                0x000000000000b210       0x44 Iris.o
                0x000000000000b210                clear_sprites
 .text.fade_through
                0x000000000000b254       0x20 Iris.o
                0x000000000000b254                fade_through
 .text.load_level
                0x000000000000b274      0x1dc Iris.o
                0x000000000000b274                load_level
 .text.save_score
                0x000000000000b450        0x8 Iris.o
                0x000000000000b450                save_score
 .text.load_splash
                0x000000000000b458       0x6a Iris.o
                0x000000000000b458                load_splash
 .text.exit_game
                0x000000000000b4c2       0x1c Iris.o
                0x000000000000b4c2                exit_game
 .text.handle_player_death
                0x000000000000b4de       0x54 Iris.o
                0x000000000000b4de                handle_player_death
 .text.update_player
                0x000000000000b532      0x5bc Iris.o
                0x000000000000b532                update_player
 .text.select_pressed
                0x000000000000baee       0x14 Iris.o
                0x000000000000baee                select_pressed
 .text.stream_dialogue
                0x000000000000bb02       0x6e Iris.o
                0x000000000000bb02                stream_dialogue
 .text.map_particles
                0x000000000000bb70       0x1a Iris.o
                0x000000000000bb70                map_particles
 .text.place_particles
                0x000000000000bb8a       0x4c Iris.o
                0x000000000000bb8a                place_particles
 .text.animate_particles
                0x000000000000bbd6       0x68 Iris.o
                0x000000000000bbd6                animate_particles
 .text.get_emarald_map
                0x000000000000bc3e       0x1e Iris.o
                0x000000000000bc3e                get_emarald_map
 .text.planet_transition
                0x000000000000bc5c       0xf0 Iris.o
                0x000000000000bc5c                planet_transition
 .text.update_level
                0x000000000000bd4c      0x24c Iris.o
                0x000000000000bd4c                update_level
 .text.intro    0x000000000000bf98       0xae Iris.o
                0x000000000000bf98                intro
 .text.update_splash
                0x000000000000c046       0x78 Iris.o
                0x000000000000c046                update_splash
 .text.startup.main
                0x000000000000c0be       0x8c Iris.o
                0x000000000000c0be                main
 .text.libgcc.div
                0x000000000000c14a       0x18 /usr/local/lib/gcc/avr/4.9.2/avr5/libgcc.a(_udivmodqi4.o)
                0x000000000000c14a                __udivmodqi4
 .text.libgcc.div
                0x000000000000c162       0x28 /usr/local/lib/gcc/avr/4.9.2/avr5/libgcc.a(_udivmodhi4.o)
                0x000000000000c162                __udivmodhi4
 .text.libgcc.div
                0x000000000000c18a       0x28 /usr/local/lib/gcc/avr/4.9.2/avr5/libgcc.a(_divmodhi4.o)
                0x000000000000c18a                __divmodhi4
                0x000000000000c18a                _div
 .text.libgcc   0x000000000000c1b2        0xc /usr/local/lib/gcc/avr/4.9.2/avr5/libgcc.a(_tablejump2.o)
                0x000000000000c1b2                __tablejump2__
 .text.avr-libc.fplib
                0x000000000000c1be        0xa /usr/local/lib/gcc/avr/4.9.2/../../../../avr/lib/avr5/libm.a(addsf3.o)
                0x000000000000c1be                __subsf3
                0x000000000000c1c0                __addsf3
 .text.avr-libc.fplib
                0x000000000000c1c8       0xc0 /usr/local/lib/gcc/avr/4.9.2/../../../../avr/lib/avr5/libm.a(addsf3x.o)
                0x000000000000c1e2                __addsf3x
 .text.avr-libc.fplib
                0x000000000000c288        0x8 /usr/local/lib/gcc/avr/4.9.2/../../../../avr/lib/avr5/libm.a(cmpsf2.o)
                0x000000000000c288                __lesf2
                0x000000000000c288                __nesf2
                0x000000000000c288                __eqsf2
                0x000000000000c288                __cmpsf2
                0x000000000000c288                __ltsf2
 .text.avr-libc.fplib
                0x000000000000c290       0x58 /usr/local/lib/gcc/avr/4.9.2/../../../../avr/lib/avr5/libm.a(fixunssfsi.o)
                0x000000000000c290                __fixunssfsi
 .text.avr-libc.fplib
                0x000000000000c2e8       0x7a /usr/local/lib/gcc/avr/4.9.2/../../../../avr/lib/avr5/libm.a(floatsisf.o)
                0x000000000000c2e8                __floatunsisf
                0x000000000000c2ec                __floatsisf
 .text.avr-libc.fplib
                0x000000000000c362       0x48 /usr/local/lib/gcc/avr/4.9.2/../../../../avr/lib/avr5/libm.a(fp_cmp.o)
                0x000000000000c362                __fp_cmp
 .text.avr-libc.fplib
                0x000000000000c3aa        0xc /usr/local/lib/gcc/avr/4.9.2/../../../../avr/lib/avr5/libm.a(fp_inf.o)
                0x000000000000c3aa                __fp_inf
 .text.avr-libc.fplib
                0x000000000000c3b6        0x6 /usr/local/lib/gcc/avr/4.9.2/../../../../avr/lib/avr5/libm.a(fp_nan.o)
                0x000000000000c3b6                __fp_nan
 .text.avr-libc.fplib
                0x000000000000c3bc        0xe /usr/local/lib/gcc/avr/4.9.2/../../../../avr/lib/avr5/libm.a(fp_pscA.o)
                0x000000000000c3bc                __fp_pscA
 .text.avr-libc.fplib
                0x000000000000c3ca        0xe /usr/local/lib/gcc/avr/4.9.2/../../../../avr/lib/avr5/libm.a(fp_pscB.o)
                0x000000000000c3ca                __fp_pscB
 .text.avr-libc.fplib
                0x000000000000c3d8       0x22 /usr/local/lib/gcc/avr/4.9.2/../../../../avr/lib/avr5/libm.a(fp_round.o)
                0x000000000000c3d8                __fp_round
 .text.avr-libc.fplib
                0x000000000000c3fa       0x44 /usr/local/lib/gcc/avr/4.9.2/../../../../avr/lib/avr5/libm.a(fp_split3.o)
                0x000000000000c3fa                __fp_split3
                0x000000000000c40a                __fp_splitA
 .text.avr-libc.fplib
                0x000000000000c43e        0xe /usr/local/lib/gcc/avr/4.9.2/../../../../avr/lib/avr5/libm.a(fp_zero.o)
                0x000000000000c43e                __fp_zero
                0x000000000000c440                __fp_szero
 .text.avr-libc.fplib
                0x000000000000c44c        0x8 /usr/local/lib/gcc/avr/4.9.2/../../../../avr/lib/avr5/libm.a(gesf2.o)
                0x000000000000c44c                __gtsf2
                0x000000000000c44c                __gesf2
 .text.avr-libc.fplib
                0x000000000000c454        0x4 /usr/local/lib/gcc/avr/4.9.2/../../../../avr/lib/avr5/libm.a(mulsf3.o)
                0x000000000000c454                __mulsf3
 .text.avr-libc.fplib
                0x000000000000c458       0xc2 /usr/local/lib/gcc/avr/4.9.2/../../../../avr/lib/avr5/libm.a(mulsf3x.o)
                0x000000000000c46c                __mulsf3x
                0x000000000000c470                __mulsf3_pse
 .text.avr-libc
                0x000000000000c51a       0x16 /usr/local/lib/gcc/avr/4.9.2/../../../../avr/lib/avr5/libc.a(strnlen_P.o)
                0x000000000000c51a                strnlen_P
                0x000000000000c530                . = ALIGN (0x2)
 *(.fini9)
 .fini9         0x000000000000c530        0x0 /usr/local/lib/gcc/avr/4.9.2/avr5/libgcc.a(_exit.o)
                0x000000000000c530                exit
                0x000000000000c530                _exit
 *(.fini9)
 *(.fini8)
 *(.fini8)
 *(.fini7)
 *(.fini7)
 *(.fini6)
 *(.fini6)
 *(.fini5)
 *(.fini5)
 *(.fini4)
 *(.fini4)
 *(.fini3)
 *(.fini3)
 *(.fini2)
 *(.fini2)
 *(.fini1)
 *(.fini1)
 *(.fini0)
 .fini0         0x000000000000c530        0x4 /usr/local/lib/gcc/avr/4.9.2/avr5/libgcc.a(_exit.o)
 *(.fini0)
                0x000000000000c534                _etext = .

.data           0x0000000000800500       0x10 load address 0x000000000000c534
                0x0000000000800500                PROVIDE (__data_start, .)
 *(.data)
 .data          0x0000000000800500        0x1 uzeboxVideoEngine.o
                0x0000000000800500                spritesOn
 .data          0x0000000000800501        0x1 Iris.o
 *(.data*)
 *(.rodata)
 .rodata        0x0000000000800502        0xe Iris.o
 *(.rodata*)
 *(.gnu.linkonce.d*)
                0x0000000000800510                . = ALIGN (0x2)
                0x0000000000800510                _edata = .
                0x0000000000800510                PROVIDE (__data_end, .)

.bss            0x0000000000800510      0xaff
                0x0000000000800510                PROVIDE (__bss_start, .)
 *(.bss)
 .bss           0x0000000000800510      0x7bc uzeboxVideoEngineCore.o
                0x0000000000800510                sprites
                0x0000000000800550                ram_tiles
                0x0000000000800c50                ram_tiles_restore
                0x0000000000800ca4                sprites_tile_banks
                0x0000000000800caf                Screen
                0x0000000000800cb6                sync_phase
                0x0000000000800cb7                sync_pulse
                0x0000000000800cb8                sync_flags
                0x0000000000800cbd                first_render_line
                0x0000000000800cbe                render_lines_count
                0x0000000000800cbf                joypad1_status_lo
                0x0000000000800cc1                joypad1_status_hi
                0x0000000000800cc3                joypad2_status_lo
                0x0000000000800cc5                joypad2_status_hi
 .bss           0x0000000000800ccc        0x1 uzeboxSoundEngine.o
                0x0000000000800ccc                playSong
 .bss           0x0000000000800ccd       0x23 uzeboxSoundEngineCore.o
                0x0000000000800ccd                sound_enabled
                0x0000000000800cce                mixer
                0x0000000000800ce1                tr4_params
                0x0000000000800ce2                tr4_barrel_lo
                0x0000000000800ce3                tr4_barrel_hi
 .bss           0x0000000000800cf0        0x2 uzeboxVideoEngine.o
                0x0000000000800cf0                userRamTilesCount_tmp
                0x0000000000800cf1                userRamTilesCount
 .bss           0x0000000000800cf2        0x7 Iris.o
 *(.bss*)
 *(COMMON)
 COMMON         0x0000000000800cf9        0x1 uzeboxCore.o
                0x0000000000800cf9                joypadsConnectionStatus
 COMMON         0x0000000000800cfa       0x83 uzeboxSoundEngine.o
                0x0000000000800cfa                songStart
                0x0000000000800cfc                tracks
                0x0000000000800d6f                currDeltaTime
                0x0000000000800d71                patchPointers
                0x0000000000800d73                lastStatus
                0x0000000000800d74                masterVolume
                0x0000000000800d75                nextDeltaTime
                0x0000000000800d77                songSpeed
                0x0000000000800d78                songPos
                0x0000000000800d7a                loopStart
                0x0000000000800d7c                step
 COMMON         0x0000000000800d7d        0x6 uzeboxVideoEngine.o
                0x0000000000800d7d                fadeSpeed
                0x0000000000800d7e                fadeDir
                0x0000000000800d7f                free_tile_index
                0x0000000000800d80                fadeActive
                0x0000000000800d81                currFadeFrame
                0x0000000000800d82                fadeStep
 COMMON         0x0000000000800d83      0x28c Iris.o
                0x0000000000800d83                font_tiles_map
                0x0000000000800d85                jump_anim
                0x0000000000800d87                scores
                0x0000000000800da7                game
                0x0000000000800fa3                prone_anim
                0x0000000000800fa5                spider_anim
                0x0000000000800fa9                shark_anim
                0x0000000000800fab                extendedSprites
                0x0000000000800ffb                run_anim
                0x0000000000801003                enemy_shot_anim
                0x0000000000801005                shot_anim
                0x0000000000801007                expl_anim
                0x000000000080100d                idle_anim
                0x000000000080100f                PROVIDE (__bss_end, .)
                0x000000000000c534                __data_load_start = LOADADDR (.data)
                0x000000000000c544                __data_load_end = (__data_load_start + SIZEOF (.data))

.noinit         0x0000000000800100      0x400
                0x0000000000800100                PROVIDE (__noinit_start, .)
 *(.noinit*)
 .noinit        0x0000000000800100      0x400 uzeboxVideoEngineCore.o
                0x0000000000800100                vram
                0x0000000000800500                overlay_vram
                0x0000000000800500                PROVIDE (__noinit_end, .)
                0x0000000000800500                _end = .
                0x0000000000800500                PROVIDE (__heap_start, .)

.eeprom         0x0000000000810000        0x0
 *(.eeprom*)
                0x0000000000810000                __eeprom_end = .

.fuse
 *(.fuse)
 *(.lfuse)
 *(.hfuse)
 *(.efuse)

.lock
 *(.lock*)

.signature
 *(.signature*)

.stab           0x0000000000000000      0x618
 *(.stab)
 .stab          0x0000000000000000       0xf0 /usr/local/lib/gcc/avr/4.9.2/avr5/libgcc.a(_udivmodqi4.o)
 .stab          0x00000000000000f0      0x15c /usr/local/lib/gcc/avr/4.9.2/avr5/libgcc.a(_udivmodhi4.o)
                                        0x168 (size before relaxing)
 .stab          0x000000000000024c      0x138 /usr/local/lib/gcc/avr/4.9.2/avr5/libgcc.a(_divmodhi4.o)
                                        0x144 (size before relaxing)
 .stab          0x0000000000000384       0x6c /usr/local/lib/gcc/avr/4.9.2/avr5/libgcc.a(_exit.o)
                                         0x78 (size before relaxing)
 .stab          0x00000000000003f0       0x9c /usr/local/lib/gcc/avr/4.9.2/avr5/libgcc.a(_tablejump2.o)
                                         0xa8 (size before relaxing)
 .stab          0x000000000000048c       0xd8 /usr/local/lib/gcc/avr/4.9.2/avr5/libgcc.a(_copy_data.o)
                                         0xe4 (size before relaxing)
 .stab          0x0000000000000564       0xb4 /usr/local/lib/gcc/avr/4.9.2/avr5/libgcc.a(_clear_bss.o)
                                         0xc0 (size before relaxing)

.stabstr        0x0000000000000000      0x2a5
 *(.stabstr)
 .stabstr       0x0000000000000000      0x2a5 /usr/local/lib/gcc/avr/4.9.2/avr5/libgcc.a(_udivmodqi4.o)

.stab.excl
 *(.stab.excl)

.stab.exclstr
 *(.stab.exclstr)

.stab.index
 *(.stab.index)

.stab.indexstr
 *(.stab.indexstr)

.comment        0x0000000000000000       0x11
 *(.comment)
 .comment       0x0000000000000000       0x11 uzeboxCore.o
                                         0x12 (size before relaxing)
 .comment       0x0000000000000011       0x12 uzeboxSoundEngine.o
 .comment       0x0000000000000011       0x12 uzeboxVideoEngine.o
 .comment       0x0000000000000011       0x12 Iris.o

.note.gnu.build-id
 *(.note.gnu.build-id)

.debug
 *(.debug)

.line
 *(.line)

.debug_srcinfo
 *(.debug_srcinfo)

.debug_sfnames
 *(.debug_sfnames)

.debug_aranges  0x0000000000000000      0x660
 *(.debug_aranges)
 .debug_aranges
                0x0000000000000000       0xf8 uzeboxVideoEngineCore.o
 .debug_aranges
                0x00000000000000f8       0x90 uzeboxCore.o
 .debug_aranges
                0x0000000000000188       0xf8 uzeboxSoundEngine.o
 .debug_aranges
                0x0000000000000280       0x50 uzeboxSoundEngineCore.o
 .debug_aranges
                0x00000000000002d0      0x110 uzeboxVideoEngine.o
 .debug_aranges
                0x00000000000003e0      0x280 Iris.o

.debug_pubnames
 *(.debug_pubnames)

.debug_info     0x0000000000000000     0x8155
 *(.debug_info .gnu.linkonce.wi.*)
 .debug_info    0x0000000000000000      0x672 /usr/local/lib/gcc/avr/4.9.2/../../../../avr/lib/avr5/crtm644.o
 .debug_info    0x0000000000000672       0x7b uzeboxVideoEngineCore.o
 .debug_info    0x00000000000006ed      0xab8 uzeboxCore.o
 .debug_info    0x00000000000011a5     0x12ce uzeboxSoundEngine.o
 .debug_info    0x0000000000002473       0x72 uzeboxSoundEngineCore.o
 .debug_info    0x00000000000024e5     0x15c9 uzeboxVideoEngine.o
 .debug_info    0x0000000000003aae     0x46a7 Iris.o

.debug_abbrev   0x0000000000000000     0x16b4
 *(.debug_abbrev)
 .debug_abbrev  0x0000000000000000      0x619 /usr/local/lib/gcc/avr/4.9.2/../../../../avr/lib/avr5/crtm644.o
 .debug_abbrev  0x0000000000000619       0x12 uzeboxVideoEngineCore.o
 .debug_abbrev  0x000000000000062b      0x32b uzeboxCore.o
 .debug_abbrev  0x0000000000000956      0x35c uzeboxSoundEngine.o
 .debug_abbrev  0x0000000000000cb2       0x12 uzeboxSoundEngineCore.o
 .debug_abbrev  0x0000000000000cc4      0x3da uzeboxVideoEngine.o
 .debug_abbrev  0x000000000000109e      0x616 Iris.o

.debug_line     0x0000000000000000     0x2106
 *(.debug_line .debug_line.* .debug_line_end)
 .debug_line    0x0000000000000000       0x1d /usr/local/lib/gcc/avr/4.9.2/../../../../avr/lib/avr5/crtm644.o
 .debug_line    0x000000000000001d      0x5bd uzeboxVideoEngineCore.o
 .debug_line    0x00000000000005da      0x2b9 uzeboxCore.o
 .debug_line    0x0000000000000893      0x3d5 uzeboxSoundEngine.o
 .debug_line    0x0000000000000c68      0x1a9 uzeboxSoundEngineCore.o
 .debug_line    0x0000000000000e11      0x4e5 uzeboxVideoEngine.o
 .debug_line    0x00000000000012f6      0xe10 Iris.o

.debug_frame    0x0000000000000000     0x14a0
 *(.debug_frame)
 .debug_frame   0x0000000000000000      0x1cc uzeboxCore.o
 .debug_frame   0x00000000000001cc      0x274 uzeboxSoundEngine.o
 .debug_frame   0x0000000000000440      0x4c4 uzeboxVideoEngine.o
 .debug_frame   0x0000000000000904      0xb9c Iris.o

.debug_str      0x0000000000000000     0x1abb
 *(.debug_str)
 .debug_str     0x0000000000000000      0x231 /usr/local/lib/gcc/avr/4.9.2/../../../../avr/lib/avr5/crtm644.o
 .debug_str     0x0000000000000231      0x4b8 uzeboxCore.o
                                        0x514 (size before relaxing)
 .debug_str     0x00000000000006e9      0x3fd uzeboxSoundEngine.o
                                        0x636 (size before relaxing)
 .debug_str     0x0000000000000ae6      0x354 uzeboxVideoEngine.o
                                        0x56c (size before relaxing)
 .debug_str     0x0000000000000e3a      0xc81 Iris.o
                                       0x1072 (size before relaxing)

.debug_loc      0x0000000000000000     0x6f66
 *(.debug_loc)
 .debug_loc     0x0000000000000000      0x9f9 uzeboxCore.o
 .debug_loc     0x00000000000009f9     0x1148 uzeboxSoundEngine.o
 .debug_loc     0x0000000000001b41     0x1bc3 uzeboxVideoEngine.o
 .debug_loc     0x0000000000003704     0x3862 Iris.o

.debug_macinfo
 *(.debug_macinfo)

.debug_weaknames
 *(.debug_weaknames)

.debug_funcnames
 *(.debug_funcnames)

.debug_typenames
 *(.debug_typenames)

.debug_varnames
 *(.debug_varnames)

.debug_pubtypes
 *(.debug_pubtypes)

.debug_ranges   0x0000000000000000      0x7a8
 *(.debug_ranges)
 .debug_ranges  0x0000000000000000       0xf0 uzeboxVideoEngineCore.o
 .debug_ranges  0x00000000000000f0       0x98 uzeboxCore.o
 .debug_ranges  0x0000000000000188      0x130 uzeboxSoundEngine.o
 .debug_ranges  0x00000000000002b8       0x48 uzeboxSoundEngineCore.o
 .debug_ranges  0x0000000000000300      0x148 uzeboxVideoEngine.o
 .debug_ranges  0x0000000000000448      0x360 Iris.o

.debug_macro
 *(.debug_macro)
OUTPUT(Iris.elf elf32-avr)
LOAD linker stubs
