Archive member included to satisfy reference by file (symbol)

/usr/local/lib/gcc/avr/4.9.2/avr5/libgcc.a(_udivmodqi4.o)
                              uzeboxVideoEngine.o (__udivmodqi4)
/usr/local/lib/gcc/avr/4.9.2/avr5/libgcc.a(_udivmodhi4.o)
                              uzeboxVideoEngine.o (__udivmodhi4)
/usr/local/lib/gcc/avr/4.9.2/avr5/libgcc.a(_divmodhi4.o)
                              uzeboxSoundEngine.o (__divmodhi4)
/usr/local/lib/gcc/avr/4.9.2/avr5/libgcc.a(_udivmodsi4.o)
                              uzeboxVideoEngine.o (__udivmodsi4)
/usr/local/lib/gcc/avr/4.9.2/avr5/libgcc.a(_exit.o)
                              /usr/local/lib/gcc/avr/4.9.2/../../../../avr/lib/avr5/crtm644.o (exit)
/usr/local/lib/gcc/avr/4.9.2/avr5/libgcc.a(_copy_data.o)
                              uzeboxVideoEngine.o (__do_copy_data)
/usr/local/lib/gcc/avr/4.9.2/avr5/libgcc.a(_clear_bss.o)
                              uzeboxCore.o (__do_clear_bss)
/usr/local/lib/gcc/avr/4.9.2/../../../../avr/lib/avr5/libm.a(addsf3.o)
                              Iris.o (__subsf3)
/usr/local/lib/gcc/avr/4.9.2/../../../../avr/lib/avr5/libm.a(addsf3x.o)
                              /usr/local/lib/gcc/avr/4.9.2/../../../../avr/lib/avr5/libm.a(addsf3.o) (__addsf3x)
/usr/local/lib/gcc/avr/4.9.2/../../../../avr/lib/avr5/libm.a(cmpsf2.o)
                              Iris.o (__eqsf2)
/usr/local/lib/gcc/avr/4.9.2/../../../../avr/lib/avr5/libm.a(fixunssfsi.o)
                              Iris.o (__fixunssfsi)
/usr/local/lib/gcc/avr/4.9.2/../../../../avr/lib/avr5/libm.a(floatsisf.o)
                              Iris.o (__floatunsisf)
/usr/local/lib/gcc/avr/4.9.2/../../../../avr/lib/avr5/libm.a(fp_cmp.o)
                              /usr/local/lib/gcc/avr/4.9.2/../../../../avr/lib/avr5/libm.a(cmpsf2.o) (__fp_cmp)
/usr/local/lib/gcc/avr/4.9.2/../../../../avr/lib/avr5/libm.a(fp_inf.o)
                              /usr/local/lib/gcc/avr/4.9.2/../../../../avr/lib/avr5/libm.a(addsf3x.o) (__fp_inf)
/usr/local/lib/gcc/avr/4.9.2/../../../../avr/lib/avr5/libm.a(fp_nan.o)
                              /usr/local/lib/gcc/avr/4.9.2/../../../../avr/lib/avr5/libm.a(addsf3x.o) (__fp_nan)
/usr/local/lib/gcc/avr/4.9.2/../../../../avr/lib/avr5/libm.a(fp_pscA.o)
                              /usr/local/lib/gcc/avr/4.9.2/../../../../avr/lib/avr5/libm.a(addsf3x.o) (__fp_pscA)
/usr/local/lib/gcc/avr/4.9.2/../../../../avr/lib/avr5/libm.a(fp_pscB.o)
                              /usr/local/lib/gcc/avr/4.9.2/../../../../avr/lib/avr5/libm.a(addsf3x.o) (__fp_pscB)
/usr/local/lib/gcc/avr/4.9.2/../../../../avr/lib/avr5/libm.a(fp_round.o)
                              /usr/local/lib/gcc/avr/4.9.2/../../../../avr/lib/avr5/libm.a(addsf3.o) (__fp_round)
/usr/local/lib/gcc/avr/4.9.2/../../../../avr/lib/avr5/libm.a(fp_split3.o)
                              /usr/local/lib/gcc/avr/4.9.2/../../../../avr/lib/avr5/libm.a(addsf3x.o) (__fp_split3)
/usr/local/lib/gcc/avr/4.9.2/../../../../avr/lib/avr5/libm.a(fp_zero.o)
                              /usr/local/lib/gcc/avr/4.9.2/../../../../avr/lib/avr5/libm.a(addsf3x.o) (__fp_zero)
/usr/local/lib/gcc/avr/4.9.2/../../../../avr/lib/avr5/libm.a(gesf2.o)
                              Iris.o (__gesf2)
/usr/local/lib/gcc/avr/4.9.2/../../../../avr/lib/avr5/libm.a(mulsf3.o)
                              Iris.o (__mulsf3)
/usr/local/lib/gcc/avr/4.9.2/../../../../avr/lib/avr5/libm.a(mulsf3x.o)
                              /usr/local/lib/gcc/avr/4.9.2/../../../../avr/lib/avr5/libm.a(mulsf3.o) (__mulsf3x)

Allocating common symbols
Common symbol       size              file

songStart           0x2               uzeboxSoundEngine.o
tracks              0x73              uzeboxSoundEngine.o
jump_anim           0x2               Iris.o
scores              0x20              Iris.o
fadeSpeed           0x1               uzeboxVideoEngine.o
currDeltaTime       0x2               uzeboxSoundEngine.o
fadeDir             0x1               uzeboxVideoEngine.o
patchPointers       0x2               uzeboxSoundEngine.o
game                0x1f9             Iris.o
lastStatus          0x1               uzeboxSoundEngine.o
joypadsConnectionStatus
                    0x1               uzeboxCore.o
free_tile_index     0x1               uzeboxVideoEngine.o
fadeActive          0x1               uzeboxVideoEngine.o
masterVolume        0x1               uzeboxSoundEngine.o
prone_anim          0x2               Iris.o
nextDeltaTime       0x2               uzeboxSoundEngine.o
spider_anim         0x4               Iris.o
songSpeed           0x1               uzeboxSoundEngine.o
songPos             0x2               uzeboxSoundEngine.o
extendedSprites     0x50              Iris.o
run_anim            0x8               Iris.o
enemy_shot_anim     0x2               Iris.o
loopStart           0x2               uzeboxSoundEngine.o
shot_anim           0x2               Iris.o
step                0x1               uzeboxSoundEngine.o
expl_anim           0x6               Iris.o
currFadeFrame       0x1               uzeboxVideoEngine.o
fadeStep            0x1               uzeboxVideoEngine.o
idle_anim           0x2               Iris.o

Discarded input sections

 .data          0x0000000000000000        0x0 /usr/local/lib/gcc/avr/4.9.2/../../../../avr/lib/avr5/crtm644.o
 .bss           0x0000000000000000        0x0 /usr/local/lib/gcc/avr/4.9.2/../../../../avr/lib/avr5/crtm644.o
 .data          0x0000000000000000        0x0 uzeboxVideoEngineCore.o
 .text.SetSpritesTileBank
                0x0000000000000000       0x12 uzeboxVideoEngineCore.o
 .text.GetTile  0x0000000000000000       0x24 uzeboxVideoEngineCore.o
 .text.GetVsyncCounter
                0x0000000000000000        0xa uzeboxVideoEngineCore.o
 .text.ClearVsyncCounter
                0x0000000000000000        0xa uzeboxVideoEngineCore.o
 .text.SetUserPreVsyncCallback
                0x0000000000000000        0xa uzeboxVideoEngineCore.o
 .text.SetUserPostVsyncCallback
                0x0000000000000000        0xa uzeboxVideoEngineCore.o
 .text.IsRunningInEmulator
                0x0000000000000000       0x12 uzeboxVideoEngineCore.o
 .text.WaitClocks
                0x0000000000000000        0x6 uzeboxVideoEngineCore.o
 .text.SetLedOn
                0x0000000000000000        0x4 uzeboxVideoEngineCore.o
 .text.SetLedOff
                0x0000000000000000        0x4 uzeboxVideoEngineCore.o
 .text.ToggleLed
                0x0000000000000000        0x4 uzeboxVideoEngineCore.o
 .text.internal_spi_byte
                0x0000000000000000        0xe uzeboxVideoEngineCore.o
 .text.GetTrueRandomSeed
                0x0000000000000000        0xa uzeboxVideoEngineCore.o
 .text          0x0000000000000000        0x0 uzeboxCore.o
 .data          0x0000000000000000        0x0 uzeboxCore.o
 .bss           0x0000000000000000        0x2 uzeboxCore.o
 .text.SetRenderingParameters
                0x0000000000000000        0xa uzeboxCore.o
 .text.DetectControllers
                0x0000000000000000       0x36 uzeboxCore.o
 .text.FormatEeprom2
                0x0000000000000000       0x98 uzeboxCore.o
 .text.IsPowerSwitchPressed
                0x0000000000000000        0xe uzeboxCore.o
 .text.EepromReadBlock
                0x0000000000000000       0x66 uzeboxCore.o
 .text.GetPrngNumber
                0x0000000000000000       0x5c uzeboxCore.o
 .text          0x0000000000000000        0x0 uzeboxSoundEngine.o
 .data          0x0000000000000000        0x0 uzeboxSoundEngine.o
 .text.ResumeSong
                0x0000000000000000        0x8 uzeboxSoundEngine.o
 .text.SetSongSpeed
                0x0000000000000000        0x6 uzeboxSoundEngine.o
 .text.GetSongSpeed
                0x0000000000000000        0x6 uzeboxSoundEngine.o
 .text.GetMasterVolume
                0x0000000000000000        0x6 uzeboxSoundEngine.o
 .data          0x0000000000000000        0x0 uzeboxSoundEngineCore.o
 .text.SetMixerNoiseParams
                0x0000000000000000       0x10 uzeboxSoundEngineCore.o
 .text.SetMixerVolume
                0x0000000000000000       0x16 uzeboxSoundEngineCore.o
 .text.EnableSoundEngine
                0x0000000000000000        0x8 uzeboxSoundEngineCore.o
 .text          0x0000000000000000        0x0 uzeboxVideoEngine.o
 .text.SetUserRamTilesCount
                0x0000000000000000        0x6 uzeboxVideoEngine.o
 .text.GetUserRamTile
                0x0000000000000000        0xe uzeboxVideoEngine.o
 .text.SetSpriteVisibility
                0x0000000000000000        0x6 uzeboxVideoEngine.o
 .text.SetScrolling
                0x0000000000000000       0x28 uzeboxVideoEngine.o
 .text.MapSprite
                0x0000000000000000       0x80 uzeboxVideoEngine.o
 .text.MapSprite2
                0x0000000000000000       0xa4 uzeboxVideoEngine.o
 .text.MoveSprite
                0x0000000000000000       0x7c uzeboxVideoEngine.o
 .text.PrintLong
                0x0000000000000000       0x8a uzeboxVideoEngine.o
 .text.PrintBinaryByte
                0x0000000000000000       0x36 uzeboxVideoEngine.o
 .text.PrintHexByte
                0x0000000000000000       0x40 uzeboxVideoEngine.o
 .text.PrintHexInt
                0x0000000000000000       0x24 uzeboxVideoEngine.o
 .text.PrintHexLong
                0x0000000000000000       0x5e uzeboxVideoEngine.o
 .text.PrintRam
                0x0000000000000000       0x36 uzeboxVideoEngine.o
 .text.PrintChar
                0x0000000000000000        0x6 uzeboxVideoEngine.o
 .text.Fill     0x0000000000000000       0x6e uzeboxVideoEngine.o
 .text.FontFill
                0x0000000000000000       0x6c uzeboxVideoEngine.o
 .text          0x0000000000000000        0x0 Iris.o
 .text.LBGetNextFrameReverse
                0x0000000000000000       0x60 Iris.o
 .text.LBCopyChars
                0x0000000000000000       0x18 Iris.o
 .text.LBPrintStr
                0x0000000000000000       0x62 Iris.o
 .text.LBRandom
                0x0000000000000000       0x6a Iris.o
 .text.load_eeprom
                0x0000000000000000       0x24 Iris.o
 .text.save_eeprom
                0x0000000000000000        0x4 Iris.o
 .text.render_level_tile
                0x0000000000000000        0xe Iris.o
 .text.get_camera_x
                0x0000000000000000        0x4 Iris.o
 .text.get_camera_y
                0x0000000000000000        0x4 Iris.o
 .text.get_hero_spawn_x
                0x0000000000000000        0x4 Iris.o
 .text.get_hero_spawn_y
                0x0000000000000000        0x4 Iris.o
 .text          0x0000000000000000        0x0 /usr/local/lib/gcc/avr/4.9.2/avr5/libgcc.a(_udivmodqi4.o)
 .data          0x0000000000000000        0x0 /usr/local/lib/gcc/avr/4.9.2/avr5/libgcc.a(_udivmodqi4.o)
 .bss           0x0000000000000000        0x0 /usr/local/lib/gcc/avr/4.9.2/avr5/libgcc.a(_udivmodqi4.o)
 .text.libgcc.mul
                0x0000000000000000        0x0 /usr/local/lib/gcc/avr/4.9.2/avr5/libgcc.a(_udivmodqi4.o)
 .text.libgcc   0x0000000000000000        0x0 /usr/local/lib/gcc/avr/4.9.2/avr5/libgcc.a(_udivmodqi4.o)
 .text.libgcc.prologue
                0x0000000000000000        0x0 /usr/local/lib/gcc/avr/4.9.2/avr5/libgcc.a(_udivmodqi4.o)
 .text.libgcc.builtins
                0x0000000000000000        0x0 /usr/local/lib/gcc/avr/4.9.2/avr5/libgcc.a(_udivmodqi4.o)
 .text.libgcc.fmul
                0x0000000000000000        0x0 /usr/local/lib/gcc/avr/4.9.2/avr5/libgcc.a(_udivmodqi4.o)
 .text.libgcc.fixed
                0x0000000000000000        0x0 /usr/local/lib/gcc/avr/4.9.2/avr5/libgcc.a(_udivmodqi4.o)
 .text          0x0000000000000000        0x0 /usr/local/lib/gcc/avr/4.9.2/avr5/libgcc.a(_udivmodhi4.o)
 .data          0x0000000000000000        0x0 /usr/local/lib/gcc/avr/4.9.2/avr5/libgcc.a(_udivmodhi4.o)
 .bss           0x0000000000000000        0x0 /usr/local/lib/gcc/avr/4.9.2/avr5/libgcc.a(_udivmodhi4.o)
 .text.libgcc.mul
                0x0000000000000000        0x0 /usr/local/lib/gcc/avr/4.9.2/avr5/libgcc.a(_udivmodhi4.o)
 .text.libgcc   0x0000000000000000        0x0 /usr/local/lib/gcc/avr/4.9.2/avr5/libgcc.a(_udivmodhi4.o)
 .text.libgcc.prologue
                0x0000000000000000        0x0 /usr/local/lib/gcc/avr/4.9.2/avr5/libgcc.a(_udivmodhi4.o)
 .text.libgcc.builtins
                0x0000000000000000        0x0 /usr/local/lib/gcc/avr/4.9.2/avr5/libgcc.a(_udivmodhi4.o)
 .text.libgcc.fmul
                0x0000000000000000        0x0 /usr/local/lib/gcc/avr/4.9.2/avr5/libgcc.a(_udivmodhi4.o)
 .text.libgcc.fixed
                0x0000000000000000        0x0 /usr/local/lib/gcc/avr/4.9.2/avr5/libgcc.a(_udivmodhi4.o)
 .text          0x0000000000000000        0x0 /usr/local/lib/gcc/avr/4.9.2/avr5/libgcc.a(_divmodhi4.o)
 .data          0x0000000000000000        0x0 /usr/local/lib/gcc/avr/4.9.2/avr5/libgcc.a(_divmodhi4.o)
 .bss           0x0000000000000000        0x0 /usr/local/lib/gcc/avr/4.9.2/avr5/libgcc.a(_divmodhi4.o)
 .text.libgcc.mul
                0x0000000000000000        0x0 /usr/local/lib/gcc/avr/4.9.2/avr5/libgcc.a(_divmodhi4.o)
 .text.libgcc   0x0000000000000000        0x0 /usr/local/lib/gcc/avr/4.9.2/avr5/libgcc.a(_divmodhi4.o)
 .text.libgcc.prologue
                0x0000000000000000        0x0 /usr/local/lib/gcc/avr/4.9.2/avr5/libgcc.a(_divmodhi4.o)
 .text.libgcc.builtins
                0x0000000000000000        0x0 /usr/local/lib/gcc/avr/4.9.2/avr5/libgcc.a(_divmodhi4.o)
 .text.libgcc.fmul
                0x0000000000000000        0x0 /usr/local/lib/gcc/avr/4.9.2/avr5/libgcc.a(_divmodhi4.o)
 .text.libgcc.fixed
                0x0000000000000000        0x0 /usr/local/lib/gcc/avr/4.9.2/avr5/libgcc.a(_divmodhi4.o)
 .text          0x0000000000000000        0x0 /usr/local/lib/gcc/avr/4.9.2/avr5/libgcc.a(_udivmodsi4.o)
 .data          0x0000000000000000        0x0 /usr/local/lib/gcc/avr/4.9.2/avr5/libgcc.a(_udivmodsi4.o)
 .bss           0x0000000000000000        0x0 /usr/local/lib/gcc/avr/4.9.2/avr5/libgcc.a(_udivmodsi4.o)
 .stab          0x0000000000000000      0x228 /usr/local/lib/gcc/avr/4.9.2/avr5/libgcc.a(_udivmodsi4.o)
                                        0x234 (size before relaxing)
 .text.libgcc.mul
                0x0000000000000000        0x0 /usr/local/lib/gcc/avr/4.9.2/avr5/libgcc.a(_udivmodsi4.o)
 .text.libgcc.div
                0x0000000000000000       0x44 /usr/local/lib/gcc/avr/4.9.2/avr5/libgcc.a(_udivmodsi4.o)
 .text.libgcc   0x0000000000000000        0x0 /usr/local/lib/gcc/avr/4.9.2/avr5/libgcc.a(_udivmodsi4.o)
 .text.libgcc.prologue
                0x0000000000000000        0x0 /usr/local/lib/gcc/avr/4.9.2/avr5/libgcc.a(_udivmodsi4.o)
 .text.libgcc.builtins
                0x0000000000000000        0x0 /usr/local/lib/gcc/avr/4.9.2/avr5/libgcc.a(_udivmodsi4.o)
 .text.libgcc.fmul
                0x0000000000000000        0x0 /usr/local/lib/gcc/avr/4.9.2/avr5/libgcc.a(_udivmodsi4.o)
 .text.libgcc.fixed
                0x0000000000000000        0x0 /usr/local/lib/gcc/avr/4.9.2/avr5/libgcc.a(_udivmodsi4.o)
 .text          0x0000000000000000        0x0 /usr/local/lib/gcc/avr/4.9.2/avr5/libgcc.a(_exit.o)
 .data          0x0000000000000000        0x0 /usr/local/lib/gcc/avr/4.9.2/avr5/libgcc.a(_exit.o)
 .bss           0x0000000000000000        0x0 /usr/local/lib/gcc/avr/4.9.2/avr5/libgcc.a(_exit.o)
 .text.libgcc.mul
                0x0000000000000000        0x0 /usr/local/lib/gcc/avr/4.9.2/avr5/libgcc.a(_exit.o)
 .text.libgcc.div
                0x0000000000000000        0x0 /usr/local/lib/gcc/avr/4.9.2/avr5/libgcc.a(_exit.o)
 .text.libgcc   0x0000000000000000        0x0 /usr/local/lib/gcc/avr/4.9.2/avr5/libgcc.a(_exit.o)
 .text.libgcc.prologue
                0x0000000000000000        0x0 /usr/local/lib/gcc/avr/4.9.2/avr5/libgcc.a(_exit.o)
 .text.libgcc.builtins
                0x0000000000000000        0x0 /usr/local/lib/gcc/avr/4.9.2/avr5/libgcc.a(_exit.o)
 .text.libgcc.fmul
                0x0000000000000000        0x0 /usr/local/lib/gcc/avr/4.9.2/avr5/libgcc.a(_exit.o)
 .text.libgcc.fixed
                0x0000000000000000        0x0 /usr/local/lib/gcc/avr/4.9.2/avr5/libgcc.a(_exit.o)
 .text          0x0000000000000000        0x0 /usr/local/lib/gcc/avr/4.9.2/avr5/libgcc.a(_copy_data.o)
 .data          0x0000000000000000        0x0 /usr/local/lib/gcc/avr/4.9.2/avr5/libgcc.a(_copy_data.o)
 .bss           0x0000000000000000        0x0 /usr/local/lib/gcc/avr/4.9.2/avr5/libgcc.a(_copy_data.o)
 .text.libgcc.mul
                0x0000000000000000        0x0 /usr/local/lib/gcc/avr/4.9.2/avr5/libgcc.a(_copy_data.o)
 .text.libgcc.div
                0x0000000000000000        0x0 /usr/local/lib/gcc/avr/4.9.2/avr5/libgcc.a(_copy_data.o)
 .text.libgcc   0x0000000000000000        0x0 /usr/local/lib/gcc/avr/4.9.2/avr5/libgcc.a(_copy_data.o)
 .text.libgcc.prologue
                0x0000000000000000        0x0 /usr/local/lib/gcc/avr/4.9.2/avr5/libgcc.a(_copy_data.o)
 .text.libgcc.builtins
                0x0000000000000000        0x0 /usr/local/lib/gcc/avr/4.9.2/avr5/libgcc.a(_copy_data.o)
 .text.libgcc.fmul
                0x0000000000000000        0x0 /usr/local/lib/gcc/avr/4.9.2/avr5/libgcc.a(_copy_data.o)
 .text.libgcc.fixed
                0x0000000000000000        0x0 /usr/local/lib/gcc/avr/4.9.2/avr5/libgcc.a(_copy_data.o)
 .text          0x0000000000000000        0x0 /usr/local/lib/gcc/avr/4.9.2/avr5/libgcc.a(_clear_bss.o)
 .data          0x0000000000000000        0x0 /usr/local/lib/gcc/avr/4.9.2/avr5/libgcc.a(_clear_bss.o)
 .bss           0x0000000000000000        0x0 /usr/local/lib/gcc/avr/4.9.2/avr5/libgcc.a(_clear_bss.o)
 .text.libgcc.mul
                0x0000000000000000        0x0 /usr/local/lib/gcc/avr/4.9.2/avr5/libgcc.a(_clear_bss.o)
 .text.libgcc.div
                0x0000000000000000        0x0 /usr/local/lib/gcc/avr/4.9.2/avr5/libgcc.a(_clear_bss.o)
 .text.libgcc   0x0000000000000000        0x0 /usr/local/lib/gcc/avr/4.9.2/avr5/libgcc.a(_clear_bss.o)
 .text.libgcc.prologue
                0x0000000000000000        0x0 /usr/local/lib/gcc/avr/4.9.2/avr5/libgcc.a(_clear_bss.o)
 .text.libgcc.builtins
                0x0000000000000000        0x0 /usr/local/lib/gcc/avr/4.9.2/avr5/libgcc.a(_clear_bss.o)
 .text.libgcc.fmul
                0x0000000000000000        0x0 /usr/local/lib/gcc/avr/4.9.2/avr5/libgcc.a(_clear_bss.o)
 .text.libgcc.fixed
                0x0000000000000000        0x0 /usr/local/lib/gcc/avr/4.9.2/avr5/libgcc.a(_clear_bss.o)
 .text          0x0000000000000000        0x0 /usr/local/lib/gcc/avr/4.9.2/../../../../avr/lib/avr5/libm.a(addsf3.o)
 .data          0x0000000000000000        0x0 /usr/local/lib/gcc/avr/4.9.2/../../../../avr/lib/avr5/libm.a(addsf3.o)
 .bss           0x0000000000000000        0x0 /usr/local/lib/gcc/avr/4.9.2/../../../../avr/lib/avr5/libm.a(addsf3.o)
 .text          0x0000000000000000        0x0 /usr/local/lib/gcc/avr/4.9.2/../../../../avr/lib/avr5/libm.a(addsf3x.o)
 .data          0x0000000000000000        0x0 /usr/local/lib/gcc/avr/4.9.2/../../../../avr/lib/avr5/libm.a(addsf3x.o)
 .bss           0x0000000000000000        0x0 /usr/local/lib/gcc/avr/4.9.2/../../../../avr/lib/avr5/libm.a(addsf3x.o)
 .text          0x0000000000000000        0x0 /usr/local/lib/gcc/avr/4.9.2/../../../../avr/lib/avr5/libm.a(cmpsf2.o)
 .data          0x0000000000000000        0x0 /usr/local/lib/gcc/avr/4.9.2/../../../../avr/lib/avr5/libm.a(cmpsf2.o)
 .bss           0x0000000000000000        0x0 /usr/local/lib/gcc/avr/4.9.2/../../../../avr/lib/avr5/libm.a(cmpsf2.o)
 .text          0x0000000000000000        0x0 /usr/local/lib/gcc/avr/4.9.2/../../../../avr/lib/avr5/libm.a(fixunssfsi.o)
 .data          0x0000000000000000        0x0 /usr/local/lib/gcc/avr/4.9.2/../../../../avr/lib/avr5/libm.a(fixunssfsi.o)
 .bss           0x0000000000000000        0x0 /usr/local/lib/gcc/avr/4.9.2/../../../../avr/lib/avr5/libm.a(fixunssfsi.o)
 .text          0x0000000000000000        0x0 /usr/local/lib/gcc/avr/4.9.2/../../../../avr/lib/avr5/libm.a(floatsisf.o)
 .data          0x0000000000000000        0x0 /usr/local/lib/gcc/avr/4.9.2/../../../../avr/lib/avr5/libm.a(floatsisf.o)
 .bss           0x0000000000000000        0x0 /usr/local/lib/gcc/avr/4.9.2/../../../../avr/lib/avr5/libm.a(floatsisf.o)
 .text          0x0000000000000000        0x0 /usr/local/lib/gcc/avr/4.9.2/../../../../avr/lib/avr5/libm.a(fp_cmp.o)
 .data          0x0000000000000000        0x0 /usr/local/lib/gcc/avr/4.9.2/../../../../avr/lib/avr5/libm.a(fp_cmp.o)
 .bss           0x0000000000000000        0x0 /usr/local/lib/gcc/avr/4.9.2/../../../../avr/lib/avr5/libm.a(fp_cmp.o)
 .text          0x0000000000000000        0x0 /usr/local/lib/gcc/avr/4.9.2/../../../../avr/lib/avr5/libm.a(fp_inf.o)
 .data          0x0000000000000000        0x0 /usr/local/lib/gcc/avr/4.9.2/../../../../avr/lib/avr5/libm.a(fp_inf.o)
 .bss           0x0000000000000000        0x0 /usr/local/lib/gcc/avr/4.9.2/../../../../avr/lib/avr5/libm.a(fp_inf.o)
 .text          0x0000000000000000        0x0 /usr/local/lib/gcc/avr/4.9.2/../../../../avr/lib/avr5/libm.a(fp_nan.o)
 .data          0x0000000000000000        0x0 /usr/local/lib/gcc/avr/4.9.2/../../../../avr/lib/avr5/libm.a(fp_nan.o)
 .bss           0x0000000000000000        0x0 /usr/local/lib/gcc/avr/4.9.2/../../../../avr/lib/avr5/libm.a(fp_nan.o)
 .text          0x0000000000000000        0x0 /usr/local/lib/gcc/avr/4.9.2/../../../../avr/lib/avr5/libm.a(fp_pscA.o)
 .data          0x0000000000000000        0x0 /usr/local/lib/gcc/avr/4.9.2/../../../../avr/lib/avr5/libm.a(fp_pscA.o)
 .bss           0x0000000000000000        0x0 /usr/local/lib/gcc/avr/4.9.2/../../../../avr/lib/avr5/libm.a(fp_pscA.o)
 .text          0x0000000000000000        0x0 /usr/local/lib/gcc/avr/4.9.2/../../../../avr/lib/avr5/libm.a(fp_pscB.o)
 .data          0x0000000000000000        0x0 /usr/local/lib/gcc/avr/4.9.2/../../../../avr/lib/avr5/libm.a(fp_pscB.o)
 .bss           0x0000000000000000        0x0 /usr/local/lib/gcc/avr/4.9.2/../../../../avr/lib/avr5/libm.a(fp_pscB.o)
 .text          0x0000000000000000        0x0 /usr/local/lib/gcc/avr/4.9.2/../../../../avr/lib/avr5/libm.a(fp_round.o)
 .data          0x0000000000000000        0x0 /usr/local/lib/gcc/avr/4.9.2/../../../../avr/lib/avr5/libm.a(fp_round.o)
 .bss           0x0000000000000000        0x0 /usr/local/lib/gcc/avr/4.9.2/../../../../avr/lib/avr5/libm.a(fp_round.o)
 .text          0x0000000000000000        0x0 /usr/local/lib/gcc/avr/4.9.2/../../../../avr/lib/avr5/libm.a(fp_split3.o)
 .data          0x0000000000000000        0x0 /usr/local/lib/gcc/avr/4.9.2/../../../../avr/lib/avr5/libm.a(fp_split3.o)
 .bss           0x0000000000000000        0x0 /usr/local/lib/gcc/avr/4.9.2/../../../../avr/lib/avr5/libm.a(fp_split3.o)
 .text          0x0000000000000000        0x0 /usr/local/lib/gcc/avr/4.9.2/../../../../avr/lib/avr5/libm.a(fp_zero.o)
 .data          0x0000000000000000        0x0 /usr/local/lib/gcc/avr/4.9.2/../../../../avr/lib/avr5/libm.a(fp_zero.o)
 .bss           0x0000000000000000        0x0 /usr/local/lib/gcc/avr/4.9.2/../../../../avr/lib/avr5/libm.a(fp_zero.o)
 .text          0x0000000000000000        0x0 /usr/local/lib/gcc/avr/4.9.2/../../../../avr/lib/avr5/libm.a(gesf2.o)
 .data          0x0000000000000000        0x0 /usr/local/lib/gcc/avr/4.9.2/../../../../avr/lib/avr5/libm.a(gesf2.o)
 .bss           0x0000000000000000        0x0 /usr/local/lib/gcc/avr/4.9.2/../../../../avr/lib/avr5/libm.a(gesf2.o)
 .text          0x0000000000000000        0x0 /usr/local/lib/gcc/avr/4.9.2/../../../../avr/lib/avr5/libm.a(mulsf3.o)
 .data          0x0000000000000000        0x0 /usr/local/lib/gcc/avr/4.9.2/../../../../avr/lib/avr5/libm.a(mulsf3.o)
 .bss           0x0000000000000000        0x0 /usr/local/lib/gcc/avr/4.9.2/../../../../avr/lib/avr5/libm.a(mulsf3.o)
 .text          0x0000000000000000        0x0 /usr/local/lib/gcc/avr/4.9.2/../../../../avr/lib/avr5/libm.a(mulsf3x.o)
 .data          0x0000000000000000        0x0 /usr/local/lib/gcc/avr/4.9.2/../../../../avr/lib/avr5/libm.a(mulsf3x.o)
 .bss           0x0000000000000000        0x0 /usr/local/lib/gcc/avr/4.9.2/../../../../avr/lib/avr5/libm.a(mulsf3x.o)

Memory Configuration

Name             Origin             Length             Attributes
text             0x0000000000000000 0x0000000000020000 xr
data             0x0000000000800060 0x000000000000ffa0 rw !x
eeprom           0x0000000000810000 0x0000000000010000 rw !x
fuse             0x0000000000820000 0x0000000000000400 rw !x
lock             0x0000000000830000 0x0000000000000400 rw !x
signature        0x0000000000840000 0x0000000000000400 rw !x
*default*        0x0000000000000000 0xffffffffffffffff

Linker script and memory map

Address of section .data set to 0x800100
LOAD /usr/local/lib/gcc/avr/4.9.2/../../../../avr/lib/avr5/crtm644.o
Address of section .noinit set to 0x800100
Address of section .data set to 0x800500
LOAD uzeboxVideoEngineCore.o
LOAD uzeboxCore.o
LOAD uzeboxSoundEngine.o
LOAD uzeboxSoundEngineCore.o
LOAD uzeboxVideoEngine.o
LOAD Iris.o
START GROUP
LOAD /usr/local/lib/gcc/avr/4.9.2/avr5/libgcc.a
LOAD /usr/local/lib/gcc/avr/4.9.2/../../../../avr/lib/avr5/libm.a
LOAD /usr/local/lib/gcc/avr/4.9.2/../../../../avr/lib/avr5/libc.a
END GROUP

.hash
 *(.hash)

.dynsym
 *(.dynsym)

.dynstr
 *(.dynstr)

.gnu.version
 *(.gnu.version)

.gnu.version_d
 *(.gnu.version_d)

.gnu.version_r
 *(.gnu.version_r)

.rel.init
 *(.rel.init)

.rela.init
 *(.rela.init)

.rel.text
 *(.rel.text)
 *(.rel.text.*)
 *(.rel.gnu.linkonce.t*)

.rela.text
 *(.rela.text)
 *(.rela.text.*)
 *(.rela.gnu.linkonce.t*)

.rel.fini
 *(.rel.fini)

.rela.fini
 *(.rela.fini)

.rel.rodata
 *(.rel.rodata)
 *(.rel.rodata.*)
 *(.rel.gnu.linkonce.r*)

.rela.rodata
 *(.rela.rodata)
 *(.rela.rodata.*)
 *(.rela.gnu.linkonce.r*)

.rel.data
 *(.rel.data)
 *(.rel.data.*)
 *(.rel.gnu.linkonce.d*)

.rela.data
 *(.rela.data)
 *(.rela.data.*)
 *(.rela.gnu.linkonce.d*)

.rel.ctors
 *(.rel.ctors)

.rela.ctors
 *(.rela.ctors)

.rel.dtors
 *(.rel.dtors)

.rela.dtors
 *(.rela.dtors)

.rel.got
 *(.rel.got)

.rela.got
 *(.rela.got)

.rel.bss
 *(.rel.bss)

.rela.bss
 *(.rela.bss)

.rel.plt
 *(.rel.plt)

.rela.plt
 *(.rela.plt)

.text           0x0000000000000000     0xa090
 *(.vectors)
 .vectors       0x0000000000000000       0x70 /usr/local/lib/gcc/avr/4.9.2/../../../../avr/lib/avr5/crtm644.o
                0x0000000000000000                __vectors
                0x0000000000000000                __vector_default
 *(.vectors)
 *(.progmem.gcc*)
                0x0000000000000070                . = ALIGN (0x2)
                0x0000000000000070                __trampolines_start = .
 *(.trampolines)
 .trampolines   0x0000000000000070        0x0 linker stubs
 *(.trampolines*)
                0x0000000000000070                __trampolines_end = .
 *(.progmem*)
 .progmem.data  0x0000000000000070       0x4e uzeboxCore.o
                0x0000000000000070                io_table
                0x000000000000009e                eeprom_format_table
 .progmem.data  0x00000000000000be       0x1e uzeboxSoundEngine.o
                0x00000000000000be                patchCommands
 .progmem.data  0x00000000000000dc      0x853 uzeboxVideoEngine.o
                0x00000000000000dc                fader
                0x00000000000000e8                map_uzeboxlogo2
                0x00000000000000f9                map_uzeboxlogo
                0x000000000000010f                logo_tileset
                0x000000000000090f                logoInitPatches
                0x0000000000000918                initPatch
 .progmem.data  0x000000000000092f     0x40ab Iris.o
                0x000000000000092f                default_scores
                0x000000000000094d                strLevels
                0x000000000000095b                strPaused
                0x0000000000000962                strExit
                0x000000000000096b                strTime
                0x0000000000000972                strLives
                0x000000000000097a                strShield
                0x0000000000000983                strScore
                0x000000000000098b                strSelectHandle
                0x000000000000099c                strHighscores
                0x00000000000009a8                str1Player
                0x00000000000009ae                strCopyright
                0x00000000000009c3                spacesong
                0x0000000000001063                planetsong
                0x0000000000001b35                my_patches
                0x0000000000001b74                explode
                0x0000000000001c45                pshoot
                0x0000000000001c9b                navigate
                0x0000000000001cac                instrument
                0x0000000000001cb4                sprites_data
                0x00000000000029b4                map_enemy_spider_1
                0x00000000000029b7                map_enemy_spider_0
                0x00000000000029ba                map_enemy_shark
                0x00000000000029bd                map_enemy_shot
                0x00000000000029c0                map_hero_shot
                0x00000000000029c3                map_hero_ship_large
                0x00000000000029cd                map_hero_ship_1
                0x00000000000029d2                map_hero_ship_0
                0x00000000000029d7                map_hero_prone
                0x00000000000029dc                map_hero_jump
                0x00000000000029e4                map_hero_step_3
                0x00000000000029ec                map_hero_step_2
                0x00000000000029f4                map_hero_step_1
                0x00000000000029fc                map_hero_step_0
                0x0000000000002a04                map_hero_idle
                0x0000000000002a0c                map_explosion_2
                0x0000000000002a0f                map_explosion_1
                0x0000000000002a12                map_explosion_0
                0x0000000000002a15                map_meteor
                0x0000000000002a18                map_up_arrow
                0x0000000000002a1b                map_down_arrow
                0x0000000000002a1e                map_right_arrow
                0x0000000000002a21                map_none
                0x0000000000002a24                map_level_0
                0x00000000000030a4                tiles_data
                0x0000000000004964                map_star
                0x0000000000004967                map_ice_moon
                0x0000000000004972                map_ice_cloud
                0x0000000000004975                map_ice_far
                0x0000000000004978                map_ice_sky
                0x000000000000497b                map_ice_horizon
                0x000000000000497e                map_ice_bottom
                0x0000000000004981                map_ice_right
                0x0000000000004984                map_ice_middle
                0x0000000000004987                map_ice_left
                0x000000000000498a                map_splash
                0x00000000000049d7                map_tile_none
                0x00000000000049da                . = ALIGN (0x2)
 *(.jumptables)
 *(.jumptables*)
 *(.lowtext)
 *(.lowtext*)
                0x00000000000049da                __ctors_start = .
 *(.ctors)
                0x00000000000049da                __ctors_end = .
                0x00000000000049da                __dtors_start = .
 *(.dtors)
                0x00000000000049da                __dtors_end = .
 SORT(*)(.ctors)
 SORT(*)(.dtors)
 *(.init0)
 .init0         0x00000000000049da        0x0 /usr/local/lib/gcc/avr/4.9.2/../../../../avr/lib/avr5/crtm644.o
                0x00000000000049da                __init
 *(.init0)
 *(.init1)
 *(.init1)
 *(.init2)
 .init2         0x00000000000049da        0xc /usr/local/lib/gcc/avr/4.9.2/../../../../avr/lib/avr5/crtm644.o
 *(.init2)
 *(.init3)
 *(.init3)
 *(.init4)
 .init4         0x00000000000049e6       0x16 /usr/local/lib/gcc/avr/4.9.2/avr5/libgcc.a(_copy_data.o)
                0x00000000000049e6                __do_copy_data
 .init4         0x00000000000049fc       0x10 /usr/local/lib/gcc/avr/4.9.2/avr5/libgcc.a(_clear_bss.o)
                0x00000000000049fc                __do_clear_bss
 *(.init4)
 *(.init5)
 *(.init5)
 *(.init6)
 *(.init6)
 *(.init7)
 .init7         0x0000000000004a0c       0x16 uzeboxCore.o
                0x0000000000004a0c                wdt_init
 *(.init7)
 *(.init8)
 .init8         0x0000000000004a22       0x82 uzeboxCore.o
                0x0000000000004a22                Initialize
 *(.init8)
 *(.init9)
 .init9         0x0000000000004aa4        0x8 /usr/local/lib/gcc/avr/4.9.2/../../../../avr/lib/avr5/crtm644.o
 *(.init9)
 *(.text)
 .text          0x0000000000004aac        0x4 /usr/local/lib/gcc/avr/4.9.2/../../../../avr/lib/avr5/crtm644.o
                0x0000000000004aac                __vector_20
                0x0000000000004aac                __vector_1
                0x0000000000004aac                __vector_24
                0x0000000000004aac                __vector_12
                0x0000000000004aac                __bad_interrupt
                0x0000000000004aac                __vector_6
                0x0000000000004aac                __vector_3
                0x0000000000004aac                __vector_23
                0x0000000000004aac                __vector_25
                0x0000000000004aac                __vector_11
                0x0000000000004aac                __vector_17
                0x0000000000004aac                __vector_19
                0x0000000000004aac                __vector_7
                0x0000000000004aac                __vector_27
                0x0000000000004aac                __vector_5
                0x0000000000004aac                __vector_4
                0x0000000000004aac                __vector_9
                0x0000000000004aac                __vector_2
                0x0000000000004aac                __vector_21
                0x0000000000004aac                __vector_15
                0x0000000000004aac                __vector_26
                0x0000000000004aac                __vector_10
                0x0000000000004aac                __vector_16
                0x0000000000004aac                __vector_18
                0x0000000000004aac                __vector_22
 .text          0x0000000000004ab0      0x868 uzeboxVideoEngineCore.o
                0x0000000000004e18                CopyFlashTile
                0x0000000000004f36                CopyRamTile
                0x0000000000005050                BlitSprite
                0x0000000000005134                __vector_13
                0x00000000000051b4                __vector_14
 .text          0x0000000000005318      0x180 uzeboxSoundEngineCore.o
                0x0000000000005318                process_music
                0x0000000000005324                update_sound
                0x0000000000005498                . = ALIGN (0x2)
 *(.text.*)
 .text.SetSpritesTileTable
                0x0000000000005498        0xa uzeboxVideoEngineCore.o
                0x0000000000005498                SetSpritesTileTable
 .text.ClearVram
                0x00000000000054a2       0x14 uzeboxVideoEngineCore.o
                0x00000000000054a2                ClearVram
 .text.SetFont  0x00000000000054b6        0x8 uzeboxVideoEngineCore.o
                0x00000000000054b6                SetFont
 .text.SetTile  0x00000000000054be       0x22 uzeboxVideoEngineCore.o
                0x00000000000054be                SetTile
 .text.SetFontTilesIndex
                0x00000000000054e0        0x6 uzeboxVideoEngineCore.o
                0x00000000000054e0                SetFontTilesIndex
 .text.SetTileTable
                0x00000000000054e6        0xa uzeboxVideoEngineCore.o
                0x00000000000054e6                SetTileTable
 .text.GetVsyncFlag
                0x00000000000054f0        0x8 uzeboxVideoEngineCore.o
                0x00000000000054f0                GetVsyncFlag
 .text.ClearVsyncFlag
                0x00000000000054f8        0xc uzeboxVideoEngineCore.o
                0x00000000000054f8                ClearVsyncFlag
 .text.ReadJoypad
                0x0000000000005504       0x18 uzeboxVideoEngineCore.o
                0x0000000000005504                ReadJoypad
 .text.WaitUs   0x000000000000551c        0xe uzeboxVideoEngineCore.o
                0x000000000000551c                WaitUs
 .text.WriteEeprom
                0x000000000000552a       0x14 uzeboxVideoEngineCore.o
                0x000000000000552a                WriteEeprom
 .text.ReadEeprom
                0x000000000000553e       0x12 uzeboxVideoEngineCore.o
                0x000000000000553e                ReadEeprom
 .text.wdt_randomize
                0x0000000000005550       0x50 uzeboxVideoEngineCore.o
                0x0000000000005550                wdt_randomize
 .text.__vector_8
                0x00000000000055a0       0x44 uzeboxVideoEngineCore.o
                0x00000000000055a0                __vector_8
 .text.SoftReset
                0x00000000000055e4       0x16 uzeboxCore.o
                0x00000000000055e4                SoftReset
 .text.ReadButtons
                0x00000000000055fa       0x6c uzeboxCore.o
                0x00000000000055fa                ReadButtons
 .text.ReadControllers
                0x0000000000005666       0x20 uzeboxCore.o
                0x0000000000005666                ReadControllers
 .text.FormatEeprom
                0x0000000000005686       0x44 uzeboxCore.o
                0x0000000000005686                FormatEeprom
 .text.isEepromFormatted
                0x00000000000056ca       0x2e uzeboxCore.o
                0x00000000000056ca                isEepromFormatted
 .text.EepromBlockExists
                0x00000000000056f8       0xa4 uzeboxCore.o
                0x00000000000056f8                EepromBlockExists
 .text.EepromWriteBlock
                0x000000000000579c       0x94 uzeboxCore.o
                0x000000000000579c                EepromWriteBlock
 .text.PatchCommand00
                0x0000000000005830        0x6 uzeboxSoundEngine.o
                0x0000000000005830                PatchCommand00
 .text.PatchCommand01
                0x0000000000005836       0x10 uzeboxSoundEngine.o
                0x0000000000005836                PatchCommand01
 .text.PatchCommand05
                0x0000000000005846        0xa uzeboxSoundEngine.o
                0x0000000000005846                PatchCommand05
 .text.PatchCommand06
                0x0000000000005850        0xa uzeboxSoundEngine.o
                0x0000000000005850                PatchCommand06
 .text.PatchCommand07
                0x000000000000585a        0x6 uzeboxSoundEngine.o
                0x000000000000585a                PatchCommand07
 .text.PatchCommand09
                0x0000000000005860        0x6 uzeboxSoundEngine.o
                0x0000000000005860                PatchCommand09
 .text.PatchCommand10
                0x0000000000005866        0x6 uzeboxSoundEngine.o
                0x0000000000005866                PatchCommand10
 .text.PatchCommand11
                0x000000000000586c       0x76 uzeboxSoundEngine.o
                0x000000000000586c                PatchCommand11
 .text.PatchCommand12
                0x00000000000058e2        0x6 uzeboxSoundEngine.o
                0x00000000000058e2                PatchCommand12
 .text.PatchCommand13
                0x00000000000058e8        0x6 uzeboxSoundEngine.o
                0x00000000000058e8                PatchCommand13
 .text.PatchCommand02
                0x00000000000058ee        0x8 uzeboxSoundEngine.o
                0x00000000000058ee                PatchCommand02
 .text.PatchCommand03
                0x00000000000058f6        0xe uzeboxSoundEngine.o
                0x00000000000058f6                PatchCommand03
 .text.PatchCommand04
                0x0000000000005904       0x10 uzeboxSoundEngine.o
                0x0000000000005904                PatchCommand04
 .text.PatchCommand08
                0x0000000000005914       0x20 uzeboxSoundEngine.o
                0x0000000000005914                PatchCommand08
 .text.PatchCommand14
                0x0000000000005934       0x54 uzeboxSoundEngine.o
                0x0000000000005934                PatchCommand14
 .text.InitMusicPlayer
                0x0000000000005988       0x44 uzeboxSoundEngine.o
                0x0000000000005988                InitMusicPlayer
 .text.StartSong
                0x00000000000059cc       0x52 uzeboxSoundEngine.o
                0x00000000000059cc                StartSong
 .text.StopSong
                0x0000000000005a1e       0x1c uzeboxSoundEngine.o
                0x0000000000005a1e                StopSong
 .text.ReadVarLen
                0x0000000000005a3a       0x4c uzeboxSoundEngine.o
                0x0000000000005a3a                ReadVarLen
 .text.TriggerCommon
                0x0000000000005a86      0x11c uzeboxSoundEngine.o
                0x0000000000005a86                TriggerCommon
 .text.TriggerFx
                0x0000000000005ba2       0x90 uzeboxSoundEngine.o
                0x0000000000005ba2                TriggerFx
 .text.TriggerNote
                0x0000000000005c32       0x80 uzeboxSoundEngine.o
                0x0000000000005c32                TriggerNote
 .text.ProcessMusic
                0x0000000000005cb2      0x43e uzeboxSoundEngine.o
                0x0000000000005cb2                ProcessMusic
 .text.SetMasterVolume
                0x00000000000060f0        0x6 uzeboxSoundEngine.o
                0x00000000000060f0                SetMasterVolume
 .text.SetMixerNote
                0x00000000000060f6       0x2e uzeboxSoundEngineCore.o
                0x00000000000060f6                SetMixerNote
 .text.SetMixerWave
                0x0000000000006124       0x3a uzeboxSoundEngineCore.o
                0x0000000000006124                SetMixerWave
 *fill*         0x000000000000615e       0xa2 
 .text.DisableSoundEngine
                0x0000000000006200      0xc00 uzeboxSoundEngineCore.o
                0x0000000000006200                DisableSoundEngine
                0x0000000000006208                steptable
                0x0000000000006400                waves
 .text.RestoreBackground
                0x0000000000006e00       0x2c uzeboxVideoEngine.o
                0x0000000000006e00                RestoreBackground
 .text.ProcessSprites
                0x0000000000006e2c      0x224 uzeboxVideoEngine.o
                0x0000000000006e2c                ProcessSprites
 .text.Scroll   0x0000000000007050       0x4a uzeboxVideoEngine.o
                0x0000000000007050                Scroll
 .text.InitializeVideoMode
                0x000000000000709a       0x1e uzeboxVideoEngine.o
                0x000000000000709a                InitializeVideoMode
 .text.DrawMap  0x00000000000070b8       0x9a uzeboxVideoEngine.o
                0x00000000000070b8                DrawMap2
                0x00000000000070b8                DrawMap
 .text.PrintByte
                0x0000000000007152       0x66 uzeboxVideoEngine.o
                0x0000000000007152                PrintByte
 .text.PrintInt
                0x00000000000071b8       0x70 uzeboxVideoEngine.o
                0x00000000000071b8                PrintInt
 .text.Print    0x0000000000007228       0x36 uzeboxVideoEngine.o
                0x0000000000007228                Print
 .text.WaitVsync
                0x000000000000725e       0x2e uzeboxVideoEngine.o
                0x000000000000725e                WaitVsync
 .text.DisplayLogo
                0x000000000000728c       0x6e uzeboxVideoEngine.o
                0x000000000000728c                DisplayLogo
 .text.doFade   0x00000000000072fa       0x1c uzeboxVideoEngine.o
                0x00000000000072fa                doFade
 .text.FadeIn   0x0000000000007316       0x18 uzeboxVideoEngine.o
                0x0000000000007316                FadeIn
 .text.FadeOut  0x000000000000732e       0x18 uzeboxVideoEngine.o
                0x000000000000732e                FadeOut
 .text.ProcessFading
                0x0000000000007346       0x4a uzeboxVideoEngine.o
                0x0000000000007346                ProcessFading
 .text.VideoModeVsync
                0x0000000000007390        0x8 uzeboxVideoEngine.o
                0x0000000000007390                VideoModeVsync
 .text.LBGetNextFrame
                0x0000000000007398       0x4c Iris.o
                0x0000000000007398                LBGetNextFrame
 .text.LBGetJoyPadState
                0x00000000000073e4       0x96 Iris.o
                0x00000000000073e4                LBGetJoyPadState
 .text.LBCollides
                0x000000000000747a       0x4c Iris.o
                0x000000000000747a                LBCollides
 .text.LBWaitSeconds
                0x00000000000074c6       0x1e Iris.o
                0x00000000000074c6                LBWaitSeconds
 .text.LBMapSprite
                0x00000000000074e4       0xa4 Iris.o
                0x00000000000074e4                LBMapSprite
 .text.LBMoveSprite
                0x0000000000007588       0x7c Iris.o
                0x0000000000007588                LBMoveSprite
 .text.LBRotateSprites
                0x0000000000007604       0x7e Iris.o
                0x0000000000007604                LBRotateSprites
 .text.init_game_state
                0x0000000000007682       0x12 Iris.o
                0x0000000000007682                init_game_state
 .text.init_enemy_state
                0x0000000000007694       0x28 Iris.o
                0x0000000000007694                init_enemy_state
 .text.init_player_state
                0x00000000000076bc      0x136 Iris.o
                0x00000000000076bc                init_player_state
 .text.init_enemy_spider
                0x00000000000077f2      0x15e Iris.o
                0x00000000000077f2                init_enemy_spider
 .text.fade_through
                0x0000000000007950       0x14 Iris.o
                0x0000000000007950                fade_through
 .text.clear_overlay
                0x0000000000007964       0x30 Iris.o
                0x0000000000007964                clear_overlay
 .text.read_level_byte
                0x0000000000007994       0x40 Iris.o
                0x0000000000007994                read_level_byte
 .text.get_level_tile
                0x00000000000079d4       0x18 Iris.o
                0x00000000000079d4                get_level_tile
 .text.render_camera_view
                0x00000000000079ec       0xaa Iris.o
                0x00000000000079ec                render_camera_view
 .text.spawn_enemy
                0x0000000000007a96       0x3e Iris.o
                0x0000000000007a96                spawn_enemy
 .text.solid_tile
                0x0000000000007ad4        0xe Iris.o
                0x0000000000007ad4                solid_tile
 .text.append_tile_column
                0x0000000000007ae2      0x12a Iris.o
                0x0000000000007ae2                append_tile_column
 .text.append_tile_row
                0x0000000000007c0c       0x80 Iris.o
                0x0000000000007c0c                append_tile_row
 .text.move_camera_x
                0x0000000000007c8c       0x32 Iris.o
                0x0000000000007c8c                move_camera_x
 .text.move_camera_y
                0x0000000000007cbe       0x36 Iris.o
                0x0000000000007cbe                move_camera_y
 .text.load_level
                0x0000000000007cf4       0xc0 Iris.o
                0x0000000000007cf4                load_level
 .text.on_solid_ground
                0x0000000000007db4      0x19e Iris.o
                0x0000000000007db4                on_solid_ground
 .text.find_shot_slot
                0x0000000000007f52       0x24 Iris.o
                0x0000000000007f52                find_shot_slot
 .text.update_shot
                0x0000000000007f76      0x154 Iris.o
                0x0000000000007f76                update_shot
 .text.pixel_overlap
                0x00000000000080ca       0x28 Iris.o
                0x00000000000080ca                pixel_overlap
 .text.collision_detect_level
                0x00000000000080f2      0x66c Iris.o
                0x00000000000080f2                collision_detect_level
 .text.animate_shot
                0x000000000000875e      0x330 Iris.o
                0x000000000000875e                animate_shot
 .text.map_explosion
                0x0000000000008a8e       0x96 Iris.o
                0x0000000000008a8e                map_explosion
 .text.animate_sprite
                0x0000000000008b24      0x142 Iris.o
                0x0000000000008b24                animate_sprite
 .text.animate_player
                0x0000000000008c66       0x92 Iris.o
                0x0000000000008c66                animate_player
 .text.update_spider_enemy
                0x0000000000008cf8       0x98 Iris.o
                0x0000000000008cf8                update_spider_enemy
 .text.update_basic_shot
                0x0000000000008d90       0x16 Iris.o
                0x0000000000008d90                update_basic_shot
 .text.update_enemies
                0x0000000000008da6       0x7a Iris.o
                0x0000000000008da6                update_enemies
 .text.update_enemy_shots
                0x0000000000008e20      0x134 Iris.o
                0x0000000000008e20                update_enemy_shots
 .text.animate_enemies
                0x0000000000008f54      0x286 Iris.o
                0x0000000000008f54                animate_enemies
 .text.animate_enemy_shots
                0x00000000000091da      0x276 Iris.o
                0x00000000000091da                animate_enemy_shots
 .text.update_level
                0x0000000000009450      0x15c Iris.o
                0x0000000000009450                update_level
 .text.clear_sprites
                0x00000000000095ac       0x44 Iris.o
                0x00000000000095ac                clear_sprites
 .text.level_transition
                0x00000000000095f0       0x6e Iris.o
                0x00000000000095f0                level_transition
 .text.save_score
                0x000000000000965e        0x8 Iris.o
                0x000000000000965e                save_score
 .text.load_splash
                0x0000000000009666       0x7a Iris.o
                0x0000000000009666                load_splash
 .text.exit_game
                0x00000000000096e0       0x28 Iris.o
                0x00000000000096e0                exit_game
 .text.handle_player_death
                0x0000000000009708       0x52 Iris.o
                0x0000000000009708                handle_player_death
 .text.update_player
                0x000000000000975a      0x456 Iris.o
                0x000000000000975a                update_player
 .text.select_pressed
                0x0000000000009bb0       0x14 Iris.o
                0x0000000000009bb0                select_pressed
 .text.update_splash
                0x0000000000009bc4       0x7e Iris.o
                0x0000000000009bc4                update_splash
 .text.startup.main
                0x0000000000009c42       0x86 Iris.o
                0x0000000000009c42                main
 .text.libgcc.div
                0x0000000000009cc8       0x18 /usr/local/lib/gcc/avr/4.9.2/avr5/libgcc.a(_udivmodqi4.o)
                0x0000000000009cc8                __udivmodqi4
 .text.libgcc.div
                0x0000000000009ce0       0x28 /usr/local/lib/gcc/avr/4.9.2/avr5/libgcc.a(_udivmodhi4.o)
                0x0000000000009ce0                __udivmodhi4
 .text.libgcc.div
                0x0000000000009d08       0x28 /usr/local/lib/gcc/avr/4.9.2/avr5/libgcc.a(_divmodhi4.o)
                0x0000000000009d08                __divmodhi4
                0x0000000000009d08                _div
 .text.avr-libc.fplib
                0x0000000000009d30        0xa /usr/local/lib/gcc/avr/4.9.2/../../../../avr/lib/avr5/libm.a(addsf3.o)
                0x0000000000009d30                __subsf3
                0x0000000000009d32                __addsf3
 .text.avr-libc.fplib
                0x0000000000009d3a       0xc0 /usr/local/lib/gcc/avr/4.9.2/../../../../avr/lib/avr5/libm.a(addsf3x.o)
                0x0000000000009d54                __addsf3x
 .text.avr-libc.fplib
                0x0000000000009dfa        0x8 /usr/local/lib/gcc/avr/4.9.2/../../../../avr/lib/avr5/libm.a(cmpsf2.o)
                0x0000000000009dfa                __lesf2
                0x0000000000009dfa                __nesf2
                0x0000000000009dfa                __eqsf2
                0x0000000000009dfa                __cmpsf2
                0x0000000000009dfa                __ltsf2
 .text.avr-libc.fplib
                0x0000000000009e02       0x58 /usr/local/lib/gcc/avr/4.9.2/../../../../avr/lib/avr5/libm.a(fixunssfsi.o)
                0x0000000000009e02                __fixunssfsi
 .text.avr-libc.fplib
                0x0000000000009e5a       0x7a /usr/local/lib/gcc/avr/4.9.2/../../../../avr/lib/avr5/libm.a(floatsisf.o)
                0x0000000000009e5a                __floatunsisf
                0x0000000000009e5e                __floatsisf
 .text.avr-libc.fplib
                0x0000000000009ed4       0x48 /usr/local/lib/gcc/avr/4.9.2/../../../../avr/lib/avr5/libm.a(fp_cmp.o)
                0x0000000000009ed4                __fp_cmp
 .text.avr-libc.fplib
                0x0000000000009f1c        0xc /usr/local/lib/gcc/avr/4.9.2/../../../../avr/lib/avr5/libm.a(fp_inf.o)
                0x0000000000009f1c                __fp_inf
 .text.avr-libc.fplib
                0x0000000000009f28        0x6 /usr/local/lib/gcc/avr/4.9.2/../../../../avr/lib/avr5/libm.a(fp_nan.o)
                0x0000000000009f28                __fp_nan
 .text.avr-libc.fplib
                0x0000000000009f2e        0xe /usr/local/lib/gcc/avr/4.9.2/../../../../avr/lib/avr5/libm.a(fp_pscA.o)
                0x0000000000009f2e                __fp_pscA
 .text.avr-libc.fplib
                0x0000000000009f3c        0xe /usr/local/lib/gcc/avr/4.9.2/../../../../avr/lib/avr5/libm.a(fp_pscB.o)
                0x0000000000009f3c                __fp_pscB
 .text.avr-libc.fplib
                0x0000000000009f4a       0x22 /usr/local/lib/gcc/avr/4.9.2/../../../../avr/lib/avr5/libm.a(fp_round.o)
                0x0000000000009f4a                __fp_round
 .text.avr-libc.fplib
                0x0000000000009f6c       0x44 /usr/local/lib/gcc/avr/4.9.2/../../../../avr/lib/avr5/libm.a(fp_split3.o)
                0x0000000000009f6c                __fp_split3
                0x0000000000009f7c                __fp_splitA
 .text.avr-libc.fplib
                0x0000000000009fb0        0xe /usr/local/lib/gcc/avr/4.9.2/../../../../avr/lib/avr5/libm.a(fp_zero.o)
                0x0000000000009fb0                __fp_zero
                0x0000000000009fb2                __fp_szero
 .text.avr-libc.fplib
                0x0000000000009fbe        0x8 /usr/local/lib/gcc/avr/4.9.2/../../../../avr/lib/avr5/libm.a(gesf2.o)
                0x0000000000009fbe                __gtsf2
                0x0000000000009fbe                __gesf2
 .text.avr-libc.fplib
                0x0000000000009fc6        0x4 /usr/local/lib/gcc/avr/4.9.2/../../../../avr/lib/avr5/libm.a(mulsf3.o)
                0x0000000000009fc6                __mulsf3
 .text.avr-libc.fplib
                0x0000000000009fca       0xc2 /usr/local/lib/gcc/avr/4.9.2/../../../../avr/lib/avr5/libm.a(mulsf3x.o)
                0x0000000000009fde                __mulsf3x
                0x0000000000009fe2                __mulsf3_pse
                0x000000000000a08c                . = ALIGN (0x2)
 *(.fini9)
 .fini9         0x000000000000a08c        0x0 /usr/local/lib/gcc/avr/4.9.2/avr5/libgcc.a(_exit.o)
                0x000000000000a08c                exit
                0x000000000000a08c                _exit
 *(.fini9)
 *(.fini8)
 *(.fini8)
 *(.fini7)
 *(.fini7)
 *(.fini6)
 *(.fini6)
 *(.fini5)
 *(.fini5)
 *(.fini4)
 *(.fini4)
 *(.fini3)
 *(.fini3)
 *(.fini2)
 *(.fini2)
 *(.fini1)
 *(.fini1)
 *(.fini0)
 .fini0         0x000000000000a08c        0x4 /usr/local/lib/gcc/avr/4.9.2/avr5/libgcc.a(_exit.o)
 *(.fini0)
                0x000000000000a090                _etext = .

.data           0x0000000000800500        0x2 load address 0x000000000000a090
                0x0000000000800500                PROVIDE (__data_start, .)
 *(.data)
 .data          0x0000000000800500        0x1 uzeboxVideoEngine.o
                0x0000000000800500                spritesOn
 .data          0x0000000000800501        0x1 Iris.o
 *(.data*)
 *(.rodata)
 *(.rodata*)
 *(.gnu.linkonce.d*)
                0x0000000000800502                . = ALIGN (0x2)
                0x0000000000800502                _edata = .
                0x0000000000800502                PROVIDE (__data_end, .)

.bss            0x0000000000800502      0xaf0
                0x0000000000800502                PROVIDE (__bss_start, .)
 *(.bss)
 .bss           0x0000000000800502      0x7b4 uzeboxVideoEngineCore.o
                0x0000000000800502                sprites
                0x000000000080053a                ram_tiles
                0x0000000000800c3a                ram_tiles_restore
                0x0000000000800c8e                sprites_tile_banks
                0x0000000000800c99                Screen
                0x0000000000800ca0                sync_phase
                0x0000000000800ca1                sync_pulse
                0x0000000000800ca2                sync_flags
                0x0000000000800ca7                first_render_line
                0x0000000000800ca8                render_lines_count
                0x0000000000800ca9                joypad1_status_lo
                0x0000000000800cab                joypad1_status_hi
                0x0000000000800cad                joypad2_status_lo
                0x0000000000800caf                joypad2_status_hi
 .bss           0x0000000000800cb6        0x1 uzeboxSoundEngine.o
                0x0000000000800cb6                playSong
 .bss           0x0000000000800cb7       0x23 uzeboxSoundEngineCore.o
                0x0000000000800cb7                sound_enabled
                0x0000000000800cb8                mixer
                0x0000000000800ccb                tr4_params
                0x0000000000800ccc                tr4_barrel_lo
                0x0000000000800ccd                tr4_barrel_hi
 .bss           0x0000000000800cda        0x2 uzeboxVideoEngine.o
                0x0000000000800cda                userRamTilesCount_tmp
                0x0000000000800cdb                userRamTilesCount
 .bss           0x0000000000800cdc        0x7 Iris.o
 *(.bss*)
 *(COMMON)
 COMMON         0x0000000000800ce3        0x1 uzeboxCore.o
                0x0000000000800ce3                joypadsConnectionStatus
 COMMON         0x0000000000800ce4       0x83 uzeboxSoundEngine.o
                0x0000000000800ce4                songStart
                0x0000000000800ce6                tracks
                0x0000000000800d59                currDeltaTime
                0x0000000000800d5b                patchPointers
                0x0000000000800d5d                lastStatus
                0x0000000000800d5e                masterVolume
                0x0000000000800d5f                nextDeltaTime
                0x0000000000800d61                songSpeed
                0x0000000000800d62                songPos
                0x0000000000800d64                loopStart
                0x0000000000800d66                step
 COMMON         0x0000000000800d67        0x6 uzeboxVideoEngine.o
                0x0000000000800d67                fadeSpeed
                0x0000000000800d68                fadeDir
                0x0000000000800d69                free_tile_index
                0x0000000000800d6a                fadeActive
                0x0000000000800d6b                currFadeFrame
                0x0000000000800d6c                fadeStep
 COMMON         0x0000000000800d6d      0x285 Iris.o
                0x0000000000800d6d                jump_anim
                0x0000000000800d6f                scores
                0x0000000000800d8f                game
                0x0000000000800f88                prone_anim
                0x0000000000800f8a                spider_anim
                0x0000000000800f8e                extendedSprites
                0x0000000000800fde                run_anim
                0x0000000000800fe6                enemy_shot_anim
                0x0000000000800fe8                shot_anim
                0x0000000000800fea                expl_anim
                0x0000000000800ff0                idle_anim
                0x0000000000800ff2                PROVIDE (__bss_end, .)
                0x000000000000a090                __data_load_start = LOADADDR (.data)
                0x000000000000a092                __data_load_end = (__data_load_start + SIZEOF (.data))

.noinit         0x0000000000800100      0x400
                0x0000000000800100                PROVIDE (__noinit_start, .)
 *(.noinit*)
 .noinit        0x0000000000800100      0x400 uzeboxVideoEngineCore.o
                0x0000000000800100                vram
                0x0000000000800500                overlay_vram
                0x0000000000800500                PROVIDE (__noinit_end, .)
                0x0000000000800500                _end = .
                0x0000000000800500                PROVIDE (__heap_start, .)

.eeprom         0x0000000000810000        0x0
 *(.eeprom*)
                0x0000000000810000                __eeprom_end = .

.fuse
 *(.fuse)
 *(.lfuse)
 *(.hfuse)
 *(.efuse)

.lock
 *(.lock*)

.signature
 *(.signature*)

.stab           0x0000000000000000      0x57c
 *(.stab)
 .stab          0x0000000000000000       0xf0 /usr/local/lib/gcc/avr/4.9.2/avr5/libgcc.a(_udivmodqi4.o)
 .stab          0x00000000000000f0      0x15c /usr/local/lib/gcc/avr/4.9.2/avr5/libgcc.a(_udivmodhi4.o)
                                        0x168 (size before relaxing)
 .stab          0x000000000000024c      0x138 /usr/local/lib/gcc/avr/4.9.2/avr5/libgcc.a(_divmodhi4.o)
                                        0x144 (size before relaxing)
 .stab          0x0000000000000384       0x6c /usr/local/lib/gcc/avr/4.9.2/avr5/libgcc.a(_exit.o)
                                         0x78 (size before relaxing)
 .stab          0x00000000000003f0       0xd8 /usr/local/lib/gcc/avr/4.9.2/avr5/libgcc.a(_copy_data.o)
                                         0xe4 (size before relaxing)
 .stab          0x00000000000004c8       0xb4 /usr/local/lib/gcc/avr/4.9.2/avr5/libgcc.a(_clear_bss.o)
                                         0xc0 (size before relaxing)

.stabstr        0x0000000000000000      0x256
 *(.stabstr)
 .stabstr       0x0000000000000000      0x256 /usr/local/lib/gcc/avr/4.9.2/avr5/libgcc.a(_udivmodqi4.o)

.stab.excl
 *(.stab.excl)

.stab.exclstr
 *(.stab.exclstr)

.stab.index
 *(.stab.index)

.stab.indexstr
 *(.stab.indexstr)

.comment        0x0000000000000000       0x11
 *(.comment)
 .comment       0x0000000000000000       0x11 uzeboxCore.o
                                         0x12 (size before relaxing)
 .comment       0x0000000000000011       0x12 uzeboxSoundEngine.o
 .comment       0x0000000000000011       0x12 uzeboxVideoEngine.o
 .comment       0x0000000000000011       0x12 Iris.o

.note.gnu.build-id
 *(.note.gnu.build-id)

.debug
 *(.debug)

.line
 *(.line)

.debug_srcinfo
 *(.debug_srcinfo)

.debug_sfnames
 *(.debug_sfnames)

.debug_aranges  0x0000000000000000      0x5d8
 *(.debug_aranges)
 .debug_aranges
                0x0000000000000000       0xf8 uzeboxVideoEngineCore.o
 .debug_aranges
                0x00000000000000f8       0x90 uzeboxCore.o
 .debug_aranges
                0x0000000000000188       0xf8 uzeboxSoundEngine.o
 .debug_aranges
                0x0000000000000280       0x50 uzeboxSoundEngineCore.o
 .debug_aranges
                0x00000000000002d0      0x110 uzeboxVideoEngine.o
 .debug_aranges
                0x00000000000003e0      0x1f8 Iris.o

.debug_pubnames
 *(.debug_pubnames)

.debug_info     0x0000000000000000     0x70b5
 *(.debug_info .gnu.linkonce.wi.*)
 .debug_info    0x0000000000000000      0x672 /usr/local/lib/gcc/avr/4.9.2/../../../../avr/lib/avr5/crtm644.o
 .debug_info    0x0000000000000672       0x7b uzeboxVideoEngineCore.o
 .debug_info    0x00000000000006ed      0xab8 uzeboxCore.o
 .debug_info    0x00000000000011a5     0x12ce uzeboxSoundEngine.o
 .debug_info    0x0000000000002473       0x72 uzeboxSoundEngineCore.o
 .debug_info    0x00000000000024e5     0x15cd uzeboxVideoEngine.o
 .debug_info    0x0000000000003ab2     0x3603 Iris.o

.debug_abbrev   0x0000000000000000     0x1620
 *(.debug_abbrev)
 .debug_abbrev  0x0000000000000000      0x619 /usr/local/lib/gcc/avr/4.9.2/../../../../avr/lib/avr5/crtm644.o
 .debug_abbrev  0x0000000000000619       0x12 uzeboxVideoEngineCore.o
 .debug_abbrev  0x000000000000062b      0x32b uzeboxCore.o
 .debug_abbrev  0x0000000000000956      0x35c uzeboxSoundEngine.o
 .debug_abbrev  0x0000000000000cb2       0x12 uzeboxSoundEngineCore.o
 .debug_abbrev  0x0000000000000cc4      0x3da uzeboxVideoEngine.o
 .debug_abbrev  0x000000000000109e      0x582 Iris.o

.debug_line     0x0000000000000000     0x1e21
 *(.debug_line .debug_line.* .debug_line_end)
 .debug_line    0x0000000000000000       0x1d /usr/local/lib/gcc/avr/4.9.2/../../../../avr/lib/avr5/crtm644.o
 .debug_line    0x000000000000001d      0x5bd uzeboxVideoEngineCore.o
 .debug_line    0x00000000000005da      0x2b9 uzeboxCore.o
 .debug_line    0x0000000000000893      0x3d5 uzeboxSoundEngine.o
 .debug_line    0x0000000000000c68      0x1a9 uzeboxSoundEngineCore.o
 .debug_line    0x0000000000000e11      0x4e5 uzeboxVideoEngine.o
 .debug_line    0x00000000000012f6      0xb2b Iris.o

.debug_frame    0x0000000000000000     0x11c8
 *(.debug_frame)
 .debug_frame   0x0000000000000000      0x1cc uzeboxCore.o
 .debug_frame   0x00000000000001cc      0x274 uzeboxSoundEngine.o
 .debug_frame   0x0000000000000440      0x4c4 uzeboxVideoEngine.o
 .debug_frame   0x0000000000000904      0x8c4 Iris.o

.debug_str      0x0000000000000000     0x1867
 *(.debug_str)
 .debug_str     0x0000000000000000      0x231 /usr/local/lib/gcc/avr/4.9.2/../../../../avr/lib/avr5/crtm644.o
 .debug_str     0x0000000000000231      0x4b8 uzeboxCore.o
                                        0x514 (size before relaxing)
 .debug_str     0x00000000000006e9      0x3fd uzeboxSoundEngine.o
                                        0x636 (size before relaxing)
 .debug_str     0x0000000000000ae6      0x377 uzeboxVideoEngine.o
                                        0x56c (size before relaxing)
 .debug_str     0x0000000000000e5d      0xa0a Iris.o
                                        0xdfb (size before relaxing)

.debug_loc      0x0000000000000000     0x5f39
 *(.debug_loc)
 .debug_loc     0x0000000000000000      0x9f9 uzeboxCore.o
 .debug_loc     0x00000000000009f9     0x1148 uzeboxSoundEngine.o
 .debug_loc     0x0000000000001b41     0x1bd7 uzeboxVideoEngine.o
 .debug_loc     0x0000000000003718     0x2821 Iris.o

.debug_macinfo
 *(.debug_macinfo)

.debug_weaknames
 *(.debug_weaknames)

.debug_funcnames
 *(.debug_funcnames)

.debug_typenames
 *(.debug_typenames)

.debug_varnames
 *(.debug_varnames)

.debug_pubtypes
 *(.debug_pubtypes)

.debug_ranges   0x0000000000000000      0x708
 *(.debug_ranges)
 .debug_ranges  0x0000000000000000       0xf0 uzeboxVideoEngineCore.o
 .debug_ranges  0x00000000000000f0       0x98 uzeboxCore.o
 .debug_ranges  0x0000000000000188      0x130 uzeboxSoundEngine.o
 .debug_ranges  0x00000000000002b8       0x48 uzeboxSoundEngineCore.o
 .debug_ranges  0x0000000000000300      0x148 uzeboxVideoEngine.o
 .debug_ranges  0x0000000000000448      0x2c0 Iris.o

.debug_macro
 *(.debug_macro)
OUTPUT(Iris.elf elf32-avr)
LOAD linker stubs
