Archive member included to satisfy reference by file (symbol)

/usr/local/lib/gcc/avr/4.9.2/avr5/libgcc.a(_udivmodqi4.o)
                              uzeboxVideoEngine.o (__udivmodqi4)
/usr/local/lib/gcc/avr/4.9.2/avr5/libgcc.a(_udivmodhi4.o)
                              uzeboxVideoEngine.o (__udivmodhi4)
/usr/local/lib/gcc/avr/4.9.2/avr5/libgcc.a(_divmodhi4.o)
                              uzeboxSoundEngine.o (__divmodhi4)
/usr/local/lib/gcc/avr/4.9.2/avr5/libgcc.a(_udivmodsi4.o)
                              uzeboxVideoEngine.o (__udivmodsi4)
/usr/local/lib/gcc/avr/4.9.2/avr5/libgcc.a(_exit.o)
                              /usr/local/lib/gcc/avr/4.9.2/../../../../avr/lib/avr5/crtm644.o (exit)
/usr/local/lib/gcc/avr/4.9.2/avr5/libgcc.a(_tablejump2.o)
                              Iris.o (__tablejump2__)
/usr/local/lib/gcc/avr/4.9.2/avr5/libgcc.a(_copy_data.o)
                              uzeboxVideoEngine.o (__do_copy_data)
/usr/local/lib/gcc/avr/4.9.2/avr5/libgcc.a(_clear_bss.o)
                              uzeboxCore.o (__do_clear_bss)

Allocating common symbols
Common symbol       size              file

songStart           0x2               uzeboxSoundEngine.o
tracks              0x73              uzeboxSoundEngine.o
scores              0x20              Iris.o
fadeSpeed           0x1               uzeboxVideoEngine.o
currDeltaTime       0x2               uzeboxSoundEngine.o
fadeDir             0x1               uzeboxVideoEngine.o
patchPointers       0x2               uzeboxSoundEngine.o
game                0xa1              Iris.o
lastStatus          0x1               uzeboxSoundEngine.o
joypadsConnectionStatus
                    0x1               uzeboxCore.o
free_tile_index     0x1               uzeboxVideoEngine.o
fadeActive          0x1               uzeboxVideoEngine.o
masterVolume        0x1               uzeboxSoundEngine.o
nextDeltaTime       0x2               uzeboxSoundEngine.o
songSpeed           0x1               uzeboxSoundEngine.o
songPos             0x2               uzeboxSoundEngine.o
extendedSprites     0x70              Iris.o
loopStart           0x2               uzeboxSoundEngine.o
step                0x1               uzeboxSoundEngine.o
currFadeFrame       0x1               uzeboxVideoEngine.o
fadeStep            0x1               uzeboxVideoEngine.o

Discarded input sections

 .data          0x0000000000000000        0x0 /usr/local/lib/gcc/avr/4.9.2/../../../../avr/lib/avr5/crtm644.o
 .bss           0x0000000000000000        0x0 /usr/local/lib/gcc/avr/4.9.2/../../../../avr/lib/avr5/crtm644.o
 .data          0x0000000000000000        0x0 uzeboxVideoEngineCore.o
 .text.SetSpritesTileBank
                0x0000000000000000       0x12 uzeboxVideoEngineCore.o
 .text.GetTile  0x0000000000000000       0x24 uzeboxVideoEngineCore.o
 .text.GetVsyncCounter
                0x0000000000000000        0xa uzeboxVideoEngineCore.o
 .text.ClearVsyncCounter
                0x0000000000000000        0xa uzeboxVideoEngineCore.o
 .text.SetUserPreVsyncCallback
                0x0000000000000000        0xa uzeboxVideoEngineCore.o
 .text.SetUserPostVsyncCallback
                0x0000000000000000        0xa uzeboxVideoEngineCore.o
 .text.IsRunningInEmulator
                0x0000000000000000       0x12 uzeboxVideoEngineCore.o
 .text.WaitClocks
                0x0000000000000000        0x6 uzeboxVideoEngineCore.o
 .text.SetLedOn
                0x0000000000000000        0x4 uzeboxVideoEngineCore.o
 .text.SetLedOff
                0x0000000000000000        0x4 uzeboxVideoEngineCore.o
 .text.ToggleLed
                0x0000000000000000        0x4 uzeboxVideoEngineCore.o
 .text.internal_spi_byte
                0x0000000000000000        0xe uzeboxVideoEngineCore.o
 .text.GetTrueRandomSeed
                0x0000000000000000        0xa uzeboxVideoEngineCore.o
 .text          0x0000000000000000        0x0 uzeboxCore.o
 .data          0x0000000000000000        0x0 uzeboxCore.o
 .bss           0x0000000000000000        0x2 uzeboxCore.o
 .text.SetRenderingParameters
                0x0000000000000000        0xa uzeboxCore.o
 .text.DetectControllers
                0x0000000000000000       0x36 uzeboxCore.o
 .text.FormatEeprom2
                0x0000000000000000       0x98 uzeboxCore.o
 .text.IsPowerSwitchPressed
                0x0000000000000000        0xe uzeboxCore.o
 .text.EepromBlockExists
                0x0000000000000000       0xa4 uzeboxCore.o
 .text.EepromWriteBlock
                0x0000000000000000       0x94 uzeboxCore.o
 .text.EepromReadBlock
                0x0000000000000000       0x66 uzeboxCore.o
 .text.GetPrngNumber
                0x0000000000000000       0x5c uzeboxCore.o
 .text          0x0000000000000000        0x0 uzeboxSoundEngine.o
 .data          0x0000000000000000        0x0 uzeboxSoundEngine.o
 .text.StartSong
                0x0000000000000000       0x52 uzeboxSoundEngine.o
 .text.StopSong
                0x0000000000000000       0x1c uzeboxSoundEngine.o
 .text.ResumeSong
                0x0000000000000000        0x8 uzeboxSoundEngine.o
 .text.SetSongSpeed
                0x0000000000000000        0x6 uzeboxSoundEngine.o
 .text.GetSongSpeed
                0x0000000000000000        0x6 uzeboxSoundEngine.o
 .text.GetMasterVolume
                0x0000000000000000        0x6 uzeboxSoundEngine.o
 .data          0x0000000000000000        0x0 uzeboxSoundEngineCore.o
 .text.SetMixerNoiseParams
                0x0000000000000000       0x10 uzeboxSoundEngineCore.o
 .text.SetMixerVolume
                0x0000000000000000       0x16 uzeboxSoundEngineCore.o
 .text.EnableSoundEngine
                0x0000000000000000        0x8 uzeboxSoundEngineCore.o
 .text          0x0000000000000000        0x0 uzeboxVideoEngine.o
 .text.SetUserRamTilesCount
                0x0000000000000000        0x6 uzeboxVideoEngine.o
 .text.GetUserRamTile
                0x0000000000000000        0xe uzeboxVideoEngine.o
 .text.SetSpriteVisibility
                0x0000000000000000        0x6 uzeboxVideoEngine.o
 .text.Scroll   0x0000000000000000       0x4a uzeboxVideoEngine.o
 .text.SetScrolling
                0x0000000000000000       0x28 uzeboxVideoEngine.o
 .text.MapSprite
                0x0000000000000000       0x80 uzeboxVideoEngine.o
 .text.MapSprite2
                0x0000000000000000       0xa4 uzeboxVideoEngine.o
 .text.MoveSprite
                0x0000000000000000       0x7c uzeboxVideoEngine.o
 .text.PrintLong
                0x0000000000000000       0x8a uzeboxVideoEngine.o
 .text.PrintByte
                0x0000000000000000       0x66 uzeboxVideoEngine.o
 .text.PrintInt
                0x0000000000000000       0x70 uzeboxVideoEngine.o
 .text.PrintBinaryByte
                0x0000000000000000       0x36 uzeboxVideoEngine.o
 .text.PrintHexByte
                0x0000000000000000       0x40 uzeboxVideoEngine.o
 .text.PrintHexInt
                0x0000000000000000       0x24 uzeboxVideoEngine.o
 .text.PrintHexLong
                0x0000000000000000       0x5e uzeboxVideoEngine.o
 .text.PrintRam
                0x0000000000000000       0x36 uzeboxVideoEngine.o
 .text.PrintChar
                0x0000000000000000        0x6 uzeboxVideoEngine.o
 .text.Fill     0x0000000000000000       0x6e uzeboxVideoEngine.o
 .text.FontFill
                0x0000000000000000       0x6c uzeboxVideoEngine.o
 .text          0x0000000000000000        0x0 Iris.o
 .data          0x0000000000000000        0x0 Iris.o
 .text.LBGetNextFrame
                0x0000000000000000       0x4c Iris.o
 .text.LBGetNextFrameReverse
                0x0000000000000000       0x60 Iris.o
 .text.LBCopyChars
                0x0000000000000000       0x18 Iris.o
 .text.LBPrintStr
                0x0000000000000000       0x62 Iris.o
 .text.LBCollides
                0x0000000000000000       0x54 Iris.o
 .text.LBRandom
                0x0000000000000000       0x6a Iris.o
 .text.init_game_state
                0x0000000000000000        0x2 Iris.o
 .text.load_eeprom
                0x0000000000000000       0x24 Iris.o
 .text.save_eeprom
                0x0000000000000000        0x4 Iris.o
 .text.fade_through
                0x0000000000000000       0x14 Iris.o
 .text.get_camera_x
                0x0000000000000000       0x1a Iris.o
 .text.save_score
                0x0000000000000000        0x8 Iris.o
 .text.exit_game
                0x0000000000000000       0x12 Iris.o
 .text.update_level
                0x0000000000000000        0x2 Iris.o
 .text          0x0000000000000000        0x0 /usr/local/lib/gcc/avr/4.9.2/avr5/libgcc.a(_udivmodqi4.o)
 .data          0x0000000000000000        0x0 /usr/local/lib/gcc/avr/4.9.2/avr5/libgcc.a(_udivmodqi4.o)
 .bss           0x0000000000000000        0x0 /usr/local/lib/gcc/avr/4.9.2/avr5/libgcc.a(_udivmodqi4.o)
 .stab          0x0000000000000000       0xf0 /usr/local/lib/gcc/avr/4.9.2/avr5/libgcc.a(_udivmodqi4.o)
 .text.libgcc.mul
                0x0000000000000000        0x0 /usr/local/lib/gcc/avr/4.9.2/avr5/libgcc.a(_udivmodqi4.o)
 .text.libgcc.div
                0x0000000000000000       0x18 /usr/local/lib/gcc/avr/4.9.2/avr5/libgcc.a(_udivmodqi4.o)
 .text.libgcc   0x0000000000000000        0x0 /usr/local/lib/gcc/avr/4.9.2/avr5/libgcc.a(_udivmodqi4.o)
 .text.libgcc.prologue
                0x0000000000000000        0x0 /usr/local/lib/gcc/avr/4.9.2/avr5/libgcc.a(_udivmodqi4.o)
 .text.libgcc.builtins
                0x0000000000000000        0x0 /usr/local/lib/gcc/avr/4.9.2/avr5/libgcc.a(_udivmodqi4.o)
 .text.libgcc.fmul
                0x0000000000000000        0x0 /usr/local/lib/gcc/avr/4.9.2/avr5/libgcc.a(_udivmodqi4.o)
 .text.libgcc.fixed
                0x0000000000000000        0x0 /usr/local/lib/gcc/avr/4.9.2/avr5/libgcc.a(_udivmodqi4.o)
 .text          0x0000000000000000        0x0 /usr/local/lib/gcc/avr/4.9.2/avr5/libgcc.a(_udivmodhi4.o)
 .data          0x0000000000000000        0x0 /usr/local/lib/gcc/avr/4.9.2/avr5/libgcc.a(_udivmodhi4.o)
 .bss           0x0000000000000000        0x0 /usr/local/lib/gcc/avr/4.9.2/avr5/libgcc.a(_udivmodhi4.o)
 .text.libgcc.mul
                0x0000000000000000        0x0 /usr/local/lib/gcc/avr/4.9.2/avr5/libgcc.a(_udivmodhi4.o)
 .text.libgcc   0x0000000000000000        0x0 /usr/local/lib/gcc/avr/4.9.2/avr5/libgcc.a(_udivmodhi4.o)
 .text.libgcc.prologue
                0x0000000000000000        0x0 /usr/local/lib/gcc/avr/4.9.2/avr5/libgcc.a(_udivmodhi4.o)
 .text.libgcc.builtins
                0x0000000000000000        0x0 /usr/local/lib/gcc/avr/4.9.2/avr5/libgcc.a(_udivmodhi4.o)
 .text.libgcc.fmul
                0x0000000000000000        0x0 /usr/local/lib/gcc/avr/4.9.2/avr5/libgcc.a(_udivmodhi4.o)
 .text.libgcc.fixed
                0x0000000000000000        0x0 /usr/local/lib/gcc/avr/4.9.2/avr5/libgcc.a(_udivmodhi4.o)
 .text          0x0000000000000000        0x0 /usr/local/lib/gcc/avr/4.9.2/avr5/libgcc.a(_divmodhi4.o)
 .data          0x0000000000000000        0x0 /usr/local/lib/gcc/avr/4.9.2/avr5/libgcc.a(_divmodhi4.o)
 .bss           0x0000000000000000        0x0 /usr/local/lib/gcc/avr/4.9.2/avr5/libgcc.a(_divmodhi4.o)
 .text.libgcc.mul
                0x0000000000000000        0x0 /usr/local/lib/gcc/avr/4.9.2/avr5/libgcc.a(_divmodhi4.o)
 .text.libgcc   0x0000000000000000        0x0 /usr/local/lib/gcc/avr/4.9.2/avr5/libgcc.a(_divmodhi4.o)
 .text.libgcc.prologue
                0x0000000000000000        0x0 /usr/local/lib/gcc/avr/4.9.2/avr5/libgcc.a(_divmodhi4.o)
 .text.libgcc.builtins
                0x0000000000000000        0x0 /usr/local/lib/gcc/avr/4.9.2/avr5/libgcc.a(_divmodhi4.o)
 .text.libgcc.fmul
                0x0000000000000000        0x0 /usr/local/lib/gcc/avr/4.9.2/avr5/libgcc.a(_divmodhi4.o)
 .text.libgcc.fixed
                0x0000000000000000        0x0 /usr/local/lib/gcc/avr/4.9.2/avr5/libgcc.a(_divmodhi4.o)
 .text          0x0000000000000000        0x0 /usr/local/lib/gcc/avr/4.9.2/avr5/libgcc.a(_udivmodsi4.o)
 .data          0x0000000000000000        0x0 /usr/local/lib/gcc/avr/4.9.2/avr5/libgcc.a(_udivmodsi4.o)
 .bss           0x0000000000000000        0x0 /usr/local/lib/gcc/avr/4.9.2/avr5/libgcc.a(_udivmodsi4.o)
 .stab          0x0000000000000000      0x228 /usr/local/lib/gcc/avr/4.9.2/avr5/libgcc.a(_udivmodsi4.o)
                                        0x234 (size before relaxing)
 .text.libgcc.mul
                0x0000000000000000        0x0 /usr/local/lib/gcc/avr/4.9.2/avr5/libgcc.a(_udivmodsi4.o)
 .text.libgcc.div
                0x0000000000000000       0x44 /usr/local/lib/gcc/avr/4.9.2/avr5/libgcc.a(_udivmodsi4.o)
 .text.libgcc   0x0000000000000000        0x0 /usr/local/lib/gcc/avr/4.9.2/avr5/libgcc.a(_udivmodsi4.o)
 .text.libgcc.prologue
                0x0000000000000000        0x0 /usr/local/lib/gcc/avr/4.9.2/avr5/libgcc.a(_udivmodsi4.o)
 .text.libgcc.builtins
                0x0000000000000000        0x0 /usr/local/lib/gcc/avr/4.9.2/avr5/libgcc.a(_udivmodsi4.o)
 .text.libgcc.fmul
                0x0000000000000000        0x0 /usr/local/lib/gcc/avr/4.9.2/avr5/libgcc.a(_udivmodsi4.o)
 .text.libgcc.fixed
                0x0000000000000000        0x0 /usr/local/lib/gcc/avr/4.9.2/avr5/libgcc.a(_udivmodsi4.o)
 .text          0x0000000000000000        0x0 /usr/local/lib/gcc/avr/4.9.2/avr5/libgcc.a(_exit.o)
 .data          0x0000000000000000        0x0 /usr/local/lib/gcc/avr/4.9.2/avr5/libgcc.a(_exit.o)
 .bss           0x0000000000000000        0x0 /usr/local/lib/gcc/avr/4.9.2/avr5/libgcc.a(_exit.o)
 .text.libgcc.mul
                0x0000000000000000        0x0 /usr/local/lib/gcc/avr/4.9.2/avr5/libgcc.a(_exit.o)
 .text.libgcc.div
                0x0000000000000000        0x0 /usr/local/lib/gcc/avr/4.9.2/avr5/libgcc.a(_exit.o)
 .text.libgcc   0x0000000000000000        0x0 /usr/local/lib/gcc/avr/4.9.2/avr5/libgcc.a(_exit.o)
 .text.libgcc.prologue
                0x0000000000000000        0x0 /usr/local/lib/gcc/avr/4.9.2/avr5/libgcc.a(_exit.o)
 .text.libgcc.builtins
                0x0000000000000000        0x0 /usr/local/lib/gcc/avr/4.9.2/avr5/libgcc.a(_exit.o)
 .text.libgcc.fmul
                0x0000000000000000        0x0 /usr/local/lib/gcc/avr/4.9.2/avr5/libgcc.a(_exit.o)
 .text.libgcc.fixed
                0x0000000000000000        0x0 /usr/local/lib/gcc/avr/4.9.2/avr5/libgcc.a(_exit.o)
 .text          0x0000000000000000        0x0 /usr/local/lib/gcc/avr/4.9.2/avr5/libgcc.a(_tablejump2.o)
 .data          0x0000000000000000        0x0 /usr/local/lib/gcc/avr/4.9.2/avr5/libgcc.a(_tablejump2.o)
 .bss           0x0000000000000000        0x0 /usr/local/lib/gcc/avr/4.9.2/avr5/libgcc.a(_tablejump2.o)
 .text.libgcc.mul
                0x0000000000000000        0x0 /usr/local/lib/gcc/avr/4.9.2/avr5/libgcc.a(_tablejump2.o)
 .text.libgcc.div
                0x0000000000000000        0x0 /usr/local/lib/gcc/avr/4.9.2/avr5/libgcc.a(_tablejump2.o)
 .text.libgcc.prologue
                0x0000000000000000        0x0 /usr/local/lib/gcc/avr/4.9.2/avr5/libgcc.a(_tablejump2.o)
 .text.libgcc.builtins
                0x0000000000000000        0x0 /usr/local/lib/gcc/avr/4.9.2/avr5/libgcc.a(_tablejump2.o)
 .text.libgcc.fmul
                0x0000000000000000        0x0 /usr/local/lib/gcc/avr/4.9.2/avr5/libgcc.a(_tablejump2.o)
 .text.libgcc.fixed
                0x0000000000000000        0x0 /usr/local/lib/gcc/avr/4.9.2/avr5/libgcc.a(_tablejump2.o)
 .text          0x0000000000000000        0x0 /usr/local/lib/gcc/avr/4.9.2/avr5/libgcc.a(_copy_data.o)
 .data          0x0000000000000000        0x0 /usr/local/lib/gcc/avr/4.9.2/avr5/libgcc.a(_copy_data.o)
 .bss           0x0000000000000000        0x0 /usr/local/lib/gcc/avr/4.9.2/avr5/libgcc.a(_copy_data.o)
 .text.libgcc.mul
                0x0000000000000000        0x0 /usr/local/lib/gcc/avr/4.9.2/avr5/libgcc.a(_copy_data.o)
 .text.libgcc.div
                0x0000000000000000        0x0 /usr/local/lib/gcc/avr/4.9.2/avr5/libgcc.a(_copy_data.o)
 .text.libgcc   0x0000000000000000        0x0 /usr/local/lib/gcc/avr/4.9.2/avr5/libgcc.a(_copy_data.o)
 .text.libgcc.prologue
                0x0000000000000000        0x0 /usr/local/lib/gcc/avr/4.9.2/avr5/libgcc.a(_copy_data.o)
 .text.libgcc.builtins
                0x0000000000000000        0x0 /usr/local/lib/gcc/avr/4.9.2/avr5/libgcc.a(_copy_data.o)
 .text.libgcc.fmul
                0x0000000000000000        0x0 /usr/local/lib/gcc/avr/4.9.2/avr5/libgcc.a(_copy_data.o)
 .text.libgcc.fixed
                0x0000000000000000        0x0 /usr/local/lib/gcc/avr/4.9.2/avr5/libgcc.a(_copy_data.o)
 .text          0x0000000000000000        0x0 /usr/local/lib/gcc/avr/4.9.2/avr5/libgcc.a(_clear_bss.o)
 .data          0x0000000000000000        0x0 /usr/local/lib/gcc/avr/4.9.2/avr5/libgcc.a(_clear_bss.o)
 .bss           0x0000000000000000        0x0 /usr/local/lib/gcc/avr/4.9.2/avr5/libgcc.a(_clear_bss.o)
 .text.libgcc.mul
                0x0000000000000000        0x0 /usr/local/lib/gcc/avr/4.9.2/avr5/libgcc.a(_clear_bss.o)
 .text.libgcc.div
                0x0000000000000000        0x0 /usr/local/lib/gcc/avr/4.9.2/avr5/libgcc.a(_clear_bss.o)
 .text.libgcc   0x0000000000000000        0x0 /usr/local/lib/gcc/avr/4.9.2/avr5/libgcc.a(_clear_bss.o)
 .text.libgcc.prologue
                0x0000000000000000        0x0 /usr/local/lib/gcc/avr/4.9.2/avr5/libgcc.a(_clear_bss.o)
 .text.libgcc.builtins
                0x0000000000000000        0x0 /usr/local/lib/gcc/avr/4.9.2/avr5/libgcc.a(_clear_bss.o)
 .text.libgcc.fmul
                0x0000000000000000        0x0 /usr/local/lib/gcc/avr/4.9.2/avr5/libgcc.a(_clear_bss.o)
 .text.libgcc.fixed
                0x0000000000000000        0x0 /usr/local/lib/gcc/avr/4.9.2/avr5/libgcc.a(_clear_bss.o)

Memory Configuration

Name             Origin             Length             Attributes
text             0x0000000000000000 0x0000000000020000 xr
data             0x0000000000800060 0x000000000000ffa0 rw !x
eeprom           0x0000000000810000 0x0000000000010000 rw !x
fuse             0x0000000000820000 0x0000000000000400 rw !x
lock             0x0000000000830000 0x0000000000000400 rw !x
signature        0x0000000000840000 0x0000000000000400 rw !x
*default*        0x0000000000000000 0xffffffffffffffff

Linker script and memory map

Address of section .data set to 0x800100
LOAD /usr/local/lib/gcc/avr/4.9.2/../../../../avr/lib/avr5/crtm644.o
Address of section .noinit set to 0x800100
Address of section .data set to 0x800500
LOAD uzeboxVideoEngineCore.o
LOAD uzeboxCore.o
LOAD uzeboxSoundEngine.o
LOAD uzeboxSoundEngineCore.o
LOAD uzeboxVideoEngine.o
LOAD Iris.o
START GROUP
LOAD /usr/local/lib/gcc/avr/4.9.2/avr5/libgcc.a
LOAD /usr/local/lib/gcc/avr/4.9.2/../../../../avr/lib/avr5/libm.a
LOAD /usr/local/lib/gcc/avr/4.9.2/../../../../avr/lib/avr5/libc.a
END GROUP

.hash
 *(.hash)

.dynsym
 *(.dynsym)

.dynstr
 *(.dynstr)

.gnu.version
 *(.gnu.version)

.gnu.version_d
 *(.gnu.version_d)

.gnu.version_r
 *(.gnu.version_r)

.rel.init
 *(.rel.init)

.rela.init
 *(.rela.init)

.rel.text
 *(.rel.text)
 *(.rel.text.*)
 *(.rel.gnu.linkonce.t*)

.rela.text
 *(.rela.text)
 *(.rela.text.*)
 *(.rela.gnu.linkonce.t*)

.rel.fini
 *(.rel.fini)

.rela.fini
 *(.rela.fini)

.rel.rodata
 *(.rel.rodata)
 *(.rel.rodata.*)
 *(.rel.gnu.linkonce.r*)

.rela.rodata
 *(.rela.rodata)
 *(.rela.rodata.*)
 *(.rela.gnu.linkonce.r*)

.rel.data
 *(.rel.data)
 *(.rel.data.*)
 *(.rel.gnu.linkonce.d*)

.rela.data
 *(.rela.data)
 *(.rela.data.*)
 *(.rela.gnu.linkonce.d*)

.rel.ctors
 *(.rel.ctors)

.rela.ctors
 *(.rela.ctors)

.rel.dtors
 *(.rel.dtors)

.rela.dtors
 *(.rela.dtors)

.rel.got
 *(.rel.got)

.rela.got
 *(.rela.got)

.rel.bss
 *(.rel.bss)

.rela.bss
 *(.rela.bss)

.rel.plt
 *(.rel.plt)

.rela.plt
 *(.rela.plt)

.text           0x0000000000000000     0x6470
 *(.vectors)
 .vectors       0x0000000000000000       0x70 /usr/local/lib/gcc/avr/4.9.2/../../../../avr/lib/avr5/crtm644.o
                0x0000000000000000                __vectors
                0x0000000000000000                __vector_default
 *(.vectors)
 *(.progmem.gcc*)
 .progmem.gcc_sw_table.render_level_tile
                0x0000000000000070        0xe Iris.o
                0x000000000000007e                . = ALIGN (0x2)
                0x000000000000007e                __trampolines_start = .
 *(.trampolines)
 .trampolines   0x000000000000007e        0x0 linker stubs
 *(.trampolines*)
                0x000000000000007e                __trampolines_end = .
 *(.progmem*)
 .progmem.data  0x000000000000007e       0x4e uzeboxCore.o
                0x000000000000007e                io_table
                0x00000000000000ac                eeprom_format_table
 .progmem.data  0x00000000000000cc       0x1e uzeboxSoundEngine.o
                0x00000000000000cc                patchCommands
 .progmem.data  0x00000000000000ea      0x853 uzeboxVideoEngine.o
                0x00000000000000ea                fader
                0x00000000000000f6                map_uzeboxlogo2
                0x0000000000000107                map_uzeboxlogo
                0x000000000000011d                logo_tileset
                0x000000000000091d                logoInitPatches
                0x0000000000000926                initPatch
 .progmem.data  0x000000000000093d     0x2e33 Iris.o
                0x000000000000093d                default_scores
                0x000000000000095b                strLevels
                0x0000000000000969                strPaused
                0x0000000000000970                strExit
                0x0000000000000979                strLives
                0x0000000000000980                strShield
                0x0000000000000988                strScore
                0x000000000000098f                strSelectHandle
                0x00000000000009a0                strHighscores
                0x00000000000009ac                str1Player
                0x00000000000009b2                strCopyright
                0x00000000000009c7                my_patches
                0x00000000000009d0                ad_navigate
                0x0000000000000af2                level_data
                0x000000000000114a                sprites_data
                0x0000000000001dca                map_enemy_spider_1
                0x0000000000001dcd                map_enemy_spider_0
                0x0000000000001dd0                map_enemy_shark
                0x0000000000001dd3                map_enemy_shot
                0x0000000000001dd6                map_hero_shot
                0x0000000000001dd9                map_hero_ship_large
                0x0000000000001de3                map_hero_ship_1
                0x0000000000001de8                map_hero_ship_0
                0x0000000000001ded                map_hero_prone
                0x0000000000001df2                map_hero_jump
                0x0000000000001dfa                map_hero_step_3
                0x0000000000001e02                map_hero_step_2
                0x0000000000001e0a                map_hero_step_1
                0x0000000000001e12                map_hero_step_0
                0x0000000000001e1a                map_hero_idle
                0x0000000000001e22                map_explosion_2
                0x0000000000001e25                map_explosion_1
                0x0000000000001e28                map_explosion_0
                0x0000000000001e2b                map_meteor
                0x0000000000001e2e                map_up_arrow
                0x0000000000001e31                map_down_arrow
                0x0000000000001e34                map_right_arrow
                0x0000000000001e37                map_none
                0x0000000000001e3a                tiles_data
                0x00000000000036fa                map_star
                0x00000000000036fd                map_ice_moon
                0x0000000000003708                map_ice_cloud
                0x000000000000370b                map_ice_far
                0x000000000000370e                map_ice_sky
                0x0000000000003711                map_ice_horizon
                0x0000000000003714                map_ice_bottom
                0x0000000000003717                map_ice_right
                0x000000000000371a                map_ice_middle
                0x000000000000371d                map_ice_left
                0x0000000000003720                map_splash
                0x000000000000376d                map_tile_none
                0x0000000000003770                . = ALIGN (0x2)
 *(.jumptables)
 *(.jumptables*)
 *(.lowtext)
 *(.lowtext*)
                0x0000000000003770                __ctors_start = .
 *(.ctors)
                0x0000000000003770                __ctors_end = .
                0x0000000000003770                __dtors_start = .
 *(.dtors)
                0x0000000000003770                __dtors_end = .
 SORT(*)(.ctors)
 SORT(*)(.dtors)
 *(.init0)
 .init0         0x0000000000003770        0x0 /usr/local/lib/gcc/avr/4.9.2/../../../../avr/lib/avr5/crtm644.o
                0x0000000000003770                __init
 *(.init0)
 *(.init1)
 *(.init1)
 *(.init2)
 .init2         0x0000000000003770        0xc /usr/local/lib/gcc/avr/4.9.2/../../../../avr/lib/avr5/crtm644.o
 *(.init2)
 *(.init3)
 *(.init3)
 *(.init4)
 .init4         0x000000000000377c       0x16 /usr/local/lib/gcc/avr/4.9.2/avr5/libgcc.a(_copy_data.o)
                0x000000000000377c                __do_copy_data
 .init4         0x0000000000003792       0x10 /usr/local/lib/gcc/avr/4.9.2/avr5/libgcc.a(_clear_bss.o)
                0x0000000000003792                __do_clear_bss
 *(.init4)
 *(.init5)
 *(.init5)
 *(.init6)
 *(.init6)
 *(.init7)
 .init7         0x00000000000037a2       0x16 uzeboxCore.o
                0x00000000000037a2                wdt_init
 *(.init7)
 *(.init8)
 .init8         0x00000000000037b8       0x82 uzeboxCore.o
                0x00000000000037b8                Initialize
 *(.init8)
 *(.init9)
 .init9         0x000000000000383a        0x8 /usr/local/lib/gcc/avr/4.9.2/../../../../avr/lib/avr5/crtm644.o
 *(.init9)
 *(.text)
 .text          0x0000000000003842        0x4 /usr/local/lib/gcc/avr/4.9.2/../../../../avr/lib/avr5/crtm644.o
                0x0000000000003842                __vector_20
                0x0000000000003842                __vector_1
                0x0000000000003842                __vector_24
                0x0000000000003842                __vector_12
                0x0000000000003842                __bad_interrupt
                0x0000000000003842                __vector_6
                0x0000000000003842                __vector_3
                0x0000000000003842                __vector_23
                0x0000000000003842                __vector_25
                0x0000000000003842                __vector_11
                0x0000000000003842                __vector_17
                0x0000000000003842                __vector_19
                0x0000000000003842                __vector_7
                0x0000000000003842                __vector_27
                0x0000000000003842                __vector_5
                0x0000000000003842                __vector_4
                0x0000000000003842                __vector_9
                0x0000000000003842                __vector_2
                0x0000000000003842                __vector_21
                0x0000000000003842                __vector_15
                0x0000000000003842                __vector_26
                0x0000000000003842                __vector_10
                0x0000000000003842                __vector_16
                0x0000000000003842                __vector_18
                0x0000000000003842                __vector_22
 .text          0x0000000000003846      0x868 uzeboxVideoEngineCore.o
                0x0000000000003bae                CopyFlashTile
                0x0000000000003ccc                CopyRamTile
                0x0000000000003de6                BlitSprite
                0x0000000000003eca                __vector_13
                0x0000000000003f4a                __vector_14
 .text          0x00000000000040ae      0x180 uzeboxSoundEngineCore.o
                0x00000000000040ae                process_music
                0x00000000000040ba                update_sound
                0x000000000000422e                . = ALIGN (0x2)
 *(.text.*)
 .text.SetSpritesTileTable
                0x000000000000422e        0xa uzeboxVideoEngineCore.o
                0x000000000000422e                SetSpritesTileTable
 .text.ClearVram
                0x0000000000004238       0x14 uzeboxVideoEngineCore.o
                0x0000000000004238                ClearVram
 .text.SetFont  0x000000000000424c        0x8 uzeboxVideoEngineCore.o
                0x000000000000424c                SetFont
 .text.SetTile  0x0000000000004254       0x22 uzeboxVideoEngineCore.o
                0x0000000000004254                SetTile
 .text.SetFontTilesIndex
                0x0000000000004276        0x6 uzeboxVideoEngineCore.o
                0x0000000000004276                SetFontTilesIndex
 .text.SetTileTable
                0x000000000000427c        0xa uzeboxVideoEngineCore.o
                0x000000000000427c                SetTileTable
 .text.GetVsyncFlag
                0x0000000000004286        0x8 uzeboxVideoEngineCore.o
                0x0000000000004286                GetVsyncFlag
 .text.ClearVsyncFlag
                0x000000000000428e        0xc uzeboxVideoEngineCore.o
                0x000000000000428e                ClearVsyncFlag
 .text.ReadJoypad
                0x000000000000429a       0x18 uzeboxVideoEngineCore.o
                0x000000000000429a                ReadJoypad
 .text.WaitUs   0x00000000000042b2        0xe uzeboxVideoEngineCore.o
                0x00000000000042b2                WaitUs
 .text.WriteEeprom
                0x00000000000042c0       0x14 uzeboxVideoEngineCore.o
                0x00000000000042c0                WriteEeprom
 .text.ReadEeprom
                0x00000000000042d4       0x12 uzeboxVideoEngineCore.o
                0x00000000000042d4                ReadEeprom
 .text.wdt_randomize
                0x00000000000042e6       0x50 uzeboxVideoEngineCore.o
                0x00000000000042e6                wdt_randomize
 .text.__vector_8
                0x0000000000004336       0x44 uzeboxVideoEngineCore.o
                0x0000000000004336                __vector_8
 .text.SoftReset
                0x000000000000437a       0x16 uzeboxCore.o
                0x000000000000437a                SoftReset
 .text.ReadButtons
                0x0000000000004390       0x6c uzeboxCore.o
                0x0000000000004390                ReadButtons
 .text.ReadControllers
                0x00000000000043fc       0x20 uzeboxCore.o
                0x00000000000043fc                ReadControllers
 .text.FormatEeprom
                0x000000000000441c       0x44 uzeboxCore.o
                0x000000000000441c                FormatEeprom
 .text.isEepromFormatted
                0x0000000000004460       0x2e uzeboxCore.o
                0x0000000000004460                isEepromFormatted
 .text.PatchCommand00
                0x000000000000448e        0x6 uzeboxSoundEngine.o
                0x000000000000448e                PatchCommand00
 .text.PatchCommand01
                0x0000000000004494       0x10 uzeboxSoundEngine.o
                0x0000000000004494                PatchCommand01
 .text.PatchCommand05
                0x00000000000044a4        0xa uzeboxSoundEngine.o
                0x00000000000044a4                PatchCommand05
 .text.PatchCommand06
                0x00000000000044ae        0xa uzeboxSoundEngine.o
                0x00000000000044ae                PatchCommand06
 .text.PatchCommand07
                0x00000000000044b8        0x6 uzeboxSoundEngine.o
                0x00000000000044b8                PatchCommand07
 .text.PatchCommand09
                0x00000000000044be        0x6 uzeboxSoundEngine.o
                0x00000000000044be                PatchCommand09
 .text.PatchCommand10
                0x00000000000044c4        0x6 uzeboxSoundEngine.o
                0x00000000000044c4                PatchCommand10
 .text.PatchCommand11
                0x00000000000044ca       0x76 uzeboxSoundEngine.o
                0x00000000000044ca                PatchCommand11
 .text.PatchCommand12
                0x0000000000004540        0x6 uzeboxSoundEngine.o
                0x0000000000004540                PatchCommand12
 .text.PatchCommand13
                0x0000000000004546        0x6 uzeboxSoundEngine.o
                0x0000000000004546                PatchCommand13
 .text.PatchCommand02
                0x000000000000454c        0x8 uzeboxSoundEngine.o
                0x000000000000454c                PatchCommand02
 .text.PatchCommand03
                0x0000000000004554        0xe uzeboxSoundEngine.o
                0x0000000000004554                PatchCommand03
 .text.PatchCommand04
                0x0000000000004562       0x10 uzeboxSoundEngine.o
                0x0000000000004562                PatchCommand04
 .text.PatchCommand08
                0x0000000000004572       0x20 uzeboxSoundEngine.o
                0x0000000000004572                PatchCommand08
 .text.PatchCommand14
                0x0000000000004592       0x54 uzeboxSoundEngine.o
                0x0000000000004592                PatchCommand14
 .text.InitMusicPlayer
                0x00000000000045e6       0x44 uzeboxSoundEngine.o
                0x00000000000045e6                InitMusicPlayer
 .text.ReadVarLen
                0x000000000000462a       0x4c uzeboxSoundEngine.o
                0x000000000000462a                ReadVarLen
 .text.TriggerCommon
                0x0000000000004676      0x11c uzeboxSoundEngine.o
                0x0000000000004676                TriggerCommon
 .text.TriggerFx
                0x0000000000004792       0x90 uzeboxSoundEngine.o
                0x0000000000004792                TriggerFx
 .text.TriggerNote
                0x0000000000004822       0x80 uzeboxSoundEngine.o
                0x0000000000004822                TriggerNote
 .text.ProcessMusic
                0x00000000000048a2      0x43e uzeboxSoundEngine.o
                0x00000000000048a2                ProcessMusic
 .text.SetMasterVolume
                0x0000000000004ce0        0x6 uzeboxSoundEngine.o
                0x0000000000004ce0                SetMasterVolume
 .text.SetMixerNote
                0x0000000000004ce6       0x2e uzeboxSoundEngineCore.o
                0x0000000000004ce6                SetMixerNote
 .text.SetMixerWave
                0x0000000000004d14       0x3a uzeboxSoundEngineCore.o
                0x0000000000004d14                SetMixerWave
 *fill*         0x0000000000004d4e       0xb2 
 .text.DisableSoundEngine
                0x0000000000004e00      0xc00 uzeboxSoundEngineCore.o
                0x0000000000004e00                DisableSoundEngine
                0x0000000000004e08                steptable
                0x0000000000005000                waves
 .text.RestoreBackground
                0x0000000000005a00       0x2c uzeboxVideoEngine.o
                0x0000000000005a00                RestoreBackground
 .text.ProcessSprites
                0x0000000000005a2c      0x224 uzeboxVideoEngine.o
                0x0000000000005a2c                ProcessSprites
 .text.InitializeVideoMode
                0x0000000000005c50       0x1e uzeboxVideoEngine.o
                0x0000000000005c50                InitializeVideoMode
 .text.DrawMap  0x0000000000005c6e       0x9a uzeboxVideoEngine.o
                0x0000000000005c6e                DrawMap2
                0x0000000000005c6e                DrawMap
 .text.Print    0x0000000000005d08       0x36 uzeboxVideoEngine.o
                0x0000000000005d08                Print
 .text.WaitVsync
                0x0000000000005d3e       0x2e uzeboxVideoEngine.o
                0x0000000000005d3e                WaitVsync
 .text.DisplayLogo
                0x0000000000005d6c       0x6e uzeboxVideoEngine.o
                0x0000000000005d6c                DisplayLogo
 .text.doFade   0x0000000000005dda       0x1c uzeboxVideoEngine.o
                0x0000000000005dda                doFade
 .text.FadeIn   0x0000000000005df6       0x18 uzeboxVideoEngine.o
                0x0000000000005df6                FadeIn
 .text.FadeOut  0x0000000000005e0e       0x18 uzeboxVideoEngine.o
                0x0000000000005e0e                FadeOut
 .text.ProcessFading
                0x0000000000005e26       0x4a uzeboxVideoEngine.o
                0x0000000000005e26                ProcessFading
 .text.VideoModeVsync
                0x0000000000005e70        0x8 uzeboxVideoEngine.o
                0x0000000000005e70                VideoModeVsync
 .text.LBGetJoyPadState
                0x0000000000005e78       0x96 Iris.o
                0x0000000000005e78                LBGetJoyPadState
 .text.LBWaitSeconds
                0x0000000000005f0e       0x1e Iris.o
                0x0000000000005f0e                LBWaitSeconds
 .text.LBMapSprite
                0x0000000000005f2c       0xa4 Iris.o
                0x0000000000005f2c                LBMapSprite
 .text.LBMoveSprite
                0x0000000000005fd0       0x7c Iris.o
                0x0000000000005fd0                LBMoveSprite
 .text.LBRotateSprites
                0x000000000000604c       0xc2 Iris.o
                0x000000000000604c                LBRotateSprites
 .text.get_camera_y
                0x000000000000610e       0x1a Iris.o
                0x000000000000610e                get_camera_y
 .text.get_level_tile
                0x0000000000006128       0x2a Iris.o
                0x0000000000006128                get_level_tile
 .text.render_level_tile
                0x0000000000006152       0x54 Iris.o
                0x0000000000006152                render_level_tile
 .text.load_level
                0x00000000000061a6       0xa2 Iris.o
                0x00000000000061a6                load_level
 .text.clear_sprites
                0x0000000000006248       0x24 Iris.o
                0x0000000000006248                clear_sprites
 .text.level_transition
                0x000000000000626c       0x56 Iris.o
                0x000000000000626c                level_transition
 .text.load_splash
                0x00000000000062c2       0x7c Iris.o
                0x00000000000062c2                load_splash
 .text.select_pressed
                0x000000000000633e       0x14 Iris.o
                0x000000000000633e                select_pressed
 .text.update_splash
                0x0000000000006352       0x6a Iris.o
                0x0000000000006352                update_splash
 .text.startup.main
                0x00000000000063bc       0x54 Iris.o
                0x00000000000063bc                main
 .text.libgcc.div
                0x0000000000006410       0x28 /usr/local/lib/gcc/avr/4.9.2/avr5/libgcc.a(_udivmodhi4.o)
                0x0000000000006410                __udivmodhi4
 .text.libgcc.div
                0x0000000000006438       0x28 /usr/local/lib/gcc/avr/4.9.2/avr5/libgcc.a(_divmodhi4.o)
                0x0000000000006438                __divmodhi4
                0x0000000000006438                _div
 .text.libgcc   0x0000000000006460        0xc /usr/local/lib/gcc/avr/4.9.2/avr5/libgcc.a(_tablejump2.o)
                0x0000000000006460                __tablejump2__
                0x000000000000646c                . = ALIGN (0x2)
 *(.fini9)
 .fini9         0x000000000000646c        0x0 /usr/local/lib/gcc/avr/4.9.2/avr5/libgcc.a(_exit.o)
                0x000000000000646c                exit
                0x000000000000646c                _exit
 *(.fini9)
 *(.fini8)
 *(.fini8)
 *(.fini7)
 *(.fini7)
 *(.fini6)
 *(.fini6)
 *(.fini5)
 *(.fini5)
 *(.fini4)
 *(.fini4)
 *(.fini3)
 *(.fini3)
 *(.fini2)
 *(.fini2)
 *(.fini1)
 *(.fini1)
 *(.fini0)
 .fini0         0x000000000000646c        0x4 /usr/local/lib/gcc/avr/4.9.2/avr5/libgcc.a(_exit.o)
 *(.fini0)
                0x0000000000006470                _etext = .

.data           0x0000000000800500        0x2 load address 0x0000000000006470
                0x0000000000800500                PROVIDE (__data_start, .)
 *(.data)
 .data          0x0000000000800500        0x1 uzeboxVideoEngine.o
                0x0000000000800500                spritesOn
 *(.data*)
 *(.rodata)
 *(.rodata*)
 *(.gnu.linkonce.d*)
                0x0000000000800502                . = ALIGN (0x2)
 *fill*         0x0000000000800501        0x1 
                0x0000000000800502                _edata = .
                0x0000000000800502                PROVIDE (__data_end, .)

.bss            0x0000000000800502      0x99d
                0x0000000000800502                PROVIDE (__bss_start, .)
 *(.bss)
 .bss           0x0000000000800502      0x7b4 uzeboxVideoEngineCore.o
                0x0000000000800502                sprites
                0x000000000080053a                ram_tiles
                0x0000000000800c3a                ram_tiles_restore
                0x0000000000800c8e                sprites_tile_banks
                0x0000000000800c99                Screen
                0x0000000000800ca0                sync_phase
                0x0000000000800ca1                sync_pulse
                0x0000000000800ca2                sync_flags
                0x0000000000800ca7                first_render_line
                0x0000000000800ca8                render_lines_count
                0x0000000000800ca9                joypad1_status_lo
                0x0000000000800cab                joypad1_status_hi
                0x0000000000800cad                joypad2_status_lo
                0x0000000000800caf                joypad2_status_hi
 .bss           0x0000000000800cb6        0x1 uzeboxSoundEngine.o
                0x0000000000800cb6                playSong
 .bss           0x0000000000800cb7       0x23 uzeboxSoundEngineCore.o
                0x0000000000800cb7                sound_enabled
                0x0000000000800cb8                mixer
                0x0000000000800ccb                tr4_params
                0x0000000000800ccc                tr4_barrel_lo
                0x0000000000800ccd                tr4_barrel_hi
 .bss           0x0000000000800cda        0x2 uzeboxVideoEngine.o
                0x0000000000800cda                userRamTilesCount_tmp
                0x0000000000800cdb                userRamTilesCount
 .bss           0x0000000000800cdc        0x8 Iris.o
 *(.bss*)
 *(COMMON)
 COMMON         0x0000000000800ce4        0x1 uzeboxCore.o
                0x0000000000800ce4                joypadsConnectionStatus
 COMMON         0x0000000000800ce5       0x83 uzeboxSoundEngine.o
                0x0000000000800ce5                songStart
                0x0000000000800ce7                tracks
                0x0000000000800d5a                currDeltaTime
                0x0000000000800d5c                patchPointers
                0x0000000000800d5e                lastStatus
                0x0000000000800d5f                masterVolume
                0x0000000000800d60                nextDeltaTime
                0x0000000000800d62                songSpeed
                0x0000000000800d63                songPos
                0x0000000000800d65                loopStart
                0x0000000000800d67                step
 COMMON         0x0000000000800d68        0x6 uzeboxVideoEngine.o
                0x0000000000800d68                fadeSpeed
                0x0000000000800d69                fadeDir
                0x0000000000800d6a                free_tile_index
                0x0000000000800d6b                fadeActive
                0x0000000000800d6c                currFadeFrame
                0x0000000000800d6d                fadeStep
 COMMON         0x0000000000800d6e      0x131 Iris.o
                0x0000000000800d6e                scores
                0x0000000000800d8e                game
                0x0000000000800e2f                extendedSprites
                0x0000000000800e9f                PROVIDE (__bss_end, .)
                0x0000000000006470                __data_load_start = LOADADDR (.data)
                0x0000000000006472                __data_load_end = (__data_load_start + SIZEOF (.data))

.noinit         0x0000000000800100      0x400
                0x0000000000800100                PROVIDE (__noinit_start, .)
 *(.noinit*)
 .noinit        0x0000000000800100      0x400 uzeboxVideoEngineCore.o
                0x0000000000800100                vram
                0x0000000000800500                overlay_vram
                0x0000000000800500                PROVIDE (__noinit_end, .)
                0x0000000000800500                _end = .
                0x0000000000800500                PROVIDE (__heap_start, .)

.eeprom         0x0000000000810000        0x0
 *(.eeprom*)
                0x0000000000810000                __eeprom_end = .

.fuse
 *(.fuse)
 *(.lfuse)
 *(.hfuse)
 *(.efuse)

.lock
 *(.lock*)

.signature
 *(.signature*)

.stab           0x0000000000000000      0x528
 *(.stab)
 .stab          0x0000000000000000      0x15c /usr/local/lib/gcc/avr/4.9.2/avr5/libgcc.a(_udivmodhi4.o)
                                        0x168 (size before relaxing)
 .stab          0x000000000000015c      0x138 /usr/local/lib/gcc/avr/4.9.2/avr5/libgcc.a(_divmodhi4.o)
                                        0x144 (size before relaxing)
 .stab          0x0000000000000294       0x6c /usr/local/lib/gcc/avr/4.9.2/avr5/libgcc.a(_exit.o)
                                         0x78 (size before relaxing)
 .stab          0x0000000000000300       0x9c /usr/local/lib/gcc/avr/4.9.2/avr5/libgcc.a(_tablejump2.o)
                                         0xa8 (size before relaxing)
 .stab          0x000000000000039c       0xd8 /usr/local/lib/gcc/avr/4.9.2/avr5/libgcc.a(_copy_data.o)
                                         0xe4 (size before relaxing)
 .stab          0x0000000000000474       0xb4 /usr/local/lib/gcc/avr/4.9.2/avr5/libgcc.a(_clear_bss.o)
                                         0xc0 (size before relaxing)

.stabstr        0x0000000000000000      0x2a5
 *(.stabstr)
 .stabstr       0x0000000000000000      0x2a5 /usr/local/lib/gcc/avr/4.9.2/avr5/libgcc.a(_udivmodqi4.o)

.stab.excl
 *(.stab.excl)

.stab.exclstr
 *(.stab.exclstr)

.stab.index
 *(.stab.index)

.stab.indexstr
 *(.stab.indexstr)

.comment        0x0000000000000000       0x11
 *(.comment)
 .comment       0x0000000000000000       0x11 uzeboxCore.o
                                         0x12 (size before relaxing)
 .comment       0x0000000000000011       0x12 uzeboxSoundEngine.o
 .comment       0x0000000000000011       0x12 uzeboxVideoEngine.o
 .comment       0x0000000000000011       0x12 Iris.o

.note.gnu.build-id
 *(.note.gnu.build-id)

.debug
 *(.debug)

.line
 *(.line)

.debug_srcinfo
 *(.debug_srcinfo)

.debug_sfnames
 *(.debug_sfnames)

.debug_aranges  0x0000000000000000      0x4e0
 *(.debug_aranges)
 .debug_aranges
                0x0000000000000000       0xf8 uzeboxVideoEngineCore.o
 .debug_aranges
                0x00000000000000f8       0x90 uzeboxCore.o
 .debug_aranges
                0x0000000000000188       0xf8 uzeboxSoundEngine.o
 .debug_aranges
                0x0000000000000280       0x50 uzeboxSoundEngineCore.o
 .debug_aranges
                0x00000000000002d0      0x110 uzeboxVideoEngine.o
 .debug_aranges
                0x00000000000003e0      0x100 Iris.o

.debug_pubnames
 *(.debug_pubnames)

.debug_info     0x0000000000000000     0x558c
 *(.debug_info .gnu.linkonce.wi.*)
 .debug_info    0x0000000000000000      0x672 /usr/local/lib/gcc/avr/4.9.2/../../../../avr/lib/avr5/crtm644.o
 .debug_info    0x0000000000000672       0x7b uzeboxVideoEngineCore.o
 .debug_info    0x00000000000006ed      0xab8 uzeboxCore.o
 .debug_info    0x00000000000011a5     0x12ce uzeboxSoundEngine.o
 .debug_info    0x0000000000002473       0x72 uzeboxSoundEngineCore.o
 .debug_info    0x00000000000024e5     0x15cd uzeboxVideoEngine.o
 .debug_info    0x0000000000003ab2     0x1ada Iris.o

.debug_abbrev   0x0000000000000000     0x142a
 *(.debug_abbrev)
 .debug_abbrev  0x0000000000000000      0x619 /usr/local/lib/gcc/avr/4.9.2/../../../../avr/lib/avr5/crtm644.o
 .debug_abbrev  0x0000000000000619       0x12 uzeboxVideoEngineCore.o
 .debug_abbrev  0x000000000000062b      0x32b uzeboxCore.o
 .debug_abbrev  0x0000000000000956      0x35c uzeboxSoundEngine.o
 .debug_abbrev  0x0000000000000cb2       0x12 uzeboxSoundEngineCore.o
 .debug_abbrev  0x0000000000000cc4      0x3da uzeboxVideoEngine.o
 .debug_abbrev  0x000000000000109e      0x38c Iris.o

.debug_line     0x0000000000000000     0x177a
 *(.debug_line .debug_line.* .debug_line_end)
 .debug_line    0x0000000000000000       0x1d /usr/local/lib/gcc/avr/4.9.2/../../../../avr/lib/avr5/crtm644.o
 .debug_line    0x000000000000001d      0x5bd uzeboxVideoEngineCore.o
 .debug_line    0x00000000000005da      0x2b9 uzeboxCore.o
 .debug_line    0x0000000000000893      0x3d5 uzeboxSoundEngine.o
 .debug_line    0x0000000000000c68      0x1a9 uzeboxSoundEngineCore.o
 .debug_line    0x0000000000000e11      0x4e5 uzeboxVideoEngine.o
 .debug_line    0x00000000000012f6      0x484 Iris.o

.debug_frame    0x0000000000000000      0xc1c
 *(.debug_frame)
 .debug_frame   0x0000000000000000      0x1cc uzeboxCore.o
 .debug_frame   0x00000000000001cc      0x274 uzeboxSoundEngine.o
 .debug_frame   0x0000000000000440      0x4c4 uzeboxVideoEngine.o
 .debug_frame   0x0000000000000904      0x318 Iris.o

.debug_str      0x0000000000000000     0x1514
 *(.debug_str)
 .debug_str     0x0000000000000000      0x231 /usr/local/lib/gcc/avr/4.9.2/../../../../avr/lib/avr5/crtm644.o
 .debug_str     0x0000000000000231      0x4b8 uzeboxCore.o
                                        0x514 (size before relaxing)
 .debug_str     0x00000000000006e9      0x3fc uzeboxSoundEngine.o
                                        0x636 (size before relaxing)
 .debug_str     0x0000000000000ae5      0x389 uzeboxVideoEngine.o
                                        0x56c (size before relaxing)
 .debug_str     0x0000000000000e6e      0x6a6 Iris.o
                                        0x9f4 (size before relaxing)

.debug_loc      0x0000000000000000     0x4769
 *(.debug_loc)
 .debug_loc     0x0000000000000000      0x9f9 uzeboxCore.o
 .debug_loc     0x00000000000009f9     0x1148 uzeboxSoundEngine.o
 .debug_loc     0x0000000000001b41     0x1bd7 uzeboxVideoEngine.o
 .debug_loc     0x0000000000003718     0x1051 Iris.o

.debug_macinfo
 *(.debug_macinfo)

.debug_weaknames
 *(.debug_weaknames)

.debug_funcnames
 *(.debug_funcnames)

.debug_typenames
 *(.debug_typenames)

.debug_varnames
 *(.debug_varnames)

.debug_pubtypes
 *(.debug_pubtypes)

.debug_ranges   0x0000000000000000      0x568
 *(.debug_ranges)
 .debug_ranges  0x0000000000000000       0xf0 uzeboxVideoEngineCore.o
 .debug_ranges  0x00000000000000f0       0x98 uzeboxCore.o
 .debug_ranges  0x0000000000000188      0x130 uzeboxSoundEngine.o
 .debug_ranges  0x00000000000002b8       0x48 uzeboxSoundEngineCore.o
 .debug_ranges  0x0000000000000300      0x148 uzeboxVideoEngine.o
 .debug_ranges  0x0000000000000448      0x120 Iris.o

.debug_macro
 *(.debug_macro)
OUTPUT(Iris.elf elf32-avr)
LOAD linker stubs
