Archive member included to satisfy reference by file (symbol)

/usr/local/lib/gcc/avr/4.9.2/avr5/libgcc.a(_udivmodqi4.o)
                              uzeboxVideoEngine.o (__udivmodqi4)
/usr/local/lib/gcc/avr/4.9.2/avr5/libgcc.a(_udivmodhi4.o)
                              uzeboxVideoEngine.o (__udivmodhi4)
/usr/local/lib/gcc/avr/4.9.2/avr5/libgcc.a(_divmodhi4.o)
                              uzeboxSoundEngine.o (__divmodhi4)
/usr/local/lib/gcc/avr/4.9.2/avr5/libgcc.a(_udivmodsi4.o)
                              uzeboxVideoEngine.o (__udivmodsi4)
/usr/local/lib/gcc/avr/4.9.2/avr5/libgcc.a(_exit.o)
                              /usr/local/lib/gcc/avr/4.9.2/../../../../avr/lib/avr5/crtm644.o (exit)
/usr/local/lib/gcc/avr/4.9.2/avr5/libgcc.a(_tablejump2.o)
                              Iris.o (__tablejump2__)
/usr/local/lib/gcc/avr/4.9.2/avr5/libgcc.a(_copy_data.o)
                              uzeboxVideoEngine.o (__do_copy_data)
/usr/local/lib/gcc/avr/4.9.2/avr5/libgcc.a(_clear_bss.o)
                              uzeboxCore.o (__do_clear_bss)
/usr/local/lib/gcc/avr/4.9.2/../../../../avr/lib/avr5/libm.a(addsf3.o)
                              Iris.o (__subsf3)
/usr/local/lib/gcc/avr/4.9.2/../../../../avr/lib/avr5/libm.a(addsf3x.o)
                              /usr/local/lib/gcc/avr/4.9.2/../../../../avr/lib/avr5/libm.a(addsf3.o) (__addsf3x)
/usr/local/lib/gcc/avr/4.9.2/../../../../avr/lib/avr5/libm.a(cmpsf2.o)
                              Iris.o (__eqsf2)
/usr/local/lib/gcc/avr/4.9.2/../../../../avr/lib/avr5/libm.a(fixunssfsi.o)
                              Iris.o (__fixunssfsi)
/usr/local/lib/gcc/avr/4.9.2/../../../../avr/lib/avr5/libm.a(floatsisf.o)
                              Iris.o (__floatunsisf)
/usr/local/lib/gcc/avr/4.9.2/../../../../avr/lib/avr5/libm.a(fp_cmp.o)
                              /usr/local/lib/gcc/avr/4.9.2/../../../../avr/lib/avr5/libm.a(cmpsf2.o) (__fp_cmp)
/usr/local/lib/gcc/avr/4.9.2/../../../../avr/lib/avr5/libm.a(fp_inf.o)
                              /usr/local/lib/gcc/avr/4.9.2/../../../../avr/lib/avr5/libm.a(addsf3x.o) (__fp_inf)
/usr/local/lib/gcc/avr/4.9.2/../../../../avr/lib/avr5/libm.a(fp_nan.o)
                              /usr/local/lib/gcc/avr/4.9.2/../../../../avr/lib/avr5/libm.a(addsf3x.o) (__fp_nan)
/usr/local/lib/gcc/avr/4.9.2/../../../../avr/lib/avr5/libm.a(fp_pscA.o)
                              /usr/local/lib/gcc/avr/4.9.2/../../../../avr/lib/avr5/libm.a(addsf3x.o) (__fp_pscA)
/usr/local/lib/gcc/avr/4.9.2/../../../../avr/lib/avr5/libm.a(fp_pscB.o)
                              /usr/local/lib/gcc/avr/4.9.2/../../../../avr/lib/avr5/libm.a(addsf3x.o) (__fp_pscB)
/usr/local/lib/gcc/avr/4.9.2/../../../../avr/lib/avr5/libm.a(fp_round.o)
                              /usr/local/lib/gcc/avr/4.9.2/../../../../avr/lib/avr5/libm.a(addsf3.o) (__fp_round)
/usr/local/lib/gcc/avr/4.9.2/../../../../avr/lib/avr5/libm.a(fp_split3.o)
                              /usr/local/lib/gcc/avr/4.9.2/../../../../avr/lib/avr5/libm.a(addsf3x.o) (__fp_split3)
/usr/local/lib/gcc/avr/4.9.2/../../../../avr/lib/avr5/libm.a(fp_zero.o)
                              /usr/local/lib/gcc/avr/4.9.2/../../../../avr/lib/avr5/libm.a(addsf3x.o) (__fp_zero)
/usr/local/lib/gcc/avr/4.9.2/../../../../avr/lib/avr5/libm.a(gesf2.o)
                              Iris.o (__gesf2)
/usr/local/lib/gcc/avr/4.9.2/../../../../avr/lib/avr5/libm.a(mulsf3.o)
                              Iris.o (__mulsf3)
/usr/local/lib/gcc/avr/4.9.2/../../../../avr/lib/avr5/libm.a(mulsf3x.o)
                              /usr/local/lib/gcc/avr/4.9.2/../../../../avr/lib/avr5/libm.a(mulsf3.o) (__mulsf3x)

Allocating common symbols
Common symbol       size              file

songStart           0x2               uzeboxSoundEngine.o
tracks              0x73              uzeboxSoundEngine.o
jump_anim           0x2               Iris.o
scores              0x20              Iris.o
fadeSpeed           0x1               uzeboxVideoEngine.o
currDeltaTime       0x2               uzeboxSoundEngine.o
fadeDir             0x1               uzeboxVideoEngine.o
patchPointers       0x2               uzeboxSoundEngine.o
game                0x1f2             Iris.o
lastStatus          0x1               uzeboxSoundEngine.o
joypadsConnectionStatus
                    0x1               uzeboxCore.o
free_tile_index     0x1               uzeboxVideoEngine.o
fadeActive          0x1               uzeboxVideoEngine.o
masterVolume        0x1               uzeboxSoundEngine.o
prone_anim          0x2               Iris.o
nextDeltaTime       0x2               uzeboxSoundEngine.o
spider_anim         0x4               Iris.o
songSpeed           0x1               uzeboxSoundEngine.o
songPos             0x2               uzeboxSoundEngine.o
extendedSprites     0x50              Iris.o
run_anim            0x8               Iris.o
enemy_shot_anim     0x2               Iris.o
loopStart           0x2               uzeboxSoundEngine.o
shot_anim           0x2               Iris.o
step                0x1               uzeboxSoundEngine.o
expl_anim           0x6               Iris.o
currFadeFrame       0x1               uzeboxVideoEngine.o
fadeStep            0x1               uzeboxVideoEngine.o
idle_anim           0x2               Iris.o

Discarded input sections

 .data          0x0000000000000000        0x0 /usr/local/lib/gcc/avr/4.9.2/../../../../avr/lib/avr5/crtm644.o
 .bss           0x0000000000000000        0x0 /usr/local/lib/gcc/avr/4.9.2/../../../../avr/lib/avr5/crtm644.o
 .data          0x0000000000000000        0x0 uzeboxVideoEngineCore.o
 .text.SetSpritesTileBank
                0x0000000000000000       0x12 uzeboxVideoEngineCore.o
 .text.GetTile  0x0000000000000000       0x24 uzeboxVideoEngineCore.o
 .text.GetVsyncCounter
                0x0000000000000000        0xa uzeboxVideoEngineCore.o
 .text.ClearVsyncCounter
                0x0000000000000000        0xa uzeboxVideoEngineCore.o
 .text.SetUserPreVsyncCallback
                0x0000000000000000        0xa uzeboxVideoEngineCore.o
 .text.SetUserPostVsyncCallback
                0x0000000000000000        0xa uzeboxVideoEngineCore.o
 .text.IsRunningInEmulator
                0x0000000000000000       0x12 uzeboxVideoEngineCore.o
 .text.WaitClocks
                0x0000000000000000        0x6 uzeboxVideoEngineCore.o
 .text.SetLedOn
                0x0000000000000000        0x4 uzeboxVideoEngineCore.o
 .text.SetLedOff
                0x0000000000000000        0x4 uzeboxVideoEngineCore.o
 .text.ToggleLed
                0x0000000000000000        0x4 uzeboxVideoEngineCore.o
 .text.internal_spi_byte
                0x0000000000000000        0xe uzeboxVideoEngineCore.o
 .text.GetTrueRandomSeed
                0x0000000000000000        0xa uzeboxVideoEngineCore.o
 .text          0x0000000000000000        0x0 uzeboxCore.o
 .data          0x0000000000000000        0x0 uzeboxCore.o
 .bss           0x0000000000000000        0x2 uzeboxCore.o
 .text.SetRenderingParameters
                0x0000000000000000        0xa uzeboxCore.o
 .text.DetectControllers
                0x0000000000000000       0x36 uzeboxCore.o
 .text.FormatEeprom2
                0x0000000000000000       0x98 uzeboxCore.o
 .text.IsPowerSwitchPressed
                0x0000000000000000        0xe uzeboxCore.o
 .text.EepromReadBlock
                0x0000000000000000       0x66 uzeboxCore.o
 .text.GetPrngNumber
                0x0000000000000000       0x5c uzeboxCore.o
 .text          0x0000000000000000        0x0 uzeboxSoundEngine.o
 .data          0x0000000000000000        0x0 uzeboxSoundEngine.o
 .text.StartSong
                0x0000000000000000       0x52 uzeboxSoundEngine.o
 .text.StopSong
                0x0000000000000000       0x1c uzeboxSoundEngine.o
 .text.ResumeSong
                0x0000000000000000        0x8 uzeboxSoundEngine.o
 .text.SetSongSpeed
                0x0000000000000000        0x6 uzeboxSoundEngine.o
 .text.GetSongSpeed
                0x0000000000000000        0x6 uzeboxSoundEngine.o
 .text.GetMasterVolume
                0x0000000000000000        0x6 uzeboxSoundEngine.o
 .data          0x0000000000000000        0x0 uzeboxSoundEngineCore.o
 .text.SetMixerNoiseParams
                0x0000000000000000       0x10 uzeboxSoundEngineCore.o
 .text.SetMixerVolume
                0x0000000000000000       0x16 uzeboxSoundEngineCore.o
 .text.EnableSoundEngine
                0x0000000000000000        0x8 uzeboxSoundEngineCore.o
 .text          0x0000000000000000        0x0 uzeboxVideoEngine.o
 .text.SetUserRamTilesCount
                0x0000000000000000        0x6 uzeboxVideoEngine.o
 .text.GetUserRamTile
                0x0000000000000000        0xe uzeboxVideoEngine.o
 .text.SetSpriteVisibility
                0x0000000000000000        0x6 uzeboxVideoEngine.o
 .text.SetScrolling
                0x0000000000000000       0x28 uzeboxVideoEngine.o
 .text.MapSprite
                0x0000000000000000       0x80 uzeboxVideoEngine.o
 .text.MapSprite2
                0x0000000000000000       0xa4 uzeboxVideoEngine.o
 .text.MoveSprite
                0x0000000000000000       0x7c uzeboxVideoEngine.o
 .text.PrintLong
                0x0000000000000000       0x8a uzeboxVideoEngine.o
 .text.PrintBinaryByte
                0x0000000000000000       0x36 uzeboxVideoEngine.o
 .text.PrintHexByte
                0x0000000000000000       0x40 uzeboxVideoEngine.o
 .text.PrintHexInt
                0x0000000000000000       0x24 uzeboxVideoEngine.o
 .text.PrintHexLong
                0x0000000000000000       0x5e uzeboxVideoEngine.o
 .text.PrintRam
                0x0000000000000000       0x36 uzeboxVideoEngine.o
 .text.PrintChar
                0x0000000000000000        0x6 uzeboxVideoEngine.o
 .text.Fill     0x0000000000000000       0x6e uzeboxVideoEngine.o
 .text.FontFill
                0x0000000000000000       0x6c uzeboxVideoEngine.o
 .text          0x0000000000000000        0x0 Iris.o
 .text.LBGetNextFrameReverse
                0x0000000000000000       0x60 Iris.o
 .text.LBCopyChars
                0x0000000000000000       0x18 Iris.o
 .text.LBPrintStr
                0x0000000000000000       0x62 Iris.o
 .text.LBRandom
                0x0000000000000000       0x6a Iris.o
 .text.load_eeprom
                0x0000000000000000       0x24 Iris.o
 .text.save_eeprom
                0x0000000000000000        0x4 Iris.o
 .text          0x0000000000000000        0x0 /usr/local/lib/gcc/avr/4.9.2/avr5/libgcc.a(_udivmodqi4.o)
 .data          0x0000000000000000        0x0 /usr/local/lib/gcc/avr/4.9.2/avr5/libgcc.a(_udivmodqi4.o)
 .bss           0x0000000000000000        0x0 /usr/local/lib/gcc/avr/4.9.2/avr5/libgcc.a(_udivmodqi4.o)
 .text.libgcc.mul
                0x0000000000000000        0x0 /usr/local/lib/gcc/avr/4.9.2/avr5/libgcc.a(_udivmodqi4.o)
 .text.libgcc   0x0000000000000000        0x0 /usr/local/lib/gcc/avr/4.9.2/avr5/libgcc.a(_udivmodqi4.o)
 .text.libgcc.prologue
                0x0000000000000000        0x0 /usr/local/lib/gcc/avr/4.9.2/avr5/libgcc.a(_udivmodqi4.o)
 .text.libgcc.builtins
                0x0000000000000000        0x0 /usr/local/lib/gcc/avr/4.9.2/avr5/libgcc.a(_udivmodqi4.o)
 .text.libgcc.fmul
                0x0000000000000000        0x0 /usr/local/lib/gcc/avr/4.9.2/avr5/libgcc.a(_udivmodqi4.o)
 .text.libgcc.fixed
                0x0000000000000000        0x0 /usr/local/lib/gcc/avr/4.9.2/avr5/libgcc.a(_udivmodqi4.o)
 .text          0x0000000000000000        0x0 /usr/local/lib/gcc/avr/4.9.2/avr5/libgcc.a(_udivmodhi4.o)
 .data          0x0000000000000000        0x0 /usr/local/lib/gcc/avr/4.9.2/avr5/libgcc.a(_udivmodhi4.o)
 .bss           0x0000000000000000        0x0 /usr/local/lib/gcc/avr/4.9.2/avr5/libgcc.a(_udivmodhi4.o)
 .text.libgcc.mul
                0x0000000000000000        0x0 /usr/local/lib/gcc/avr/4.9.2/avr5/libgcc.a(_udivmodhi4.o)
 .text.libgcc   0x0000000000000000        0x0 /usr/local/lib/gcc/avr/4.9.2/avr5/libgcc.a(_udivmodhi4.o)
 .text.libgcc.prologue
                0x0000000000000000        0x0 /usr/local/lib/gcc/avr/4.9.2/avr5/libgcc.a(_udivmodhi4.o)
 .text.libgcc.builtins
                0x0000000000000000        0x0 /usr/local/lib/gcc/avr/4.9.2/avr5/libgcc.a(_udivmodhi4.o)
 .text.libgcc.fmul
                0x0000000000000000        0x0 /usr/local/lib/gcc/avr/4.9.2/avr5/libgcc.a(_udivmodhi4.o)
 .text.libgcc.fixed
                0x0000000000000000        0x0 /usr/local/lib/gcc/avr/4.9.2/avr5/libgcc.a(_udivmodhi4.o)
 .text          0x0000000000000000        0x0 /usr/local/lib/gcc/avr/4.9.2/avr5/libgcc.a(_divmodhi4.o)
 .data          0x0000000000000000        0x0 /usr/local/lib/gcc/avr/4.9.2/avr5/libgcc.a(_divmodhi4.o)
 .bss           0x0000000000000000        0x0 /usr/local/lib/gcc/avr/4.9.2/avr5/libgcc.a(_divmodhi4.o)
 .text.libgcc.mul
                0x0000000000000000        0x0 /usr/local/lib/gcc/avr/4.9.2/avr5/libgcc.a(_divmodhi4.o)
 .text.libgcc   0x0000000000000000        0x0 /usr/local/lib/gcc/avr/4.9.2/avr5/libgcc.a(_divmodhi4.o)
 .text.libgcc.prologue
                0x0000000000000000        0x0 /usr/local/lib/gcc/avr/4.9.2/avr5/libgcc.a(_divmodhi4.o)
 .text.libgcc.builtins
                0x0000000000000000        0x0 /usr/local/lib/gcc/avr/4.9.2/avr5/libgcc.a(_divmodhi4.o)
 .text.libgcc.fmul
                0x0000000000000000        0x0 /usr/local/lib/gcc/avr/4.9.2/avr5/libgcc.a(_divmodhi4.o)
 .text.libgcc.fixed
                0x0000000000000000        0x0 /usr/local/lib/gcc/avr/4.9.2/avr5/libgcc.a(_divmodhi4.o)
 .text          0x0000000000000000        0x0 /usr/local/lib/gcc/avr/4.9.2/avr5/libgcc.a(_udivmodsi4.o)
 .data          0x0000000000000000        0x0 /usr/local/lib/gcc/avr/4.9.2/avr5/libgcc.a(_udivmodsi4.o)
 .bss           0x0000000000000000        0x0 /usr/local/lib/gcc/avr/4.9.2/avr5/libgcc.a(_udivmodsi4.o)
 .stab          0x0000000000000000      0x228 /usr/local/lib/gcc/avr/4.9.2/avr5/libgcc.a(_udivmodsi4.o)
                                        0x234 (size before relaxing)
 .text.libgcc.mul
                0x0000000000000000        0x0 /usr/local/lib/gcc/avr/4.9.2/avr5/libgcc.a(_udivmodsi4.o)
 .text.libgcc.div
                0x0000000000000000       0x44 /usr/local/lib/gcc/avr/4.9.2/avr5/libgcc.a(_udivmodsi4.o)
 .text.libgcc   0x0000000000000000        0x0 /usr/local/lib/gcc/avr/4.9.2/avr5/libgcc.a(_udivmodsi4.o)
 .text.libgcc.prologue
                0x0000000000000000        0x0 /usr/local/lib/gcc/avr/4.9.2/avr5/libgcc.a(_udivmodsi4.o)
 .text.libgcc.builtins
                0x0000000000000000        0x0 /usr/local/lib/gcc/avr/4.9.2/avr5/libgcc.a(_udivmodsi4.o)
 .text.libgcc.fmul
                0x0000000000000000        0x0 /usr/local/lib/gcc/avr/4.9.2/avr5/libgcc.a(_udivmodsi4.o)
 .text.libgcc.fixed
                0x0000000000000000        0x0 /usr/local/lib/gcc/avr/4.9.2/avr5/libgcc.a(_udivmodsi4.o)
 .text          0x0000000000000000        0x0 /usr/local/lib/gcc/avr/4.9.2/avr5/libgcc.a(_exit.o)
 .data          0x0000000000000000        0x0 /usr/local/lib/gcc/avr/4.9.2/avr5/libgcc.a(_exit.o)
 .bss           0x0000000000000000        0x0 /usr/local/lib/gcc/avr/4.9.2/avr5/libgcc.a(_exit.o)
 .text.libgcc.mul
                0x0000000000000000        0x0 /usr/local/lib/gcc/avr/4.9.2/avr5/libgcc.a(_exit.o)
 .text.libgcc.div
                0x0000000000000000        0x0 /usr/local/lib/gcc/avr/4.9.2/avr5/libgcc.a(_exit.o)
 .text.libgcc   0x0000000000000000        0x0 /usr/local/lib/gcc/avr/4.9.2/avr5/libgcc.a(_exit.o)
 .text.libgcc.prologue
                0x0000000000000000        0x0 /usr/local/lib/gcc/avr/4.9.2/avr5/libgcc.a(_exit.o)
 .text.libgcc.builtins
                0x0000000000000000        0x0 /usr/local/lib/gcc/avr/4.9.2/avr5/libgcc.a(_exit.o)
 .text.libgcc.fmul
                0x0000000000000000        0x0 /usr/local/lib/gcc/avr/4.9.2/avr5/libgcc.a(_exit.o)
 .text.libgcc.fixed
                0x0000000000000000        0x0 /usr/local/lib/gcc/avr/4.9.2/avr5/libgcc.a(_exit.o)
 .text          0x0000000000000000        0x0 /usr/local/lib/gcc/avr/4.9.2/avr5/libgcc.a(_tablejump2.o)
 .data          0x0000000000000000        0x0 /usr/local/lib/gcc/avr/4.9.2/avr5/libgcc.a(_tablejump2.o)
 .bss           0x0000000000000000        0x0 /usr/local/lib/gcc/avr/4.9.2/avr5/libgcc.a(_tablejump2.o)
 .text.libgcc.mul
                0x0000000000000000        0x0 /usr/local/lib/gcc/avr/4.9.2/avr5/libgcc.a(_tablejump2.o)
 .text.libgcc.div
                0x0000000000000000        0x0 /usr/local/lib/gcc/avr/4.9.2/avr5/libgcc.a(_tablejump2.o)
 .text.libgcc.prologue
                0x0000000000000000        0x0 /usr/local/lib/gcc/avr/4.9.2/avr5/libgcc.a(_tablejump2.o)
 .text.libgcc.builtins
                0x0000000000000000        0x0 /usr/local/lib/gcc/avr/4.9.2/avr5/libgcc.a(_tablejump2.o)
 .text.libgcc.fmul
                0x0000000000000000        0x0 /usr/local/lib/gcc/avr/4.9.2/avr5/libgcc.a(_tablejump2.o)
 .text.libgcc.fixed
                0x0000000000000000        0x0 /usr/local/lib/gcc/avr/4.9.2/avr5/libgcc.a(_tablejump2.o)
 .text          0x0000000000000000        0x0 /usr/local/lib/gcc/avr/4.9.2/avr5/libgcc.a(_copy_data.o)
 .data          0x0000000000000000        0x0 /usr/local/lib/gcc/avr/4.9.2/avr5/libgcc.a(_copy_data.o)
 .bss           0x0000000000000000        0x0 /usr/local/lib/gcc/avr/4.9.2/avr5/libgcc.a(_copy_data.o)
 .text.libgcc.mul
                0x0000000000000000        0x0 /usr/local/lib/gcc/avr/4.9.2/avr5/libgcc.a(_copy_data.o)
 .text.libgcc.div
                0x0000000000000000        0x0 /usr/local/lib/gcc/avr/4.9.2/avr5/libgcc.a(_copy_data.o)
 .text.libgcc   0x0000000000000000        0x0 /usr/local/lib/gcc/avr/4.9.2/avr5/libgcc.a(_copy_data.o)
 .text.libgcc.prologue
                0x0000000000000000        0x0 /usr/local/lib/gcc/avr/4.9.2/avr5/libgcc.a(_copy_data.o)
 .text.libgcc.builtins
                0x0000000000000000        0x0 /usr/local/lib/gcc/avr/4.9.2/avr5/libgcc.a(_copy_data.o)
 .text.libgcc.fmul
                0x0000000000000000        0x0 /usr/local/lib/gcc/avr/4.9.2/avr5/libgcc.a(_copy_data.o)
 .text.libgcc.fixed
                0x0000000000000000        0x0 /usr/local/lib/gcc/avr/4.9.2/avr5/libgcc.a(_copy_data.o)
 .text          0x0000000000000000        0x0 /usr/local/lib/gcc/avr/4.9.2/avr5/libgcc.a(_clear_bss.o)
 .data          0x0000000000000000        0x0 /usr/local/lib/gcc/avr/4.9.2/avr5/libgcc.a(_clear_bss.o)
 .bss           0x0000000000000000        0x0 /usr/local/lib/gcc/avr/4.9.2/avr5/libgcc.a(_clear_bss.o)
 .text.libgcc.mul
                0x0000000000000000        0x0 /usr/local/lib/gcc/avr/4.9.2/avr5/libgcc.a(_clear_bss.o)
 .text.libgcc.div
                0x0000000000000000        0x0 /usr/local/lib/gcc/avr/4.9.2/avr5/libgcc.a(_clear_bss.o)
 .text.libgcc   0x0000000000000000        0x0 /usr/local/lib/gcc/avr/4.9.2/avr5/libgcc.a(_clear_bss.o)
 .text.libgcc.prologue
                0x0000000000000000        0x0 /usr/local/lib/gcc/avr/4.9.2/avr5/libgcc.a(_clear_bss.o)
 .text.libgcc.builtins
                0x0000000000000000        0x0 /usr/local/lib/gcc/avr/4.9.2/avr5/libgcc.a(_clear_bss.o)
 .text.libgcc.fmul
                0x0000000000000000        0x0 /usr/local/lib/gcc/avr/4.9.2/avr5/libgcc.a(_clear_bss.o)
 .text.libgcc.fixed
                0x0000000000000000        0x0 /usr/local/lib/gcc/avr/4.9.2/avr5/libgcc.a(_clear_bss.o)
 .text          0x0000000000000000        0x0 /usr/local/lib/gcc/avr/4.9.2/../../../../avr/lib/avr5/libm.a(addsf3.o)
 .data          0x0000000000000000        0x0 /usr/local/lib/gcc/avr/4.9.2/../../../../avr/lib/avr5/libm.a(addsf3.o)
 .bss           0x0000000000000000        0x0 /usr/local/lib/gcc/avr/4.9.2/../../../../avr/lib/avr5/libm.a(addsf3.o)
 .text          0x0000000000000000        0x0 /usr/local/lib/gcc/avr/4.9.2/../../../../avr/lib/avr5/libm.a(addsf3x.o)
 .data          0x0000000000000000        0x0 /usr/local/lib/gcc/avr/4.9.2/../../../../avr/lib/avr5/libm.a(addsf3x.o)
 .bss           0x0000000000000000        0x0 /usr/local/lib/gcc/avr/4.9.2/../../../../avr/lib/avr5/libm.a(addsf3x.o)
 .text          0x0000000000000000        0x0 /usr/local/lib/gcc/avr/4.9.2/../../../../avr/lib/avr5/libm.a(cmpsf2.o)
 .data          0x0000000000000000        0x0 /usr/local/lib/gcc/avr/4.9.2/../../../../avr/lib/avr5/libm.a(cmpsf2.o)
 .bss           0x0000000000000000        0x0 /usr/local/lib/gcc/avr/4.9.2/../../../../avr/lib/avr5/libm.a(cmpsf2.o)
 .text          0x0000000000000000        0x0 /usr/local/lib/gcc/avr/4.9.2/../../../../avr/lib/avr5/libm.a(fixunssfsi.o)
 .data          0x0000000000000000        0x0 /usr/local/lib/gcc/avr/4.9.2/../../../../avr/lib/avr5/libm.a(fixunssfsi.o)
 .bss           0x0000000000000000        0x0 /usr/local/lib/gcc/avr/4.9.2/../../../../avr/lib/avr5/libm.a(fixunssfsi.o)
 .text          0x0000000000000000        0x0 /usr/local/lib/gcc/avr/4.9.2/../../../../avr/lib/avr5/libm.a(floatsisf.o)
 .data          0x0000000000000000        0x0 /usr/local/lib/gcc/avr/4.9.2/../../../../avr/lib/avr5/libm.a(floatsisf.o)
 .bss           0x0000000000000000        0x0 /usr/local/lib/gcc/avr/4.9.2/../../../../avr/lib/avr5/libm.a(floatsisf.o)
 .text          0x0000000000000000        0x0 /usr/local/lib/gcc/avr/4.9.2/../../../../avr/lib/avr5/libm.a(fp_cmp.o)
 .data          0x0000000000000000        0x0 /usr/local/lib/gcc/avr/4.9.2/../../../../avr/lib/avr5/libm.a(fp_cmp.o)
 .bss           0x0000000000000000        0x0 /usr/local/lib/gcc/avr/4.9.2/../../../../avr/lib/avr5/libm.a(fp_cmp.o)
 .text          0x0000000000000000        0x0 /usr/local/lib/gcc/avr/4.9.2/../../../../avr/lib/avr5/libm.a(fp_inf.o)
 .data          0x0000000000000000        0x0 /usr/local/lib/gcc/avr/4.9.2/../../../../avr/lib/avr5/libm.a(fp_inf.o)
 .bss           0x0000000000000000        0x0 /usr/local/lib/gcc/avr/4.9.2/../../../../avr/lib/avr5/libm.a(fp_inf.o)
 .text          0x0000000000000000        0x0 /usr/local/lib/gcc/avr/4.9.2/../../../../avr/lib/avr5/libm.a(fp_nan.o)
 .data          0x0000000000000000        0x0 /usr/local/lib/gcc/avr/4.9.2/../../../../avr/lib/avr5/libm.a(fp_nan.o)
 .bss           0x0000000000000000        0x0 /usr/local/lib/gcc/avr/4.9.2/../../../../avr/lib/avr5/libm.a(fp_nan.o)
 .text          0x0000000000000000        0x0 /usr/local/lib/gcc/avr/4.9.2/../../../../avr/lib/avr5/libm.a(fp_pscA.o)
 .data          0x0000000000000000        0x0 /usr/local/lib/gcc/avr/4.9.2/../../../../avr/lib/avr5/libm.a(fp_pscA.o)
 .bss           0x0000000000000000        0x0 /usr/local/lib/gcc/avr/4.9.2/../../../../avr/lib/avr5/libm.a(fp_pscA.o)
 .text          0x0000000000000000        0x0 /usr/local/lib/gcc/avr/4.9.2/../../../../avr/lib/avr5/libm.a(fp_pscB.o)
 .data          0x0000000000000000        0x0 /usr/local/lib/gcc/avr/4.9.2/../../../../avr/lib/avr5/libm.a(fp_pscB.o)
 .bss           0x0000000000000000        0x0 /usr/local/lib/gcc/avr/4.9.2/../../../../avr/lib/avr5/libm.a(fp_pscB.o)
 .text          0x0000000000000000        0x0 /usr/local/lib/gcc/avr/4.9.2/../../../../avr/lib/avr5/libm.a(fp_round.o)
 .data          0x0000000000000000        0x0 /usr/local/lib/gcc/avr/4.9.2/../../../../avr/lib/avr5/libm.a(fp_round.o)
 .bss           0x0000000000000000        0x0 /usr/local/lib/gcc/avr/4.9.2/../../../../avr/lib/avr5/libm.a(fp_round.o)
 .text          0x0000000000000000        0x0 /usr/local/lib/gcc/avr/4.9.2/../../../../avr/lib/avr5/libm.a(fp_split3.o)
 .data          0x0000000000000000        0x0 /usr/local/lib/gcc/avr/4.9.2/../../../../avr/lib/avr5/libm.a(fp_split3.o)
 .bss           0x0000000000000000        0x0 /usr/local/lib/gcc/avr/4.9.2/../../../../avr/lib/avr5/libm.a(fp_split3.o)
 .text          0x0000000000000000        0x0 /usr/local/lib/gcc/avr/4.9.2/../../../../avr/lib/avr5/libm.a(fp_zero.o)
 .data          0x0000000000000000        0x0 /usr/local/lib/gcc/avr/4.9.2/../../../../avr/lib/avr5/libm.a(fp_zero.o)
 .bss           0x0000000000000000        0x0 /usr/local/lib/gcc/avr/4.9.2/../../../../avr/lib/avr5/libm.a(fp_zero.o)
 .text          0x0000000000000000        0x0 /usr/local/lib/gcc/avr/4.9.2/../../../../avr/lib/avr5/libm.a(gesf2.o)
 .data          0x0000000000000000        0x0 /usr/local/lib/gcc/avr/4.9.2/../../../../avr/lib/avr5/libm.a(gesf2.o)
 .bss           0x0000000000000000        0x0 /usr/local/lib/gcc/avr/4.9.2/../../../../avr/lib/avr5/libm.a(gesf2.o)
 .text          0x0000000000000000        0x0 /usr/local/lib/gcc/avr/4.9.2/../../../../avr/lib/avr5/libm.a(mulsf3.o)
 .data          0x0000000000000000        0x0 /usr/local/lib/gcc/avr/4.9.2/../../../../avr/lib/avr5/libm.a(mulsf3.o)
 .bss           0x0000000000000000        0x0 /usr/local/lib/gcc/avr/4.9.2/../../../../avr/lib/avr5/libm.a(mulsf3.o)
 .text          0x0000000000000000        0x0 /usr/local/lib/gcc/avr/4.9.2/../../../../avr/lib/avr5/libm.a(mulsf3x.o)
 .data          0x0000000000000000        0x0 /usr/local/lib/gcc/avr/4.9.2/../../../../avr/lib/avr5/libm.a(mulsf3x.o)
 .bss           0x0000000000000000        0x0 /usr/local/lib/gcc/avr/4.9.2/../../../../avr/lib/avr5/libm.a(mulsf3x.o)

Memory Configuration

Name             Origin             Length             Attributes
text             0x0000000000000000 0x0000000000020000 xr
data             0x0000000000800060 0x000000000000ffa0 rw !x
eeprom           0x0000000000810000 0x0000000000010000 rw !x
fuse             0x0000000000820000 0x0000000000000400 rw !x
lock             0x0000000000830000 0x0000000000000400 rw !x
signature        0x0000000000840000 0x0000000000000400 rw !x
*default*        0x0000000000000000 0xffffffffffffffff

Linker script and memory map

Address of section .data set to 0x800100
LOAD /usr/local/lib/gcc/avr/4.9.2/../../../../avr/lib/avr5/crtm644.o
Address of section .noinit set to 0x800100
Address of section .data set to 0x800500
LOAD uzeboxVideoEngineCore.o
LOAD uzeboxCore.o
LOAD uzeboxSoundEngine.o
LOAD uzeboxSoundEngineCore.o
LOAD uzeboxVideoEngine.o
LOAD Iris.o
START GROUP
LOAD /usr/local/lib/gcc/avr/4.9.2/avr5/libgcc.a
LOAD /usr/local/lib/gcc/avr/4.9.2/../../../../avr/lib/avr5/libm.a
LOAD /usr/local/lib/gcc/avr/4.9.2/../../../../avr/lib/avr5/libc.a
END GROUP

.hash
 *(.hash)

.dynsym
 *(.dynsym)

.dynstr
 *(.dynstr)

.gnu.version
 *(.gnu.version)

.gnu.version_d
 *(.gnu.version_d)

.gnu.version_r
 *(.gnu.version_r)

.rel.init
 *(.rel.init)

.rela.init
 *(.rela.init)

.rel.text
 *(.rel.text)
 *(.rel.text.*)
 *(.rel.gnu.linkonce.t*)

.rela.text
 *(.rela.text)
 *(.rela.text.*)
 *(.rela.gnu.linkonce.t*)

.rel.fini
 *(.rel.fini)

.rela.fini
 *(.rela.fini)

.rel.rodata
 *(.rel.rodata)
 *(.rel.rodata.*)
 *(.rel.gnu.linkonce.r*)

.rela.rodata
 *(.rela.rodata)
 *(.rela.rodata.*)
 *(.rela.gnu.linkonce.r*)

.rel.data
 *(.rel.data)
 *(.rel.data.*)
 *(.rel.gnu.linkonce.d*)

.rela.data
 *(.rela.data)
 *(.rela.data.*)
 *(.rela.gnu.linkonce.d*)

.rel.ctors
 *(.rel.ctors)

.rela.ctors
 *(.rela.ctors)

.rel.dtors
 *(.rel.dtors)

.rela.dtors
 *(.rela.dtors)

.rel.got
 *(.rel.got)

.rela.got
 *(.rela.got)

.rel.bss
 *(.rel.bss)

.rela.bss
 *(.rela.bss)

.rel.plt
 *(.rel.plt)

.rela.plt
 *(.rela.plt)

.text           0x0000000000000000     0xa118
 *(.vectors)
 .vectors       0x0000000000000000       0x70 /usr/local/lib/gcc/avr/4.9.2/../../../../avr/lib/avr5/crtm644.o
                0x0000000000000000                __vectors
                0x0000000000000000                __vector_default
 *(.vectors)
 *(.progmem.gcc*)
 .progmem.gcc_sw_table.render_level_tile
                0x0000000000000070        0xe Iris.o
                0x000000000000007e                . = ALIGN (0x2)
                0x000000000000007e                __trampolines_start = .
 *(.trampolines)
 .trampolines   0x000000000000007e        0x0 linker stubs
 *(.trampolines*)
                0x000000000000007e                __trampolines_end = .
 *(.progmem*)
 .progmem.data  0x000000000000007e       0x4e uzeboxCore.o
                0x000000000000007e                io_table
                0x00000000000000ac                eeprom_format_table
 .progmem.data  0x00000000000000cc       0x1e uzeboxSoundEngine.o
                0x00000000000000cc                patchCommands
 .progmem.data  0x00000000000000ea      0x853 uzeboxVideoEngine.o
                0x00000000000000ea                fader
                0x00000000000000f6                map_uzeboxlogo2
                0x0000000000000107                map_uzeboxlogo
                0x000000000000011d                logo_tileset
                0x000000000000091d                logoInitPatches
                0x0000000000000926                initPatch
 .progmem.data  0x000000000000093d     0x4290 Iris.o
                0x000000000000093d                default_scores
                0x000000000000095b                strLevels
                0x0000000000000969                strPaused
                0x0000000000000970                strExit
                0x0000000000000979                strTime
                0x0000000000000980                strLives
                0x0000000000000988                strShield
                0x0000000000000991                strScore
                0x0000000000000999                strSelectHandle
                0x00000000000009aa                strHighscores
                0x00000000000009b6                str1Player
                0x00000000000009bc                strCopyright
                0x00000000000009d1                spacesong
                0x0000000000001071                planetsong
                0x0000000000001b43                my_patches
                0x0000000000001b55                patch00
                0x0000000000001b5d                level_data
                0x0000000000002527                sprites_data
                0x0000000000003227                map_enemy_spider_1
                0x000000000000322a                map_enemy_spider_0
                0x000000000000322d                map_enemy_shark
                0x0000000000003230                map_enemy_shot
                0x0000000000003233                map_hero_shot
                0x0000000000003236                map_hero_ship_large
                0x0000000000003240                map_hero_ship_1
                0x0000000000003245                map_hero_ship_0
                0x000000000000324a                map_hero_prone
                0x000000000000324f                map_hero_jump
                0x0000000000003257                map_hero_step_3
                0x000000000000325f                map_hero_step_2
                0x0000000000003267                map_hero_step_1
                0x000000000000326f                map_hero_step_0
                0x0000000000003277                map_hero_idle
                0x000000000000327f                map_explosion_2
                0x0000000000003282                map_explosion_1
                0x0000000000003285                map_explosion_0
                0x0000000000003288                map_meteor
                0x000000000000328b                map_up_arrow
                0x000000000000328e                map_down_arrow
                0x0000000000003291                map_right_arrow
                0x0000000000003294                map_none
                0x0000000000003297                tiles_data
                0x0000000000004b57                map_star
                0x0000000000004b5a                map_ice_moon
                0x0000000000004b65                map_ice_cloud
                0x0000000000004b68                map_ice_far
                0x0000000000004b6b                map_ice_sky
                0x0000000000004b6e                map_ice_horizon
                0x0000000000004b71                map_ice_bottom
                0x0000000000004b74                map_ice_right
                0x0000000000004b77                map_ice_middle
                0x0000000000004b7a                map_ice_left
                0x0000000000004b7d                map_splash
                0x0000000000004bca                map_tile_none
                0x0000000000004bce                . = ALIGN (0x2)
 *fill*         0x0000000000004bcd        0x1 
 *(.jumptables)
 *(.jumptables*)
 *(.lowtext)
 *(.lowtext*)
                0x0000000000004bce                __ctors_start = .
 *(.ctors)
                0x0000000000004bce                __ctors_end = .
                0x0000000000004bce                __dtors_start = .
 *(.dtors)
                0x0000000000004bce                __dtors_end = .
 SORT(*)(.ctors)
 SORT(*)(.dtors)
 *(.init0)
 .init0         0x0000000000004bce        0x0 /usr/local/lib/gcc/avr/4.9.2/../../../../avr/lib/avr5/crtm644.o
                0x0000000000004bce                __init
 *(.init0)
 *(.init1)
 *(.init1)
 *(.init2)
 .init2         0x0000000000004bce        0xc /usr/local/lib/gcc/avr/4.9.2/../../../../avr/lib/avr5/crtm644.o
 *(.init2)
 *(.init3)
 *(.init3)
 *(.init4)
 .init4         0x0000000000004bda       0x16 /usr/local/lib/gcc/avr/4.9.2/avr5/libgcc.a(_copy_data.o)
                0x0000000000004bda                __do_copy_data
 .init4         0x0000000000004bf0       0x10 /usr/local/lib/gcc/avr/4.9.2/avr5/libgcc.a(_clear_bss.o)
                0x0000000000004bf0                __do_clear_bss
 *(.init4)
 *(.init5)
 *(.init5)
 *(.init6)
 *(.init6)
 *(.init7)
 .init7         0x0000000000004c00       0x16 uzeboxCore.o
                0x0000000000004c00                wdt_init
 *(.init7)
 *(.init8)
 .init8         0x0000000000004c16       0x82 uzeboxCore.o
                0x0000000000004c16                Initialize
 *(.init8)
 *(.init9)
 .init9         0x0000000000004c98        0x8 /usr/local/lib/gcc/avr/4.9.2/../../../../avr/lib/avr5/crtm644.o
 *(.init9)
 *(.text)
 .text          0x0000000000004ca0        0x4 /usr/local/lib/gcc/avr/4.9.2/../../../../avr/lib/avr5/crtm644.o
                0x0000000000004ca0                __vector_20
                0x0000000000004ca0                __vector_1
                0x0000000000004ca0                __vector_24
                0x0000000000004ca0                __vector_12
                0x0000000000004ca0                __bad_interrupt
                0x0000000000004ca0                __vector_6
                0x0000000000004ca0                __vector_3
                0x0000000000004ca0                __vector_23
                0x0000000000004ca0                __vector_25
                0x0000000000004ca0                __vector_11
                0x0000000000004ca0                __vector_17
                0x0000000000004ca0                __vector_19
                0x0000000000004ca0                __vector_7
                0x0000000000004ca0                __vector_27
                0x0000000000004ca0                __vector_5
                0x0000000000004ca0                __vector_4
                0x0000000000004ca0                __vector_9
                0x0000000000004ca0                __vector_2
                0x0000000000004ca0                __vector_21
                0x0000000000004ca0                __vector_15
                0x0000000000004ca0                __vector_26
                0x0000000000004ca0                __vector_10
                0x0000000000004ca0                __vector_16
                0x0000000000004ca0                __vector_18
                0x0000000000004ca0                __vector_22
 .text          0x0000000000004ca4      0x868 uzeboxVideoEngineCore.o
                0x000000000000500c                CopyFlashTile
                0x000000000000512a                CopyRamTile
                0x0000000000005244                BlitSprite
                0x0000000000005328                __vector_13
                0x00000000000053a8                __vector_14
 .text          0x000000000000550c      0x180 uzeboxSoundEngineCore.o
                0x000000000000550c                process_music
                0x0000000000005518                update_sound
                0x000000000000568c                . = ALIGN (0x2)
 *(.text.*)
 .text.SetSpritesTileTable
                0x000000000000568c        0xa uzeboxVideoEngineCore.o
                0x000000000000568c                SetSpritesTileTable
 .text.ClearVram
                0x0000000000005696       0x14 uzeboxVideoEngineCore.o
                0x0000000000005696                ClearVram
 .text.SetFont  0x00000000000056aa        0x8 uzeboxVideoEngineCore.o
                0x00000000000056aa                SetFont
 .text.SetTile  0x00000000000056b2       0x22 uzeboxVideoEngineCore.o
                0x00000000000056b2                SetTile
 .text.SetFontTilesIndex
                0x00000000000056d4        0x6 uzeboxVideoEngineCore.o
                0x00000000000056d4                SetFontTilesIndex
 .text.SetTileTable
                0x00000000000056da        0xa uzeboxVideoEngineCore.o
                0x00000000000056da                SetTileTable
 .text.GetVsyncFlag
                0x00000000000056e4        0x8 uzeboxVideoEngineCore.o
                0x00000000000056e4                GetVsyncFlag
 .text.ClearVsyncFlag
                0x00000000000056ec        0xc uzeboxVideoEngineCore.o
                0x00000000000056ec                ClearVsyncFlag
 .text.ReadJoypad
                0x00000000000056f8       0x18 uzeboxVideoEngineCore.o
                0x00000000000056f8                ReadJoypad
 .text.WaitUs   0x0000000000005710        0xe uzeboxVideoEngineCore.o
                0x0000000000005710                WaitUs
 .text.WriteEeprom
                0x000000000000571e       0x14 uzeboxVideoEngineCore.o
                0x000000000000571e                WriteEeprom
 .text.ReadEeprom
                0x0000000000005732       0x12 uzeboxVideoEngineCore.o
                0x0000000000005732                ReadEeprom
 .text.wdt_randomize
                0x0000000000005744       0x50 uzeboxVideoEngineCore.o
                0x0000000000005744                wdt_randomize
 .text.__vector_8
                0x0000000000005794       0x44 uzeboxVideoEngineCore.o
                0x0000000000005794                __vector_8
 .text.SoftReset
                0x00000000000057d8       0x16 uzeboxCore.o
                0x00000000000057d8                SoftReset
 .text.ReadButtons
                0x00000000000057ee       0x6c uzeboxCore.o
                0x00000000000057ee                ReadButtons
 .text.ReadControllers
                0x000000000000585a       0x20 uzeboxCore.o
                0x000000000000585a                ReadControllers
 .text.FormatEeprom
                0x000000000000587a       0x44 uzeboxCore.o
                0x000000000000587a                FormatEeprom
 .text.isEepromFormatted
                0x00000000000058be       0x2e uzeboxCore.o
                0x00000000000058be                isEepromFormatted
 .text.EepromBlockExists
                0x00000000000058ec       0xa4 uzeboxCore.o
                0x00000000000058ec                EepromBlockExists
 .text.EepromWriteBlock
                0x0000000000005990       0x94 uzeboxCore.o
                0x0000000000005990                EepromWriteBlock
 .text.PatchCommand00
                0x0000000000005a24        0x6 uzeboxSoundEngine.o
                0x0000000000005a24                PatchCommand00
 .text.PatchCommand01
                0x0000000000005a2a       0x10 uzeboxSoundEngine.o
                0x0000000000005a2a                PatchCommand01
 .text.PatchCommand05
                0x0000000000005a3a        0xa uzeboxSoundEngine.o
                0x0000000000005a3a                PatchCommand05
 .text.PatchCommand06
                0x0000000000005a44        0xa uzeboxSoundEngine.o
                0x0000000000005a44                PatchCommand06
 .text.PatchCommand07
                0x0000000000005a4e        0x6 uzeboxSoundEngine.o
                0x0000000000005a4e                PatchCommand07
 .text.PatchCommand09
                0x0000000000005a54        0x6 uzeboxSoundEngine.o
                0x0000000000005a54                PatchCommand09
 .text.PatchCommand10
                0x0000000000005a5a        0x6 uzeboxSoundEngine.o
                0x0000000000005a5a                PatchCommand10
 .text.PatchCommand11
                0x0000000000005a60       0x76 uzeboxSoundEngine.o
                0x0000000000005a60                PatchCommand11
 .text.PatchCommand12
                0x0000000000005ad6        0x6 uzeboxSoundEngine.o
                0x0000000000005ad6                PatchCommand12
 .text.PatchCommand13
                0x0000000000005adc        0x6 uzeboxSoundEngine.o
                0x0000000000005adc                PatchCommand13
 .text.PatchCommand02
                0x0000000000005ae2        0x8 uzeboxSoundEngine.o
                0x0000000000005ae2                PatchCommand02
 .text.PatchCommand03
                0x0000000000005aea        0xe uzeboxSoundEngine.o
                0x0000000000005aea                PatchCommand03
 .text.PatchCommand04
                0x0000000000005af8       0x10 uzeboxSoundEngine.o
                0x0000000000005af8                PatchCommand04
 .text.PatchCommand08
                0x0000000000005b08       0x20 uzeboxSoundEngine.o
                0x0000000000005b08                PatchCommand08
 .text.PatchCommand14
                0x0000000000005b28       0x54 uzeboxSoundEngine.o
                0x0000000000005b28                PatchCommand14
 .text.InitMusicPlayer
                0x0000000000005b7c       0x44 uzeboxSoundEngine.o
                0x0000000000005b7c                InitMusicPlayer
 .text.ReadVarLen
                0x0000000000005bc0       0x4c uzeboxSoundEngine.o
                0x0000000000005bc0                ReadVarLen
 .text.TriggerCommon
                0x0000000000005c0c      0x11c uzeboxSoundEngine.o
                0x0000000000005c0c                TriggerCommon
 .text.TriggerFx
                0x0000000000005d28       0x90 uzeboxSoundEngine.o
                0x0000000000005d28                TriggerFx
 .text.TriggerNote
                0x0000000000005db8       0x80 uzeboxSoundEngine.o
                0x0000000000005db8                TriggerNote
 .text.ProcessMusic
                0x0000000000005e38      0x43e uzeboxSoundEngine.o
                0x0000000000005e38                ProcessMusic
 .text.SetMasterVolume
                0x0000000000006276        0x6 uzeboxSoundEngine.o
                0x0000000000006276                SetMasterVolume
 .text.SetMixerNote
                0x000000000000627c       0x2e uzeboxSoundEngineCore.o
                0x000000000000627c                SetMixerNote
 .text.SetMixerWave
                0x00000000000062aa       0x3a uzeboxSoundEngineCore.o
                0x00000000000062aa                SetMixerWave
 *fill*         0x00000000000062e4       0x1c 
 .text.DisableSoundEngine
                0x0000000000006300      0xc00 uzeboxSoundEngineCore.o
                0x0000000000006300                DisableSoundEngine
                0x0000000000006308                steptable
                0x0000000000006500                waves
 .text.RestoreBackground
                0x0000000000006f00       0x2c uzeboxVideoEngine.o
                0x0000000000006f00                RestoreBackground
 .text.ProcessSprites
                0x0000000000006f2c      0x224 uzeboxVideoEngine.o
                0x0000000000006f2c                ProcessSprites
 .text.Scroll   0x0000000000007150       0x4a uzeboxVideoEngine.o
                0x0000000000007150                Scroll
 .text.InitializeVideoMode
                0x000000000000719a       0x1e uzeboxVideoEngine.o
                0x000000000000719a                InitializeVideoMode
 .text.DrawMap  0x00000000000071b8       0x9a uzeboxVideoEngine.o
                0x00000000000071b8                DrawMap2
                0x00000000000071b8                DrawMap
 .text.PrintByte
                0x0000000000007252       0x66 uzeboxVideoEngine.o
                0x0000000000007252                PrintByte
 .text.PrintInt
                0x00000000000072b8       0x70 uzeboxVideoEngine.o
                0x00000000000072b8                PrintInt
 .text.Print    0x0000000000007328       0x36 uzeboxVideoEngine.o
                0x0000000000007328                Print
 .text.WaitVsync
                0x000000000000735e       0x2e uzeboxVideoEngine.o
                0x000000000000735e                WaitVsync
 .text.DisplayLogo
                0x000000000000738c       0x6e uzeboxVideoEngine.o
                0x000000000000738c                DisplayLogo
 .text.doFade   0x00000000000073fa       0x1c uzeboxVideoEngine.o
                0x00000000000073fa                doFade
 .text.FadeIn   0x0000000000007416       0x18 uzeboxVideoEngine.o
                0x0000000000007416                FadeIn
 .text.FadeOut  0x000000000000742e       0x18 uzeboxVideoEngine.o
                0x000000000000742e                FadeOut
 .text.ProcessFading
                0x0000000000007446       0x4a uzeboxVideoEngine.o
                0x0000000000007446                ProcessFading
 .text.VideoModeVsync
                0x0000000000007490        0x8 uzeboxVideoEngine.o
                0x0000000000007490                VideoModeVsync
 .text.LBGetNextFrame
                0x0000000000007498       0x4c Iris.o
                0x0000000000007498                LBGetNextFrame
 .text.LBGetJoyPadState
                0x00000000000074e4       0x96 Iris.o
                0x00000000000074e4                LBGetJoyPadState
 .text.LBCollides
                0x000000000000757a       0x4c Iris.o
                0x000000000000757a                LBCollides
 .text.LBWaitSeconds
                0x00000000000075c6       0x1e Iris.o
                0x00000000000075c6                LBWaitSeconds
 .text.LBMapSprite
                0x00000000000075e4       0xa4 Iris.o
                0x00000000000075e4                LBMapSprite
 .text.LBMoveSprite
                0x0000000000007688       0x7c Iris.o
                0x0000000000007688                LBMoveSprite
 .text.LBRotateSprites
                0x0000000000007704       0x7e Iris.o
                0x0000000000007704                LBRotateSprites
 .text.LBDrawTile
                0x0000000000007782        0xc Iris.o
                0x0000000000007782                LBDrawTile
 .text.init_game_state
                0x000000000000778e       0x12 Iris.o
                0x000000000000778e                init_game_state
 .text.init_enemy_state
                0x00000000000077a0       0x28 Iris.o
                0x00000000000077a0                init_enemy_state
 .text.init_player_state
                0x00000000000077c8      0x136 Iris.o
                0x00000000000077c8                init_player_state
 .text.init_enemy_spider
                0x00000000000078fe      0x15a Iris.o
                0x00000000000078fe                init_enemy_spider
 .text.fade_through
                0x0000000000007a58       0x14 Iris.o
                0x0000000000007a58                fade_through
 .text.render_level_tile
                0x0000000000007a6c       0x54 Iris.o
                0x0000000000007a6c                render_level_tile
 .text.clear_overlay
                0x0000000000007ac0       0x30 Iris.o
                0x0000000000007ac0                clear_overlay
 .text.read_level_byte
                0x0000000000007af0       0x3e Iris.o
                0x0000000000007af0                read_level_byte
 .text.get_camera_x
                0x0000000000007b2e       0x14 Iris.o
                0x0000000000007b2e                get_camera_x
 .text.get_camera_y
                0x0000000000007b42       0x16 Iris.o
                0x0000000000007b42                get_camera_y
 .text.get_hero_spawn_x
                0x0000000000007b58       0x16 Iris.o
                0x0000000000007b58                get_hero_spawn_x
 .text.get_hero_spawn_y
                0x0000000000007b6e       0x16 Iris.o
                0x0000000000007b6e                get_hero_spawn_y
 .text.get_level_tile
                0x0000000000007b84       0x2c Iris.o
                0x0000000000007b84                get_level_tile
 .text.render_camera_view
                0x0000000000007bb0       0xa2 Iris.o
                0x0000000000007bb0                render_camera_view
 .text.spawn_enemy
                0x0000000000007c52       0x30 Iris.o
                0x0000000000007c52                spawn_enemy
 .text.solid_tile
                0x0000000000007c82        0xe Iris.o
                0x0000000000007c82                solid_tile
 .text.append_tile_column
                0x0000000000007c90      0x122 Iris.o
                0x0000000000007c90                append_tile_column
 .text.append_tile_row
                0x0000000000007db2       0x78 Iris.o
                0x0000000000007db2                append_tile_row
 .text.move_camera_x
                0x0000000000007e2a       0x32 Iris.o
                0x0000000000007e2a                move_camera_x
 .text.move_camera_y
                0x0000000000007e5c       0x36 Iris.o
                0x0000000000007e5c                move_camera_y
 .text.load_level
                0x0000000000007e92      0x134 Iris.o
                0x0000000000007e92                load_level
 .text.on_solid_ground
                0x0000000000007fc6      0x196 Iris.o
                0x0000000000007fc6                on_solid_ground
 .text.find_shot_slot
                0x000000000000815c       0x24 Iris.o
                0x000000000000815c                find_shot_slot
 .text.update_shot
                0x0000000000008180      0x148 Iris.o
                0x0000000000008180                update_shot
 .text.pixel_overlap
                0x00000000000082c8       0x28 Iris.o
                0x00000000000082c8                pixel_overlap
 .text.collision_detect_level
                0x00000000000082f0      0x64c Iris.o
                0x00000000000082f0                collision_detect_level
 .text.animate_shot
                0x000000000000893c      0x31a Iris.o
                0x000000000000893c                animate_shot
 .text.map_explosion
                0x0000000000008c56       0x96 Iris.o
                0x0000000000008c56                map_explosion
 .text.animate_sprite
                0x0000000000008cec      0x142 Iris.o
                0x0000000000008cec                animate_sprite
 .text.animate_player
                0x0000000000008e2e       0x92 Iris.o
                0x0000000000008e2e                animate_player
 .text.update_spider_enemy
                0x0000000000008ec0       0x98 Iris.o
                0x0000000000008ec0                update_spider_enemy
 .text.update_basic_shot
                0x0000000000008f58       0x16 Iris.o
                0x0000000000008f58                update_basic_shot
 .text.update_enemies
                0x0000000000008f6e       0x7a Iris.o
                0x0000000000008f6e                update_enemies
 .text.update_enemy_shots
                0x0000000000008fe8      0x112 Iris.o
                0x0000000000008fe8                update_enemy_shots
 .text.animate_enemies
                0x00000000000090fa      0x274 Iris.o
                0x00000000000090fa                animate_enemies
 .text.animate_enemy_shots
                0x000000000000936e      0x262 Iris.o
                0x000000000000936e                animate_enemy_shots
 .text.update_level
                0x00000000000095d0      0x15e Iris.o
                0x00000000000095d0                update_level
 .text.clear_sprites
                0x000000000000972e       0x44 Iris.o
                0x000000000000972e                clear_sprites
 .text.level_transition
                0x0000000000009772       0x66 Iris.o
                0x0000000000009772                level_transition
 .text.save_score
                0x00000000000097d8        0x8 Iris.o
                0x00000000000097d8                save_score
 .text.load_splash
                0x00000000000097e0       0x7a Iris.o
                0x00000000000097e0                load_splash
 .text.exit_game
                0x000000000000985a       0x24 Iris.o
                0x000000000000985a                exit_game
 .text.handle_player_death
                0x000000000000987e       0x42 Iris.o
                0x000000000000987e                handle_player_death
 .text.update_player
                0x00000000000098c0      0x37e Iris.o
                0x00000000000098c0                update_player
 .text.select_pressed
                0x0000000000009c3e       0x14 Iris.o
                0x0000000000009c3e                select_pressed
 .text.update_splash
                0x0000000000009c52       0x6c Iris.o
                0x0000000000009c52                update_splash
 .text.startup.main
                0x0000000000009cbe       0x86 Iris.o
                0x0000000000009cbe                main
 .text.libgcc.div
                0x0000000000009d44       0x18 /usr/local/lib/gcc/avr/4.9.2/avr5/libgcc.a(_udivmodqi4.o)
                0x0000000000009d44                __udivmodqi4
 .text.libgcc.div
                0x0000000000009d5c       0x28 /usr/local/lib/gcc/avr/4.9.2/avr5/libgcc.a(_udivmodhi4.o)
                0x0000000000009d5c                __udivmodhi4
 .text.libgcc.div
                0x0000000000009d84       0x28 /usr/local/lib/gcc/avr/4.9.2/avr5/libgcc.a(_divmodhi4.o)
                0x0000000000009d84                __divmodhi4
                0x0000000000009d84                _div
 .text.libgcc   0x0000000000009dac        0xc /usr/local/lib/gcc/avr/4.9.2/avr5/libgcc.a(_tablejump2.o)
                0x0000000000009dac                __tablejump2__
 .text.avr-libc.fplib
                0x0000000000009db8        0xa /usr/local/lib/gcc/avr/4.9.2/../../../../avr/lib/avr5/libm.a(addsf3.o)
                0x0000000000009db8                __subsf3
                0x0000000000009dba                __addsf3
 .text.avr-libc.fplib
                0x0000000000009dc2       0xc0 /usr/local/lib/gcc/avr/4.9.2/../../../../avr/lib/avr5/libm.a(addsf3x.o)
                0x0000000000009ddc                __addsf3x
 .text.avr-libc.fplib
                0x0000000000009e82        0x8 /usr/local/lib/gcc/avr/4.9.2/../../../../avr/lib/avr5/libm.a(cmpsf2.o)
                0x0000000000009e82                __lesf2
                0x0000000000009e82                __nesf2
                0x0000000000009e82                __eqsf2
                0x0000000000009e82                __cmpsf2
                0x0000000000009e82                __ltsf2
 .text.avr-libc.fplib
                0x0000000000009e8a       0x58 /usr/local/lib/gcc/avr/4.9.2/../../../../avr/lib/avr5/libm.a(fixunssfsi.o)
                0x0000000000009e8a                __fixunssfsi
 .text.avr-libc.fplib
                0x0000000000009ee2       0x7a /usr/local/lib/gcc/avr/4.9.2/../../../../avr/lib/avr5/libm.a(floatsisf.o)
                0x0000000000009ee2                __floatunsisf
                0x0000000000009ee6                __floatsisf
 .text.avr-libc.fplib
                0x0000000000009f5c       0x48 /usr/local/lib/gcc/avr/4.9.2/../../../../avr/lib/avr5/libm.a(fp_cmp.o)
                0x0000000000009f5c                __fp_cmp
 .text.avr-libc.fplib
                0x0000000000009fa4        0xc /usr/local/lib/gcc/avr/4.9.2/../../../../avr/lib/avr5/libm.a(fp_inf.o)
                0x0000000000009fa4                __fp_inf
 .text.avr-libc.fplib
                0x0000000000009fb0        0x6 /usr/local/lib/gcc/avr/4.9.2/../../../../avr/lib/avr5/libm.a(fp_nan.o)
                0x0000000000009fb0                __fp_nan
 .text.avr-libc.fplib
                0x0000000000009fb6        0xe /usr/local/lib/gcc/avr/4.9.2/../../../../avr/lib/avr5/libm.a(fp_pscA.o)
                0x0000000000009fb6                __fp_pscA
 .text.avr-libc.fplib
                0x0000000000009fc4        0xe /usr/local/lib/gcc/avr/4.9.2/../../../../avr/lib/avr5/libm.a(fp_pscB.o)
                0x0000000000009fc4                __fp_pscB
 .text.avr-libc.fplib
                0x0000000000009fd2       0x22 /usr/local/lib/gcc/avr/4.9.2/../../../../avr/lib/avr5/libm.a(fp_round.o)
                0x0000000000009fd2                __fp_round
 .text.avr-libc.fplib
                0x0000000000009ff4       0x44 /usr/local/lib/gcc/avr/4.9.2/../../../../avr/lib/avr5/libm.a(fp_split3.o)
                0x0000000000009ff4                __fp_split3
                0x000000000000a004                __fp_splitA
 .text.avr-libc.fplib
                0x000000000000a038        0xe /usr/local/lib/gcc/avr/4.9.2/../../../../avr/lib/avr5/libm.a(fp_zero.o)
                0x000000000000a038                __fp_zero
                0x000000000000a03a                __fp_szero
 .text.avr-libc.fplib
                0x000000000000a046        0x8 /usr/local/lib/gcc/avr/4.9.2/../../../../avr/lib/avr5/libm.a(gesf2.o)
                0x000000000000a046                __gtsf2
                0x000000000000a046                __gesf2
 .text.avr-libc.fplib
                0x000000000000a04e        0x4 /usr/local/lib/gcc/avr/4.9.2/../../../../avr/lib/avr5/libm.a(mulsf3.o)
                0x000000000000a04e                __mulsf3
 .text.avr-libc.fplib
                0x000000000000a052       0xc2 /usr/local/lib/gcc/avr/4.9.2/../../../../avr/lib/avr5/libm.a(mulsf3x.o)
                0x000000000000a066                __mulsf3x
                0x000000000000a06a                __mulsf3_pse
                0x000000000000a114                . = ALIGN (0x2)
 *(.fini9)
 .fini9         0x000000000000a114        0x0 /usr/local/lib/gcc/avr/4.9.2/avr5/libgcc.a(_exit.o)
                0x000000000000a114                exit
                0x000000000000a114                _exit
 *(.fini9)
 *(.fini8)
 *(.fini8)
 *(.fini7)
 *(.fini7)
 *(.fini6)
 *(.fini6)
 *(.fini5)
 *(.fini5)
 *(.fini4)
 *(.fini4)
 *(.fini3)
 *(.fini3)
 *(.fini2)
 *(.fini2)
 *(.fini1)
 *(.fini1)
 *(.fini0)
 .fini0         0x000000000000a114        0x4 /usr/local/lib/gcc/avr/4.9.2/avr5/libgcc.a(_exit.o)
 *(.fini0)
                0x000000000000a118                _etext = .

.data           0x0000000000800500        0x2 load address 0x000000000000a118
                0x0000000000800500                PROVIDE (__data_start, .)
 *(.data)
 .data          0x0000000000800500        0x1 uzeboxVideoEngine.o
                0x0000000000800500                spritesOn
 .data          0x0000000000800501        0x1 Iris.o
 *(.data*)
 *(.rodata)
 *(.rodata*)
 *(.gnu.linkonce.d*)
                0x0000000000800502                . = ALIGN (0x2)
                0x0000000000800502                _edata = .
                0x0000000000800502                PROVIDE (__data_end, .)

.bss            0x0000000000800502      0xae9
                0x0000000000800502                PROVIDE (__bss_start, .)
 *(.bss)
 .bss           0x0000000000800502      0x7b4 uzeboxVideoEngineCore.o
                0x0000000000800502                sprites
                0x000000000080053a                ram_tiles
                0x0000000000800c3a                ram_tiles_restore
                0x0000000000800c8e                sprites_tile_banks
                0x0000000000800c99                Screen
                0x0000000000800ca0                sync_phase
                0x0000000000800ca1                sync_pulse
                0x0000000000800ca2                sync_flags
                0x0000000000800ca7                first_render_line
                0x0000000000800ca8                render_lines_count
                0x0000000000800ca9                joypad1_status_lo
                0x0000000000800cab                joypad1_status_hi
                0x0000000000800cad                joypad2_status_lo
                0x0000000000800caf                joypad2_status_hi
 .bss           0x0000000000800cb6        0x1 uzeboxSoundEngine.o
                0x0000000000800cb6                playSong
 .bss           0x0000000000800cb7       0x23 uzeboxSoundEngineCore.o
                0x0000000000800cb7                sound_enabled
                0x0000000000800cb8                mixer
                0x0000000000800ccb                tr4_params
                0x0000000000800ccc                tr4_barrel_lo
                0x0000000000800ccd                tr4_barrel_hi
 .bss           0x0000000000800cda        0x2 uzeboxVideoEngine.o
                0x0000000000800cda                userRamTilesCount_tmp
                0x0000000000800cdb                userRamTilesCount
 .bss           0x0000000000800cdc        0x7 Iris.o
 *(.bss*)
 *(COMMON)
 COMMON         0x0000000000800ce3        0x1 uzeboxCore.o
                0x0000000000800ce3                joypadsConnectionStatus
 COMMON         0x0000000000800ce4       0x83 uzeboxSoundEngine.o
                0x0000000000800ce4                songStart
                0x0000000000800ce6                tracks
                0x0000000000800d59                currDeltaTime
                0x0000000000800d5b                patchPointers
                0x0000000000800d5d                lastStatus
                0x0000000000800d5e                masterVolume
                0x0000000000800d5f                nextDeltaTime
                0x0000000000800d61                songSpeed
                0x0000000000800d62                songPos
                0x0000000000800d64                loopStart
                0x0000000000800d66                step
 COMMON         0x0000000000800d67        0x6 uzeboxVideoEngine.o
                0x0000000000800d67                fadeSpeed
                0x0000000000800d68                fadeDir
                0x0000000000800d69                free_tile_index
                0x0000000000800d6a                fadeActive
                0x0000000000800d6b                currFadeFrame
                0x0000000000800d6c                fadeStep
 COMMON         0x0000000000800d6d      0x27e Iris.o
                0x0000000000800d6d                jump_anim
                0x0000000000800d6f                scores
                0x0000000000800d8f                game
                0x0000000000800f81                prone_anim
                0x0000000000800f83                spider_anim
                0x0000000000800f87                extendedSprites
                0x0000000000800fd7                run_anim
                0x0000000000800fdf                enemy_shot_anim
                0x0000000000800fe1                shot_anim
                0x0000000000800fe3                expl_anim
                0x0000000000800fe9                idle_anim
                0x0000000000800feb                PROVIDE (__bss_end, .)
                0x000000000000a118                __data_load_start = LOADADDR (.data)
                0x000000000000a11a                __data_load_end = (__data_load_start + SIZEOF (.data))

.noinit         0x0000000000800100      0x400
                0x0000000000800100                PROVIDE (__noinit_start, .)
 *(.noinit*)
 .noinit        0x0000000000800100      0x400 uzeboxVideoEngineCore.o
                0x0000000000800100                vram
                0x0000000000800500                overlay_vram
                0x0000000000800500                PROVIDE (__noinit_end, .)
                0x0000000000800500                _end = .
                0x0000000000800500                PROVIDE (__heap_start, .)

.eeprom         0x0000000000810000        0x0
 *(.eeprom*)
                0x0000000000810000                __eeprom_end = .

.fuse
 *(.fuse)
 *(.lfuse)
 *(.hfuse)
 *(.efuse)

.lock
 *(.lock*)

.signature
 *(.signature*)

.stab           0x0000000000000000      0x618
 *(.stab)
 .stab          0x0000000000000000       0xf0 /usr/local/lib/gcc/avr/4.9.2/avr5/libgcc.a(_udivmodqi4.o)
 .stab          0x00000000000000f0      0x15c /usr/local/lib/gcc/avr/4.9.2/avr5/libgcc.a(_udivmodhi4.o)
                                        0x168 (size before relaxing)
 .stab          0x000000000000024c      0x138 /usr/local/lib/gcc/avr/4.9.2/avr5/libgcc.a(_divmodhi4.o)
                                        0x144 (size before relaxing)
 .stab          0x0000000000000384       0x6c /usr/local/lib/gcc/avr/4.9.2/avr5/libgcc.a(_exit.o)
                                         0x78 (size before relaxing)
 .stab          0x00000000000003f0       0x9c /usr/local/lib/gcc/avr/4.9.2/avr5/libgcc.a(_tablejump2.o)
                                         0xa8 (size before relaxing)
 .stab          0x000000000000048c       0xd8 /usr/local/lib/gcc/avr/4.9.2/avr5/libgcc.a(_copy_data.o)
                                         0xe4 (size before relaxing)
 .stab          0x0000000000000564       0xb4 /usr/local/lib/gcc/avr/4.9.2/avr5/libgcc.a(_clear_bss.o)
                                         0xc0 (size before relaxing)

.stabstr        0x0000000000000000      0x2a5
 *(.stabstr)
 .stabstr       0x0000000000000000      0x2a5 /usr/local/lib/gcc/avr/4.9.2/avr5/libgcc.a(_udivmodqi4.o)

.stab.excl
 *(.stab.excl)

.stab.exclstr
 *(.stab.exclstr)

.stab.index
 *(.stab.index)

.stab.indexstr
 *(.stab.indexstr)

.comment        0x0000000000000000       0x11
 *(.comment)
 .comment       0x0000000000000000       0x11 uzeboxCore.o
                                         0x12 (size before relaxing)
 .comment       0x0000000000000011       0x12 uzeboxSoundEngine.o
 .comment       0x0000000000000011       0x12 uzeboxVideoEngine.o
 .comment       0x0000000000000011       0x12 Iris.o

.note.gnu.build-id
 *(.note.gnu.build-id)

.debug
 *(.debug)

.line
 *(.line)

.debug_srcinfo
 *(.debug_srcinfo)

.debug_sfnames
 *(.debug_sfnames)

.debug_aranges  0x0000000000000000      0x5e0
 *(.debug_aranges)
 .debug_aranges
                0x0000000000000000       0xf8 uzeboxVideoEngineCore.o
 .debug_aranges
                0x00000000000000f8       0x90 uzeboxCore.o
 .debug_aranges
                0x0000000000000188       0xf8 uzeboxSoundEngine.o
 .debug_aranges
                0x0000000000000280       0x50 uzeboxSoundEngineCore.o
 .debug_aranges
                0x00000000000002d0      0x110 uzeboxVideoEngine.o
 .debug_aranges
                0x00000000000003e0      0x200 Iris.o

.debug_pubnames
 *(.debug_pubnames)

.debug_info     0x0000000000000000     0x6eaa
 *(.debug_info .gnu.linkonce.wi.*)
 .debug_info    0x0000000000000000      0x672 /usr/local/lib/gcc/avr/4.9.2/../../../../avr/lib/avr5/crtm644.o
 .debug_info    0x0000000000000672       0x7b uzeboxVideoEngineCore.o
 .debug_info    0x00000000000006ed      0xab8 uzeboxCore.o
 .debug_info    0x00000000000011a5     0x12ce uzeboxSoundEngine.o
 .debug_info    0x0000000000002473       0x72 uzeboxSoundEngineCore.o
 .debug_info    0x00000000000024e5     0x15cd uzeboxVideoEngine.o
 .debug_info    0x0000000000003ab2     0x33f8 Iris.o

.debug_abbrev   0x0000000000000000     0x15b8
 *(.debug_abbrev)
 .debug_abbrev  0x0000000000000000      0x619 /usr/local/lib/gcc/avr/4.9.2/../../../../avr/lib/avr5/crtm644.o
 .debug_abbrev  0x0000000000000619       0x12 uzeboxVideoEngineCore.o
 .debug_abbrev  0x000000000000062b      0x32b uzeboxCore.o
 .debug_abbrev  0x0000000000000956      0x35c uzeboxSoundEngine.o
 .debug_abbrev  0x0000000000000cb2       0x12 uzeboxSoundEngineCore.o
 .debug_abbrev  0x0000000000000cc4      0x3da uzeboxVideoEngine.o
 .debug_abbrev  0x000000000000109e      0x51a Iris.o

.debug_line     0x0000000000000000     0x1df8
 *(.debug_line .debug_line.* .debug_line_end)
 .debug_line    0x0000000000000000       0x1d /usr/local/lib/gcc/avr/4.9.2/../../../../avr/lib/avr5/crtm644.o
 .debug_line    0x000000000000001d      0x5bd uzeboxVideoEngineCore.o
 .debug_line    0x00000000000005da      0x2b9 uzeboxCore.o
 .debug_line    0x0000000000000893      0x3d5 uzeboxSoundEngine.o
 .debug_line    0x0000000000000c68      0x1a9 uzeboxSoundEngineCore.o
 .debug_line    0x0000000000000e11      0x4e5 uzeboxVideoEngine.o
 .debug_line    0x00000000000012f6      0xb02 Iris.o

.debug_frame    0x0000000000000000     0x11e8
 *(.debug_frame)
 .debug_frame   0x0000000000000000      0x1cc uzeboxCore.o
 .debug_frame   0x00000000000001cc      0x274 uzeboxSoundEngine.o
 .debug_frame   0x0000000000000440      0x4c4 uzeboxVideoEngine.o
 .debug_frame   0x0000000000000904      0x8e4 Iris.o

.debug_str      0x0000000000000000     0x183e
 *(.debug_str)
 .debug_str     0x0000000000000000      0x231 /usr/local/lib/gcc/avr/4.9.2/../../../../avr/lib/avr5/crtm644.o
 .debug_str     0x0000000000000231      0x4b8 uzeboxCore.o
                                        0x514 (size before relaxing)
 .debug_str     0x00000000000006e9      0x3fd uzeboxSoundEngine.o
                                        0x636 (size before relaxing)
 .debug_str     0x0000000000000ae6      0x377 uzeboxVideoEngine.o
                                        0x56c (size before relaxing)
 .debug_str     0x0000000000000e5d      0x9e1 Iris.o
                                        0xd91 (size before relaxing)

.debug_loc      0x0000000000000000     0x5fd0
 *(.debug_loc)
 .debug_loc     0x0000000000000000      0x9f9 uzeboxCore.o
 .debug_loc     0x00000000000009f9     0x1148 uzeboxSoundEngine.o
 .debug_loc     0x0000000000001b41     0x1bd7 uzeboxVideoEngine.o
 .debug_loc     0x0000000000003718     0x28b8 Iris.o

.debug_macinfo
 *(.debug_macinfo)

.debug_weaknames
 *(.debug_weaknames)

.debug_funcnames
 *(.debug_funcnames)

.debug_typenames
 *(.debug_typenames)

.debug_varnames
 *(.debug_varnames)

.debug_pubtypes
 *(.debug_pubtypes)

.debug_ranges   0x0000000000000000      0x6e0
 *(.debug_ranges)
 .debug_ranges  0x0000000000000000       0xf0 uzeboxVideoEngineCore.o
 .debug_ranges  0x00000000000000f0       0x98 uzeboxCore.o
 .debug_ranges  0x0000000000000188      0x130 uzeboxSoundEngine.o
 .debug_ranges  0x00000000000002b8       0x48 uzeboxSoundEngineCore.o
 .debug_ranges  0x0000000000000300      0x148 uzeboxVideoEngine.o
 .debug_ranges  0x0000000000000448      0x298 Iris.o

.debug_macro
 *(.debug_macro)
OUTPUT(Iris.elf elf32-avr)
LOAD linker stubs
