Archive member included to satisfy reference by file (symbol)

/usr/local/lib/gcc/avr/4.9.2/avr5/libgcc.a(_udivmodqi4.o)
                              uzeboxVideoEngine.o (__udivmodqi4)
/usr/local/lib/gcc/avr/4.9.2/avr5/libgcc.a(_divmodqi4.o)
                              Iris.o (__divmodqi4)
/usr/local/lib/gcc/avr/4.9.2/avr5/libgcc.a(_udivmodhi4.o)
                              uzeboxVideoEngine.o (__udivmodhi4)
/usr/local/lib/gcc/avr/4.9.2/avr5/libgcc.a(_divmodhi4.o)
                              uzeboxSoundEngine.o (__divmodhi4)
/usr/local/lib/gcc/avr/4.9.2/avr5/libgcc.a(_udivmodsi4.o)
                              uzeboxVideoEngine.o (__udivmodsi4)
/usr/local/lib/gcc/avr/4.9.2/avr5/libgcc.a(_exit.o)
                              /usr/local/lib/gcc/avr/4.9.2/../../../../avr/lib/avr5/crtm644.o (exit)
/usr/local/lib/gcc/avr/4.9.2/avr5/libgcc.a(_tablejump2.o)
                              Iris.o (__tablejump2__)
/usr/local/lib/gcc/avr/4.9.2/avr5/libgcc.a(_copy_data.o)
                              uzeboxVideoEngine.o (__do_copy_data)
/usr/local/lib/gcc/avr/4.9.2/avr5/libgcc.a(_clear_bss.o)
                              uzeboxCore.o (__do_clear_bss)
/usr/local/lib/gcc/avr/4.9.2/../../../../avr/lib/avr5/libm.a(addsf3.o)
                              Iris.o (__subsf3)
/usr/local/lib/gcc/avr/4.9.2/../../../../avr/lib/avr5/libm.a(addsf3x.o)
                              /usr/local/lib/gcc/avr/4.9.2/../../../../avr/lib/avr5/libm.a(addsf3.o) (__addsf3x)
/usr/local/lib/gcc/avr/4.9.2/../../../../avr/lib/avr5/libm.a(cmpsf2.o)
                              Iris.o (__eqsf2)
/usr/local/lib/gcc/avr/4.9.2/../../../../avr/lib/avr5/libm.a(fixunssfsi.o)
                              Iris.o (__fixunssfsi)
/usr/local/lib/gcc/avr/4.9.2/../../../../avr/lib/avr5/libm.a(floatsisf.o)
                              Iris.o (__floatunsisf)
/usr/local/lib/gcc/avr/4.9.2/../../../../avr/lib/avr5/libm.a(fp_cmp.o)
                              /usr/local/lib/gcc/avr/4.9.2/../../../../avr/lib/avr5/libm.a(cmpsf2.o) (__fp_cmp)
/usr/local/lib/gcc/avr/4.9.2/../../../../avr/lib/avr5/libm.a(fp_inf.o)
                              /usr/local/lib/gcc/avr/4.9.2/../../../../avr/lib/avr5/libm.a(addsf3x.o) (__fp_inf)
/usr/local/lib/gcc/avr/4.9.2/../../../../avr/lib/avr5/libm.a(fp_nan.o)
                              /usr/local/lib/gcc/avr/4.9.2/../../../../avr/lib/avr5/libm.a(addsf3x.o) (__fp_nan)
/usr/local/lib/gcc/avr/4.9.2/../../../../avr/lib/avr5/libm.a(fp_pscA.o)
                              /usr/local/lib/gcc/avr/4.9.2/../../../../avr/lib/avr5/libm.a(addsf3x.o) (__fp_pscA)
/usr/local/lib/gcc/avr/4.9.2/../../../../avr/lib/avr5/libm.a(fp_pscB.o)
                              /usr/local/lib/gcc/avr/4.9.2/../../../../avr/lib/avr5/libm.a(addsf3x.o) (__fp_pscB)
/usr/local/lib/gcc/avr/4.9.2/../../../../avr/lib/avr5/libm.a(fp_round.o)
                              /usr/local/lib/gcc/avr/4.9.2/../../../../avr/lib/avr5/libm.a(addsf3.o) (__fp_round)
/usr/local/lib/gcc/avr/4.9.2/../../../../avr/lib/avr5/libm.a(fp_split3.o)
                              /usr/local/lib/gcc/avr/4.9.2/../../../../avr/lib/avr5/libm.a(addsf3x.o) (__fp_split3)
/usr/local/lib/gcc/avr/4.9.2/../../../../avr/lib/avr5/libm.a(fp_zero.o)
                              /usr/local/lib/gcc/avr/4.9.2/../../../../avr/lib/avr5/libm.a(addsf3x.o) (__fp_zero)
/usr/local/lib/gcc/avr/4.9.2/../../../../avr/lib/avr5/libm.a(gesf2.o)
                              Iris.o (__gesf2)
/usr/local/lib/gcc/avr/4.9.2/../../../../avr/lib/avr5/libm.a(mulsf3.o)
                              Iris.o (__mulsf3)
/usr/local/lib/gcc/avr/4.9.2/../../../../avr/lib/avr5/libm.a(mulsf3x.o)
                              /usr/local/lib/gcc/avr/4.9.2/../../../../avr/lib/avr5/libm.a(mulsf3.o) (__mulsf3x)
/usr/local/lib/gcc/avr/4.9.2/../../../../avr/lib/avr5/libc.a(strnlen_P.o)
                              Iris.o (strnlen_P)

Allocating common symbols
Common symbol       size              file

songStart           0x2               uzeboxSoundEngine.o
font_tiles_map      0x2               Iris.o
tracks              0x73              uzeboxSoundEngine.o
jump_anim           0x2               Iris.o
scores              0x20              Iris.o
fadeSpeed           0x1               uzeboxVideoEngine.o
currDeltaTime       0x2               uzeboxSoundEngine.o
fadeDir             0x1               uzeboxVideoEngine.o
patchPointers       0x2               uzeboxSoundEngine.o
game                0x202             Iris.o
lastStatus          0x1               uzeboxSoundEngine.o
joypadsConnectionStatus
                    0x1               uzeboxCore.o
free_tile_index     0x1               uzeboxVideoEngine.o
fadeActive          0x1               uzeboxVideoEngine.o
masterVolume        0x1               uzeboxSoundEngine.o
prone_anim          0x2               Iris.o
nextDeltaTime       0x2               uzeboxSoundEngine.o
spider_anim         0x4               Iris.o
songSpeed           0x1               uzeboxSoundEngine.o
songPos             0x2               uzeboxSoundEngine.o
shark_anim          0x2               Iris.o
extendedSprites     0x50              Iris.o
run_anim            0x8               Iris.o
enemy_shot_anim     0x2               Iris.o
loopStart           0x2               uzeboxSoundEngine.o
shot_anim           0x2               Iris.o
step                0x1               uzeboxSoundEngine.o
expl_anim           0x6               Iris.o
currFadeFrame       0x1               uzeboxVideoEngine.o
fadeStep            0x1               uzeboxVideoEngine.o
idle_anim           0x2               Iris.o

Discarded input sections

 .data          0x0000000000000000        0x0 /usr/local/lib/gcc/avr/4.9.2/../../../../avr/lib/avr5/crtm644.o
 .bss           0x0000000000000000        0x0 /usr/local/lib/gcc/avr/4.9.2/../../../../avr/lib/avr5/crtm644.o
 .data          0x0000000000000000        0x0 uzeboxVideoEngineCore.o
 .text.SetSpritesTileBank
                0x0000000000000000       0x12 uzeboxVideoEngineCore.o
 .text.SetFont  0x0000000000000000        0x8 uzeboxVideoEngineCore.o
 .text.SetFontTilesIndex
                0x0000000000000000        0x6 uzeboxVideoEngineCore.o
 .text.GetTile  0x0000000000000000       0x24 uzeboxVideoEngineCore.o
 .text.GetVsyncCounter
                0x0000000000000000        0xa uzeboxVideoEngineCore.o
 .text.ClearVsyncCounter
                0x0000000000000000        0xa uzeboxVideoEngineCore.o
 .text.SetUserPreVsyncCallback
                0x0000000000000000        0xa uzeboxVideoEngineCore.o
 .text.SetUserPostVsyncCallback
                0x0000000000000000        0xa uzeboxVideoEngineCore.o
 .text.IsRunningInEmulator
                0x0000000000000000       0x12 uzeboxVideoEngineCore.o
 .text.WaitClocks
                0x0000000000000000        0x6 uzeboxVideoEngineCore.o
 .text.SetLedOn
                0x0000000000000000        0x4 uzeboxVideoEngineCore.o
 .text.SetLedOff
                0x0000000000000000        0x4 uzeboxVideoEngineCore.o
 .text.ToggleLed
                0x0000000000000000        0x4 uzeboxVideoEngineCore.o
 .text.internal_spi_byte
                0x0000000000000000        0xe uzeboxVideoEngineCore.o
 .text          0x0000000000000000        0x0 uzeboxCore.o
 .data          0x0000000000000000        0x0 uzeboxCore.o
 .text.SetRenderingParameters
                0x0000000000000000        0xa uzeboxCore.o
 .text.DetectControllers
                0x0000000000000000       0x36 uzeboxCore.o
 .text.FormatEeprom2
                0x0000000000000000       0x98 uzeboxCore.o
 .text.IsPowerSwitchPressed
                0x0000000000000000        0xe uzeboxCore.o
 .text          0x0000000000000000        0x0 uzeboxSoundEngine.o
 .data          0x0000000000000000        0x0 uzeboxSoundEngine.o
 .text.ResumeSong
                0x0000000000000000        0x8 uzeboxSoundEngine.o
 .text.SetSongSpeed
                0x0000000000000000        0x6 uzeboxSoundEngine.o
 .text.GetSongSpeed
                0x0000000000000000        0x6 uzeboxSoundEngine.o
 .text.GetMasterVolume
                0x0000000000000000        0x6 uzeboxSoundEngine.o
 .data          0x0000000000000000        0x0 uzeboxSoundEngineCore.o
 .text.SetMixerNoiseParams
                0x0000000000000000       0x10 uzeboxSoundEngineCore.o
 .text.SetMixerVolume
                0x0000000000000000       0x16 uzeboxSoundEngineCore.o
 .text.EnableSoundEngine
                0x0000000000000000        0x8 uzeboxSoundEngineCore.o
 .text          0x0000000000000000        0x0 uzeboxVideoEngine.o
 .text.SetUserRamTilesCount
                0x0000000000000000        0x6 uzeboxVideoEngine.o
 .text.GetUserRamTile
                0x0000000000000000        0xe uzeboxVideoEngine.o
 .text.SetSpriteVisibility
                0x0000000000000000        0x6 uzeboxVideoEngine.o
 .text.SetScrolling
                0x0000000000000000       0x28 uzeboxVideoEngine.o
 .text.MapSprite
                0x0000000000000000       0x80 uzeboxVideoEngine.o
 .text.MapSprite2
                0x0000000000000000       0xa4 uzeboxVideoEngine.o
 .text.MoveSprite
                0x0000000000000000       0x7c uzeboxVideoEngine.o
 .text.PrintLong
                0x0000000000000000       0x8a uzeboxVideoEngine.o
 .text.PrintByte
                0x0000000000000000       0x66 uzeboxVideoEngine.o
 .text.PrintInt
                0x0000000000000000       0x70 uzeboxVideoEngine.o
 .text.PrintBinaryByte
                0x0000000000000000       0x36 uzeboxVideoEngine.o
 .text.PrintHexByte
                0x0000000000000000       0x40 uzeboxVideoEngine.o
 .text.PrintHexInt
                0x0000000000000000       0x24 uzeboxVideoEngine.o
 .text.PrintHexLong
                0x0000000000000000       0x5e uzeboxVideoEngine.o
 .text.Print    0x0000000000000000       0x36 uzeboxVideoEngine.o
 .text.PrintRam
                0x0000000000000000       0x36 uzeboxVideoEngine.o
 .text.PrintChar
                0x0000000000000000        0x6 uzeboxVideoEngine.o
 .text.Fill     0x0000000000000000       0x6e uzeboxVideoEngine.o
 .text.FontFill
                0x0000000000000000       0x6c uzeboxVideoEngine.o
 .text          0x0000000000000000        0x0 Iris.o
 .text.LBGetNextFrameReverse
                0x0000000000000000       0x60 Iris.o
 .text.LBCopyChars
                0x0000000000000000       0x18 Iris.o
 .text.LBSetFontTilesMap
                0x0000000000000000        0xa Iris.o
 .text.LBPrintStr
                0x0000000000000000       0x62 Iris.o
 .text.save_eeprom
                0x0000000000000000        0x4 Iris.o
 .text.render_level_tile
                0x0000000000000000        0xe Iris.o
 .text.get_camera_x
                0x0000000000000000        0x4 Iris.o
 .text.get_camera_y
                0x0000000000000000        0x4 Iris.o
 .text.get_hero_spawn_x
                0x0000000000000000        0x4 Iris.o
 .text.get_hero_spawn_y
                0x0000000000000000        0x4 Iris.o
 .text.level_hazard
                0x0000000000000000       0x14 Iris.o
 .text          0x0000000000000000        0x0 /usr/local/lib/gcc/avr/4.9.2/avr5/libgcc.a(_udivmodqi4.o)
 .data          0x0000000000000000        0x0 /usr/local/lib/gcc/avr/4.9.2/avr5/libgcc.a(_udivmodqi4.o)
 .bss           0x0000000000000000        0x0 /usr/local/lib/gcc/avr/4.9.2/avr5/libgcc.a(_udivmodqi4.o)
 .text.libgcc.mul
                0x0000000000000000        0x0 /usr/local/lib/gcc/avr/4.9.2/avr5/libgcc.a(_udivmodqi4.o)
 .text.libgcc   0x0000000000000000        0x0 /usr/local/lib/gcc/avr/4.9.2/avr5/libgcc.a(_udivmodqi4.o)
 .text.libgcc.prologue
                0x0000000000000000        0x0 /usr/local/lib/gcc/avr/4.9.2/avr5/libgcc.a(_udivmodqi4.o)
 .text.libgcc.builtins
                0x0000000000000000        0x0 /usr/local/lib/gcc/avr/4.9.2/avr5/libgcc.a(_udivmodqi4.o)
 .text.libgcc.fmul
                0x0000000000000000        0x0 /usr/local/lib/gcc/avr/4.9.2/avr5/libgcc.a(_udivmodqi4.o)
 .text.libgcc.fixed
                0x0000000000000000        0x0 /usr/local/lib/gcc/avr/4.9.2/avr5/libgcc.a(_udivmodqi4.o)
 .text          0x0000000000000000        0x0 /usr/local/lib/gcc/avr/4.9.2/avr5/libgcc.a(_divmodqi4.o)
 .data          0x0000000000000000        0x0 /usr/local/lib/gcc/avr/4.9.2/avr5/libgcc.a(_divmodqi4.o)
 .bss           0x0000000000000000        0x0 /usr/local/lib/gcc/avr/4.9.2/avr5/libgcc.a(_divmodqi4.o)
 .text.libgcc.mul
                0x0000000000000000        0x0 /usr/local/lib/gcc/avr/4.9.2/avr5/libgcc.a(_divmodqi4.o)
 .text.libgcc   0x0000000000000000        0x0 /usr/local/lib/gcc/avr/4.9.2/avr5/libgcc.a(_divmodqi4.o)
 .text.libgcc.prologue
                0x0000000000000000        0x0 /usr/local/lib/gcc/avr/4.9.2/avr5/libgcc.a(_divmodqi4.o)
 .text.libgcc.builtins
                0x0000000000000000        0x0 /usr/local/lib/gcc/avr/4.9.2/avr5/libgcc.a(_divmodqi4.o)
 .text.libgcc.fmul
                0x0000000000000000        0x0 /usr/local/lib/gcc/avr/4.9.2/avr5/libgcc.a(_divmodqi4.o)
 .text.libgcc.fixed
                0x0000000000000000        0x0 /usr/local/lib/gcc/avr/4.9.2/avr5/libgcc.a(_divmodqi4.o)
 .text          0x0000000000000000        0x0 /usr/local/lib/gcc/avr/4.9.2/avr5/libgcc.a(_udivmodhi4.o)
 .data          0x0000000000000000        0x0 /usr/local/lib/gcc/avr/4.9.2/avr5/libgcc.a(_udivmodhi4.o)
 .bss           0x0000000000000000        0x0 /usr/local/lib/gcc/avr/4.9.2/avr5/libgcc.a(_udivmodhi4.o)
 .text.libgcc.mul
                0x0000000000000000        0x0 /usr/local/lib/gcc/avr/4.9.2/avr5/libgcc.a(_udivmodhi4.o)
 .text.libgcc   0x0000000000000000        0x0 /usr/local/lib/gcc/avr/4.9.2/avr5/libgcc.a(_udivmodhi4.o)
 .text.libgcc.prologue
                0x0000000000000000        0x0 /usr/local/lib/gcc/avr/4.9.2/avr5/libgcc.a(_udivmodhi4.o)
 .text.libgcc.builtins
                0x0000000000000000        0x0 /usr/local/lib/gcc/avr/4.9.2/avr5/libgcc.a(_udivmodhi4.o)
 .text.libgcc.fmul
                0x0000000000000000        0x0 /usr/local/lib/gcc/avr/4.9.2/avr5/libgcc.a(_udivmodhi4.o)
 .text.libgcc.fixed
                0x0000000000000000        0x0 /usr/local/lib/gcc/avr/4.9.2/avr5/libgcc.a(_udivmodhi4.o)
 .text          0x0000000000000000        0x0 /usr/local/lib/gcc/avr/4.9.2/avr5/libgcc.a(_divmodhi4.o)
 .data          0x0000000000000000        0x0 /usr/local/lib/gcc/avr/4.9.2/avr5/libgcc.a(_divmodhi4.o)
 .bss           0x0000000000000000        0x0 /usr/local/lib/gcc/avr/4.9.2/avr5/libgcc.a(_divmodhi4.o)
 .text.libgcc.mul
                0x0000000000000000        0x0 /usr/local/lib/gcc/avr/4.9.2/avr5/libgcc.a(_divmodhi4.o)
 .text.libgcc   0x0000000000000000        0x0 /usr/local/lib/gcc/avr/4.9.2/avr5/libgcc.a(_divmodhi4.o)
 .text.libgcc.prologue
                0x0000000000000000        0x0 /usr/local/lib/gcc/avr/4.9.2/avr5/libgcc.a(_divmodhi4.o)
 .text.libgcc.builtins
                0x0000000000000000        0x0 /usr/local/lib/gcc/avr/4.9.2/avr5/libgcc.a(_divmodhi4.o)
 .text.libgcc.fmul
                0x0000000000000000        0x0 /usr/local/lib/gcc/avr/4.9.2/avr5/libgcc.a(_divmodhi4.o)
 .text.libgcc.fixed
                0x0000000000000000        0x0 /usr/local/lib/gcc/avr/4.9.2/avr5/libgcc.a(_divmodhi4.o)
 .text          0x0000000000000000        0x0 /usr/local/lib/gcc/avr/4.9.2/avr5/libgcc.a(_udivmodsi4.o)
 .data          0x0000000000000000        0x0 /usr/local/lib/gcc/avr/4.9.2/avr5/libgcc.a(_udivmodsi4.o)
 .bss           0x0000000000000000        0x0 /usr/local/lib/gcc/avr/4.9.2/avr5/libgcc.a(_udivmodsi4.o)
 .stab          0x0000000000000000      0x228 /usr/local/lib/gcc/avr/4.9.2/avr5/libgcc.a(_udivmodsi4.o)
                                        0x234 (size before relaxing)
 .text.libgcc.mul
                0x0000000000000000        0x0 /usr/local/lib/gcc/avr/4.9.2/avr5/libgcc.a(_udivmodsi4.o)
 .text.libgcc.div
                0x0000000000000000       0x44 /usr/local/lib/gcc/avr/4.9.2/avr5/libgcc.a(_udivmodsi4.o)
 .text.libgcc   0x0000000000000000        0x0 /usr/local/lib/gcc/avr/4.9.2/avr5/libgcc.a(_udivmodsi4.o)
 .text.libgcc.prologue
                0x0000000000000000        0x0 /usr/local/lib/gcc/avr/4.9.2/avr5/libgcc.a(_udivmodsi4.o)
 .text.libgcc.builtins
                0x0000000000000000        0x0 /usr/local/lib/gcc/avr/4.9.2/avr5/libgcc.a(_udivmodsi4.o)
 .text.libgcc.fmul
                0x0000000000000000        0x0 /usr/local/lib/gcc/avr/4.9.2/avr5/libgcc.a(_udivmodsi4.o)
 .text.libgcc.fixed
                0x0000000000000000        0x0 /usr/local/lib/gcc/avr/4.9.2/avr5/libgcc.a(_udivmodsi4.o)
 .text          0x0000000000000000        0x0 /usr/local/lib/gcc/avr/4.9.2/avr5/libgcc.a(_exit.o)
 .data          0x0000000000000000        0x0 /usr/local/lib/gcc/avr/4.9.2/avr5/libgcc.a(_exit.o)
 .bss           0x0000000000000000        0x0 /usr/local/lib/gcc/avr/4.9.2/avr5/libgcc.a(_exit.o)
 .text.libgcc.mul
                0x0000000000000000        0x0 /usr/local/lib/gcc/avr/4.9.2/avr5/libgcc.a(_exit.o)
 .text.libgcc.div
                0x0000000000000000        0x0 /usr/local/lib/gcc/avr/4.9.2/avr5/libgcc.a(_exit.o)
 .text.libgcc   0x0000000000000000        0x0 /usr/local/lib/gcc/avr/4.9.2/avr5/libgcc.a(_exit.o)
 .text.libgcc.prologue
                0x0000000000000000        0x0 /usr/local/lib/gcc/avr/4.9.2/avr5/libgcc.a(_exit.o)
 .text.libgcc.builtins
                0x0000000000000000        0x0 /usr/local/lib/gcc/avr/4.9.2/avr5/libgcc.a(_exit.o)
 .text.libgcc.fmul
                0x0000000000000000        0x0 /usr/local/lib/gcc/avr/4.9.2/avr5/libgcc.a(_exit.o)
 .text.libgcc.fixed
                0x0000000000000000        0x0 /usr/local/lib/gcc/avr/4.9.2/avr5/libgcc.a(_exit.o)
 .text          0x0000000000000000        0x0 /usr/local/lib/gcc/avr/4.9.2/avr5/libgcc.a(_tablejump2.o)
 .data          0x0000000000000000        0x0 /usr/local/lib/gcc/avr/4.9.2/avr5/libgcc.a(_tablejump2.o)
 .bss           0x0000000000000000        0x0 /usr/local/lib/gcc/avr/4.9.2/avr5/libgcc.a(_tablejump2.o)
 .text.libgcc.mul
                0x0000000000000000        0x0 /usr/local/lib/gcc/avr/4.9.2/avr5/libgcc.a(_tablejump2.o)
 .text.libgcc.div
                0x0000000000000000        0x0 /usr/local/lib/gcc/avr/4.9.2/avr5/libgcc.a(_tablejump2.o)
 .text.libgcc.prologue
                0x0000000000000000        0x0 /usr/local/lib/gcc/avr/4.9.2/avr5/libgcc.a(_tablejump2.o)
 .text.libgcc.builtins
                0x0000000000000000        0x0 /usr/local/lib/gcc/avr/4.9.2/avr5/libgcc.a(_tablejump2.o)
 .text.libgcc.fmul
                0x0000000000000000        0x0 /usr/local/lib/gcc/avr/4.9.2/avr5/libgcc.a(_tablejump2.o)
 .text.libgcc.fixed
                0x0000000000000000        0x0 /usr/local/lib/gcc/avr/4.9.2/avr5/libgcc.a(_tablejump2.o)
 .text          0x0000000000000000        0x0 /usr/local/lib/gcc/avr/4.9.2/avr5/libgcc.a(_copy_data.o)
 .data          0x0000000000000000        0x0 /usr/local/lib/gcc/avr/4.9.2/avr5/libgcc.a(_copy_data.o)
 .bss           0x0000000000000000        0x0 /usr/local/lib/gcc/avr/4.9.2/avr5/libgcc.a(_copy_data.o)
 .text.libgcc.mul
                0x0000000000000000        0x0 /usr/local/lib/gcc/avr/4.9.2/avr5/libgcc.a(_copy_data.o)
 .text.libgcc.div
                0x0000000000000000        0x0 /usr/local/lib/gcc/avr/4.9.2/avr5/libgcc.a(_copy_data.o)
 .text.libgcc   0x0000000000000000        0x0 /usr/local/lib/gcc/avr/4.9.2/avr5/libgcc.a(_copy_data.o)
 .text.libgcc.prologue
                0x0000000000000000        0x0 /usr/local/lib/gcc/avr/4.9.2/avr5/libgcc.a(_copy_data.o)
 .text.libgcc.builtins
                0x0000000000000000        0x0 /usr/local/lib/gcc/avr/4.9.2/avr5/libgcc.a(_copy_data.o)
 .text.libgcc.fmul
                0x0000000000000000        0x0 /usr/local/lib/gcc/avr/4.9.2/avr5/libgcc.a(_copy_data.o)
 .text.libgcc.fixed
                0x0000000000000000        0x0 /usr/local/lib/gcc/avr/4.9.2/avr5/libgcc.a(_copy_data.o)
 .text          0x0000000000000000        0x0 /usr/local/lib/gcc/avr/4.9.2/avr5/libgcc.a(_clear_bss.o)
 .data          0x0000000000000000        0x0 /usr/local/lib/gcc/avr/4.9.2/avr5/libgcc.a(_clear_bss.o)
 .bss           0x0000000000000000        0x0 /usr/local/lib/gcc/avr/4.9.2/avr5/libgcc.a(_clear_bss.o)
 .text.libgcc.mul
                0x0000000000000000        0x0 /usr/local/lib/gcc/avr/4.9.2/avr5/libgcc.a(_clear_bss.o)
 .text.libgcc.div
                0x0000000000000000        0x0 /usr/local/lib/gcc/avr/4.9.2/avr5/libgcc.a(_clear_bss.o)
 .text.libgcc   0x0000000000000000        0x0 /usr/local/lib/gcc/avr/4.9.2/avr5/libgcc.a(_clear_bss.o)
 .text.libgcc.prologue
                0x0000000000000000        0x0 /usr/local/lib/gcc/avr/4.9.2/avr5/libgcc.a(_clear_bss.o)
 .text.libgcc.builtins
                0x0000000000000000        0x0 /usr/local/lib/gcc/avr/4.9.2/avr5/libgcc.a(_clear_bss.o)
 .text.libgcc.fmul
                0x0000000000000000        0x0 /usr/local/lib/gcc/avr/4.9.2/avr5/libgcc.a(_clear_bss.o)
 .text.libgcc.fixed
                0x0000000000000000        0x0 /usr/local/lib/gcc/avr/4.9.2/avr5/libgcc.a(_clear_bss.o)
 .text          0x0000000000000000        0x0 /usr/local/lib/gcc/avr/4.9.2/../../../../avr/lib/avr5/libm.a(addsf3.o)
 .data          0x0000000000000000        0x0 /usr/local/lib/gcc/avr/4.9.2/../../../../avr/lib/avr5/libm.a(addsf3.o)
 .bss           0x0000000000000000        0x0 /usr/local/lib/gcc/avr/4.9.2/../../../../avr/lib/avr5/libm.a(addsf3.o)
 .text          0x0000000000000000        0x0 /usr/local/lib/gcc/avr/4.9.2/../../../../avr/lib/avr5/libm.a(addsf3x.o)
 .data          0x0000000000000000        0x0 /usr/local/lib/gcc/avr/4.9.2/../../../../avr/lib/avr5/libm.a(addsf3x.o)
 .bss           0x0000000000000000        0x0 /usr/local/lib/gcc/avr/4.9.2/../../../../avr/lib/avr5/libm.a(addsf3x.o)
 .text          0x0000000000000000        0x0 /usr/local/lib/gcc/avr/4.9.2/../../../../avr/lib/avr5/libm.a(cmpsf2.o)
 .data          0x0000000000000000        0x0 /usr/local/lib/gcc/avr/4.9.2/../../../../avr/lib/avr5/libm.a(cmpsf2.o)
 .bss           0x0000000000000000        0x0 /usr/local/lib/gcc/avr/4.9.2/../../../../avr/lib/avr5/libm.a(cmpsf2.o)
 .text          0x0000000000000000        0x0 /usr/local/lib/gcc/avr/4.9.2/../../../../avr/lib/avr5/libm.a(fixunssfsi.o)
 .data          0x0000000000000000        0x0 /usr/local/lib/gcc/avr/4.9.2/../../../../avr/lib/avr5/libm.a(fixunssfsi.o)
 .bss           0x0000000000000000        0x0 /usr/local/lib/gcc/avr/4.9.2/../../../../avr/lib/avr5/libm.a(fixunssfsi.o)
 .text          0x0000000000000000        0x0 /usr/local/lib/gcc/avr/4.9.2/../../../../avr/lib/avr5/libm.a(floatsisf.o)
 .data          0x0000000000000000        0x0 /usr/local/lib/gcc/avr/4.9.2/../../../../avr/lib/avr5/libm.a(floatsisf.o)
 .bss           0x0000000000000000        0x0 /usr/local/lib/gcc/avr/4.9.2/../../../../avr/lib/avr5/libm.a(floatsisf.o)
 .text          0x0000000000000000        0x0 /usr/local/lib/gcc/avr/4.9.2/../../../../avr/lib/avr5/libm.a(fp_cmp.o)
 .data          0x0000000000000000        0x0 /usr/local/lib/gcc/avr/4.9.2/../../../../avr/lib/avr5/libm.a(fp_cmp.o)
 .bss           0x0000000000000000        0x0 /usr/local/lib/gcc/avr/4.9.2/../../../../avr/lib/avr5/libm.a(fp_cmp.o)
 .text          0x0000000000000000        0x0 /usr/local/lib/gcc/avr/4.9.2/../../../../avr/lib/avr5/libm.a(fp_inf.o)
 .data          0x0000000000000000        0x0 /usr/local/lib/gcc/avr/4.9.2/../../../../avr/lib/avr5/libm.a(fp_inf.o)
 .bss           0x0000000000000000        0x0 /usr/local/lib/gcc/avr/4.9.2/../../../../avr/lib/avr5/libm.a(fp_inf.o)
 .text          0x0000000000000000        0x0 /usr/local/lib/gcc/avr/4.9.2/../../../../avr/lib/avr5/libm.a(fp_nan.o)
 .data          0x0000000000000000        0x0 /usr/local/lib/gcc/avr/4.9.2/../../../../avr/lib/avr5/libm.a(fp_nan.o)
 .bss           0x0000000000000000        0x0 /usr/local/lib/gcc/avr/4.9.2/../../../../avr/lib/avr5/libm.a(fp_nan.o)
 .text          0x0000000000000000        0x0 /usr/local/lib/gcc/avr/4.9.2/../../../../avr/lib/avr5/libm.a(fp_pscA.o)
 .data          0x0000000000000000        0x0 /usr/local/lib/gcc/avr/4.9.2/../../../../avr/lib/avr5/libm.a(fp_pscA.o)
 .bss           0x0000000000000000        0x0 /usr/local/lib/gcc/avr/4.9.2/../../../../avr/lib/avr5/libm.a(fp_pscA.o)
 .text          0x0000000000000000        0x0 /usr/local/lib/gcc/avr/4.9.2/../../../../avr/lib/avr5/libm.a(fp_pscB.o)
 .data          0x0000000000000000        0x0 /usr/local/lib/gcc/avr/4.9.2/../../../../avr/lib/avr5/libm.a(fp_pscB.o)
 .bss           0x0000000000000000        0x0 /usr/local/lib/gcc/avr/4.9.2/../../../../avr/lib/avr5/libm.a(fp_pscB.o)
 .text          0x0000000000000000        0x0 /usr/local/lib/gcc/avr/4.9.2/../../../../avr/lib/avr5/libm.a(fp_round.o)
 .data          0x0000000000000000        0x0 /usr/local/lib/gcc/avr/4.9.2/../../../../avr/lib/avr5/libm.a(fp_round.o)
 .bss           0x0000000000000000        0x0 /usr/local/lib/gcc/avr/4.9.2/../../../../avr/lib/avr5/libm.a(fp_round.o)
 .text          0x0000000000000000        0x0 /usr/local/lib/gcc/avr/4.9.2/../../../../avr/lib/avr5/libm.a(fp_split3.o)
 .data          0x0000000000000000        0x0 /usr/local/lib/gcc/avr/4.9.2/../../../../avr/lib/avr5/libm.a(fp_split3.o)
 .bss           0x0000000000000000        0x0 /usr/local/lib/gcc/avr/4.9.2/../../../../avr/lib/avr5/libm.a(fp_split3.o)
 .text          0x0000000000000000        0x0 /usr/local/lib/gcc/avr/4.9.2/../../../../avr/lib/avr5/libm.a(fp_zero.o)
 .data          0x0000000000000000        0x0 /usr/local/lib/gcc/avr/4.9.2/../../../../avr/lib/avr5/libm.a(fp_zero.o)
 .bss           0x0000000000000000        0x0 /usr/local/lib/gcc/avr/4.9.2/../../../../avr/lib/avr5/libm.a(fp_zero.o)
 .text          0x0000000000000000        0x0 /usr/local/lib/gcc/avr/4.9.2/../../../../avr/lib/avr5/libm.a(gesf2.o)
 .data          0x0000000000000000        0x0 /usr/local/lib/gcc/avr/4.9.2/../../../../avr/lib/avr5/libm.a(gesf2.o)
 .bss           0x0000000000000000        0x0 /usr/local/lib/gcc/avr/4.9.2/../../../../avr/lib/avr5/libm.a(gesf2.o)
 .text          0x0000000000000000        0x0 /usr/local/lib/gcc/avr/4.9.2/../../../../avr/lib/avr5/libm.a(mulsf3.o)
 .data          0x0000000000000000        0x0 /usr/local/lib/gcc/avr/4.9.2/../../../../avr/lib/avr5/libm.a(mulsf3.o)
 .bss           0x0000000000000000        0x0 /usr/local/lib/gcc/avr/4.9.2/../../../../avr/lib/avr5/libm.a(mulsf3.o)
 .text          0x0000000000000000        0x0 /usr/local/lib/gcc/avr/4.9.2/../../../../avr/lib/avr5/libm.a(mulsf3x.o)
 .data          0x0000000000000000        0x0 /usr/local/lib/gcc/avr/4.9.2/../../../../avr/lib/avr5/libm.a(mulsf3x.o)
 .bss           0x0000000000000000        0x0 /usr/local/lib/gcc/avr/4.9.2/../../../../avr/lib/avr5/libm.a(mulsf3x.o)
 .text          0x0000000000000000        0x0 /usr/local/lib/gcc/avr/4.9.2/../../../../avr/lib/avr5/libc.a(strnlen_P.o)
 .data          0x0000000000000000        0x0 /usr/local/lib/gcc/avr/4.9.2/../../../../avr/lib/avr5/libc.a(strnlen_P.o)
 .bss           0x0000000000000000        0x0 /usr/local/lib/gcc/avr/4.9.2/../../../../avr/lib/avr5/libc.a(strnlen_P.o)

Memory Configuration

Name             Origin             Length             Attributes
text             0x0000000000000000 0x0000000000020000 xr
data             0x0000000000800060 0x000000000000ffa0 rw !x
eeprom           0x0000000000810000 0x0000000000010000 rw !x
fuse             0x0000000000820000 0x0000000000000400 rw !x
lock             0x0000000000830000 0x0000000000000400 rw !x
signature        0x0000000000840000 0x0000000000000400 rw !x
*default*        0x0000000000000000 0xffffffffffffffff

Linker script and memory map

Address of section .data set to 0x800100
LOAD /usr/local/lib/gcc/avr/4.9.2/../../../../avr/lib/avr5/crtm644.o
Address of section .noinit set to 0x800100
Address of section .data set to 0x800500
LOAD uzeboxVideoEngineCore.o
LOAD uzeboxCore.o
LOAD uzeboxSoundEngine.o
LOAD uzeboxSoundEngineCore.o
LOAD uzeboxVideoEngine.o
LOAD Iris.o
START GROUP
LOAD /usr/local/lib/gcc/avr/4.9.2/avr5/libgcc.a
LOAD /usr/local/lib/gcc/avr/4.9.2/../../../../avr/lib/avr5/libm.a
LOAD /usr/local/lib/gcc/avr/4.9.2/../../../../avr/lib/avr5/libc.a
END GROUP

.hash
 *(.hash)

.dynsym
 *(.dynsym)

.dynstr
 *(.dynstr)

.gnu.version
 *(.gnu.version)

.gnu.version_d
 *(.gnu.version_d)

.gnu.version_r
 *(.gnu.version_r)

.rel.init
 *(.rel.init)

.rela.init
 *(.rela.init)

.rel.text
 *(.rel.text)
 *(.rel.text.*)
 *(.rel.gnu.linkonce.t*)

.rela.text
 *(.rela.text)
 *(.rela.text.*)
 *(.rela.gnu.linkonce.t*)

.rel.fini
 *(.rel.fini)

.rela.fini
 *(.rela.fini)

.rel.rodata
 *(.rel.rodata)
 *(.rel.rodata.*)
 *(.rel.gnu.linkonce.r*)

.rela.rodata
 *(.rela.rodata)
 *(.rela.rodata.*)
 *(.rela.gnu.linkonce.r*)

.rel.data
 *(.rel.data)
 *(.rel.data.*)
 *(.rel.gnu.linkonce.d*)

.rela.data
 *(.rela.data)
 *(.rela.data.*)
 *(.rela.gnu.linkonce.d*)

.rel.ctors
 *(.rel.ctors)

.rela.ctors
 *(.rela.ctors)

.rel.dtors
 *(.rel.dtors)

.rela.dtors
 *(.rela.dtors)

.rel.got
 *(.rel.got)

.rela.got
 *(.rela.got)

.rel.bss
 *(.rel.bss)

.rela.bss
 *(.rela.bss)

.rel.plt
 *(.rel.plt)

.rela.plt
 *(.rela.plt)

.text           0x0000000000000000     0xd406
 *(.vectors)
 .vectors       0x0000000000000000       0x70 /usr/local/lib/gcc/avr/4.9.2/../../../../avr/lib/avr5/crtm644.o
                0x0000000000000000                __vectors
                0x0000000000000000                __vector_default
 *(.vectors)
 *(.progmem.gcc*)
 .progmem.gcc_sw_table.solid_tile
                0x0000000000000070       0x32 Iris.o
 .progmem.gcc_sw_table.load_level
                0x00000000000000a2       0x14 Iris.o
                0x00000000000000b6                . = ALIGN (0x2)
                0x00000000000000b6                __trampolines_start = .
 *(.trampolines)
 .trampolines   0x00000000000000b6        0x0 linker stubs
 *(.trampolines*)
                0x00000000000000b6                __trampolines_end = .
 *(.progmem*)
 .progmem.data  0x00000000000000b6       0x4e uzeboxCore.o
                0x00000000000000b6                io_table
                0x00000000000000e4                eeprom_format_table
 .progmem.data  0x0000000000000104       0x1e uzeboxSoundEngine.o
                0x0000000000000104                patchCommands
 .progmem.data  0x0000000000000122      0x853 uzeboxVideoEngine.o
                0x0000000000000122                fader
                0x000000000000012e                map_uzeboxlogo2
                0x000000000000013f                map_uzeboxlogo
                0x0000000000000155                logo_tileset
                0x0000000000000955                logoInitPatches
                0x000000000000095e                initPatch
 .progmem.data  0x0000000000000975     0x613c Iris.o
                0x0000000000000975                strTwist
                0x00000000000009f6                strReveal4
                0x0000000000000a19                strReveal3
                0x0000000000000a34                strReveal2
                0x0000000000000a4d                strReveal1
                0x0000000000000a62                strReveal0
                0x0000000000000a7f                strIntro
                0x0000000000000b24                default_scores
                0x0000000000000b42                strTally
                0x0000000000000b49                strGameOver
                0x0000000000000b53                strLevelBonus
                0x0000000000000b59                strLevelClear
                0x0000000000000b65                strPaused
                0x0000000000000b6b                strExitGame
                0x0000000000000b77                strMainMenu
                0x0000000000000b83                strTime
                0x0000000000000b89                strLives
                0x0000000000000b90                strShield
                0x0000000000000b98                strScore
                0x0000000000000b9f                strSelectHandle
                0x0000000000000ba0                strHighScores
                0x0000000000000bac                str1Player
                0x0000000000000bb2                strMusic
                0x0000000000000bca                strCopyright
                0x0000000000000bdf                spacesong
                0x000000000000127f                planetsong
                0x0000000000001d51                my_patches
                0x0000000000001d90                explode
                0x0000000000001e61                pshoot
                0x0000000000001eb7                navigate
                0x0000000000001ec8                instrument
                0x0000000000001ed0                sprites_data
                0x0000000000003750                map_hazard_desert
                0x0000000000003753                map_hazard_city
                0x0000000000003756                map_hazard_jungle
                0x0000000000003759                map_hazard_fire
                0x000000000000375c                map_hazard_ice
                0x000000000000375f                map_special_desert
                0x0000000000003762                map_special_city
                0x0000000000003765                map_special_jungle
                0x0000000000003768                map_special_fire
                0x000000000000376b                map_special_ice
                0x000000000000376e                map_enemy_elevator
                0x0000000000003771                map_enemy_drone
                0x0000000000003774                map_enemy_tank
                0x0000000000003777                map_enemy_ball
                0x000000000000377a                map_enemy_spider_1
                0x000000000000377d                map_enemy_spider_0
                0x0000000000003780                map_enemy_shark
                0x0000000000003783                map_enemy_shot
                0x0000000000003786                map_ahero_shot
                0x0000000000003789                map_ahero_jump
                0x0000000000003791                map_ahero_step_3
                0x0000000000003799                map_ahero_step_2
                0x00000000000037a1                map_ahero_step_1
                0x00000000000037a9                map_ahero_step_0
                0x00000000000037b1                map_ahero_idle
                0x00000000000037b9                map_hero_shot
                0x00000000000037bc                map_hero_ship_large_1
                0x00000000000037c6                map_hero_ship_large_0
                0x00000000000037d0                map_hero_ship_1
                0x00000000000037d5                map_hero_ship_0
                0x00000000000037da                map_hero_prone
                0x00000000000037df                map_hero_jump
                0x00000000000037e7                map_hero_step_3
                0x00000000000037ef                map_hero_step_2
                0x00000000000037f7                map_hero_step_1
                0x00000000000037ff                map_hero_step_0
                0x0000000000003807                map_hero_idle
                0x000000000000380f                map_glowing_eye
                0x0000000000003812                map_emerald_4
                0x0000000000003815                map_emerald_3
                0x0000000000003818                map_emerald_2
                0x000000000000381b                map_emerald_1
                0x000000000000381e                map_emerald_0
                0x0000000000003821                map_explosion_2
                0x0000000000003824                map_explosion_1
                0x0000000000003827                map_explosion_0
                0x000000000000382a                map_particle
                0x000000000000382d                map_up_arrow
                0x0000000000003830                map_down_arrow
                0x0000000000003833                map_right_arrow
                0x0000000000003836                map_none
                0x0000000000003839                tiles_data
                0x0000000000005ab9                map_font
                0x0000000000005ae0                map_atmosphere
                0x0000000000005b1a                map_dialog
                0x0000000000005b58                map_canvas
                0x0000000000005be1                map_splash
                0x0000000000005c2e                map_tile_none
                0x0000000000005c31                map_space_mega_tiles
                0x0000000000005f01                map_level_space
                0x0000000000005f9e                map_level_mega_tiles
                0x00000000000065ac                map_level_desert
                0x00000000000066ad                map_level_city
                0x00000000000067ae                map_level_forest
                0x00000000000068af                map_level_fire
                0x00000000000069b0                map_level_ice
                0x0000000000006ab2                . = ALIGN (0x2)
 *fill*         0x0000000000006ab1        0x1 
 *(.jumptables)
 *(.jumptables*)
 *(.lowtext)
 *(.lowtext*)
                0x0000000000006ab2                __ctors_start = .
 *(.ctors)
                0x0000000000006ab2                __ctors_end = .
                0x0000000000006ab2                __dtors_start = .
 *(.dtors)
                0x0000000000006ab2                __dtors_end = .
 SORT(*)(.ctors)
 SORT(*)(.dtors)
 *(.init0)
 .init0         0x0000000000006ab2        0x0 /usr/local/lib/gcc/avr/4.9.2/../../../../avr/lib/avr5/crtm644.o
                0x0000000000006ab2                __init
 *(.init0)
 *(.init1)
 *(.init1)
 *(.init2)
 .init2         0x0000000000006ab2        0xc /usr/local/lib/gcc/avr/4.9.2/../../../../avr/lib/avr5/crtm644.o
 *(.init2)
 *(.init3)
 *(.init3)
 *(.init4)
 .init4         0x0000000000006abe       0x16 /usr/local/lib/gcc/avr/4.9.2/avr5/libgcc.a(_copy_data.o)
                0x0000000000006abe                __do_copy_data
 .init4         0x0000000000006ad4       0x10 /usr/local/lib/gcc/avr/4.9.2/avr5/libgcc.a(_clear_bss.o)
                0x0000000000006ad4                __do_clear_bss
 *(.init4)
 *(.init5)
 *(.init5)
 *(.init6)
 *(.init6)
 *(.init7)
 .init7         0x0000000000006ae4       0x16 uzeboxCore.o
                0x0000000000006ae4                wdt_init
 *(.init7)
 *(.init8)
 .init8         0x0000000000006afa       0x82 uzeboxCore.o
                0x0000000000006afa                Initialize
 *(.init8)
 *(.init9)
 .init9         0x0000000000006b7c        0x8 /usr/local/lib/gcc/avr/4.9.2/../../../../avr/lib/avr5/crtm644.o
 *(.init9)
 *(.text)
 .text          0x0000000000006b84        0x4 /usr/local/lib/gcc/avr/4.9.2/../../../../avr/lib/avr5/crtm644.o
                0x0000000000006b84                __vector_20
                0x0000000000006b84                __vector_1
                0x0000000000006b84                __vector_24
                0x0000000000006b84                __vector_12
                0x0000000000006b84                __bad_interrupt
                0x0000000000006b84                __vector_6
                0x0000000000006b84                __vector_3
                0x0000000000006b84                __vector_23
                0x0000000000006b84                __vector_25
                0x0000000000006b84                __vector_11
                0x0000000000006b84                __vector_17
                0x0000000000006b84                __vector_19
                0x0000000000006b84                __vector_7
                0x0000000000006b84                __vector_27
                0x0000000000006b84                __vector_5
                0x0000000000006b84                __vector_4
                0x0000000000006b84                __vector_9
                0x0000000000006b84                __vector_2
                0x0000000000006b84                __vector_21
                0x0000000000006b84                __vector_15
                0x0000000000006b84                __vector_26
                0x0000000000006b84                __vector_10
                0x0000000000006b84                __vector_16
                0x0000000000006b84                __vector_18
                0x0000000000006b84                __vector_22
 .text          0x0000000000006b88      0x868 uzeboxVideoEngineCore.o
                0x0000000000006ef0                CopyFlashTile
                0x000000000000700e                CopyRamTile
                0x0000000000007128                BlitSprite
                0x000000000000720c                __vector_13
                0x000000000000728c                __vector_14
 .text          0x00000000000073f0      0x180 uzeboxSoundEngineCore.o
                0x00000000000073f0                process_music
                0x00000000000073fc                update_sound
                0x0000000000007570                . = ALIGN (0x2)
 *(.text.*)
 .text.SetSpritesTileTable
                0x0000000000007570        0xa uzeboxVideoEngineCore.o
                0x0000000000007570                SetSpritesTileTable
 .text.ClearVram
                0x000000000000757a       0x14 uzeboxVideoEngineCore.o
                0x000000000000757a                ClearVram
 .text.SetTile  0x000000000000758e       0x22 uzeboxVideoEngineCore.o
                0x000000000000758e                SetTile
 .text.SetTileTable
                0x00000000000075b0        0xa uzeboxVideoEngineCore.o
                0x00000000000075b0                SetTileTable
 .text.GetVsyncFlag
                0x00000000000075ba        0x8 uzeboxVideoEngineCore.o
                0x00000000000075ba                GetVsyncFlag
 .text.ClearVsyncFlag
                0x00000000000075c2        0xc uzeboxVideoEngineCore.o
                0x00000000000075c2                ClearVsyncFlag
 .text.ReadJoypad
                0x00000000000075ce       0x18 uzeboxVideoEngineCore.o
                0x00000000000075ce                ReadJoypad
 .text.WaitUs   0x00000000000075e6        0xe uzeboxVideoEngineCore.o
                0x00000000000075e6                WaitUs
 .text.WriteEeprom
                0x00000000000075f4       0x14 uzeboxVideoEngineCore.o
                0x00000000000075f4                WriteEeprom
 .text.ReadEeprom
                0x0000000000007608       0x12 uzeboxVideoEngineCore.o
                0x0000000000007608                ReadEeprom
 .text.wdt_randomize
                0x000000000000761a       0x50 uzeboxVideoEngineCore.o
                0x000000000000761a                wdt_randomize
 .text.GetTrueRandomSeed
                0x000000000000766a        0xa uzeboxVideoEngineCore.o
                0x000000000000766a                GetTrueRandomSeed
 .text.__vector_8
                0x0000000000007674       0x44 uzeboxVideoEngineCore.o
                0x0000000000007674                __vector_8
 .text.SoftReset
                0x00000000000076b8       0x16 uzeboxCore.o
                0x00000000000076b8                SoftReset
 .text.ReadButtons
                0x00000000000076ce       0x6c uzeboxCore.o
                0x00000000000076ce                ReadButtons
 .text.ReadControllers
                0x000000000000773a       0x20 uzeboxCore.o
                0x000000000000773a                ReadControllers
 .text.FormatEeprom
                0x000000000000775a       0x44 uzeboxCore.o
                0x000000000000775a                FormatEeprom
 .text.isEepromFormatted
                0x000000000000779e       0x2e uzeboxCore.o
                0x000000000000779e                isEepromFormatted
 .text.EepromBlockExists
                0x00000000000077cc       0xa4 uzeboxCore.o
                0x00000000000077cc                EepromBlockExists
 .text.EepromWriteBlock
                0x0000000000007870       0x94 uzeboxCore.o
                0x0000000000007870                EepromWriteBlock
 .text.EepromReadBlock
                0x0000000000007904       0x66 uzeboxCore.o
                0x0000000000007904                EepromReadBlock
 .text.GetPrngNumber
                0x000000000000796a       0x5c uzeboxCore.o
                0x000000000000796a                GetPrngNumber
 .text.PatchCommand00
                0x00000000000079c6        0x6 uzeboxSoundEngine.o
                0x00000000000079c6                PatchCommand00
 .text.PatchCommand01
                0x00000000000079cc       0x10 uzeboxSoundEngine.o
                0x00000000000079cc                PatchCommand01
 .text.PatchCommand05
                0x00000000000079dc        0xa uzeboxSoundEngine.o
                0x00000000000079dc                PatchCommand05
 .text.PatchCommand06
                0x00000000000079e6        0xa uzeboxSoundEngine.o
                0x00000000000079e6                PatchCommand06
 .text.PatchCommand07
                0x00000000000079f0        0x6 uzeboxSoundEngine.o
                0x00000000000079f0                PatchCommand07
 .text.PatchCommand09
                0x00000000000079f6        0x6 uzeboxSoundEngine.o
                0x00000000000079f6                PatchCommand09
 .text.PatchCommand10
                0x00000000000079fc        0x6 uzeboxSoundEngine.o
                0x00000000000079fc                PatchCommand10
 .text.PatchCommand11
                0x0000000000007a02       0x76 uzeboxSoundEngine.o
                0x0000000000007a02                PatchCommand11
 .text.PatchCommand12
                0x0000000000007a78        0x6 uzeboxSoundEngine.o
                0x0000000000007a78                PatchCommand12
 .text.PatchCommand13
                0x0000000000007a7e        0x6 uzeboxSoundEngine.o
                0x0000000000007a7e                PatchCommand13
 .text.PatchCommand02
                0x0000000000007a84        0x8 uzeboxSoundEngine.o
                0x0000000000007a84                PatchCommand02
 .text.PatchCommand03
                0x0000000000007a8c        0xe uzeboxSoundEngine.o
                0x0000000000007a8c                PatchCommand03
 .text.PatchCommand04
                0x0000000000007a9a       0x10 uzeboxSoundEngine.o
                0x0000000000007a9a                PatchCommand04
 .text.PatchCommand08
                0x0000000000007aaa       0x20 uzeboxSoundEngine.o
                0x0000000000007aaa                PatchCommand08
 .text.PatchCommand14
                0x0000000000007aca       0x54 uzeboxSoundEngine.o
                0x0000000000007aca                PatchCommand14
 .text.InitMusicPlayer
                0x0000000000007b1e       0x44 uzeboxSoundEngine.o
                0x0000000000007b1e                InitMusicPlayer
 .text.StartSong
                0x0000000000007b62       0x52 uzeboxSoundEngine.o
                0x0000000000007b62                StartSong
 .text.StopSong
                0x0000000000007bb4       0x1c uzeboxSoundEngine.o
                0x0000000000007bb4                StopSong
 .text.ReadVarLen
                0x0000000000007bd0       0x4c uzeboxSoundEngine.o
                0x0000000000007bd0                ReadVarLen
 .text.TriggerCommon
                0x0000000000007c1c      0x11c uzeboxSoundEngine.o
                0x0000000000007c1c                TriggerCommon
 .text.TriggerFx
                0x0000000000007d38       0x90 uzeboxSoundEngine.o
                0x0000000000007d38                TriggerFx
 .text.TriggerNote
                0x0000000000007dc8       0x80 uzeboxSoundEngine.o
                0x0000000000007dc8                TriggerNote
 .text.ProcessMusic
                0x0000000000007e48      0x43e uzeboxSoundEngine.o
                0x0000000000007e48                ProcessMusic
 .text.SetMasterVolume
                0x0000000000008286        0x6 uzeboxSoundEngine.o
                0x0000000000008286                SetMasterVolume
 .text.SetMixerNote
                0x000000000000828c       0x2e uzeboxSoundEngineCore.o
                0x000000000000828c                SetMixerNote
 .text.SetMixerWave
                0x00000000000082ba       0x3a uzeboxSoundEngineCore.o
                0x00000000000082ba                SetMixerWave
 *fill*         0x00000000000082f4        0xc 
 .text.DisableSoundEngine
                0x0000000000008300      0xc00 uzeboxSoundEngineCore.o
                0x0000000000008300                DisableSoundEngine
                0x0000000000008308                steptable
                0x0000000000008500                waves
 .text.RestoreBackground
                0x0000000000008f00       0x2c uzeboxVideoEngine.o
                0x0000000000008f00                RestoreBackground
 .text.ProcessSprites
                0x0000000000008f2c      0x224 uzeboxVideoEngine.o
                0x0000000000008f2c                ProcessSprites
 .text.Scroll   0x0000000000009150       0x4a uzeboxVideoEngine.o
                0x0000000000009150                Scroll
 .text.InitializeVideoMode
                0x000000000000919a       0x1e uzeboxVideoEngine.o
                0x000000000000919a                InitializeVideoMode
 .text.DrawMap  0x00000000000091b8       0xd2 uzeboxVideoEngine.o
                0x00000000000091b8                DrawMap2
                0x00000000000091b8                DrawMap
 .text.WaitVsync
                0x000000000000928a       0x2e uzeboxVideoEngine.o
                0x000000000000928a                WaitVsync
 .text.DisplayLogo
                0x00000000000092b8       0x6e uzeboxVideoEngine.o
                0x00000000000092b8                DisplayLogo
 .text.doFade   0x0000000000009326       0x1c uzeboxVideoEngine.o
                0x0000000000009326                doFade
 .text.FadeIn   0x0000000000009342       0x18 uzeboxVideoEngine.o
                0x0000000000009342                FadeIn
 .text.FadeOut  0x000000000000935a       0x18 uzeboxVideoEngine.o
                0x000000000000935a                FadeOut
 .text.ProcessFading
                0x0000000000009372       0x4a uzeboxVideoEngine.o
                0x0000000000009372                ProcessFading
 .text.VideoModeVsync
                0x00000000000093bc        0x8 uzeboxVideoEngine.o
                0x00000000000093bc                VideoModeVsync
 .text.LBGetNextFrame
                0x00000000000093c4       0x4c Iris.o
                0x00000000000093c4                LBGetNextFrame
 .text.LBGetJoyPadState
                0x0000000000009410       0x96 Iris.o
                0x0000000000009410                LBGetJoyPadState
 .text.LBPrintChar
                0x00000000000094a6       0x40 Iris.o
                0x00000000000094a6                LBPrintChar
 .text.LBPrint  0x00000000000094e6       0x38 Iris.o
                0x00000000000094e6                LBPrint
 .text.LBPrintByte
                0x000000000000951e       0x62 Iris.o
                0x000000000000951e                LBPrintByte
 .text.LBPrintInt
                0x0000000000009580       0x72 Iris.o
                0x0000000000009580                LBPrintInt
 .text.LBCollides
                0x00000000000095f2       0x4c Iris.o
                0x00000000000095f2                LBCollides
 .text.LBRandom
                0x000000000000963e       0x2c Iris.o
                0x000000000000963e                LBRandom
 .text.LBWaitSeconds
                0x000000000000966a       0x1e Iris.o
                0x000000000000966a                LBWaitSeconds
 .text.LBMapSprite
                0x0000000000009688       0xa4 Iris.o
                0x0000000000009688                LBMapSprite
 .text.LBMoveSprite
                0x000000000000972c       0x7c Iris.o
                0x000000000000972c                LBMoveSprite
 .text.LBRotateSprites
                0x00000000000097a8       0x7e Iris.o
                0x00000000000097a8                LBRotateSprites
 .text.is_space
                0x0000000000009826        0x8 Iris.o
                0x0000000000009826                is_space
 .text.init_default_high_scores
                0x000000000000982e       0x2c Iris.o
                0x000000000000982e                init_default_high_scores
 .text.init_enemy_state
                0x000000000000985a       0x28 Iris.o
                0x000000000000985a                init_enemy_state
 .text.init_player_state
                0x0000000000009882      0x17e Iris.o
                0x0000000000009882                init_player_state
 .text.init_enemy_shot
                0x0000000000009a00       0xd2 Iris.o
                0x0000000000009a00                init_enemy_shot
 .text.init_enemy_spider
                0x0000000000009ad2       0xde Iris.o
                0x0000000000009ad2                init_enemy_spider
 .text.init_enemy_shark
                0x0000000000009bb0       0xce Iris.o
                0x0000000000009bb0                init_enemy_shark
 .text.load_eeprom
                0x0000000000009c7e       0x24 Iris.o
                0x0000000000009c7e                load_eeprom
 .text.clear_overlay
                0x0000000000009ca2       0x30 Iris.o
                0x0000000000009ca2                clear_overlay
 .text.get_level_tile
                0x0000000000009cd2       0xca Iris.o
                0x0000000000009cd2                get_level_tile
 .text.render_camera_view
                0x0000000000009d9c       0xd8 Iris.o
                0x0000000000009d9c                render_camera_view
 .text.spawn_enemy
                0x0000000000009e74       0x76 Iris.o
                0x0000000000009e74                spawn_enemy
 .text.solid_tile
                0x0000000000009eea       0x1c Iris.o
                0x0000000000009eea                solid_tile
 .text.append_tile_column
                0x0000000000009f06      0x170 Iris.o
                0x0000000000009f06                append_tile_column
 .text.append_tile_row
                0x000000000000a076       0x80 Iris.o
                0x000000000000a076                append_tile_row
 .text.move_camera_x
                0x000000000000a0f6       0x32 Iris.o
                0x000000000000a0f6                move_camera_x
 .text.move_camera_y
                0x000000000000a128       0x36 Iris.o
                0x000000000000a128                move_camera_y
 .text.map_ship
                0x000000000000a15e       0x2a Iris.o
                0x000000000000a15e                map_ship
 .text.map_level_info
                0x000000000000a188       0x72 Iris.o
                0x000000000000a188                map_level_info
 .text.on_solid_ground
                0x000000000000a1fa      0x19e Iris.o
                0x000000000000a1fa                on_solid_ground
 .text.find_shot_slot
                0x000000000000a398       0x24 Iris.o
                0x000000000000a398                find_shot_slot
 .text.update_shot
                0x000000000000a3bc      0x20c Iris.o
                0x000000000000a3bc                update_shot
 .text.pixel_overlap
                0x000000000000a5c8       0x28 Iris.o
                0x000000000000a5c8                pixel_overlap
 .text.collision_detect_level
                0x000000000000a5f0      0x678 Iris.o
                0x000000000000a5f0                collision_detect_level
 .text.animate_shot
                0x000000000000ac68      0x330 Iris.o
                0x000000000000ac68                animate_shot
 .text.map_explosion
                0x000000000000af98       0x96 Iris.o
                0x000000000000af98                map_explosion
 .text.animate_sprite
                0x000000000000b02e      0x142 Iris.o
                0x000000000000b02e                animate_sprite
 .text.animate_player
                0x000000000000b170       0x92 Iris.o
                0x000000000000b170                animate_player
 .text.update_spider_enemy
                0x000000000000b202       0x98 Iris.o
                0x000000000000b202                update_spider_enemy
 .text.update_shark_enemy
                0x000000000000b29a       0x2a Iris.o
                0x000000000000b29a                update_shark_enemy
 .text.update_basic_shot
                0x000000000000b2c4       0x16 Iris.o
                0x000000000000b2c4                update_basic_shot
 .text.update_enemies
                0x000000000000b2da       0x8a Iris.o
                0x000000000000b2da                update_enemies
 .text.update_enemy_shots
                0x000000000000b364      0x134 Iris.o
                0x000000000000b364                update_enemy_shots
 .text.animate_enemies
                0x000000000000b498      0x192 Iris.o
                0x000000000000b498                animate_enemies
 .text.animate_enemy_shots
                0x000000000000b62a      0x26e Iris.o
                0x000000000000b62a                animate_enemy_shots
 .text.clear_sprites
                0x000000000000b898       0x44 Iris.o
                0x000000000000b898                clear_sprites
 .text.fade_through
                0x000000000000b8dc       0x20 Iris.o
                0x000000000000b8dc                fade_through
 .text.load_level
                0x000000000000b8fc      0x214 Iris.o
                0x000000000000b8fc                load_level
 .text.hide_sprites
                0x000000000000bb10       0x38 Iris.o
                0x000000000000bb10                hide_sprites
 .text.select_pressed
                0x000000000000bb48       0x14 Iris.o
                0x000000000000bb48                select_pressed
 .text.stream_dialogue
                0x000000000000bb5c       0x6e Iris.o
                0x000000000000bb5c                stream_dialogue
 .text.map_particles
                0x000000000000bbca       0x1a Iris.o
                0x000000000000bbca                map_particles
 .text.place_particles
                0x000000000000bbe4       0x44 Iris.o
                0x000000000000bbe4                place_particles
 .text.animate_particles
                0x000000000000bc28       0x64 Iris.o
                0x000000000000bc28                animate_particles
 .text.get_emarald_map
                0x000000000000bc8c       0x1e Iris.o
                0x000000000000bc8c                get_emarald_map
 .text.music_transition
                0x000000000000bcaa       0x20 Iris.o
                0x000000000000bcaa                music_transition
 .text.planet_transition
                0x000000000000bcca      0x116 Iris.o
                0x000000000000bcca                planet_transition
 .text.intro    0x000000000000bde0       0xc2 Iris.o
                0x000000000000bde0                intro
 .text.load_splash
                0x000000000000bea2       0x6e Iris.o
                0x000000000000bea2                load_splash
 .text.load_high_scores
                0x000000000000bf10      0x21e Iris.o
                0x000000000000bf10                load_high_scores
 .text.exit_game
                0x000000000000c12e       0x1c Iris.o
                0x000000000000c12e                exit_game
 .text.update_splash
                0x000000000000c14a       0x8e Iris.o
                0x000000000000c14a                update_splash
 .text.update_high_scores
                0x000000000000c1d8      0x13c Iris.o
                0x000000000000c1d8                update_high_scores
 .text.tally_score
                0x000000000000c314      0x282 Iris.o
                0x000000000000c314                tally_score
 .text.handle_player_death
                0x000000000000c596       0x60 Iris.o
                0x000000000000c596                handle_player_death
 .text.update_player
                0x000000000000c5f6      0x5e4 Iris.o
                0x000000000000c5f6                update_player
 .text.update_level
                0x000000000000cbda      0x298 Iris.o
                0x000000000000cbda                update_level
 .text.update_pause
                0x000000000000ce72       0xf0 Iris.o
                0x000000000000ce72                update_pause
 .text.startup.main
                0x000000000000cf62       0x9e Iris.o
                0x000000000000cf62                main
 .text.libgcc.div
                0x000000000000d000       0x18 /usr/local/lib/gcc/avr/4.9.2/avr5/libgcc.a(_udivmodqi4.o)
                0x000000000000d000                __udivmodqi4
 .text.libgcc.div
                0x000000000000d018       0x1c /usr/local/lib/gcc/avr/4.9.2/avr5/libgcc.a(_divmodqi4.o)
                0x000000000000d018                __divmodqi4
 .text.libgcc.div
                0x000000000000d034       0x28 /usr/local/lib/gcc/avr/4.9.2/avr5/libgcc.a(_udivmodhi4.o)
                0x000000000000d034                __udivmodhi4
 .text.libgcc.div
                0x000000000000d05c       0x28 /usr/local/lib/gcc/avr/4.9.2/avr5/libgcc.a(_divmodhi4.o)
                0x000000000000d05c                __divmodhi4
                0x000000000000d05c                _div
 .text.libgcc   0x000000000000d084        0xc /usr/local/lib/gcc/avr/4.9.2/avr5/libgcc.a(_tablejump2.o)
                0x000000000000d084                __tablejump2__
 .text.avr-libc.fplib
                0x000000000000d090        0xa /usr/local/lib/gcc/avr/4.9.2/../../../../avr/lib/avr5/libm.a(addsf3.o)
                0x000000000000d090                __subsf3
                0x000000000000d092                __addsf3
 .text.avr-libc.fplib
                0x000000000000d09a       0xc0 /usr/local/lib/gcc/avr/4.9.2/../../../../avr/lib/avr5/libm.a(addsf3x.o)
                0x000000000000d0b4                __addsf3x
 .text.avr-libc.fplib
                0x000000000000d15a        0x8 /usr/local/lib/gcc/avr/4.9.2/../../../../avr/lib/avr5/libm.a(cmpsf2.o)
                0x000000000000d15a                __lesf2
                0x000000000000d15a                __nesf2
                0x000000000000d15a                __eqsf2
                0x000000000000d15a                __cmpsf2
                0x000000000000d15a                __ltsf2
 .text.avr-libc.fplib
                0x000000000000d162       0x58 /usr/local/lib/gcc/avr/4.9.2/../../../../avr/lib/avr5/libm.a(fixunssfsi.o)
                0x000000000000d162                __fixunssfsi
 .text.avr-libc.fplib
                0x000000000000d1ba       0x7a /usr/local/lib/gcc/avr/4.9.2/../../../../avr/lib/avr5/libm.a(floatsisf.o)
                0x000000000000d1ba                __floatunsisf
                0x000000000000d1be                __floatsisf
 .text.avr-libc.fplib
                0x000000000000d234       0x48 /usr/local/lib/gcc/avr/4.9.2/../../../../avr/lib/avr5/libm.a(fp_cmp.o)
                0x000000000000d234                __fp_cmp
 .text.avr-libc.fplib
                0x000000000000d27c        0xc /usr/local/lib/gcc/avr/4.9.2/../../../../avr/lib/avr5/libm.a(fp_inf.o)
                0x000000000000d27c                __fp_inf
 .text.avr-libc.fplib
                0x000000000000d288        0x6 /usr/local/lib/gcc/avr/4.9.2/../../../../avr/lib/avr5/libm.a(fp_nan.o)
                0x000000000000d288                __fp_nan
 .text.avr-libc.fplib
                0x000000000000d28e        0xe /usr/local/lib/gcc/avr/4.9.2/../../../../avr/lib/avr5/libm.a(fp_pscA.o)
                0x000000000000d28e                __fp_pscA
 .text.avr-libc.fplib
                0x000000000000d29c        0xe /usr/local/lib/gcc/avr/4.9.2/../../../../avr/lib/avr5/libm.a(fp_pscB.o)
                0x000000000000d29c                __fp_pscB
 .text.avr-libc.fplib
                0x000000000000d2aa       0x22 /usr/local/lib/gcc/avr/4.9.2/../../../../avr/lib/avr5/libm.a(fp_round.o)
                0x000000000000d2aa                __fp_round
 .text.avr-libc.fplib
                0x000000000000d2cc       0x44 /usr/local/lib/gcc/avr/4.9.2/../../../../avr/lib/avr5/libm.a(fp_split3.o)
                0x000000000000d2cc                __fp_split3
                0x000000000000d2dc                __fp_splitA
 .text.avr-libc.fplib
                0x000000000000d310        0xe /usr/local/lib/gcc/avr/4.9.2/../../../../avr/lib/avr5/libm.a(fp_zero.o)
                0x000000000000d310                __fp_zero
                0x000000000000d312                __fp_szero
 .text.avr-libc.fplib
                0x000000000000d31e        0x8 /usr/local/lib/gcc/avr/4.9.2/../../../../avr/lib/avr5/libm.a(gesf2.o)
                0x000000000000d31e                __gtsf2
                0x000000000000d31e                __gesf2
 .text.avr-libc.fplib
                0x000000000000d326        0x4 /usr/local/lib/gcc/avr/4.9.2/../../../../avr/lib/avr5/libm.a(mulsf3.o)
                0x000000000000d326                __mulsf3
 .text.avr-libc.fplib
                0x000000000000d32a       0xc2 /usr/local/lib/gcc/avr/4.9.2/../../../../avr/lib/avr5/libm.a(mulsf3x.o)
                0x000000000000d33e                __mulsf3x
                0x000000000000d342                __mulsf3_pse
 .text.avr-libc
                0x000000000000d3ec       0x16 /usr/local/lib/gcc/avr/4.9.2/../../../../avr/lib/avr5/libc.a(strnlen_P.o)
                0x000000000000d3ec                strnlen_P
                0x000000000000d402                . = ALIGN (0x2)
 *(.fini9)
 .fini9         0x000000000000d402        0x0 /usr/local/lib/gcc/avr/4.9.2/avr5/libgcc.a(_exit.o)
                0x000000000000d402                exit
                0x000000000000d402                _exit
 *(.fini9)
 *(.fini8)
 *(.fini8)
 *(.fini7)
 *(.fini7)
 *(.fini6)
 *(.fini6)
 *(.fini5)
 *(.fini5)
 *(.fini4)
 *(.fini4)
 *(.fini3)
 *(.fini3)
 *(.fini2)
 *(.fini2)
 *(.fini1)
 *(.fini1)
 *(.fini0)
 .fini0         0x000000000000d402        0x4 /usr/local/lib/gcc/avr/4.9.2/avr5/libgcc.a(_exit.o)
 *(.fini0)
                0x000000000000d406                _etext = .

.data           0x0000000000800500       0x10 load address 0x000000000000d406
                0x0000000000800500                PROVIDE (__data_start, .)
 *(.data)
 .data          0x0000000000800500        0x1 uzeboxVideoEngine.o
                0x0000000000800500                spritesOn
 .data          0x0000000000800501        0x1 Iris.o
 *(.data*)
 *(.rodata)
 .rodata        0x0000000000800502        0xe Iris.o
 *(.rodata*)
 *(.gnu.linkonce.d*)
                0x0000000000800510                . = ALIGN (0x2)
                0x0000000000800510                _edata = .
                0x0000000000800510                PROVIDE (__data_end, .)

.bss            0x0000000000800510      0xb04
                0x0000000000800510                PROVIDE (__bss_start, .)
 *(.bss)
 .bss           0x0000000000800510      0x7bc uzeboxVideoEngineCore.o
                0x0000000000800510                sprites
                0x0000000000800550                ram_tiles
                0x0000000000800c50                ram_tiles_restore
                0x0000000000800ca4                sprites_tile_banks
                0x0000000000800caf                Screen
                0x0000000000800cb6                sync_phase
                0x0000000000800cb7                sync_pulse
                0x0000000000800cb8                sync_flags
                0x0000000000800cbd                first_render_line
                0x0000000000800cbe                render_lines_count
                0x0000000000800cbf                joypad1_status_lo
                0x0000000000800cc1                joypad1_status_hi
                0x0000000000800cc3                joypad2_status_lo
                0x0000000000800cc5                joypad2_status_hi
 .bss           0x0000000000800ccc        0x2 uzeboxCore.o
 .bss           0x0000000000800cce        0x1 uzeboxSoundEngine.o
                0x0000000000800cce                playSong
 .bss           0x0000000000800ccf       0x23 uzeboxSoundEngineCore.o
                0x0000000000800ccf                sound_enabled
                0x0000000000800cd0                mixer
                0x0000000000800ce3                tr4_params
                0x0000000000800ce4                tr4_barrel_lo
                0x0000000000800ce5                tr4_barrel_hi
 .bss           0x0000000000800cf2        0x2 uzeboxVideoEngine.o
                0x0000000000800cf2                userRamTilesCount_tmp
                0x0000000000800cf3                userRamTilesCount
 .bss           0x0000000000800cf4        0x4 Iris.o
 *(.bss*)
 *(COMMON)
 COMMON         0x0000000000800cf8        0x1 uzeboxCore.o
                0x0000000000800cf8                joypadsConnectionStatus
 COMMON         0x0000000000800cf9       0x83 uzeboxSoundEngine.o
                0x0000000000800cf9                songStart
                0x0000000000800cfb                tracks
                0x0000000000800d6e                currDeltaTime
                0x0000000000800d70                patchPointers
                0x0000000000800d72                lastStatus
                0x0000000000800d73                masterVolume
                0x0000000000800d74                nextDeltaTime
                0x0000000000800d76                songSpeed
                0x0000000000800d77                songPos
                0x0000000000800d79                loopStart
                0x0000000000800d7b                step
 COMMON         0x0000000000800d7c        0x6 uzeboxVideoEngine.o
                0x0000000000800d7c                fadeSpeed
                0x0000000000800d7d                fadeDir
                0x0000000000800d7e                free_tile_index
                0x0000000000800d7f                fadeActive
                0x0000000000800d80                currFadeFrame
                0x0000000000800d81                fadeStep
 COMMON         0x0000000000800d82      0x292 Iris.o
                0x0000000000800d82                font_tiles_map
                0x0000000000800d84                jump_anim
                0x0000000000800d86                scores
                0x0000000000800da6                game
                0x0000000000800fa8                prone_anim
                0x0000000000800faa                spider_anim
                0x0000000000800fae                shark_anim
                0x0000000000800fb0                extendedSprites
                0x0000000000801000                run_anim
                0x0000000000801008                enemy_shot_anim
                0x000000000080100a                shot_anim
                0x000000000080100c                expl_anim
                0x0000000000801012                idle_anim
                0x0000000000801014                PROVIDE (__bss_end, .)
                0x000000000000d406                __data_load_start = LOADADDR (.data)
                0x000000000000d416                __data_load_end = (__data_load_start + SIZEOF (.data))

.noinit         0x0000000000800100      0x400
                0x0000000000800100                PROVIDE (__noinit_start, .)
 *(.noinit*)
 .noinit        0x0000000000800100      0x400 uzeboxVideoEngineCore.o
                0x0000000000800100                vram
                0x0000000000800500                overlay_vram
                0x0000000000800500                PROVIDE (__noinit_end, .)
                0x0000000000800500                _end = .
                0x0000000000800500                PROVIDE (__heap_start, .)

.eeprom         0x0000000000810000        0x0
 *(.eeprom*)
                0x0000000000810000                __eeprom_end = .

.fuse
 *(.fuse)
 *(.lfuse)
 *(.hfuse)
 *(.efuse)

.lock
 *(.lock*)

.signature
 *(.signature*)

.stab           0x0000000000000000      0x708
 *(.stab)
 .stab          0x0000000000000000       0xf0 /usr/local/lib/gcc/avr/4.9.2/avr5/libgcc.a(_udivmodqi4.o)
 .stab          0x00000000000000f0       0xf0 /usr/local/lib/gcc/avr/4.9.2/avr5/libgcc.a(_divmodqi4.o)
                                         0xfc (size before relaxing)
 .stab          0x00000000000001e0      0x15c /usr/local/lib/gcc/avr/4.9.2/avr5/libgcc.a(_udivmodhi4.o)
                                        0x168 (size before relaxing)
 .stab          0x000000000000033c      0x138 /usr/local/lib/gcc/avr/4.9.2/avr5/libgcc.a(_divmodhi4.o)
                                        0x144 (size before relaxing)
 .stab          0x0000000000000474       0x6c /usr/local/lib/gcc/avr/4.9.2/avr5/libgcc.a(_exit.o)
                                         0x78 (size before relaxing)
 .stab          0x00000000000004e0       0x9c /usr/local/lib/gcc/avr/4.9.2/avr5/libgcc.a(_tablejump2.o)
                                         0xa8 (size before relaxing)
 .stab          0x000000000000057c       0xd8 /usr/local/lib/gcc/avr/4.9.2/avr5/libgcc.a(_copy_data.o)
                                         0xe4 (size before relaxing)
 .stab          0x0000000000000654       0xb4 /usr/local/lib/gcc/avr/4.9.2/avr5/libgcc.a(_clear_bss.o)
                                         0xc0 (size before relaxing)

.stabstr        0x0000000000000000      0x2f1
 *(.stabstr)
 .stabstr       0x0000000000000000      0x2f1 /usr/local/lib/gcc/avr/4.9.2/avr5/libgcc.a(_udivmodqi4.o)

.stab.excl
 *(.stab.excl)

.stab.exclstr
 *(.stab.exclstr)

.stab.index
 *(.stab.index)

.stab.indexstr
 *(.stab.indexstr)

.comment        0x0000000000000000       0x11
 *(.comment)
 .comment       0x0000000000000000       0x11 uzeboxCore.o
                                         0x12 (size before relaxing)
 .comment       0x0000000000000011       0x12 uzeboxSoundEngine.o
 .comment       0x0000000000000011       0x12 uzeboxVideoEngine.o
 .comment       0x0000000000000011       0x12 Iris.o

.note.gnu.build-id
 *(.note.gnu.build-id)

.debug
 *(.debug)

.line
 *(.line)

.debug_srcinfo
 *(.debug_srcinfo)

.debug_sfnames
 *(.debug_sfnames)

.debug_aranges  0x0000000000000000      0x688
 *(.debug_aranges)
 .debug_aranges
                0x0000000000000000       0xf8 uzeboxVideoEngineCore.o
 .debug_aranges
                0x00000000000000f8       0x90 uzeboxCore.o
 .debug_aranges
                0x0000000000000188       0xf8 uzeboxSoundEngine.o
 .debug_aranges
                0x0000000000000280       0x50 uzeboxSoundEngineCore.o
 .debug_aranges
                0x00000000000002d0      0x110 uzeboxVideoEngine.o
 .debug_aranges
                0x00000000000003e0      0x2a8 Iris.o

.debug_pubnames
 *(.debug_pubnames)

.debug_info     0x0000000000000000     0x90fe
 *(.debug_info .gnu.linkonce.wi.*)
 .debug_info    0x0000000000000000      0x672 /usr/local/lib/gcc/avr/4.9.2/../../../../avr/lib/avr5/crtm644.o
 .debug_info    0x0000000000000672       0x7b uzeboxVideoEngineCore.o
 .debug_info    0x00000000000006ed      0xab8 uzeboxCore.o
 .debug_info    0x00000000000011a5     0x12ce uzeboxSoundEngine.o
 .debug_info    0x0000000000002473       0x72 uzeboxSoundEngineCore.o
 .debug_info    0x00000000000024e5     0x15b9 uzeboxVideoEngine.o
 .debug_info    0x0000000000003a9e     0x5660 Iris.o

.debug_abbrev   0x0000000000000000     0x16a1
 *(.debug_abbrev)
 .debug_abbrev  0x0000000000000000      0x619 /usr/local/lib/gcc/avr/4.9.2/../../../../avr/lib/avr5/crtm644.o
 .debug_abbrev  0x0000000000000619       0x12 uzeboxVideoEngineCore.o
 .debug_abbrev  0x000000000000062b      0x32b uzeboxCore.o
 .debug_abbrev  0x0000000000000956      0x35c uzeboxSoundEngine.o
 .debug_abbrev  0x0000000000000cb2       0x12 uzeboxSoundEngineCore.o
 .debug_abbrev  0x0000000000000cc4      0x3da uzeboxVideoEngine.o
 .debug_abbrev  0x000000000000109e      0x603 Iris.o

.debug_line     0x0000000000000000     0x22a1
 *(.debug_line .debug_line.* .debug_line_end)
 .debug_line    0x0000000000000000       0x1d /usr/local/lib/gcc/avr/4.9.2/../../../../avr/lib/avr5/crtm644.o
 .debug_line    0x000000000000001d      0x5bd uzeboxVideoEngineCore.o
 .debug_line    0x00000000000005da      0x2b9 uzeboxCore.o
 .debug_line    0x0000000000000893      0x3d5 uzeboxSoundEngine.o
 .debug_line    0x0000000000000c68      0x1a9 uzeboxSoundEngineCore.o
 .debug_line    0x0000000000000e11      0x4e2 uzeboxVideoEngine.o
 .debug_line    0x00000000000012f3      0xfae Iris.o

.debug_frame    0x0000000000000000     0x162c
 *(.debug_frame)
 .debug_frame   0x0000000000000000      0x1cc uzeboxCore.o
 .debug_frame   0x00000000000001cc      0x274 uzeboxSoundEngine.o
 .debug_frame   0x0000000000000440      0x4d4 uzeboxVideoEngine.o
 .debug_frame   0x0000000000000914      0xd18 Iris.o

.debug_str      0x0000000000000000     0x1cc2
 *(.debug_str)
 .debug_str     0x0000000000000000      0x231 /usr/local/lib/gcc/avr/4.9.2/../../../../avr/lib/avr5/crtm644.o
 .debug_str     0x0000000000000231      0x4bd uzeboxCore.o
                                        0x514 (size before relaxing)
 .debug_str     0x00000000000006ee      0x3fd uzeboxSoundEngine.o
                                        0x636 (size before relaxing)
 .debug_str     0x0000000000000aeb      0x359 uzeboxVideoEngine.o
                                        0x56c (size before relaxing)
 .debug_str     0x0000000000000e44      0xe7e Iris.o
                                       0x128d (size before relaxing)

.debug_loc      0x0000000000000000     0x7aa3
 *(.debug_loc)
 .debug_loc     0x0000000000000000      0x9f9 uzeboxCore.o
 .debug_loc     0x00000000000009f9     0x1148 uzeboxSoundEngine.o
 .debug_loc     0x0000000000001b41     0x1bf5 uzeboxVideoEngine.o
 .debug_loc     0x0000000000003736     0x436d Iris.o

.debug_macinfo
 *(.debug_macinfo)

.debug_weaknames
 *(.debug_weaknames)

.debug_funcnames
 *(.debug_funcnames)

.debug_typenames
 *(.debug_typenames)

.debug_varnames
 *(.debug_varnames)

.debug_pubtypes
 *(.debug_pubtypes)

.debug_ranges   0x0000000000000000      0x808
 *(.debug_ranges)
 .debug_ranges  0x0000000000000000       0xf0 uzeboxVideoEngineCore.o
 .debug_ranges  0x00000000000000f0       0x98 uzeboxCore.o
 .debug_ranges  0x0000000000000188      0x130 uzeboxSoundEngine.o
 .debug_ranges  0x00000000000002b8       0x48 uzeboxSoundEngineCore.o
 .debug_ranges  0x0000000000000300      0x148 uzeboxVideoEngine.o
 .debug_ranges  0x0000000000000448      0x3c0 Iris.o

.debug_macro
 *(.debug_macro)
OUTPUT(Iris.elf elf32-avr)
LOAD linker stubs
