Archive member included to satisfy reference by file (symbol)

/usr/local/lib/gcc/avr/4.9.2/avr5/libgcc.a(_udivmodqi4.o)
                              uzeboxVideoEngine.o (__udivmodqi4)
/usr/local/lib/gcc/avr/4.9.2/avr5/libgcc.a(_udivmodhi4.o)
                              uzeboxVideoEngine.o (__udivmodhi4)
/usr/local/lib/gcc/avr/4.9.2/avr5/libgcc.a(_divmodhi4.o)
                              uzeboxSoundEngine.o (__divmodhi4)
/usr/local/lib/gcc/avr/4.9.2/avr5/libgcc.a(_udivmodsi4.o)
                              uzeboxVideoEngine.o (__udivmodsi4)
/usr/local/lib/gcc/avr/4.9.2/avr5/libgcc.a(_exit.o)
                              /usr/local/lib/gcc/avr/4.9.2/../../../../avr/lib/avr5/crtm644.o (exit)
/usr/local/lib/gcc/avr/4.9.2/avr5/libgcc.a(_tablejump2.o)
                              Iris.o (__tablejump2__)
/usr/local/lib/gcc/avr/4.9.2/avr5/libgcc.a(_copy_data.o)
                              uzeboxVideoEngine.o (__do_copy_data)
/usr/local/lib/gcc/avr/4.9.2/avr5/libgcc.a(_clear_bss.o)
                              uzeboxCore.o (__do_clear_bss)
/usr/local/lib/gcc/avr/4.9.2/../../../../avr/lib/avr5/libm.a(addsf3.o)
                              Iris.o (__subsf3)
/usr/local/lib/gcc/avr/4.9.2/../../../../avr/lib/avr5/libm.a(addsf3x.o)
                              /usr/local/lib/gcc/avr/4.9.2/../../../../avr/lib/avr5/libm.a(addsf3.o) (__addsf3x)
/usr/local/lib/gcc/avr/4.9.2/../../../../avr/lib/avr5/libm.a(cmpsf2.o)
                              Iris.o (__ltsf2)
/usr/local/lib/gcc/avr/4.9.2/../../../../avr/lib/avr5/libm.a(fixunssfsi.o)
                              Iris.o (__fixunssfsi)
/usr/local/lib/gcc/avr/4.9.2/../../../../avr/lib/avr5/libm.a(floatsisf.o)
                              Iris.o (__floatunsisf)
/usr/local/lib/gcc/avr/4.9.2/../../../../avr/lib/avr5/libm.a(fp_cmp.o)
                              /usr/local/lib/gcc/avr/4.9.2/../../../../avr/lib/avr5/libm.a(cmpsf2.o) (__fp_cmp)
/usr/local/lib/gcc/avr/4.9.2/../../../../avr/lib/avr5/libm.a(fp_inf.o)
                              /usr/local/lib/gcc/avr/4.9.2/../../../../avr/lib/avr5/libm.a(addsf3x.o) (__fp_inf)
/usr/local/lib/gcc/avr/4.9.2/../../../../avr/lib/avr5/libm.a(fp_nan.o)
                              /usr/local/lib/gcc/avr/4.9.2/../../../../avr/lib/avr5/libm.a(addsf3x.o) (__fp_nan)
/usr/local/lib/gcc/avr/4.9.2/../../../../avr/lib/avr5/libm.a(fp_pscA.o)
                              /usr/local/lib/gcc/avr/4.9.2/../../../../avr/lib/avr5/libm.a(addsf3x.o) (__fp_pscA)
/usr/local/lib/gcc/avr/4.9.2/../../../../avr/lib/avr5/libm.a(fp_pscB.o)
                              /usr/local/lib/gcc/avr/4.9.2/../../../../avr/lib/avr5/libm.a(addsf3x.o) (__fp_pscB)
/usr/local/lib/gcc/avr/4.9.2/../../../../avr/lib/avr5/libm.a(fp_round.o)
                              /usr/local/lib/gcc/avr/4.9.2/../../../../avr/lib/avr5/libm.a(addsf3.o) (__fp_round)
/usr/local/lib/gcc/avr/4.9.2/../../../../avr/lib/avr5/libm.a(fp_split3.o)
                              /usr/local/lib/gcc/avr/4.9.2/../../../../avr/lib/avr5/libm.a(addsf3x.o) (__fp_split3)
/usr/local/lib/gcc/avr/4.9.2/../../../../avr/lib/avr5/libm.a(fp_zero.o)
                              /usr/local/lib/gcc/avr/4.9.2/../../../../avr/lib/avr5/libm.a(addsf3x.o) (__fp_zero)
/usr/local/lib/gcc/avr/4.9.2/../../../../avr/lib/avr5/libm.a(gesf2.o)
                              Iris.o (__gesf2)
/usr/local/lib/gcc/avr/4.9.2/../../../../avr/lib/avr5/libm.a(mulsf3.o)
                              Iris.o (__mulsf3)
/usr/local/lib/gcc/avr/4.9.2/../../../../avr/lib/avr5/libm.a(mulsf3x.o)
                              /usr/local/lib/gcc/avr/4.9.2/../../../../avr/lib/avr5/libm.a(mulsf3.o) (__mulsf3x)

Allocating common symbols
Common symbol       size              file

songStart           0x2               uzeboxSoundEngine.o
tracks              0x73              uzeboxSoundEngine.o
jump_anim           0x2               Iris.o
scores              0x20              Iris.o
fadeSpeed           0x1               uzeboxVideoEngine.o
currDeltaTime       0x2               uzeboxSoundEngine.o
fadeDir             0x1               uzeboxVideoEngine.o
patchPointers       0x2               uzeboxSoundEngine.o
game                0xc4              Iris.o
lastStatus          0x1               uzeboxSoundEngine.o
joypadsConnectionStatus
                    0x1               uzeboxCore.o
free_tile_index     0x1               uzeboxVideoEngine.o
fadeActive          0x1               uzeboxVideoEngine.o
masterVolume        0x1               uzeboxSoundEngine.o
prone_anim          0x2               Iris.o
nextDeltaTime       0x2               uzeboxSoundEngine.o
songSpeed           0x1               uzeboxSoundEngine.o
songPos             0x2               uzeboxSoundEngine.o
extendedSprites     0x70              Iris.o
run_anim            0x8               Iris.o
loopStart           0x2               uzeboxSoundEngine.o
shot_anim           0x2               Iris.o
step                0x1               uzeboxSoundEngine.o
currFadeFrame       0x1               uzeboxVideoEngine.o
fadeStep            0x1               uzeboxVideoEngine.o
idle_anim           0x2               Iris.o

Discarded input sections

 .data          0x0000000000000000        0x0 /usr/local/lib/gcc/avr/4.9.2/../../../../avr/lib/avr5/crtm644.o
 .bss           0x0000000000000000        0x0 /usr/local/lib/gcc/avr/4.9.2/../../../../avr/lib/avr5/crtm644.o
 .data          0x0000000000000000        0x0 uzeboxVideoEngineCore.o
 .text.SetSpritesTileBank
                0x0000000000000000       0x12 uzeboxVideoEngineCore.o
 .text.GetTile  0x0000000000000000       0x24 uzeboxVideoEngineCore.o
 .text.GetVsyncCounter
                0x0000000000000000        0xa uzeboxVideoEngineCore.o
 .text.ClearVsyncCounter
                0x0000000000000000        0xa uzeboxVideoEngineCore.o
 .text.SetUserPreVsyncCallback
                0x0000000000000000        0xa uzeboxVideoEngineCore.o
 .text.SetUserPostVsyncCallback
                0x0000000000000000        0xa uzeboxVideoEngineCore.o
 .text.IsRunningInEmulator
                0x0000000000000000       0x12 uzeboxVideoEngineCore.o
 .text.WaitClocks
                0x0000000000000000        0x6 uzeboxVideoEngineCore.o
 .text.SetLedOn
                0x0000000000000000        0x4 uzeboxVideoEngineCore.o
 .text.SetLedOff
                0x0000000000000000        0x4 uzeboxVideoEngineCore.o
 .text.ToggleLed
                0x0000000000000000        0x4 uzeboxVideoEngineCore.o
 .text.internal_spi_byte
                0x0000000000000000        0xe uzeboxVideoEngineCore.o
 .text.GetTrueRandomSeed
                0x0000000000000000        0xa uzeboxVideoEngineCore.o
 .text          0x0000000000000000        0x0 uzeboxCore.o
 .data          0x0000000000000000        0x0 uzeboxCore.o
 .bss           0x0000000000000000        0x2 uzeboxCore.o
 .text.SetRenderingParameters
                0x0000000000000000        0xa uzeboxCore.o
 .text.DetectControllers
                0x0000000000000000       0x36 uzeboxCore.o
 .text.FormatEeprom2
                0x0000000000000000       0x98 uzeboxCore.o
 .text.IsPowerSwitchPressed
                0x0000000000000000        0xe uzeboxCore.o
 .text.EepromBlockExists
                0x0000000000000000       0xa4 uzeboxCore.o
 .text.EepromWriteBlock
                0x0000000000000000       0x94 uzeboxCore.o
 .text.EepromReadBlock
                0x0000000000000000       0x66 uzeboxCore.o
 .text.GetPrngNumber
                0x0000000000000000       0x5c uzeboxCore.o
 .text          0x0000000000000000        0x0 uzeboxSoundEngine.o
 .data          0x0000000000000000        0x0 uzeboxSoundEngine.o
 .text.StopSong
                0x0000000000000000       0x1c uzeboxSoundEngine.o
 .text.ResumeSong
                0x0000000000000000        0x8 uzeboxSoundEngine.o
 .text.SetSongSpeed
                0x0000000000000000        0x6 uzeboxSoundEngine.o
 .text.GetSongSpeed
                0x0000000000000000        0x6 uzeboxSoundEngine.o
 .text.GetMasterVolume
                0x0000000000000000        0x6 uzeboxSoundEngine.o
 .data          0x0000000000000000        0x0 uzeboxSoundEngineCore.o
 .text.SetMixerNoiseParams
                0x0000000000000000       0x10 uzeboxSoundEngineCore.o
 .text.SetMixerVolume
                0x0000000000000000       0x16 uzeboxSoundEngineCore.o
 .text.EnableSoundEngine
                0x0000000000000000        0x8 uzeboxSoundEngineCore.o
 .text          0x0000000000000000        0x0 uzeboxVideoEngine.o
 .text.SetUserRamTilesCount
                0x0000000000000000        0x6 uzeboxVideoEngine.o
 .text.GetUserRamTile
                0x0000000000000000        0xe uzeboxVideoEngine.o
 .text.SetSpriteVisibility
                0x0000000000000000        0x6 uzeboxVideoEngine.o
 .text.SetScrolling
                0x0000000000000000       0x28 uzeboxVideoEngine.o
 .text.MapSprite
                0x0000000000000000       0x80 uzeboxVideoEngine.o
 .text.MapSprite2
                0x0000000000000000       0xa4 uzeboxVideoEngine.o
 .text.MoveSprite
                0x0000000000000000       0x7c uzeboxVideoEngine.o
 .text.PrintLong
                0x0000000000000000       0x8a uzeboxVideoEngine.o
 .text.PrintByte
                0x0000000000000000       0x66 uzeboxVideoEngine.o
 .text.PrintInt
                0x0000000000000000       0x70 uzeboxVideoEngine.o
 .text.PrintBinaryByte
                0x0000000000000000       0x36 uzeboxVideoEngine.o
 .text.PrintHexByte
                0x0000000000000000       0x40 uzeboxVideoEngine.o
 .text.PrintHexInt
                0x0000000000000000       0x24 uzeboxVideoEngine.o
 .text.PrintHexLong
                0x0000000000000000       0x5e uzeboxVideoEngine.o
 .text.PrintRam
                0x0000000000000000       0x36 uzeboxVideoEngine.o
 .text.PrintChar
                0x0000000000000000        0x6 uzeboxVideoEngine.o
 .text.Fill     0x0000000000000000       0x6e uzeboxVideoEngine.o
 .text.FontFill
                0x0000000000000000       0x6c uzeboxVideoEngine.o
 .text          0x0000000000000000        0x0 Iris.o
 .data          0x0000000000000000        0x0 Iris.o
 .text.LBGetNextFrameReverse
                0x0000000000000000       0x60 Iris.o
 .text.LBCopyChars
                0x0000000000000000       0x18 Iris.o
 .text.LBPrintStr
                0x0000000000000000       0x62 Iris.o
 .text.LBCollides
                0x0000000000000000       0x54 Iris.o
 .text.LBRandom
                0x0000000000000000       0x6a Iris.o
 .text.load_eeprom
                0x0000000000000000       0x24 Iris.o
 .text.save_eeprom
                0x0000000000000000        0x4 Iris.o
 .text.fade_through
                0x0000000000000000       0x14 Iris.o
 .text.save_score
                0x0000000000000000        0x8 Iris.o
 .text.exit_game
                0x0000000000000000       0x16 Iris.o
 .text          0x0000000000000000        0x0 /usr/local/lib/gcc/avr/4.9.2/avr5/libgcc.a(_udivmodqi4.o)
 .data          0x0000000000000000        0x0 /usr/local/lib/gcc/avr/4.9.2/avr5/libgcc.a(_udivmodqi4.o)
 .bss           0x0000000000000000        0x0 /usr/local/lib/gcc/avr/4.9.2/avr5/libgcc.a(_udivmodqi4.o)
 .stab          0x0000000000000000       0xf0 /usr/local/lib/gcc/avr/4.9.2/avr5/libgcc.a(_udivmodqi4.o)
 .text.libgcc.mul
                0x0000000000000000        0x0 /usr/local/lib/gcc/avr/4.9.2/avr5/libgcc.a(_udivmodqi4.o)
 .text.libgcc.div
                0x0000000000000000       0x18 /usr/local/lib/gcc/avr/4.9.2/avr5/libgcc.a(_udivmodqi4.o)
 .text.libgcc   0x0000000000000000        0x0 /usr/local/lib/gcc/avr/4.9.2/avr5/libgcc.a(_udivmodqi4.o)
 .text.libgcc.prologue
                0x0000000000000000        0x0 /usr/local/lib/gcc/avr/4.9.2/avr5/libgcc.a(_udivmodqi4.o)
 .text.libgcc.builtins
                0x0000000000000000        0x0 /usr/local/lib/gcc/avr/4.9.2/avr5/libgcc.a(_udivmodqi4.o)
 .text.libgcc.fmul
                0x0000000000000000        0x0 /usr/local/lib/gcc/avr/4.9.2/avr5/libgcc.a(_udivmodqi4.o)
 .text.libgcc.fixed
                0x0000000000000000        0x0 /usr/local/lib/gcc/avr/4.9.2/avr5/libgcc.a(_udivmodqi4.o)
 .text          0x0000000000000000        0x0 /usr/local/lib/gcc/avr/4.9.2/avr5/libgcc.a(_udivmodhi4.o)
 .data          0x0000000000000000        0x0 /usr/local/lib/gcc/avr/4.9.2/avr5/libgcc.a(_udivmodhi4.o)
 .bss           0x0000000000000000        0x0 /usr/local/lib/gcc/avr/4.9.2/avr5/libgcc.a(_udivmodhi4.o)
 .text.libgcc.mul
                0x0000000000000000        0x0 /usr/local/lib/gcc/avr/4.9.2/avr5/libgcc.a(_udivmodhi4.o)
 .text.libgcc   0x0000000000000000        0x0 /usr/local/lib/gcc/avr/4.9.2/avr5/libgcc.a(_udivmodhi4.o)
 .text.libgcc.prologue
                0x0000000000000000        0x0 /usr/local/lib/gcc/avr/4.9.2/avr5/libgcc.a(_udivmodhi4.o)
 .text.libgcc.builtins
                0x0000000000000000        0x0 /usr/local/lib/gcc/avr/4.9.2/avr5/libgcc.a(_udivmodhi4.o)
 .text.libgcc.fmul
                0x0000000000000000        0x0 /usr/local/lib/gcc/avr/4.9.2/avr5/libgcc.a(_udivmodhi4.o)
 .text.libgcc.fixed
                0x0000000000000000        0x0 /usr/local/lib/gcc/avr/4.9.2/avr5/libgcc.a(_udivmodhi4.o)
 .text          0x0000000000000000        0x0 /usr/local/lib/gcc/avr/4.9.2/avr5/libgcc.a(_divmodhi4.o)
 .data          0x0000000000000000        0x0 /usr/local/lib/gcc/avr/4.9.2/avr5/libgcc.a(_divmodhi4.o)
 .bss           0x0000000000000000        0x0 /usr/local/lib/gcc/avr/4.9.2/avr5/libgcc.a(_divmodhi4.o)
 .text.libgcc.mul
                0x0000000000000000        0x0 /usr/local/lib/gcc/avr/4.9.2/avr5/libgcc.a(_divmodhi4.o)
 .text.libgcc   0x0000000000000000        0x0 /usr/local/lib/gcc/avr/4.9.2/avr5/libgcc.a(_divmodhi4.o)
 .text.libgcc.prologue
                0x0000000000000000        0x0 /usr/local/lib/gcc/avr/4.9.2/avr5/libgcc.a(_divmodhi4.o)
 .text.libgcc.builtins
                0x0000000000000000        0x0 /usr/local/lib/gcc/avr/4.9.2/avr5/libgcc.a(_divmodhi4.o)
 .text.libgcc.fmul
                0x0000000000000000        0x0 /usr/local/lib/gcc/avr/4.9.2/avr5/libgcc.a(_divmodhi4.o)
 .text.libgcc.fixed
                0x0000000000000000        0x0 /usr/local/lib/gcc/avr/4.9.2/avr5/libgcc.a(_divmodhi4.o)
 .text          0x0000000000000000        0x0 /usr/local/lib/gcc/avr/4.9.2/avr5/libgcc.a(_udivmodsi4.o)
 .data          0x0000000000000000        0x0 /usr/local/lib/gcc/avr/4.9.2/avr5/libgcc.a(_udivmodsi4.o)
 .bss           0x0000000000000000        0x0 /usr/local/lib/gcc/avr/4.9.2/avr5/libgcc.a(_udivmodsi4.o)
 .stab          0x0000000000000000      0x228 /usr/local/lib/gcc/avr/4.9.2/avr5/libgcc.a(_udivmodsi4.o)
                                        0x234 (size before relaxing)
 .text.libgcc.mul
                0x0000000000000000        0x0 /usr/local/lib/gcc/avr/4.9.2/avr5/libgcc.a(_udivmodsi4.o)
 .text.libgcc.div
                0x0000000000000000       0x44 /usr/local/lib/gcc/avr/4.9.2/avr5/libgcc.a(_udivmodsi4.o)
 .text.libgcc   0x0000000000000000        0x0 /usr/local/lib/gcc/avr/4.9.2/avr5/libgcc.a(_udivmodsi4.o)
 .text.libgcc.prologue
                0x0000000000000000        0x0 /usr/local/lib/gcc/avr/4.9.2/avr5/libgcc.a(_udivmodsi4.o)
 .text.libgcc.builtins
                0x0000000000000000        0x0 /usr/local/lib/gcc/avr/4.9.2/avr5/libgcc.a(_udivmodsi4.o)
 .text.libgcc.fmul
                0x0000000000000000        0x0 /usr/local/lib/gcc/avr/4.9.2/avr5/libgcc.a(_udivmodsi4.o)
 .text.libgcc.fixed
                0x0000000000000000        0x0 /usr/local/lib/gcc/avr/4.9.2/avr5/libgcc.a(_udivmodsi4.o)
 .text          0x0000000000000000        0x0 /usr/local/lib/gcc/avr/4.9.2/avr5/libgcc.a(_exit.o)
 .data          0x0000000000000000        0x0 /usr/local/lib/gcc/avr/4.9.2/avr5/libgcc.a(_exit.o)
 .bss           0x0000000000000000        0x0 /usr/local/lib/gcc/avr/4.9.2/avr5/libgcc.a(_exit.o)
 .text.libgcc.mul
                0x0000000000000000        0x0 /usr/local/lib/gcc/avr/4.9.2/avr5/libgcc.a(_exit.o)
 .text.libgcc.div
                0x0000000000000000        0x0 /usr/local/lib/gcc/avr/4.9.2/avr5/libgcc.a(_exit.o)
 .text.libgcc   0x0000000000000000        0x0 /usr/local/lib/gcc/avr/4.9.2/avr5/libgcc.a(_exit.o)
 .text.libgcc.prologue
                0x0000000000000000        0x0 /usr/local/lib/gcc/avr/4.9.2/avr5/libgcc.a(_exit.o)
 .text.libgcc.builtins
                0x0000000000000000        0x0 /usr/local/lib/gcc/avr/4.9.2/avr5/libgcc.a(_exit.o)
 .text.libgcc.fmul
                0x0000000000000000        0x0 /usr/local/lib/gcc/avr/4.9.2/avr5/libgcc.a(_exit.o)
 .text.libgcc.fixed
                0x0000000000000000        0x0 /usr/local/lib/gcc/avr/4.9.2/avr5/libgcc.a(_exit.o)
 .text          0x0000000000000000        0x0 /usr/local/lib/gcc/avr/4.9.2/avr5/libgcc.a(_tablejump2.o)
 .data          0x0000000000000000        0x0 /usr/local/lib/gcc/avr/4.9.2/avr5/libgcc.a(_tablejump2.o)
 .bss           0x0000000000000000        0x0 /usr/local/lib/gcc/avr/4.9.2/avr5/libgcc.a(_tablejump2.o)
 .text.libgcc.mul
                0x0000000000000000        0x0 /usr/local/lib/gcc/avr/4.9.2/avr5/libgcc.a(_tablejump2.o)
 .text.libgcc.div
                0x0000000000000000        0x0 /usr/local/lib/gcc/avr/4.9.2/avr5/libgcc.a(_tablejump2.o)
 .text.libgcc.prologue
                0x0000000000000000        0x0 /usr/local/lib/gcc/avr/4.9.2/avr5/libgcc.a(_tablejump2.o)
 .text.libgcc.builtins
                0x0000000000000000        0x0 /usr/local/lib/gcc/avr/4.9.2/avr5/libgcc.a(_tablejump2.o)
 .text.libgcc.fmul
                0x0000000000000000        0x0 /usr/local/lib/gcc/avr/4.9.2/avr5/libgcc.a(_tablejump2.o)
 .text.libgcc.fixed
                0x0000000000000000        0x0 /usr/local/lib/gcc/avr/4.9.2/avr5/libgcc.a(_tablejump2.o)
 .text          0x0000000000000000        0x0 /usr/local/lib/gcc/avr/4.9.2/avr5/libgcc.a(_copy_data.o)
 .data          0x0000000000000000        0x0 /usr/local/lib/gcc/avr/4.9.2/avr5/libgcc.a(_copy_data.o)
 .bss           0x0000000000000000        0x0 /usr/local/lib/gcc/avr/4.9.2/avr5/libgcc.a(_copy_data.o)
 .text.libgcc.mul
                0x0000000000000000        0x0 /usr/local/lib/gcc/avr/4.9.2/avr5/libgcc.a(_copy_data.o)
 .text.libgcc.div
                0x0000000000000000        0x0 /usr/local/lib/gcc/avr/4.9.2/avr5/libgcc.a(_copy_data.o)
 .text.libgcc   0x0000000000000000        0x0 /usr/local/lib/gcc/avr/4.9.2/avr5/libgcc.a(_copy_data.o)
 .text.libgcc.prologue
                0x0000000000000000        0x0 /usr/local/lib/gcc/avr/4.9.2/avr5/libgcc.a(_copy_data.o)
 .text.libgcc.builtins
                0x0000000000000000        0x0 /usr/local/lib/gcc/avr/4.9.2/avr5/libgcc.a(_copy_data.o)
 .text.libgcc.fmul
                0x0000000000000000        0x0 /usr/local/lib/gcc/avr/4.9.2/avr5/libgcc.a(_copy_data.o)
 .text.libgcc.fixed
                0x0000000000000000        0x0 /usr/local/lib/gcc/avr/4.9.2/avr5/libgcc.a(_copy_data.o)
 .text          0x0000000000000000        0x0 /usr/local/lib/gcc/avr/4.9.2/avr5/libgcc.a(_clear_bss.o)
 .data          0x0000000000000000        0x0 /usr/local/lib/gcc/avr/4.9.2/avr5/libgcc.a(_clear_bss.o)
 .bss           0x0000000000000000        0x0 /usr/local/lib/gcc/avr/4.9.2/avr5/libgcc.a(_clear_bss.o)
 .text.libgcc.mul
                0x0000000000000000        0x0 /usr/local/lib/gcc/avr/4.9.2/avr5/libgcc.a(_clear_bss.o)
 .text.libgcc.div
                0x0000000000000000        0x0 /usr/local/lib/gcc/avr/4.9.2/avr5/libgcc.a(_clear_bss.o)
 .text.libgcc   0x0000000000000000        0x0 /usr/local/lib/gcc/avr/4.9.2/avr5/libgcc.a(_clear_bss.o)
 .text.libgcc.prologue
                0x0000000000000000        0x0 /usr/local/lib/gcc/avr/4.9.2/avr5/libgcc.a(_clear_bss.o)
 .text.libgcc.builtins
                0x0000000000000000        0x0 /usr/local/lib/gcc/avr/4.9.2/avr5/libgcc.a(_clear_bss.o)
 .text.libgcc.fmul
                0x0000000000000000        0x0 /usr/local/lib/gcc/avr/4.9.2/avr5/libgcc.a(_clear_bss.o)
 .text.libgcc.fixed
                0x0000000000000000        0x0 /usr/local/lib/gcc/avr/4.9.2/avr5/libgcc.a(_clear_bss.o)
 .text          0x0000000000000000        0x0 /usr/local/lib/gcc/avr/4.9.2/../../../../avr/lib/avr5/libm.a(addsf3.o)
 .data          0x0000000000000000        0x0 /usr/local/lib/gcc/avr/4.9.2/../../../../avr/lib/avr5/libm.a(addsf3.o)
 .bss           0x0000000000000000        0x0 /usr/local/lib/gcc/avr/4.9.2/../../../../avr/lib/avr5/libm.a(addsf3.o)
 .text          0x0000000000000000        0x0 /usr/local/lib/gcc/avr/4.9.2/../../../../avr/lib/avr5/libm.a(addsf3x.o)
 .data          0x0000000000000000        0x0 /usr/local/lib/gcc/avr/4.9.2/../../../../avr/lib/avr5/libm.a(addsf3x.o)
 .bss           0x0000000000000000        0x0 /usr/local/lib/gcc/avr/4.9.2/../../../../avr/lib/avr5/libm.a(addsf3x.o)
 .text          0x0000000000000000        0x0 /usr/local/lib/gcc/avr/4.9.2/../../../../avr/lib/avr5/libm.a(cmpsf2.o)
 .data          0x0000000000000000        0x0 /usr/local/lib/gcc/avr/4.9.2/../../../../avr/lib/avr5/libm.a(cmpsf2.o)
 .bss           0x0000000000000000        0x0 /usr/local/lib/gcc/avr/4.9.2/../../../../avr/lib/avr5/libm.a(cmpsf2.o)
 .text          0x0000000000000000        0x0 /usr/local/lib/gcc/avr/4.9.2/../../../../avr/lib/avr5/libm.a(fixunssfsi.o)
 .data          0x0000000000000000        0x0 /usr/local/lib/gcc/avr/4.9.2/../../../../avr/lib/avr5/libm.a(fixunssfsi.o)
 .bss           0x0000000000000000        0x0 /usr/local/lib/gcc/avr/4.9.2/../../../../avr/lib/avr5/libm.a(fixunssfsi.o)
 .text          0x0000000000000000        0x0 /usr/local/lib/gcc/avr/4.9.2/../../../../avr/lib/avr5/libm.a(floatsisf.o)
 .data          0x0000000000000000        0x0 /usr/local/lib/gcc/avr/4.9.2/../../../../avr/lib/avr5/libm.a(floatsisf.o)
 .bss           0x0000000000000000        0x0 /usr/local/lib/gcc/avr/4.9.2/../../../../avr/lib/avr5/libm.a(floatsisf.o)
 .text          0x0000000000000000        0x0 /usr/local/lib/gcc/avr/4.9.2/../../../../avr/lib/avr5/libm.a(fp_cmp.o)
 .data          0x0000000000000000        0x0 /usr/local/lib/gcc/avr/4.9.2/../../../../avr/lib/avr5/libm.a(fp_cmp.o)
 .bss           0x0000000000000000        0x0 /usr/local/lib/gcc/avr/4.9.2/../../../../avr/lib/avr5/libm.a(fp_cmp.o)
 .text          0x0000000000000000        0x0 /usr/local/lib/gcc/avr/4.9.2/../../../../avr/lib/avr5/libm.a(fp_inf.o)
 .data          0x0000000000000000        0x0 /usr/local/lib/gcc/avr/4.9.2/../../../../avr/lib/avr5/libm.a(fp_inf.o)
 .bss           0x0000000000000000        0x0 /usr/local/lib/gcc/avr/4.9.2/../../../../avr/lib/avr5/libm.a(fp_inf.o)
 .text          0x0000000000000000        0x0 /usr/local/lib/gcc/avr/4.9.2/../../../../avr/lib/avr5/libm.a(fp_nan.o)
 .data          0x0000000000000000        0x0 /usr/local/lib/gcc/avr/4.9.2/../../../../avr/lib/avr5/libm.a(fp_nan.o)
 .bss           0x0000000000000000        0x0 /usr/local/lib/gcc/avr/4.9.2/../../../../avr/lib/avr5/libm.a(fp_nan.o)
 .text          0x0000000000000000        0x0 /usr/local/lib/gcc/avr/4.9.2/../../../../avr/lib/avr5/libm.a(fp_pscA.o)
 .data          0x0000000000000000        0x0 /usr/local/lib/gcc/avr/4.9.2/../../../../avr/lib/avr5/libm.a(fp_pscA.o)
 .bss           0x0000000000000000        0x0 /usr/local/lib/gcc/avr/4.9.2/../../../../avr/lib/avr5/libm.a(fp_pscA.o)
 .text          0x0000000000000000        0x0 /usr/local/lib/gcc/avr/4.9.2/../../../../avr/lib/avr5/libm.a(fp_pscB.o)
 .data          0x0000000000000000        0x0 /usr/local/lib/gcc/avr/4.9.2/../../../../avr/lib/avr5/libm.a(fp_pscB.o)
 .bss           0x0000000000000000        0x0 /usr/local/lib/gcc/avr/4.9.2/../../../../avr/lib/avr5/libm.a(fp_pscB.o)
 .text          0x0000000000000000        0x0 /usr/local/lib/gcc/avr/4.9.2/../../../../avr/lib/avr5/libm.a(fp_round.o)
 .data          0x0000000000000000        0x0 /usr/local/lib/gcc/avr/4.9.2/../../../../avr/lib/avr5/libm.a(fp_round.o)
 .bss           0x0000000000000000        0x0 /usr/local/lib/gcc/avr/4.9.2/../../../../avr/lib/avr5/libm.a(fp_round.o)
 .text          0x0000000000000000        0x0 /usr/local/lib/gcc/avr/4.9.2/../../../../avr/lib/avr5/libm.a(fp_split3.o)
 .data          0x0000000000000000        0x0 /usr/local/lib/gcc/avr/4.9.2/../../../../avr/lib/avr5/libm.a(fp_split3.o)
 .bss           0x0000000000000000        0x0 /usr/local/lib/gcc/avr/4.9.2/../../../../avr/lib/avr5/libm.a(fp_split3.o)
 .text          0x0000000000000000        0x0 /usr/local/lib/gcc/avr/4.9.2/../../../../avr/lib/avr5/libm.a(fp_zero.o)
 .data          0x0000000000000000        0x0 /usr/local/lib/gcc/avr/4.9.2/../../../../avr/lib/avr5/libm.a(fp_zero.o)
 .bss           0x0000000000000000        0x0 /usr/local/lib/gcc/avr/4.9.2/../../../../avr/lib/avr5/libm.a(fp_zero.o)
 .text          0x0000000000000000        0x0 /usr/local/lib/gcc/avr/4.9.2/../../../../avr/lib/avr5/libm.a(gesf2.o)
 .data          0x0000000000000000        0x0 /usr/local/lib/gcc/avr/4.9.2/../../../../avr/lib/avr5/libm.a(gesf2.o)
 .bss           0x0000000000000000        0x0 /usr/local/lib/gcc/avr/4.9.2/../../../../avr/lib/avr5/libm.a(gesf2.o)
 .text          0x0000000000000000        0x0 /usr/local/lib/gcc/avr/4.9.2/../../../../avr/lib/avr5/libm.a(mulsf3.o)
 .data          0x0000000000000000        0x0 /usr/local/lib/gcc/avr/4.9.2/../../../../avr/lib/avr5/libm.a(mulsf3.o)
 .bss           0x0000000000000000        0x0 /usr/local/lib/gcc/avr/4.9.2/../../../../avr/lib/avr5/libm.a(mulsf3.o)
 .text          0x0000000000000000        0x0 /usr/local/lib/gcc/avr/4.9.2/../../../../avr/lib/avr5/libm.a(mulsf3x.o)
 .data          0x0000000000000000        0x0 /usr/local/lib/gcc/avr/4.9.2/../../../../avr/lib/avr5/libm.a(mulsf3x.o)
 .bss           0x0000000000000000        0x0 /usr/local/lib/gcc/avr/4.9.2/../../../../avr/lib/avr5/libm.a(mulsf3x.o)

Memory Configuration

Name             Origin             Length             Attributes
text             0x0000000000000000 0x0000000000020000 xr
data             0x0000000000800060 0x000000000000ffa0 rw !x
eeprom           0x0000000000810000 0x0000000000010000 rw !x
fuse             0x0000000000820000 0x0000000000000400 rw !x
lock             0x0000000000830000 0x0000000000000400 rw !x
signature        0x0000000000840000 0x0000000000000400 rw !x
*default*        0x0000000000000000 0xffffffffffffffff

Linker script and memory map

Address of section .data set to 0x800100
LOAD /usr/local/lib/gcc/avr/4.9.2/../../../../avr/lib/avr5/crtm644.o
Address of section .noinit set to 0x800100
Address of section .data set to 0x800500
LOAD uzeboxVideoEngineCore.o
LOAD uzeboxCore.o
LOAD uzeboxSoundEngine.o
LOAD uzeboxSoundEngineCore.o
LOAD uzeboxVideoEngine.o
LOAD Iris.o
START GROUP
LOAD /usr/local/lib/gcc/avr/4.9.2/avr5/libgcc.a
LOAD /usr/local/lib/gcc/avr/4.9.2/../../../../avr/lib/avr5/libm.a
LOAD /usr/local/lib/gcc/avr/4.9.2/../../../../avr/lib/avr5/libc.a
END GROUP

.hash
 *(.hash)

.dynsym
 *(.dynsym)

.dynstr
 *(.dynstr)

.gnu.version
 *(.gnu.version)

.gnu.version_d
 *(.gnu.version_d)

.gnu.version_r
 *(.gnu.version_r)

.rel.init
 *(.rel.init)

.rela.init
 *(.rela.init)

.rel.text
 *(.rel.text)
 *(.rel.text.*)
 *(.rel.gnu.linkonce.t*)

.rela.text
 *(.rela.text)
 *(.rela.text.*)
 *(.rela.gnu.linkonce.t*)

.rel.fini
 *(.rel.fini)

.rela.fini
 *(.rela.fini)

.rel.rodata
 *(.rel.rodata)
 *(.rel.rodata.*)
 *(.rel.gnu.linkonce.r*)

.rela.rodata
 *(.rela.rodata)
 *(.rela.rodata.*)
 *(.rela.gnu.linkonce.r*)

.rel.data
 *(.rel.data)
 *(.rel.data.*)
 *(.rel.gnu.linkonce.d*)

.rela.data
 *(.rela.data)
 *(.rela.data.*)
 *(.rela.gnu.linkonce.d*)

.rel.ctors
 *(.rel.ctors)

.rela.ctors
 *(.rela.ctors)

.rel.dtors
 *(.rel.dtors)

.rela.dtors
 *(.rela.dtors)

.rel.got
 *(.rel.got)

.rela.got
 *(.rela.got)

.rel.bss
 *(.rel.bss)

.rela.bss
 *(.rela.bss)

.rel.plt
 *(.rel.plt)

.rela.plt
 *(.rela.plt)

.text           0x0000000000000000     0x922c
 *(.vectors)
 .vectors       0x0000000000000000       0x70 /usr/local/lib/gcc/avr/4.9.2/../../../../avr/lib/avr5/crtm644.o
                0x0000000000000000                __vectors
                0x0000000000000000                __vector_default
 *(.vectors)
 *(.progmem.gcc*)
 .progmem.gcc_sw_table.render_level_tile
                0x0000000000000070        0xe Iris.o
                0x000000000000007e                . = ALIGN (0x2)
                0x000000000000007e                __trampolines_start = .
 *(.trampolines)
 .trampolines   0x000000000000007e        0x0 linker stubs
 *(.trampolines*)
                0x000000000000007e                __trampolines_end = .
 *(.progmem*)
 .progmem.data  0x000000000000007e       0x4e uzeboxCore.o
                0x000000000000007e                io_table
                0x00000000000000ac                eeprom_format_table
 .progmem.data  0x00000000000000cc       0x1e uzeboxSoundEngine.o
                0x00000000000000cc                patchCommands
 .progmem.data  0x00000000000000ea      0x853 uzeboxVideoEngine.o
                0x00000000000000ea                fader
                0x00000000000000f6                map_uzeboxlogo2
                0x0000000000000107                map_uzeboxlogo
                0x000000000000011d                logo_tileset
                0x000000000000091d                logoInitPatches
                0x0000000000000926                initPatch
 .progmem.data  0x000000000000093d     0x4286 Iris.o
                0x000000000000093d                default_scores
                0x000000000000095b                strLevels
                0x0000000000000969                strPaused
                0x0000000000000970                strExit
                0x0000000000000979                strLives
                0x0000000000000980                strShield
                0x0000000000000988                strScore
                0x000000000000098f                strSelectHandle
                0x00000000000009a0                strHighscores
                0x00000000000009ac                str1Player
                0x00000000000009b2                strCopyright
                0x00000000000009c7                spacesong
                0x0000000000001067                planetsong
                0x0000000000001b39                my_patches
                0x0000000000001b4b                patch00
                0x0000000000001b53                level_data
                0x000000000000251d                sprites_data
                0x000000000000321d                map_enemy_spider_1
                0x0000000000003220                map_enemy_spider_0
                0x0000000000003223                map_enemy_shark
                0x0000000000003226                map_enemy_shot
                0x0000000000003229                map_hero_shot
                0x000000000000322c                map_hero_ship_large
                0x0000000000003236                map_hero_ship_1
                0x000000000000323b                map_hero_ship_0
                0x0000000000003240                map_hero_prone
                0x0000000000003245                map_hero_jump
                0x000000000000324d                map_hero_step_3
                0x0000000000003255                map_hero_step_2
                0x000000000000325d                map_hero_step_1
                0x0000000000003265                map_hero_step_0
                0x000000000000326d                map_hero_idle
                0x0000000000003275                map_explosion_2
                0x0000000000003278                map_explosion_1
                0x000000000000327b                map_explosion_0
                0x000000000000327e                map_meteor
                0x0000000000003281                map_up_arrow
                0x0000000000003284                map_down_arrow
                0x0000000000003287                map_right_arrow
                0x000000000000328a                map_none
                0x000000000000328d                tiles_data
                0x0000000000004b4d                map_star
                0x0000000000004b50                map_ice_moon
                0x0000000000004b5b                map_ice_cloud
                0x0000000000004b5e                map_ice_far
                0x0000000000004b61                map_ice_sky
                0x0000000000004b64                map_ice_horizon
                0x0000000000004b67                map_ice_bottom
                0x0000000000004b6a                map_ice_right
                0x0000000000004b6d                map_ice_middle
                0x0000000000004b70                map_ice_left
                0x0000000000004b73                map_splash
                0x0000000000004bc0                map_tile_none
                0x0000000000004bc4                . = ALIGN (0x2)
 *fill*         0x0000000000004bc3        0x1 
 *(.jumptables)
 *(.jumptables*)
 *(.lowtext)
 *(.lowtext*)
                0x0000000000004bc4                __ctors_start = .
 *(.ctors)
                0x0000000000004bc4                __ctors_end = .
                0x0000000000004bc4                __dtors_start = .
 *(.dtors)
                0x0000000000004bc4                __dtors_end = .
 SORT(*)(.ctors)
 SORT(*)(.dtors)
 *(.init0)
 .init0         0x0000000000004bc4        0x0 /usr/local/lib/gcc/avr/4.9.2/../../../../avr/lib/avr5/crtm644.o
                0x0000000000004bc4                __init
 *(.init0)
 *(.init1)
 *(.init1)
 *(.init2)
 .init2         0x0000000000004bc4        0xc /usr/local/lib/gcc/avr/4.9.2/../../../../avr/lib/avr5/crtm644.o
 *(.init2)
 *(.init3)
 *(.init3)
 *(.init4)
 .init4         0x0000000000004bd0       0x16 /usr/local/lib/gcc/avr/4.9.2/avr5/libgcc.a(_copy_data.o)
                0x0000000000004bd0                __do_copy_data
 .init4         0x0000000000004be6       0x10 /usr/local/lib/gcc/avr/4.9.2/avr5/libgcc.a(_clear_bss.o)
                0x0000000000004be6                __do_clear_bss
 *(.init4)
 *(.init5)
 *(.init5)
 *(.init6)
 *(.init6)
 *(.init7)
 .init7         0x0000000000004bf6       0x16 uzeboxCore.o
                0x0000000000004bf6                wdt_init
 *(.init7)
 *(.init8)
 .init8         0x0000000000004c0c       0x82 uzeboxCore.o
                0x0000000000004c0c                Initialize
 *(.init8)
 *(.init9)
 .init9         0x0000000000004c8e        0x8 /usr/local/lib/gcc/avr/4.9.2/../../../../avr/lib/avr5/crtm644.o
 *(.init9)
 *(.text)
 .text          0x0000000000004c96        0x4 /usr/local/lib/gcc/avr/4.9.2/../../../../avr/lib/avr5/crtm644.o
                0x0000000000004c96                __vector_20
                0x0000000000004c96                __vector_1
                0x0000000000004c96                __vector_24
                0x0000000000004c96                __vector_12
                0x0000000000004c96                __bad_interrupt
                0x0000000000004c96                __vector_6
                0x0000000000004c96                __vector_3
                0x0000000000004c96                __vector_23
                0x0000000000004c96                __vector_25
                0x0000000000004c96                __vector_11
                0x0000000000004c96                __vector_17
                0x0000000000004c96                __vector_19
                0x0000000000004c96                __vector_7
                0x0000000000004c96                __vector_27
                0x0000000000004c96                __vector_5
                0x0000000000004c96                __vector_4
                0x0000000000004c96                __vector_9
                0x0000000000004c96                __vector_2
                0x0000000000004c96                __vector_21
                0x0000000000004c96                __vector_15
                0x0000000000004c96                __vector_26
                0x0000000000004c96                __vector_10
                0x0000000000004c96                __vector_16
                0x0000000000004c96                __vector_18
                0x0000000000004c96                __vector_22
 .text          0x0000000000004c9a      0x868 uzeboxVideoEngineCore.o
                0x0000000000005002                CopyFlashTile
                0x0000000000005120                CopyRamTile
                0x000000000000523a                BlitSprite
                0x000000000000531e                __vector_13
                0x000000000000539e                __vector_14
 .text          0x0000000000005502      0x180 uzeboxSoundEngineCore.o
                0x0000000000005502                process_music
                0x000000000000550e                update_sound
                0x0000000000005682                . = ALIGN (0x2)
 *(.text.*)
 .text.SetSpritesTileTable
                0x0000000000005682        0xa uzeboxVideoEngineCore.o
                0x0000000000005682                SetSpritesTileTable
 .text.ClearVram
                0x000000000000568c       0x14 uzeboxVideoEngineCore.o
                0x000000000000568c                ClearVram
 .text.SetFont  0x00000000000056a0        0x8 uzeboxVideoEngineCore.o
                0x00000000000056a0                SetFont
 .text.SetTile  0x00000000000056a8       0x22 uzeboxVideoEngineCore.o
                0x00000000000056a8                SetTile
 .text.SetFontTilesIndex
                0x00000000000056ca        0x6 uzeboxVideoEngineCore.o
                0x00000000000056ca                SetFontTilesIndex
 .text.SetTileTable
                0x00000000000056d0        0xa uzeboxVideoEngineCore.o
                0x00000000000056d0                SetTileTable
 .text.GetVsyncFlag
                0x00000000000056da        0x8 uzeboxVideoEngineCore.o
                0x00000000000056da                GetVsyncFlag
 .text.ClearVsyncFlag
                0x00000000000056e2        0xc uzeboxVideoEngineCore.o
                0x00000000000056e2                ClearVsyncFlag
 .text.ReadJoypad
                0x00000000000056ee       0x18 uzeboxVideoEngineCore.o
                0x00000000000056ee                ReadJoypad
 .text.WaitUs   0x0000000000005706        0xe uzeboxVideoEngineCore.o
                0x0000000000005706                WaitUs
 .text.WriteEeprom
                0x0000000000005714       0x14 uzeboxVideoEngineCore.o
                0x0000000000005714                WriteEeprom
 .text.ReadEeprom
                0x0000000000005728       0x12 uzeboxVideoEngineCore.o
                0x0000000000005728                ReadEeprom
 .text.wdt_randomize
                0x000000000000573a       0x50 uzeboxVideoEngineCore.o
                0x000000000000573a                wdt_randomize
 .text.__vector_8
                0x000000000000578a       0x44 uzeboxVideoEngineCore.o
                0x000000000000578a                __vector_8
 .text.SoftReset
                0x00000000000057ce       0x16 uzeboxCore.o
                0x00000000000057ce                SoftReset
 .text.ReadButtons
                0x00000000000057e4       0x6c uzeboxCore.o
                0x00000000000057e4                ReadButtons
 .text.ReadControllers
                0x0000000000005850       0x20 uzeboxCore.o
                0x0000000000005850                ReadControllers
 .text.FormatEeprom
                0x0000000000005870       0x44 uzeboxCore.o
                0x0000000000005870                FormatEeprom
 .text.isEepromFormatted
                0x00000000000058b4       0x2e uzeboxCore.o
                0x00000000000058b4                isEepromFormatted
 .text.PatchCommand00
                0x00000000000058e2        0x6 uzeboxSoundEngine.o
                0x00000000000058e2                PatchCommand00
 .text.PatchCommand01
                0x00000000000058e8       0x10 uzeboxSoundEngine.o
                0x00000000000058e8                PatchCommand01
 .text.PatchCommand05
                0x00000000000058f8        0xa uzeboxSoundEngine.o
                0x00000000000058f8                PatchCommand05
 .text.PatchCommand06
                0x0000000000005902        0xa uzeboxSoundEngine.o
                0x0000000000005902                PatchCommand06
 .text.PatchCommand07
                0x000000000000590c        0x6 uzeboxSoundEngine.o
                0x000000000000590c                PatchCommand07
 .text.PatchCommand09
                0x0000000000005912        0x6 uzeboxSoundEngine.o
                0x0000000000005912                PatchCommand09
 .text.PatchCommand10
                0x0000000000005918        0x6 uzeboxSoundEngine.o
                0x0000000000005918                PatchCommand10
 .text.PatchCommand11
                0x000000000000591e       0x76 uzeboxSoundEngine.o
                0x000000000000591e                PatchCommand11
 .text.PatchCommand12
                0x0000000000005994        0x6 uzeboxSoundEngine.o
                0x0000000000005994                PatchCommand12
 .text.PatchCommand13
                0x000000000000599a        0x6 uzeboxSoundEngine.o
                0x000000000000599a                PatchCommand13
 .text.PatchCommand02
                0x00000000000059a0        0x8 uzeboxSoundEngine.o
                0x00000000000059a0                PatchCommand02
 .text.PatchCommand03
                0x00000000000059a8        0xe uzeboxSoundEngine.o
                0x00000000000059a8                PatchCommand03
 .text.PatchCommand04
                0x00000000000059b6       0x10 uzeboxSoundEngine.o
                0x00000000000059b6                PatchCommand04
 .text.PatchCommand08
                0x00000000000059c6       0x20 uzeboxSoundEngine.o
                0x00000000000059c6                PatchCommand08
 .text.PatchCommand14
                0x00000000000059e6       0x54 uzeboxSoundEngine.o
                0x00000000000059e6                PatchCommand14
 .text.InitMusicPlayer
                0x0000000000005a3a       0x44 uzeboxSoundEngine.o
                0x0000000000005a3a                InitMusicPlayer
 .text.StartSong
                0x0000000000005a7e       0x52 uzeboxSoundEngine.o
                0x0000000000005a7e                StartSong
 .text.ReadVarLen
                0x0000000000005ad0       0x4c uzeboxSoundEngine.o
                0x0000000000005ad0                ReadVarLen
 .text.TriggerCommon
                0x0000000000005b1c      0x11c uzeboxSoundEngine.o
                0x0000000000005b1c                TriggerCommon
 .text.TriggerFx
                0x0000000000005c38       0x90 uzeboxSoundEngine.o
                0x0000000000005c38                TriggerFx
 .text.TriggerNote
                0x0000000000005cc8       0x80 uzeboxSoundEngine.o
                0x0000000000005cc8                TriggerNote
 .text.ProcessMusic
                0x0000000000005d48      0x43e uzeboxSoundEngine.o
                0x0000000000005d48                ProcessMusic
 .text.SetMasterVolume
                0x0000000000006186        0x6 uzeboxSoundEngine.o
                0x0000000000006186                SetMasterVolume
 .text.SetMixerNote
                0x000000000000618c       0x2e uzeboxSoundEngineCore.o
                0x000000000000618c                SetMixerNote
 .text.SetMixerWave
                0x00000000000061ba       0x3a uzeboxSoundEngineCore.o
                0x00000000000061ba                SetMixerWave
 *fill*         0x00000000000061f4        0xc 
 .text.DisableSoundEngine
                0x0000000000006200      0xc00 uzeboxSoundEngineCore.o
                0x0000000000006200                DisableSoundEngine
                0x0000000000006208                steptable
                0x0000000000006400                waves
 .text.RestoreBackground
                0x0000000000006e00       0x2c uzeboxVideoEngine.o
                0x0000000000006e00                RestoreBackground
 .text.ProcessSprites
                0x0000000000006e2c      0x224 uzeboxVideoEngine.o
                0x0000000000006e2c                ProcessSprites
 .text.Scroll   0x0000000000007050       0x4a uzeboxVideoEngine.o
                0x0000000000007050                Scroll
 .text.InitializeVideoMode
                0x000000000000709a       0x1e uzeboxVideoEngine.o
                0x000000000000709a                InitializeVideoMode
 .text.DrawMap  0x00000000000070b8       0x9a uzeboxVideoEngine.o
                0x00000000000070b8                DrawMap2
                0x00000000000070b8                DrawMap
 .text.Print    0x0000000000007152       0x36 uzeboxVideoEngine.o
                0x0000000000007152                Print
 .text.WaitVsync
                0x0000000000007188       0x2e uzeboxVideoEngine.o
                0x0000000000007188                WaitVsync
 .text.DisplayLogo
                0x00000000000071b6       0x6e uzeboxVideoEngine.o
                0x00000000000071b6                DisplayLogo
 .text.doFade   0x0000000000007224       0x1c uzeboxVideoEngine.o
                0x0000000000007224                doFade
 .text.FadeIn   0x0000000000007240       0x18 uzeboxVideoEngine.o
                0x0000000000007240                FadeIn
 .text.FadeOut  0x0000000000007258       0x18 uzeboxVideoEngine.o
                0x0000000000007258                FadeOut
 .text.ProcessFading
                0x0000000000007270       0x4a uzeboxVideoEngine.o
                0x0000000000007270                ProcessFading
 .text.VideoModeVsync
                0x00000000000072ba        0x8 uzeboxVideoEngine.o
                0x00000000000072ba                VideoModeVsync
 .text.LBGetNextFrame
                0x00000000000072c2       0x4c Iris.o
                0x00000000000072c2                LBGetNextFrame
 .text.LBGetJoyPadState
                0x000000000000730e       0x96 Iris.o
                0x000000000000730e                LBGetJoyPadState
 .text.LBWaitSeconds
                0x00000000000073a4       0x1e Iris.o
                0x00000000000073a4                LBWaitSeconds
 .text.LBMapSprite
                0x00000000000073c2       0xa4 Iris.o
                0x00000000000073c2                LBMapSprite
 .text.LBMoveSprite
                0x0000000000007466       0x7c Iris.o
                0x0000000000007466                LBMoveSprite
 .text.LBRotateSprites
                0x00000000000074e2       0xc2 Iris.o
                0x00000000000074e2                LBRotateSprites
 .text.LBDrawTile
                0x00000000000075a4        0xc Iris.o
                0x00000000000075a4                LBDrawTile
 .text.init_game_state
                0x00000000000075b0      0x1ce Iris.o
                0x00000000000075b0                init_game_state
 .text.render_level_tile
                0x000000000000777e       0x54 Iris.o
                0x000000000000777e                render_level_tile
 .text.clear_overlay
                0x00000000000077d2       0x30 Iris.o
                0x00000000000077d2                clear_overlay
 .text.read_level_byte
                0x0000000000007802       0x3e Iris.o
                0x0000000000007802                read_level_byte
 .text.get_camera_x
                0x0000000000007840       0x14 Iris.o
                0x0000000000007840                get_camera_x
 .text.get_camera_y
                0x0000000000007854       0x16 Iris.o
                0x0000000000007854                get_camera_y
 .text.get_hero_spawn_x
                0x000000000000786a       0x16 Iris.o
                0x000000000000786a                get_hero_spawn_x
 .text.get_hero_spawn_y
                0x0000000000007880       0x16 Iris.o
                0x0000000000007880                get_hero_spawn_y
 .text.get_level_tile
                0x0000000000007896       0x2c Iris.o
                0x0000000000007896                get_level_tile
 .text.render_camera_view
                0x00000000000078c2       0xa2 Iris.o
                0x00000000000078c2                render_camera_view
 .text.append_tile_column
                0x0000000000007964       0x94 Iris.o
                0x0000000000007964                append_tile_column
 .text.append_tile_row
                0x00000000000079f8       0x78 Iris.o
                0x00000000000079f8                append_tile_row
 .text.move_camera_x
                0x0000000000007a70       0x32 Iris.o
                0x0000000000007a70                move_camera_x
 .text.move_camera_y
                0x0000000000007aa2       0x36 Iris.o
                0x0000000000007aa2                move_camera_y
 .text.load_level
                0x0000000000007ad8       0xb8 Iris.o
                0x0000000000007ad8                load_level
 .text.solid_tile
                0x0000000000007b90        0xe Iris.o
                0x0000000000007b90                solid_tile
 .text.on_solid_ground
                0x0000000000007b9e      0x196 Iris.o
                0x0000000000007b9e                on_solid_ground
 .text.find_shot_slot
                0x0000000000007d34       0x18 Iris.o
                0x0000000000007d34                find_shot_slot
 .text.update_shot
                0x0000000000007d4c       0xf0 Iris.o
                0x0000000000007d4c                update_shot
 .text.animate_shot
                0x0000000000007e3c      0x18a Iris.o
                0x0000000000007e3c                animate_shot
 .text.update_player
                0x0000000000007fc6      0x278 Iris.o
                0x0000000000007fc6                update_player
 .text.pixel_overlap
                0x000000000000823e       0x28 Iris.o
                0x000000000000823e                pixel_overlap
 .text.collision_detect_level
                0x0000000000008266      0x7a6 Iris.o
                0x0000000000008266                collision_detect_level
 .text.animate_player
                0x0000000000008a0c      0x17c Iris.o
                0x0000000000008a0c                animate_player
 .text.update_level
                0x0000000000008b88       0xf6 Iris.o
                0x0000000000008b88                update_level
 .text.clear_sprites
                0x0000000000008c7e       0x24 Iris.o
                0x0000000000008c7e                clear_sprites
 .text.level_transition
                0x0000000000008ca2       0x5e Iris.o
                0x0000000000008ca2                level_transition
 .text.load_splash
                0x0000000000008d00       0x7c Iris.o
                0x0000000000008d00                load_splash
 .text.select_pressed
                0x0000000000008d7c       0x14 Iris.o
                0x0000000000008d7c                select_pressed
 .text.update_splash
                0x0000000000008d90       0x66 Iris.o
                0x0000000000008d90                update_splash
 .text.startup.main
                0x0000000000008df6       0x7a Iris.o
                0x0000000000008df6                main
 .text.libgcc.div
                0x0000000000008e70       0x28 /usr/local/lib/gcc/avr/4.9.2/avr5/libgcc.a(_udivmodhi4.o)
                0x0000000000008e70                __udivmodhi4
 .text.libgcc.div
                0x0000000000008e98       0x28 /usr/local/lib/gcc/avr/4.9.2/avr5/libgcc.a(_divmodhi4.o)
                0x0000000000008e98                __divmodhi4
                0x0000000000008e98                _div
 .text.libgcc   0x0000000000008ec0        0xc /usr/local/lib/gcc/avr/4.9.2/avr5/libgcc.a(_tablejump2.o)
                0x0000000000008ec0                __tablejump2__
 .text.avr-libc.fplib
                0x0000000000008ecc        0xa /usr/local/lib/gcc/avr/4.9.2/../../../../avr/lib/avr5/libm.a(addsf3.o)
                0x0000000000008ecc                __subsf3
                0x0000000000008ece                __addsf3
 .text.avr-libc.fplib
                0x0000000000008ed6       0xc0 /usr/local/lib/gcc/avr/4.9.2/../../../../avr/lib/avr5/libm.a(addsf3x.o)
                0x0000000000008ef0                __addsf3x
 .text.avr-libc.fplib
                0x0000000000008f96        0x8 /usr/local/lib/gcc/avr/4.9.2/../../../../avr/lib/avr5/libm.a(cmpsf2.o)
                0x0000000000008f96                __lesf2
                0x0000000000008f96                __nesf2
                0x0000000000008f96                __eqsf2
                0x0000000000008f96                __cmpsf2
                0x0000000000008f96                __ltsf2
 .text.avr-libc.fplib
                0x0000000000008f9e       0x58 /usr/local/lib/gcc/avr/4.9.2/../../../../avr/lib/avr5/libm.a(fixunssfsi.o)
                0x0000000000008f9e                __fixunssfsi
 .text.avr-libc.fplib
                0x0000000000008ff6       0x7a /usr/local/lib/gcc/avr/4.9.2/../../../../avr/lib/avr5/libm.a(floatsisf.o)
                0x0000000000008ff6                __floatunsisf
                0x0000000000008ffa                __floatsisf
 .text.avr-libc.fplib
                0x0000000000009070       0x48 /usr/local/lib/gcc/avr/4.9.2/../../../../avr/lib/avr5/libm.a(fp_cmp.o)
                0x0000000000009070                __fp_cmp
 .text.avr-libc.fplib
                0x00000000000090b8        0xc /usr/local/lib/gcc/avr/4.9.2/../../../../avr/lib/avr5/libm.a(fp_inf.o)
                0x00000000000090b8                __fp_inf
 .text.avr-libc.fplib
                0x00000000000090c4        0x6 /usr/local/lib/gcc/avr/4.9.2/../../../../avr/lib/avr5/libm.a(fp_nan.o)
                0x00000000000090c4                __fp_nan
 .text.avr-libc.fplib
                0x00000000000090ca        0xe /usr/local/lib/gcc/avr/4.9.2/../../../../avr/lib/avr5/libm.a(fp_pscA.o)
                0x00000000000090ca                __fp_pscA
 .text.avr-libc.fplib
                0x00000000000090d8        0xe /usr/local/lib/gcc/avr/4.9.2/../../../../avr/lib/avr5/libm.a(fp_pscB.o)
                0x00000000000090d8                __fp_pscB
 .text.avr-libc.fplib
                0x00000000000090e6       0x22 /usr/local/lib/gcc/avr/4.9.2/../../../../avr/lib/avr5/libm.a(fp_round.o)
                0x00000000000090e6                __fp_round
 .text.avr-libc.fplib
                0x0000000000009108       0x44 /usr/local/lib/gcc/avr/4.9.2/../../../../avr/lib/avr5/libm.a(fp_split3.o)
                0x0000000000009108                __fp_split3
                0x0000000000009118                __fp_splitA
 .text.avr-libc.fplib
                0x000000000000914c        0xe /usr/local/lib/gcc/avr/4.9.2/../../../../avr/lib/avr5/libm.a(fp_zero.o)
                0x000000000000914c                __fp_zero
                0x000000000000914e                __fp_szero
 .text.avr-libc.fplib
                0x000000000000915a        0x8 /usr/local/lib/gcc/avr/4.9.2/../../../../avr/lib/avr5/libm.a(gesf2.o)
                0x000000000000915a                __gtsf2
                0x000000000000915a                __gesf2
 .text.avr-libc.fplib
                0x0000000000009162        0x4 /usr/local/lib/gcc/avr/4.9.2/../../../../avr/lib/avr5/libm.a(mulsf3.o)
                0x0000000000009162                __mulsf3
 .text.avr-libc.fplib
                0x0000000000009166       0xc2 /usr/local/lib/gcc/avr/4.9.2/../../../../avr/lib/avr5/libm.a(mulsf3x.o)
                0x000000000000917a                __mulsf3x
                0x000000000000917e                __mulsf3_pse
                0x0000000000009228                . = ALIGN (0x2)
 *(.fini9)
 .fini9         0x0000000000009228        0x0 /usr/local/lib/gcc/avr/4.9.2/avr5/libgcc.a(_exit.o)
                0x0000000000009228                exit
                0x0000000000009228                _exit
 *(.fini9)
 *(.fini8)
 *(.fini8)
 *(.fini7)
 *(.fini7)
 *(.fini6)
 *(.fini6)
 *(.fini5)
 *(.fini5)
 *(.fini4)
 *(.fini4)
 *(.fini3)
 *(.fini3)
 *(.fini2)
 *(.fini2)
 *(.fini1)
 *(.fini1)
 *(.fini0)
 .fini0         0x0000000000009228        0x4 /usr/local/lib/gcc/avr/4.9.2/avr5/libgcc.a(_exit.o)
 *(.fini0)
                0x000000000000922c                _etext = .

.data           0x0000000000800500        0x2 load address 0x000000000000922c
                0x0000000000800500                PROVIDE (__data_start, .)
 *(.data)
 .data          0x0000000000800500        0x1 uzeboxVideoEngine.o
                0x0000000000800500                spritesOn
 *(.data*)
 *(.rodata)
 *(.rodata*)
 *(.gnu.linkonce.d*)
                0x0000000000800502                . = ALIGN (0x2)
 *fill*         0x0000000000800501        0x1 
                0x0000000000800502                _edata = .
                0x0000000000800502                PROVIDE (__data_end, .)

.bss            0x0000000000800502      0x9d0
                0x0000000000800502                PROVIDE (__bss_start, .)
 *(.bss)
 .bss           0x0000000000800502      0x7b4 uzeboxVideoEngineCore.o
                0x0000000000800502                sprites
                0x000000000080053a                ram_tiles
                0x0000000000800c3a                ram_tiles_restore
                0x0000000000800c8e                sprites_tile_banks
                0x0000000000800c99                Screen
                0x0000000000800ca0                sync_phase
                0x0000000000800ca1                sync_pulse
                0x0000000000800ca2                sync_flags
                0x0000000000800ca7                first_render_line
                0x0000000000800ca8                render_lines_count
                0x0000000000800ca9                joypad1_status_lo
                0x0000000000800cab                joypad1_status_hi
                0x0000000000800cad                joypad2_status_lo
                0x0000000000800caf                joypad2_status_hi
 .bss           0x0000000000800cb6        0x1 uzeboxSoundEngine.o
                0x0000000000800cb6                playSong
 .bss           0x0000000000800cb7       0x23 uzeboxSoundEngineCore.o
                0x0000000000800cb7                sound_enabled
                0x0000000000800cb8                mixer
                0x0000000000800ccb                tr4_params
                0x0000000000800ccc                tr4_barrel_lo
                0x0000000000800ccd                tr4_barrel_hi
 .bss           0x0000000000800cda        0x2 uzeboxVideoEngine.o
                0x0000000000800cda                userRamTilesCount_tmp
                0x0000000000800cdb                userRamTilesCount
 .bss           0x0000000000800cdc        0x8 Iris.o
 *(.bss*)
 *(COMMON)
 COMMON         0x0000000000800ce4        0x1 uzeboxCore.o
                0x0000000000800ce4                joypadsConnectionStatus
 COMMON         0x0000000000800ce5       0x83 uzeboxSoundEngine.o
                0x0000000000800ce5                songStart
                0x0000000000800ce7                tracks
                0x0000000000800d5a                currDeltaTime
                0x0000000000800d5c                patchPointers
                0x0000000000800d5e                lastStatus
                0x0000000000800d5f                masterVolume
                0x0000000000800d60                nextDeltaTime
                0x0000000000800d62                songSpeed
                0x0000000000800d63                songPos
                0x0000000000800d65                loopStart
                0x0000000000800d67                step
 COMMON         0x0000000000800d68        0x6 uzeboxVideoEngine.o
                0x0000000000800d68                fadeSpeed
                0x0000000000800d69                fadeDir
                0x0000000000800d6a                free_tile_index
                0x0000000000800d6b                fadeActive
                0x0000000000800d6c                currFadeFrame
                0x0000000000800d6d                fadeStep
 COMMON         0x0000000000800d6e      0x164 Iris.o
                0x0000000000800d6e                jump_anim
                0x0000000000800d70                scores
                0x0000000000800d90                game
                0x0000000000800e54                prone_anim
                0x0000000000800e56                extendedSprites
                0x0000000000800ec6                run_anim
                0x0000000000800ece                shot_anim
                0x0000000000800ed0                idle_anim
                0x0000000000800ed2                PROVIDE (__bss_end, .)
                0x000000000000922c                __data_load_start = LOADADDR (.data)
                0x000000000000922e                __data_load_end = (__data_load_start + SIZEOF (.data))

.noinit         0x0000000000800100      0x400
                0x0000000000800100                PROVIDE (__noinit_start, .)
 *(.noinit*)
 .noinit        0x0000000000800100      0x400 uzeboxVideoEngineCore.o
                0x0000000000800100                vram
                0x0000000000800500                overlay_vram
                0x0000000000800500                PROVIDE (__noinit_end, .)
                0x0000000000800500                _end = .
                0x0000000000800500                PROVIDE (__heap_start, .)

.eeprom         0x0000000000810000        0x0
 *(.eeprom*)
                0x0000000000810000                __eeprom_end = .

.fuse
 *(.fuse)
 *(.lfuse)
 *(.hfuse)
 *(.efuse)

.lock
 *(.lock*)

.signature
 *(.signature*)

.stab           0x0000000000000000      0x528
 *(.stab)
 .stab          0x0000000000000000      0x15c /usr/local/lib/gcc/avr/4.9.2/avr5/libgcc.a(_udivmodhi4.o)
                                        0x168 (size before relaxing)
 .stab          0x000000000000015c      0x138 /usr/local/lib/gcc/avr/4.9.2/avr5/libgcc.a(_divmodhi4.o)
                                        0x144 (size before relaxing)
 .stab          0x0000000000000294       0x6c /usr/local/lib/gcc/avr/4.9.2/avr5/libgcc.a(_exit.o)
                                         0x78 (size before relaxing)
 .stab          0x0000000000000300       0x9c /usr/local/lib/gcc/avr/4.9.2/avr5/libgcc.a(_tablejump2.o)
                                         0xa8 (size before relaxing)
 .stab          0x000000000000039c       0xd8 /usr/local/lib/gcc/avr/4.9.2/avr5/libgcc.a(_copy_data.o)
                                         0xe4 (size before relaxing)
 .stab          0x0000000000000474       0xb4 /usr/local/lib/gcc/avr/4.9.2/avr5/libgcc.a(_clear_bss.o)
                                         0xc0 (size before relaxing)

.stabstr        0x0000000000000000      0x2a5
 *(.stabstr)
 .stabstr       0x0000000000000000      0x2a5 /usr/local/lib/gcc/avr/4.9.2/avr5/libgcc.a(_udivmodqi4.o)

.stab.excl
 *(.stab.excl)

.stab.exclstr
 *(.stab.exclstr)

.stab.index
 *(.stab.index)

.stab.indexstr
 *(.stab.indexstr)

.comment        0x0000000000000000       0x11
 *(.comment)
 .comment       0x0000000000000000       0x11 uzeboxCore.o
                                         0x12 (size before relaxing)
 .comment       0x0000000000000011       0x12 uzeboxSoundEngine.o
 .comment       0x0000000000000011       0x12 uzeboxVideoEngine.o
 .comment       0x0000000000000011       0x12 Iris.o

.note.gnu.build-id
 *(.note.gnu.build-id)

.debug
 *(.debug)

.line
 *(.line)

.debug_srcinfo
 *(.debug_srcinfo)

.debug_sfnames
 *(.debug_sfnames)

.debug_aranges  0x0000000000000000      0x578
 *(.debug_aranges)
 .debug_aranges
                0x0000000000000000       0xf8 uzeboxVideoEngineCore.o
 .debug_aranges
                0x00000000000000f8       0x90 uzeboxCore.o
 .debug_aranges
                0x0000000000000188       0xf8 uzeboxSoundEngine.o
 .debug_aranges
                0x0000000000000280       0x50 uzeboxSoundEngineCore.o
 .debug_aranges
                0x00000000000002d0      0x110 uzeboxVideoEngine.o
 .debug_aranges
                0x00000000000003e0      0x198 Iris.o

.debug_pubnames
 *(.debug_pubnames)

.debug_info     0x0000000000000000     0x623c
 *(.debug_info .gnu.linkonce.wi.*)
 .debug_info    0x0000000000000000      0x672 /usr/local/lib/gcc/avr/4.9.2/../../../../avr/lib/avr5/crtm644.o
 .debug_info    0x0000000000000672       0x7b uzeboxVideoEngineCore.o
 .debug_info    0x00000000000006ed      0xab8 uzeboxCore.o
 .debug_info    0x00000000000011a5     0x12ce uzeboxSoundEngine.o
 .debug_info    0x0000000000002473       0x72 uzeboxSoundEngineCore.o
 .debug_info    0x00000000000024e5     0x15cd uzeboxVideoEngine.o
 .debug_info    0x0000000000003ab2     0x278a Iris.o

.debug_abbrev   0x0000000000000000     0x1538
 *(.debug_abbrev)
 .debug_abbrev  0x0000000000000000      0x619 /usr/local/lib/gcc/avr/4.9.2/../../../../avr/lib/avr5/crtm644.o
 .debug_abbrev  0x0000000000000619       0x12 uzeboxVideoEngineCore.o
 .debug_abbrev  0x000000000000062b      0x32b uzeboxCore.o
 .debug_abbrev  0x0000000000000956      0x35c uzeboxSoundEngine.o
 .debug_abbrev  0x0000000000000cb2       0x12 uzeboxSoundEngineCore.o
 .debug_abbrev  0x0000000000000cc4      0x3da uzeboxVideoEngine.o
 .debug_abbrev  0x000000000000109e      0x49a Iris.o

.debug_line     0x0000000000000000     0x1b56
 *(.debug_line .debug_line.* .debug_line_end)
 .debug_line    0x0000000000000000       0x1d /usr/local/lib/gcc/avr/4.9.2/../../../../avr/lib/avr5/crtm644.o
 .debug_line    0x000000000000001d      0x5bd uzeboxVideoEngineCore.o
 .debug_line    0x00000000000005da      0x2b9 uzeboxCore.o
 .debug_line    0x0000000000000893      0x3d5 uzeboxSoundEngine.o
 .debug_line    0x0000000000000c68      0x1a9 uzeboxSoundEngineCore.o
 .debug_line    0x0000000000000e11      0x4e5 uzeboxVideoEngine.o
 .debug_line    0x00000000000012f6      0x860 Iris.o

.debug_frame    0x0000000000000000      0xf1c
 *(.debug_frame)
 .debug_frame   0x0000000000000000      0x1cc uzeboxCore.o
 .debug_frame   0x00000000000001cc      0x274 uzeboxSoundEngine.o
 .debug_frame   0x0000000000000440      0x4c4 uzeboxVideoEngine.o
 .debug_frame   0x0000000000000904      0x618 Iris.o

.debug_str      0x0000000000000000     0x16b8
 *(.debug_str)
 .debug_str     0x0000000000000000      0x231 /usr/local/lib/gcc/avr/4.9.2/../../../../avr/lib/avr5/crtm644.o
 .debug_str     0x0000000000000231      0x4b8 uzeboxCore.o
                                        0x514 (size before relaxing)
 .debug_str     0x00000000000006e9      0x3fd uzeboxSoundEngine.o
                                        0x636 (size before relaxing)
 .debug_str     0x0000000000000ae6      0x377 uzeboxVideoEngine.o
                                        0x56c (size before relaxing)
 .debug_str     0x0000000000000e5d      0x85b Iris.o
                                        0xbdd (size before relaxing)

.debug_loc      0x0000000000000000     0x526c
 *(.debug_loc)
 .debug_loc     0x0000000000000000      0x9f9 uzeboxCore.o
 .debug_loc     0x00000000000009f9     0x1148 uzeboxSoundEngine.o
 .debug_loc     0x0000000000001b41     0x1bd7 uzeboxVideoEngine.o
 .debug_loc     0x0000000000003718     0x1b54 Iris.o

.debug_macinfo
 *(.debug_macinfo)

.debug_weaknames
 *(.debug_weaknames)

.debug_funcnames
 *(.debug_funcnames)

.debug_typenames
 *(.debug_typenames)

.debug_varnames
 *(.debug_varnames)

.debug_pubtypes
 *(.debug_pubtypes)

.debug_ranges   0x0000000000000000      0x648
 *(.debug_ranges)
 .debug_ranges  0x0000000000000000       0xf0 uzeboxVideoEngineCore.o
 .debug_ranges  0x00000000000000f0       0x98 uzeboxCore.o
 .debug_ranges  0x0000000000000188      0x130 uzeboxSoundEngine.o
 .debug_ranges  0x00000000000002b8       0x48 uzeboxSoundEngineCore.o
 .debug_ranges  0x0000000000000300      0x148 uzeboxVideoEngine.o
 .debug_ranges  0x0000000000000448      0x200 Iris.o

.debug_macro
 *(.debug_macro)
OUTPUT(Iris.elf elf32-avr)
LOAD linker stubs
