Archive member included to satisfy reference by file (symbol)

/usr/local/lib/gcc/avr/4.9.2/avr5/libgcc.a(_udivmodqi4.o)
                              uzeboxVideoEngine.o (__udivmodqi4)
/usr/local/lib/gcc/avr/4.9.2/avr5/libgcc.a(_udivmodhi4.o)
                              uzeboxVideoEngine.o (__udivmodhi4)
/usr/local/lib/gcc/avr/4.9.2/avr5/libgcc.a(_divmodhi4.o)
                              uzeboxSoundEngine.o (__divmodhi4)
/usr/local/lib/gcc/avr/4.9.2/avr5/libgcc.a(_udivmodsi4.o)
                              uzeboxVideoEngine.o (__udivmodsi4)
/usr/local/lib/gcc/avr/4.9.2/avr5/libgcc.a(_exit.o)
                              /usr/local/lib/gcc/avr/4.9.2/../../../../avr/lib/avr5/crtm644.o (exit)
/usr/local/lib/gcc/avr/4.9.2/avr5/libgcc.a(_copy_data.o)
                              uzeboxVideoEngine.o (__do_copy_data)
/usr/local/lib/gcc/avr/4.9.2/avr5/libgcc.a(_clear_bss.o)
                              uzeboxCore.o (__do_clear_bss)

Allocating common symbols
Common symbol       size              file

songStart           0x2               uzeboxSoundEngine.o
tracks              0x73              uzeboxSoundEngine.o
scores              0x20              Iris.o
fadeSpeed           0x1               uzeboxVideoEngine.o
currDeltaTime       0x2               uzeboxSoundEngine.o
fadeDir             0x1               uzeboxVideoEngine.o
patchPointers       0x2               uzeboxSoundEngine.o
game                0x97              Iris.o
lastStatus          0x1               uzeboxSoundEngine.o
joypadsConnectionStatus
                    0x1               uzeboxCore.o
free_tile_index     0x1               uzeboxVideoEngine.o
fadeActive          0x1               uzeboxVideoEngine.o
masterVolume        0x1               uzeboxSoundEngine.o
nextDeltaTime       0x2               uzeboxSoundEngine.o
songSpeed           0x1               uzeboxSoundEngine.o
songPos             0x2               uzeboxSoundEngine.o
extendedSprites     0x70              Iris.o
loopStart           0x2               uzeboxSoundEngine.o
step                0x1               uzeboxSoundEngine.o
currFadeFrame       0x1               uzeboxVideoEngine.o
fadeStep            0x1               uzeboxVideoEngine.o

Discarded input sections

 .data          0x0000000000000000        0x0 /usr/local/lib/gcc/avr/4.9.2/../../../../avr/lib/avr5/crtm644.o
 .bss           0x0000000000000000        0x0 /usr/local/lib/gcc/avr/4.9.2/../../../../avr/lib/avr5/crtm644.o
 .data          0x0000000000000000        0x0 uzeboxVideoEngineCore.o
 .text.SetSpritesTileBank
                0x0000000000000000       0x12 uzeboxVideoEngineCore.o
 .text.GetTile  0x0000000000000000       0x24 uzeboxVideoEngineCore.o
 .text.GetVsyncCounter
                0x0000000000000000        0xa uzeboxVideoEngineCore.o
 .text.ClearVsyncCounter
                0x0000000000000000        0xa uzeboxVideoEngineCore.o
 .text.WaitUs   0x0000000000000000        0xe uzeboxVideoEngineCore.o
 .text.SetUserPreVsyncCallback
                0x0000000000000000        0xa uzeboxVideoEngineCore.o
 .text.SetUserPostVsyncCallback
                0x0000000000000000        0xa uzeboxVideoEngineCore.o
 .text.IsRunningInEmulator
                0x0000000000000000       0x12 uzeboxVideoEngineCore.o
 .text.WaitClocks
                0x0000000000000000        0x6 uzeboxVideoEngineCore.o
 .text.SetLedOn
                0x0000000000000000        0x4 uzeboxVideoEngineCore.o
 .text.SetLedOff
                0x0000000000000000        0x4 uzeboxVideoEngineCore.o
 .text.ToggleLed
                0x0000000000000000        0x4 uzeboxVideoEngineCore.o
 .text.internal_spi_byte
                0x0000000000000000        0xe uzeboxVideoEngineCore.o
 .text.GetTrueRandomSeed
                0x0000000000000000        0xa uzeboxVideoEngineCore.o
 .text          0x0000000000000000        0x0 uzeboxCore.o
 .data          0x0000000000000000        0x0 uzeboxCore.o
 .bss           0x0000000000000000        0x2 uzeboxCore.o
 .text.SetRenderingParameters
                0x0000000000000000        0xa uzeboxCore.o
 .text.DetectControllers
                0x0000000000000000       0x36 uzeboxCore.o
 .text.FormatEeprom2
                0x0000000000000000       0x98 uzeboxCore.o
 .text.IsPowerSwitchPressed
                0x0000000000000000        0xe uzeboxCore.o
 .text.EepromBlockExists
                0x0000000000000000       0xa4 uzeboxCore.o
 .text.EepromWriteBlock
                0x0000000000000000       0x94 uzeboxCore.o
 .text.EepromReadBlock
                0x0000000000000000       0x66 uzeboxCore.o
 .text.GetPrngNumber
                0x0000000000000000       0x5c uzeboxCore.o
 .text          0x0000000000000000        0x0 uzeboxSoundEngine.o
 .data          0x0000000000000000        0x0 uzeboxSoundEngine.o
 .text.StartSong
                0x0000000000000000       0x52 uzeboxSoundEngine.o
 .text.StopSong
                0x0000000000000000       0x1c uzeboxSoundEngine.o
 .text.ResumeSong
                0x0000000000000000        0x8 uzeboxSoundEngine.o
 .text.SetSongSpeed
                0x0000000000000000        0x6 uzeboxSoundEngine.o
 .text.GetSongSpeed
                0x0000000000000000        0x6 uzeboxSoundEngine.o
 .text.GetMasterVolume
                0x0000000000000000        0x6 uzeboxSoundEngine.o
 .data          0x0000000000000000        0x0 uzeboxSoundEngineCore.o
 .text.SetMixerNoiseParams
                0x0000000000000000       0x10 uzeboxSoundEngineCore.o
 .text.SetMixerVolume
                0x0000000000000000       0x16 uzeboxSoundEngineCore.o
 .text.EnableSoundEngine
                0x0000000000000000        0x8 uzeboxSoundEngineCore.o
 .text          0x0000000000000000        0x0 uzeboxVideoEngine.o
 .text.SetUserRamTilesCount
                0x0000000000000000        0x6 uzeboxVideoEngine.o
 .text.GetUserRamTile
                0x0000000000000000        0xe uzeboxVideoEngine.o
 .text.SetSpriteVisibility
                0x0000000000000000        0x6 uzeboxVideoEngine.o
 .text.Scroll   0x0000000000000000       0x4a uzeboxVideoEngine.o
 .text.SetScrolling
                0x0000000000000000       0x28 uzeboxVideoEngine.o
 .text.MapSprite
                0x0000000000000000       0x80 uzeboxVideoEngine.o
 .text.MapSprite2
                0x0000000000000000       0xa4 uzeboxVideoEngine.o
 .text.MoveSprite
                0x0000000000000000       0x7c uzeboxVideoEngine.o
 .text.PrintLong
                0x0000000000000000       0x8a uzeboxVideoEngine.o
 .text.PrintByte
                0x0000000000000000       0x66 uzeboxVideoEngine.o
 .text.PrintInt
                0x0000000000000000       0x70 uzeboxVideoEngine.o
 .text.PrintBinaryByte
                0x0000000000000000       0x36 uzeboxVideoEngine.o
 .text.PrintHexByte
                0x0000000000000000       0x40 uzeboxVideoEngine.o
 .text.PrintHexInt
                0x0000000000000000       0x24 uzeboxVideoEngine.o
 .text.PrintHexLong
                0x0000000000000000       0x5e uzeboxVideoEngine.o
 .text.PrintRam
                0x0000000000000000       0x36 uzeboxVideoEngine.o
 .text.PrintChar
                0x0000000000000000        0x6 uzeboxVideoEngine.o
 .text.Fill     0x0000000000000000       0x6e uzeboxVideoEngine.o
 .text.FontFill
                0x0000000000000000       0x6c uzeboxVideoEngine.o
 .text.FadeOut  0x0000000000000000       0x18 uzeboxVideoEngine.o
 .text          0x0000000000000000        0x0 Iris.o
 .data          0x0000000000000000        0x0 Iris.o
 .text.LBGetNextFrame
                0x0000000000000000       0x4c Iris.o
 .text.LBGetNextFrameReverse
                0x0000000000000000       0x60 Iris.o
 .text.LBCopyChars
                0x0000000000000000       0x18 Iris.o
 .text.LBPrintStr
                0x0000000000000000       0x62 Iris.o
 .text.LBCollides
                0x0000000000000000       0x54 Iris.o
 .text.LBRandom
                0x0000000000000000       0x6a Iris.o
 .text.LBWaitSeconds
                0x0000000000000000       0x1e Iris.o
 .text.init_game_state
                0x0000000000000000        0x2 Iris.o
 .text.load_eeprom
                0x0000000000000000       0x24 Iris.o
 .text.save_eeprom
                0x0000000000000000        0x4 Iris.o
 .text.fade_through
                0x0000000000000000       0x14 Iris.o
 .text.level_transition
                0x0000000000000000       0x50 Iris.o
 .text.save_score
                0x0000000000000000        0x8 Iris.o
 .text.exit_game
                0x0000000000000000       0x12 Iris.o
 .text.update_level
                0x0000000000000000        0x2 Iris.o
 .text.select_pressed
                0x0000000000000000       0x14 Iris.o
 .text          0x0000000000000000        0x0 /usr/local/lib/gcc/avr/4.9.2/avr5/libgcc.a(_udivmodqi4.o)
 .data          0x0000000000000000        0x0 /usr/local/lib/gcc/avr/4.9.2/avr5/libgcc.a(_udivmodqi4.o)
 .bss           0x0000000000000000        0x0 /usr/local/lib/gcc/avr/4.9.2/avr5/libgcc.a(_udivmodqi4.o)
 .stab          0x0000000000000000       0xf0 /usr/local/lib/gcc/avr/4.9.2/avr5/libgcc.a(_udivmodqi4.o)
 .text.libgcc.mul
                0x0000000000000000        0x0 /usr/local/lib/gcc/avr/4.9.2/avr5/libgcc.a(_udivmodqi4.o)
 .text.libgcc.div
                0x0000000000000000       0x18 /usr/local/lib/gcc/avr/4.9.2/avr5/libgcc.a(_udivmodqi4.o)
 .text.libgcc   0x0000000000000000        0x0 /usr/local/lib/gcc/avr/4.9.2/avr5/libgcc.a(_udivmodqi4.o)
 .text.libgcc.prologue
                0x0000000000000000        0x0 /usr/local/lib/gcc/avr/4.9.2/avr5/libgcc.a(_udivmodqi4.o)
 .text.libgcc.builtins
                0x0000000000000000        0x0 /usr/local/lib/gcc/avr/4.9.2/avr5/libgcc.a(_udivmodqi4.o)
 .text.libgcc.fmul
                0x0000000000000000        0x0 /usr/local/lib/gcc/avr/4.9.2/avr5/libgcc.a(_udivmodqi4.o)
 .text.libgcc.fixed
                0x0000000000000000        0x0 /usr/local/lib/gcc/avr/4.9.2/avr5/libgcc.a(_udivmodqi4.o)
 .text          0x0000000000000000        0x0 /usr/local/lib/gcc/avr/4.9.2/avr5/libgcc.a(_udivmodhi4.o)
 .data          0x0000000000000000        0x0 /usr/local/lib/gcc/avr/4.9.2/avr5/libgcc.a(_udivmodhi4.o)
 .bss           0x0000000000000000        0x0 /usr/local/lib/gcc/avr/4.9.2/avr5/libgcc.a(_udivmodhi4.o)
 .text.libgcc.mul
                0x0000000000000000        0x0 /usr/local/lib/gcc/avr/4.9.2/avr5/libgcc.a(_udivmodhi4.o)
 .text.libgcc   0x0000000000000000        0x0 /usr/local/lib/gcc/avr/4.9.2/avr5/libgcc.a(_udivmodhi4.o)
 .text.libgcc.prologue
                0x0000000000000000        0x0 /usr/local/lib/gcc/avr/4.9.2/avr5/libgcc.a(_udivmodhi4.o)
 .text.libgcc.builtins
                0x0000000000000000        0x0 /usr/local/lib/gcc/avr/4.9.2/avr5/libgcc.a(_udivmodhi4.o)
 .text.libgcc.fmul
                0x0000000000000000        0x0 /usr/local/lib/gcc/avr/4.9.2/avr5/libgcc.a(_udivmodhi4.o)
 .text.libgcc.fixed
                0x0000000000000000        0x0 /usr/local/lib/gcc/avr/4.9.2/avr5/libgcc.a(_udivmodhi4.o)
 .text          0x0000000000000000        0x0 /usr/local/lib/gcc/avr/4.9.2/avr5/libgcc.a(_divmodhi4.o)
 .data          0x0000000000000000        0x0 /usr/local/lib/gcc/avr/4.9.2/avr5/libgcc.a(_divmodhi4.o)
 .bss           0x0000000000000000        0x0 /usr/local/lib/gcc/avr/4.9.2/avr5/libgcc.a(_divmodhi4.o)
 .text.libgcc.mul
                0x0000000000000000        0x0 /usr/local/lib/gcc/avr/4.9.2/avr5/libgcc.a(_divmodhi4.o)
 .text.libgcc   0x0000000000000000        0x0 /usr/local/lib/gcc/avr/4.9.2/avr5/libgcc.a(_divmodhi4.o)
 .text.libgcc.prologue
                0x0000000000000000        0x0 /usr/local/lib/gcc/avr/4.9.2/avr5/libgcc.a(_divmodhi4.o)
 .text.libgcc.builtins
                0x0000000000000000        0x0 /usr/local/lib/gcc/avr/4.9.2/avr5/libgcc.a(_divmodhi4.o)
 .text.libgcc.fmul
                0x0000000000000000        0x0 /usr/local/lib/gcc/avr/4.9.2/avr5/libgcc.a(_divmodhi4.o)
 .text.libgcc.fixed
                0x0000000000000000        0x0 /usr/local/lib/gcc/avr/4.9.2/avr5/libgcc.a(_divmodhi4.o)
 .text          0x0000000000000000        0x0 /usr/local/lib/gcc/avr/4.9.2/avr5/libgcc.a(_udivmodsi4.o)
 .data          0x0000000000000000        0x0 /usr/local/lib/gcc/avr/4.9.2/avr5/libgcc.a(_udivmodsi4.o)
 .bss           0x0000000000000000        0x0 /usr/local/lib/gcc/avr/4.9.2/avr5/libgcc.a(_udivmodsi4.o)
 .stab          0x0000000000000000      0x228 /usr/local/lib/gcc/avr/4.9.2/avr5/libgcc.a(_udivmodsi4.o)
                                        0x234 (size before relaxing)
 .text.libgcc.mul
                0x0000000000000000        0x0 /usr/local/lib/gcc/avr/4.9.2/avr5/libgcc.a(_udivmodsi4.o)
 .text.libgcc.div
                0x0000000000000000       0x44 /usr/local/lib/gcc/avr/4.9.2/avr5/libgcc.a(_udivmodsi4.o)
 .text.libgcc   0x0000000000000000        0x0 /usr/local/lib/gcc/avr/4.9.2/avr5/libgcc.a(_udivmodsi4.o)
 .text.libgcc.prologue
                0x0000000000000000        0x0 /usr/local/lib/gcc/avr/4.9.2/avr5/libgcc.a(_udivmodsi4.o)
 .text.libgcc.builtins
                0x0000000000000000        0x0 /usr/local/lib/gcc/avr/4.9.2/avr5/libgcc.a(_udivmodsi4.o)
 .text.libgcc.fmul
                0x0000000000000000        0x0 /usr/local/lib/gcc/avr/4.9.2/avr5/libgcc.a(_udivmodsi4.o)
 .text.libgcc.fixed
                0x0000000000000000        0x0 /usr/local/lib/gcc/avr/4.9.2/avr5/libgcc.a(_udivmodsi4.o)
 .text          0x0000000000000000        0x0 /usr/local/lib/gcc/avr/4.9.2/avr5/libgcc.a(_exit.o)
 .data          0x0000000000000000        0x0 /usr/local/lib/gcc/avr/4.9.2/avr5/libgcc.a(_exit.o)
 .bss           0x0000000000000000        0x0 /usr/local/lib/gcc/avr/4.9.2/avr5/libgcc.a(_exit.o)
 .text.libgcc.mul
                0x0000000000000000        0x0 /usr/local/lib/gcc/avr/4.9.2/avr5/libgcc.a(_exit.o)
 .text.libgcc.div
                0x0000000000000000        0x0 /usr/local/lib/gcc/avr/4.9.2/avr5/libgcc.a(_exit.o)
 .text.libgcc   0x0000000000000000        0x0 /usr/local/lib/gcc/avr/4.9.2/avr5/libgcc.a(_exit.o)
 .text.libgcc.prologue
                0x0000000000000000        0x0 /usr/local/lib/gcc/avr/4.9.2/avr5/libgcc.a(_exit.o)
 .text.libgcc.builtins
                0x0000000000000000        0x0 /usr/local/lib/gcc/avr/4.9.2/avr5/libgcc.a(_exit.o)
 .text.libgcc.fmul
                0x0000000000000000        0x0 /usr/local/lib/gcc/avr/4.9.2/avr5/libgcc.a(_exit.o)
 .text.libgcc.fixed
                0x0000000000000000        0x0 /usr/local/lib/gcc/avr/4.9.2/avr5/libgcc.a(_exit.o)
 .text          0x0000000000000000        0x0 /usr/local/lib/gcc/avr/4.9.2/avr5/libgcc.a(_copy_data.o)
 .data          0x0000000000000000        0x0 /usr/local/lib/gcc/avr/4.9.2/avr5/libgcc.a(_copy_data.o)
 .bss           0x0000000000000000        0x0 /usr/local/lib/gcc/avr/4.9.2/avr5/libgcc.a(_copy_data.o)
 .text.libgcc.mul
                0x0000000000000000        0x0 /usr/local/lib/gcc/avr/4.9.2/avr5/libgcc.a(_copy_data.o)
 .text.libgcc.div
                0x0000000000000000        0x0 /usr/local/lib/gcc/avr/4.9.2/avr5/libgcc.a(_copy_data.o)
 .text.libgcc   0x0000000000000000        0x0 /usr/local/lib/gcc/avr/4.9.2/avr5/libgcc.a(_copy_data.o)
 .text.libgcc.prologue
                0x0000000000000000        0x0 /usr/local/lib/gcc/avr/4.9.2/avr5/libgcc.a(_copy_data.o)
 .text.libgcc.builtins
                0x0000000000000000        0x0 /usr/local/lib/gcc/avr/4.9.2/avr5/libgcc.a(_copy_data.o)
 .text.libgcc.fmul
                0x0000000000000000        0x0 /usr/local/lib/gcc/avr/4.9.2/avr5/libgcc.a(_copy_data.o)
 .text.libgcc.fixed
                0x0000000000000000        0x0 /usr/local/lib/gcc/avr/4.9.2/avr5/libgcc.a(_copy_data.o)
 .text          0x0000000000000000        0x0 /usr/local/lib/gcc/avr/4.9.2/avr5/libgcc.a(_clear_bss.o)
 .data          0x0000000000000000        0x0 /usr/local/lib/gcc/avr/4.9.2/avr5/libgcc.a(_clear_bss.o)
 .bss           0x0000000000000000        0x0 /usr/local/lib/gcc/avr/4.9.2/avr5/libgcc.a(_clear_bss.o)
 .text.libgcc.mul
                0x0000000000000000        0x0 /usr/local/lib/gcc/avr/4.9.2/avr5/libgcc.a(_clear_bss.o)
 .text.libgcc.div
                0x0000000000000000        0x0 /usr/local/lib/gcc/avr/4.9.2/avr5/libgcc.a(_clear_bss.o)
 .text.libgcc   0x0000000000000000        0x0 /usr/local/lib/gcc/avr/4.9.2/avr5/libgcc.a(_clear_bss.o)
 .text.libgcc.prologue
                0x0000000000000000        0x0 /usr/local/lib/gcc/avr/4.9.2/avr5/libgcc.a(_clear_bss.o)
 .text.libgcc.builtins
                0x0000000000000000        0x0 /usr/local/lib/gcc/avr/4.9.2/avr5/libgcc.a(_clear_bss.o)
 .text.libgcc.fmul
                0x0000000000000000        0x0 /usr/local/lib/gcc/avr/4.9.2/avr5/libgcc.a(_clear_bss.o)
 .text.libgcc.fixed
                0x0000000000000000        0x0 /usr/local/lib/gcc/avr/4.9.2/avr5/libgcc.a(_clear_bss.o)

Memory Configuration

Name             Origin             Length             Attributes
text             0x0000000000000000 0x0000000000020000 xr
data             0x0000000000800060 0x000000000000ffa0 rw !x
eeprom           0x0000000000810000 0x0000000000010000 rw !x
fuse             0x0000000000820000 0x0000000000000400 rw !x
lock             0x0000000000830000 0x0000000000000400 rw !x
signature        0x0000000000840000 0x0000000000000400 rw !x
*default*        0x0000000000000000 0xffffffffffffffff

Linker script and memory map

Address of section .data set to 0x800100
LOAD /usr/local/lib/gcc/avr/4.9.2/../../../../avr/lib/avr5/crtm644.o
Address of section .noinit set to 0x800100
Address of section .data set to 0x800500
LOAD uzeboxVideoEngineCore.o
LOAD uzeboxCore.o
LOAD uzeboxSoundEngine.o
LOAD uzeboxSoundEngineCore.o
LOAD uzeboxVideoEngine.o
LOAD Iris.o
START GROUP
LOAD /usr/local/lib/gcc/avr/4.9.2/avr5/libgcc.a
LOAD /usr/local/lib/gcc/avr/4.9.2/../../../../avr/lib/avr5/libm.a
LOAD /usr/local/lib/gcc/avr/4.9.2/../../../../avr/lib/avr5/libc.a
END GROUP

.hash
 *(.hash)

.dynsym
 *(.dynsym)

.dynstr
 *(.dynstr)

.gnu.version
 *(.gnu.version)

.gnu.version_d
 *(.gnu.version_d)

.gnu.version_r
 *(.gnu.version_r)

.rel.init
 *(.rel.init)

.rela.init
 *(.rela.init)

.rel.text
 *(.rel.text)
 *(.rel.text.*)
 *(.rel.gnu.linkonce.t*)

.rela.text
 *(.rela.text)
 *(.rela.text.*)
 *(.rela.gnu.linkonce.t*)

.rel.fini
 *(.rel.fini)

.rela.fini
 *(.rela.fini)

.rel.rodata
 *(.rel.rodata)
 *(.rel.rodata.*)
 *(.rel.gnu.linkonce.r*)

.rela.rodata
 *(.rela.rodata)
 *(.rela.rodata.*)
 *(.rela.gnu.linkonce.r*)

.rel.data
 *(.rel.data)
 *(.rel.data.*)
 *(.rel.gnu.linkonce.d*)

.rela.data
 *(.rela.data)
 *(.rela.data.*)
 *(.rela.gnu.linkonce.d*)

.rel.ctors
 *(.rel.ctors)

.rela.ctors
 *(.rela.ctors)

.rel.dtors
 *(.rel.dtors)

.rela.dtors
 *(.rela.dtors)

.rel.got
 *(.rel.got)

.rela.got
 *(.rela.got)

.rel.bss
 *(.rel.bss)

.rela.bss
 *(.rela.bss)

.rel.plt
 *(.rel.plt)

.rela.plt
 *(.rela.plt)

.text           0x0000000000000000     0x611a
 *(.vectors)
 .vectors       0x0000000000000000       0x70 /usr/local/lib/gcc/avr/4.9.2/../../../../avr/lib/avr5/crtm644.o
                0x0000000000000000                __vectors
                0x0000000000000000                __vector_default
 *(.vectors)
 *(.progmem.gcc*)
                0x0000000000000070                . = ALIGN (0x2)
                0x0000000000000070                __trampolines_start = .
 *(.trampolines)
 .trampolines   0x0000000000000070        0x0 linker stubs
 *(.trampolines*)
                0x0000000000000070                __trampolines_end = .
 *(.progmem*)
 .progmem.data  0x0000000000000070       0x4e uzeboxCore.o
                0x0000000000000070                io_table
                0x000000000000009e                eeprom_format_table
 .progmem.data  0x00000000000000be       0x1e uzeboxSoundEngine.o
                0x00000000000000be                patchCommands
 .progmem.data  0x00000000000000dc      0x853 uzeboxVideoEngine.o
                0x00000000000000dc                fader
                0x00000000000000e8                map_uzeboxlogo2
                0x00000000000000f9                map_uzeboxlogo
                0x000000000000010f                logo_tileset
                0x000000000000090f                logoInitPatches
                0x0000000000000918                initPatch
 .progmem.data  0x000000000000092f     0x2df7 Iris.o
                0x000000000000092f                default_scores
                0x000000000000094d                strLevels
                0x000000000000095b                strPaused
                0x0000000000000962                strExit
                0x000000000000096b                strLives
                0x0000000000000972                strShield
                0x000000000000097a                strScore
                0x0000000000000981                strSelectHandle
                0x0000000000000992                strHighscores
                0x000000000000099e                str1Player
                0x00000000000009a4                strCopyright
                0x00000000000009b9                my_patches
                0x00000000000009c2                ad_navigate
                0x0000000000000ae4                level_data
                0x0000000000001100                sprites_data
                0x0000000000001d80                map_enemy_spider_1
                0x0000000000001d83                map_enemy_spider_0
                0x0000000000001d86                map_enemy_shark
                0x0000000000001d89                map_enemy_shot
                0x0000000000001d8c                map_hero_shot
                0x0000000000001d8f                map_hero_ship_large
                0x0000000000001d99                map_hero_ship_1
                0x0000000000001d9e                map_hero_ship_0
                0x0000000000001da3                map_hero_prone
                0x0000000000001da8                map_hero_jump
                0x0000000000001db0                map_hero_step_3
                0x0000000000001db8                map_hero_step_2
                0x0000000000001dc0                map_hero_step_1
                0x0000000000001dc8                map_hero_step_0
                0x0000000000001dd0                map_hero_idle
                0x0000000000001dd8                map_explosion_2
                0x0000000000001ddb                map_explosion_1
                0x0000000000001dde                map_explosion_0
                0x0000000000001de1                map_meteor
                0x0000000000001de4                map_up_arrow
                0x0000000000001de7                map_down_arrow
                0x0000000000001dea                map_right_arrow
                0x0000000000001ded                map_none
                0x0000000000001df0                tiles_data
                0x00000000000036b0                map_star
                0x00000000000036b3                map_ice_moon
                0x00000000000036be                map_ice_cloud
                0x00000000000036c1                map_ice_far
                0x00000000000036c4                map_ice_sky
                0x00000000000036c7                map_ice_horizon
                0x00000000000036ca                map_ice_bottom
                0x00000000000036cd                map_ice_right
                0x00000000000036d0                map_ice_middle
                0x00000000000036d3                map_ice_left
                0x00000000000036d6                map_splash
                0x0000000000003723                map_tile_none
                0x0000000000003726                . = ALIGN (0x2)
 *(.jumptables)
 *(.jumptables*)
 *(.lowtext)
 *(.lowtext*)
                0x0000000000003726                __ctors_start = .
 *(.ctors)
                0x0000000000003726                __ctors_end = .
                0x0000000000003726                __dtors_start = .
 *(.dtors)
                0x0000000000003726                __dtors_end = .
 SORT(*)(.ctors)
 SORT(*)(.dtors)
 *(.init0)
 .init0         0x0000000000003726        0x0 /usr/local/lib/gcc/avr/4.9.2/../../../../avr/lib/avr5/crtm644.o
                0x0000000000003726                __init
 *(.init0)
 *(.init1)
 *(.init1)
 *(.init2)
 .init2         0x0000000000003726        0xc /usr/local/lib/gcc/avr/4.9.2/../../../../avr/lib/avr5/crtm644.o
 *(.init2)
 *(.init3)
 *(.init3)
 *(.init4)
 .init4         0x0000000000003732       0x16 /usr/local/lib/gcc/avr/4.9.2/avr5/libgcc.a(_copy_data.o)
                0x0000000000003732                __do_copy_data
 .init4         0x0000000000003748       0x10 /usr/local/lib/gcc/avr/4.9.2/avr5/libgcc.a(_clear_bss.o)
                0x0000000000003748                __do_clear_bss
 *(.init4)
 *(.init5)
 *(.init5)
 *(.init6)
 *(.init6)
 *(.init7)
 .init7         0x0000000000003758       0x16 uzeboxCore.o
                0x0000000000003758                wdt_init
 *(.init7)
 *(.init8)
 .init8         0x000000000000376e       0x82 uzeboxCore.o
                0x000000000000376e                Initialize
 *(.init8)
 *(.init9)
 .init9         0x00000000000037f0        0x8 /usr/local/lib/gcc/avr/4.9.2/../../../../avr/lib/avr5/crtm644.o
 *(.init9)
 *(.text)
 .text          0x00000000000037f8        0x4 /usr/local/lib/gcc/avr/4.9.2/../../../../avr/lib/avr5/crtm644.o
                0x00000000000037f8                __vector_20
                0x00000000000037f8                __vector_1
                0x00000000000037f8                __vector_24
                0x00000000000037f8                __vector_12
                0x00000000000037f8                __bad_interrupt
                0x00000000000037f8                __vector_6
                0x00000000000037f8                __vector_3
                0x00000000000037f8                __vector_23
                0x00000000000037f8                __vector_25
                0x00000000000037f8                __vector_11
                0x00000000000037f8                __vector_17
                0x00000000000037f8                __vector_19
                0x00000000000037f8                __vector_7
                0x00000000000037f8                __vector_27
                0x00000000000037f8                __vector_5
                0x00000000000037f8                __vector_4
                0x00000000000037f8                __vector_9
                0x00000000000037f8                __vector_2
                0x00000000000037f8                __vector_21
                0x00000000000037f8                __vector_15
                0x00000000000037f8                __vector_26
                0x00000000000037f8                __vector_10
                0x00000000000037f8                __vector_16
                0x00000000000037f8                __vector_18
                0x00000000000037f8                __vector_22
 .text          0x00000000000037fc      0x868 uzeboxVideoEngineCore.o
                0x0000000000003b64                CopyFlashTile
                0x0000000000003c82                CopyRamTile
                0x0000000000003d9c                BlitSprite
                0x0000000000003e80                __vector_13
                0x0000000000003f00                __vector_14
 .text          0x0000000000004064      0x180 uzeboxSoundEngineCore.o
                0x0000000000004064                process_music
                0x0000000000004070                update_sound
                0x00000000000041e4                . = ALIGN (0x2)
 *(.text.*)
 .text.SetSpritesTileTable
                0x00000000000041e4        0xa uzeboxVideoEngineCore.o
                0x00000000000041e4                SetSpritesTileTable
 .text.ClearVram
                0x00000000000041ee       0x14 uzeboxVideoEngineCore.o
                0x00000000000041ee                ClearVram
 .text.SetFont  0x0000000000004202        0x8 uzeboxVideoEngineCore.o
                0x0000000000004202                SetFont
 .text.SetTile  0x000000000000420a       0x22 uzeboxVideoEngineCore.o
                0x000000000000420a                SetTile
 .text.SetFontTilesIndex
                0x000000000000422c        0x6 uzeboxVideoEngineCore.o
                0x000000000000422c                SetFontTilesIndex
 .text.SetTileTable
                0x0000000000004232        0xa uzeboxVideoEngineCore.o
                0x0000000000004232                SetTileTable
 .text.GetVsyncFlag
                0x000000000000423c        0x8 uzeboxVideoEngineCore.o
                0x000000000000423c                GetVsyncFlag
 .text.ClearVsyncFlag
                0x0000000000004244        0xc uzeboxVideoEngineCore.o
                0x0000000000004244                ClearVsyncFlag
 .text.ReadJoypad
                0x0000000000004250       0x18 uzeboxVideoEngineCore.o
                0x0000000000004250                ReadJoypad
 .text.WriteEeprom
                0x0000000000004268       0x14 uzeboxVideoEngineCore.o
                0x0000000000004268                WriteEeprom
 .text.ReadEeprom
                0x000000000000427c       0x12 uzeboxVideoEngineCore.o
                0x000000000000427c                ReadEeprom
 .text.wdt_randomize
                0x000000000000428e       0x50 uzeboxVideoEngineCore.o
                0x000000000000428e                wdt_randomize
 .text.__vector_8
                0x00000000000042de       0x44 uzeboxVideoEngineCore.o
                0x00000000000042de                __vector_8
 .text.SoftReset
                0x0000000000004322       0x16 uzeboxCore.o
                0x0000000000004322                SoftReset
 .text.ReadButtons
                0x0000000000004338       0x6c uzeboxCore.o
                0x0000000000004338                ReadButtons
 .text.ReadControllers
                0x00000000000043a4       0x20 uzeboxCore.o
                0x00000000000043a4                ReadControllers
 .text.FormatEeprom
                0x00000000000043c4       0x44 uzeboxCore.o
                0x00000000000043c4                FormatEeprom
 .text.isEepromFormatted
                0x0000000000004408       0x2e uzeboxCore.o
                0x0000000000004408                isEepromFormatted
 .text.PatchCommand00
                0x0000000000004436        0x6 uzeboxSoundEngine.o
                0x0000000000004436                PatchCommand00
 .text.PatchCommand01
                0x000000000000443c       0x10 uzeboxSoundEngine.o
                0x000000000000443c                PatchCommand01
 .text.PatchCommand05
                0x000000000000444c        0xa uzeboxSoundEngine.o
                0x000000000000444c                PatchCommand05
 .text.PatchCommand06
                0x0000000000004456        0xa uzeboxSoundEngine.o
                0x0000000000004456                PatchCommand06
 .text.PatchCommand07
                0x0000000000004460        0x6 uzeboxSoundEngine.o
                0x0000000000004460                PatchCommand07
 .text.PatchCommand09
                0x0000000000004466        0x6 uzeboxSoundEngine.o
                0x0000000000004466                PatchCommand09
 .text.PatchCommand10
                0x000000000000446c        0x6 uzeboxSoundEngine.o
                0x000000000000446c                PatchCommand10
 .text.PatchCommand11
                0x0000000000004472       0x76 uzeboxSoundEngine.o
                0x0000000000004472                PatchCommand11
 .text.PatchCommand12
                0x00000000000044e8        0x6 uzeboxSoundEngine.o
                0x00000000000044e8                PatchCommand12
 .text.PatchCommand13
                0x00000000000044ee        0x6 uzeboxSoundEngine.o
                0x00000000000044ee                PatchCommand13
 .text.PatchCommand02
                0x00000000000044f4        0x8 uzeboxSoundEngine.o
                0x00000000000044f4                PatchCommand02
 .text.PatchCommand03
                0x00000000000044fc        0xe uzeboxSoundEngine.o
                0x00000000000044fc                PatchCommand03
 .text.PatchCommand04
                0x000000000000450a       0x10 uzeboxSoundEngine.o
                0x000000000000450a                PatchCommand04
 .text.PatchCommand08
                0x000000000000451a       0x20 uzeboxSoundEngine.o
                0x000000000000451a                PatchCommand08
 .text.PatchCommand14
                0x000000000000453a       0x54 uzeboxSoundEngine.o
                0x000000000000453a                PatchCommand14
 .text.InitMusicPlayer
                0x000000000000458e       0x44 uzeboxSoundEngine.o
                0x000000000000458e                InitMusicPlayer
 .text.ReadVarLen
                0x00000000000045d2       0x4c uzeboxSoundEngine.o
                0x00000000000045d2                ReadVarLen
 .text.TriggerCommon
                0x000000000000461e      0x11c uzeboxSoundEngine.o
                0x000000000000461e                TriggerCommon
 .text.TriggerFx
                0x000000000000473a       0x90 uzeboxSoundEngine.o
                0x000000000000473a                TriggerFx
 .text.TriggerNote
                0x00000000000047ca       0x80 uzeboxSoundEngine.o
                0x00000000000047ca                TriggerNote
 .text.ProcessMusic
                0x000000000000484a      0x43e uzeboxSoundEngine.o
                0x000000000000484a                ProcessMusic
 .text.SetMasterVolume
                0x0000000000004c88        0x6 uzeboxSoundEngine.o
                0x0000000000004c88                SetMasterVolume
 .text.SetMixerNote
                0x0000000000004c8e       0x2e uzeboxSoundEngineCore.o
                0x0000000000004c8e                SetMixerNote
 .text.SetMixerWave
                0x0000000000004cbc       0x3a uzeboxSoundEngineCore.o
                0x0000000000004cbc                SetMixerWave
 *fill*         0x0000000000004cf6        0xa 
 .text.DisableSoundEngine
                0x0000000000004d00      0xc00 uzeboxSoundEngineCore.o
                0x0000000000004d00                DisableSoundEngine
                0x0000000000004d08                steptable
                0x0000000000004f00                waves
 .text.RestoreBackground
                0x0000000000005900       0x2c uzeboxVideoEngine.o
                0x0000000000005900                RestoreBackground
 .text.ProcessSprites
                0x000000000000592c      0x224 uzeboxVideoEngine.o
                0x000000000000592c                ProcessSprites
 .text.InitializeVideoMode
                0x0000000000005b50       0x1e uzeboxVideoEngine.o
                0x0000000000005b50                InitializeVideoMode
 .text.DrawMap  0x0000000000005b6e       0x9a uzeboxVideoEngine.o
                0x0000000000005b6e                DrawMap2
                0x0000000000005b6e                DrawMap
 .text.Print    0x0000000000005c08       0x36 uzeboxVideoEngine.o
                0x0000000000005c08                Print
 .text.WaitVsync
                0x0000000000005c3e       0x2e uzeboxVideoEngine.o
                0x0000000000005c3e                WaitVsync
 .text.DisplayLogo
                0x0000000000005c6c       0x6e uzeboxVideoEngine.o
                0x0000000000005c6c                DisplayLogo
 .text.doFade   0x0000000000005cda       0x1c uzeboxVideoEngine.o
                0x0000000000005cda                doFade
 .text.FadeIn   0x0000000000005cf6       0x18 uzeboxVideoEngine.o
                0x0000000000005cf6                FadeIn
 .text.ProcessFading
                0x0000000000005d0e       0x4a uzeboxVideoEngine.o
                0x0000000000005d0e                ProcessFading
 .text.VideoModeVsync
                0x0000000000005d58        0x8 uzeboxVideoEngine.o
                0x0000000000005d58                VideoModeVsync
 .text.LBGetJoyPadState
                0x0000000000005d60       0x96 Iris.o
                0x0000000000005d60                LBGetJoyPadState
 .text.LBMapSprite
                0x0000000000005df6       0xa4 Iris.o
                0x0000000000005df6                LBMapSprite
 .text.LBMoveSprite
                0x0000000000005e9a       0x7c Iris.o
                0x0000000000005e9a                LBMoveSprite
 .text.LBRotateSprites
                0x0000000000005f16       0x66 Iris.o
                0x0000000000005f16                LBRotateSprites
 .text.clear_sprites
                0x0000000000005f7c       0x24 Iris.o
                0x0000000000005f7c                clear_sprites
 .text.load_splash
                0x0000000000005fa0       0x8c Iris.o
                0x0000000000005fa0                load_splash
 .text.update_splash
                0x000000000000602c       0x46 Iris.o
                0x000000000000602c                update_splash
 .text.startup.main
                0x0000000000006072       0x54 Iris.o
                0x0000000000006072                main
 .text.libgcc.div
                0x00000000000060c6       0x28 /usr/local/lib/gcc/avr/4.9.2/avr5/libgcc.a(_udivmodhi4.o)
                0x00000000000060c6                __udivmodhi4
 .text.libgcc.div
                0x00000000000060ee       0x28 /usr/local/lib/gcc/avr/4.9.2/avr5/libgcc.a(_divmodhi4.o)
                0x00000000000060ee                __divmodhi4
                0x00000000000060ee                _div
                0x0000000000006116                . = ALIGN (0x2)
 *(.fini9)
 .fini9         0x0000000000006116        0x0 /usr/local/lib/gcc/avr/4.9.2/avr5/libgcc.a(_exit.o)
                0x0000000000006116                exit
                0x0000000000006116                _exit
 *(.fini9)
 *(.fini8)
 *(.fini8)
 *(.fini7)
 *(.fini7)
 *(.fini6)
 *(.fini6)
 *(.fini5)
 *(.fini5)
 *(.fini4)
 *(.fini4)
 *(.fini3)
 *(.fini3)
 *(.fini2)
 *(.fini2)
 *(.fini1)
 *(.fini1)
 *(.fini0)
 .fini0         0x0000000000006116        0x4 /usr/local/lib/gcc/avr/4.9.2/avr5/libgcc.a(_exit.o)
 *(.fini0)
                0x000000000000611a                _etext = .

.data           0x0000000000800500        0x2 load address 0x000000000000611a
                0x0000000000800500                PROVIDE (__data_start, .)
 *(.data)
 .data          0x0000000000800500        0x1 uzeboxVideoEngine.o
                0x0000000000800500                spritesOn
 *(.data*)
 *(.rodata)
 *(.rodata*)
 *(.gnu.linkonce.d*)
                0x0000000000800502                . = ALIGN (0x2)
 *fill*         0x0000000000800501        0x1 
                0x0000000000800502                _edata = .
                0x0000000000800502                PROVIDE (__data_end, .)

.bss            0x0000000000800502      0x993
                0x0000000000800502                PROVIDE (__bss_start, .)
 *(.bss)
 .bss           0x0000000000800502      0x7b4 uzeboxVideoEngineCore.o
                0x0000000000800502                sprites
                0x000000000080053a                ram_tiles
                0x0000000000800c3a                ram_tiles_restore
                0x0000000000800c8e                sprites_tile_banks
                0x0000000000800c99                Screen
                0x0000000000800ca0                sync_phase
                0x0000000000800ca1                sync_pulse
                0x0000000000800ca2                sync_flags
                0x0000000000800ca7                first_render_line
                0x0000000000800ca8                render_lines_count
                0x0000000000800ca9                joypad1_status_lo
                0x0000000000800cab                joypad1_status_hi
                0x0000000000800cad                joypad2_status_lo
                0x0000000000800caf                joypad2_status_hi
 .bss           0x0000000000800cb6        0x1 uzeboxSoundEngine.o
                0x0000000000800cb6                playSong
 .bss           0x0000000000800cb7       0x23 uzeboxSoundEngineCore.o
                0x0000000000800cb7                sound_enabled
                0x0000000000800cb8                mixer
                0x0000000000800ccb                tr4_params
                0x0000000000800ccc                tr4_barrel_lo
                0x0000000000800ccd                tr4_barrel_hi
 .bss           0x0000000000800cda        0x2 uzeboxVideoEngine.o
                0x0000000000800cda                userRamTilesCount_tmp
                0x0000000000800cdb                userRamTilesCount
 .bss           0x0000000000800cdc        0x8 Iris.o
 *(.bss*)
 *(COMMON)
 COMMON         0x0000000000800ce4        0x1 uzeboxCore.o
                0x0000000000800ce4                joypadsConnectionStatus
 COMMON         0x0000000000800ce5       0x83 uzeboxSoundEngine.o
                0x0000000000800ce5                songStart
                0x0000000000800ce7                tracks
                0x0000000000800d5a                currDeltaTime
                0x0000000000800d5c                patchPointers
                0x0000000000800d5e                lastStatus
                0x0000000000800d5f                masterVolume
                0x0000000000800d60                nextDeltaTime
                0x0000000000800d62                songSpeed
                0x0000000000800d63                songPos
                0x0000000000800d65                loopStart
                0x0000000000800d67                step
 COMMON         0x0000000000800d68        0x6 uzeboxVideoEngine.o
                0x0000000000800d68                fadeSpeed
                0x0000000000800d69                fadeDir
                0x0000000000800d6a                free_tile_index
                0x0000000000800d6b                fadeActive
                0x0000000000800d6c                currFadeFrame
                0x0000000000800d6d                fadeStep
 COMMON         0x0000000000800d6e      0x127 Iris.o
                0x0000000000800d6e                scores
                0x0000000000800d8e                game
                0x0000000000800e25                extendedSprites
                0x0000000000800e95                PROVIDE (__bss_end, .)
                0x000000000000611a                __data_load_start = LOADADDR (.data)
                0x000000000000611c                __data_load_end = (__data_load_start + SIZEOF (.data))

.noinit         0x0000000000800100      0x400
                0x0000000000800100                PROVIDE (__noinit_start, .)
 *(.noinit*)
 .noinit        0x0000000000800100      0x400 uzeboxVideoEngineCore.o
                0x0000000000800100                vram
                0x0000000000800500                overlay_vram
                0x0000000000800500                PROVIDE (__noinit_end, .)
                0x0000000000800500                _end = .
                0x0000000000800500                PROVIDE (__heap_start, .)

.eeprom         0x0000000000810000        0x0
 *(.eeprom*)
                0x0000000000810000                __eeprom_end = .

.fuse
 *(.fuse)
 *(.lfuse)
 *(.hfuse)
 *(.efuse)

.lock
 *(.lock*)

.signature
 *(.signature*)

.stab           0x0000000000000000      0x48c
 *(.stab)
 .stab          0x0000000000000000      0x15c /usr/local/lib/gcc/avr/4.9.2/avr5/libgcc.a(_udivmodhi4.o)
                                        0x168 (size before relaxing)
 .stab          0x000000000000015c      0x138 /usr/local/lib/gcc/avr/4.9.2/avr5/libgcc.a(_divmodhi4.o)
                                        0x144 (size before relaxing)
 .stab          0x0000000000000294       0x6c /usr/local/lib/gcc/avr/4.9.2/avr5/libgcc.a(_exit.o)
                                         0x78 (size before relaxing)
 .stab          0x0000000000000300       0xd8 /usr/local/lib/gcc/avr/4.9.2/avr5/libgcc.a(_copy_data.o)
                                         0xe4 (size before relaxing)
 .stab          0x00000000000003d8       0xb4 /usr/local/lib/gcc/avr/4.9.2/avr5/libgcc.a(_clear_bss.o)
                                         0xc0 (size before relaxing)

.stabstr        0x0000000000000000      0x256
 *(.stabstr)
 .stabstr       0x0000000000000000      0x256 /usr/local/lib/gcc/avr/4.9.2/avr5/libgcc.a(_udivmodqi4.o)

.stab.excl
 *(.stab.excl)

.stab.exclstr
 *(.stab.exclstr)

.stab.index
 *(.stab.index)

.stab.indexstr
 *(.stab.indexstr)

.comment        0x0000000000000000       0x11
 *(.comment)
 .comment       0x0000000000000000       0x11 uzeboxCore.o
                                         0x12 (size before relaxing)
 .comment       0x0000000000000011       0x12 uzeboxSoundEngine.o
 .comment       0x0000000000000011       0x12 uzeboxVideoEngine.o
 .comment       0x0000000000000011       0x12 Iris.o

.note.gnu.build-id
 *(.note.gnu.build-id)

.debug
 *(.debug)

.line
 *(.line)

.debug_srcinfo
 *(.debug_srcinfo)

.debug_sfnames
 *(.debug_sfnames)

.debug_aranges  0x0000000000000000      0x4b8
 *(.debug_aranges)
 .debug_aranges
                0x0000000000000000       0xf8 uzeboxVideoEngineCore.o
 .debug_aranges
                0x00000000000000f8       0x90 uzeboxCore.o
 .debug_aranges
                0x0000000000000188       0xf8 uzeboxSoundEngine.o
 .debug_aranges
                0x0000000000000280       0x50 uzeboxSoundEngineCore.o
 .debug_aranges
                0x00000000000002d0      0x110 uzeboxVideoEngine.o
 .debug_aranges
                0x00000000000003e0       0xd8 Iris.o

.debug_pubnames
 *(.debug_pubnames)

.debug_info     0x0000000000000000     0x52f4
 *(.debug_info .gnu.linkonce.wi.*)
 .debug_info    0x0000000000000000      0x672 /usr/local/lib/gcc/avr/4.9.2/../../../../avr/lib/avr5/crtm644.o
 .debug_info    0x0000000000000672       0x7b uzeboxVideoEngineCore.o
 .debug_info    0x00000000000006ed      0xab8 uzeboxCore.o
 .debug_info    0x00000000000011a5     0x12ce uzeboxSoundEngine.o
 .debug_info    0x0000000000002473       0x72 uzeboxSoundEngineCore.o
 .debug_info    0x00000000000024e5     0x15cd uzeboxVideoEngine.o
 .debug_info    0x0000000000003ab2     0x1842 Iris.o

.debug_abbrev   0x0000000000000000     0x13d0
 *(.debug_abbrev)
 .debug_abbrev  0x0000000000000000      0x619 /usr/local/lib/gcc/avr/4.9.2/../../../../avr/lib/avr5/crtm644.o
 .debug_abbrev  0x0000000000000619       0x12 uzeboxVideoEngineCore.o
 .debug_abbrev  0x000000000000062b      0x32b uzeboxCore.o
 .debug_abbrev  0x0000000000000956      0x35c uzeboxSoundEngine.o
 .debug_abbrev  0x0000000000000cb2       0x12 uzeboxSoundEngineCore.o
 .debug_abbrev  0x0000000000000cc4      0x3da uzeboxVideoEngine.o
 .debug_abbrev  0x000000000000109e      0x332 Iris.o

.debug_line     0x0000000000000000     0x16c5
 *(.debug_line .debug_line.* .debug_line_end)
 .debug_line    0x0000000000000000       0x1d /usr/local/lib/gcc/avr/4.9.2/../../../../avr/lib/avr5/crtm644.o
 .debug_line    0x000000000000001d      0x5bd uzeboxVideoEngineCore.o
 .debug_line    0x00000000000005da      0x2b9 uzeboxCore.o
 .debug_line    0x0000000000000893      0x3d5 uzeboxSoundEngine.o
 .debug_line    0x0000000000000c68      0x1a9 uzeboxSoundEngineCore.o
 .debug_line    0x0000000000000e11      0x4e5 uzeboxVideoEngine.o
 .debug_line    0x00000000000012f6      0x3cf Iris.o

.debug_frame    0x0000000000000000      0xba4
 *(.debug_frame)
 .debug_frame   0x0000000000000000      0x1cc uzeboxCore.o
 .debug_frame   0x00000000000001cc      0x274 uzeboxSoundEngine.o
 .debug_frame   0x0000000000000440      0x4c4 uzeboxVideoEngine.o
 .debug_frame   0x0000000000000904      0x2a0 Iris.o

.debug_str      0x0000000000000000     0x14bc
 *(.debug_str)
 .debug_str     0x0000000000000000      0x231 /usr/local/lib/gcc/avr/4.9.2/../../../../avr/lib/avr5/crtm644.o
 .debug_str     0x0000000000000231      0x4b8 uzeboxCore.o
                                        0x514 (size before relaxing)
 .debug_str     0x00000000000006e9      0x3fc uzeboxSoundEngine.o
                                        0x636 (size before relaxing)
 .debug_str     0x0000000000000ae5      0x38e uzeboxVideoEngine.o
                                        0x56c (size before relaxing)
 .debug_str     0x0000000000000e73      0x649 Iris.o
                                        0x97a (size before relaxing)

.debug_loc      0x0000000000000000     0x427f
 *(.debug_loc)
 .debug_loc     0x0000000000000000      0x9f9 uzeboxCore.o
 .debug_loc     0x00000000000009f9     0x1148 uzeboxSoundEngine.o
 .debug_loc     0x0000000000001b41     0x1bd7 uzeboxVideoEngine.o
 .debug_loc     0x0000000000003718      0xb67 Iris.o

.debug_macinfo
 *(.debug_macinfo)

.debug_weaknames
 *(.debug_weaknames)

.debug_funcnames
 *(.debug_funcnames)

.debug_typenames
 *(.debug_typenames)

.debug_varnames
 *(.debug_varnames)

.debug_pubtypes
 *(.debug_pubtypes)

.debug_ranges   0x0000000000000000      0x540
 *(.debug_ranges)
 .debug_ranges  0x0000000000000000       0xf0 uzeboxVideoEngineCore.o
 .debug_ranges  0x00000000000000f0       0x98 uzeboxCore.o
 .debug_ranges  0x0000000000000188      0x130 uzeboxSoundEngine.o
 .debug_ranges  0x00000000000002b8       0x48 uzeboxSoundEngineCore.o
 .debug_ranges  0x0000000000000300      0x148 uzeboxVideoEngine.o
 .debug_ranges  0x0000000000000448       0xf8 Iris.o

.debug_macro
 *(.debug_macro)
OUTPUT(Iris.elf elf32-avr)
LOAD linker stubs
