Archive member included to satisfy reference by file (symbol)

/usr/local/lib/gcc/avr/4.9.2/avr5/libgcc.a(_udivmodqi4.o)
                              uzeboxVideoEngine.o (__udivmodqi4)
/usr/local/lib/gcc/avr/4.9.2/avr5/libgcc.a(_divmodqi4.o)
                              Iris.o (__divmodqi4)
/usr/local/lib/gcc/avr/4.9.2/avr5/libgcc.a(_udivmodhi4.o)
                              uzeboxVideoEngine.o (__udivmodhi4)
/usr/local/lib/gcc/avr/4.9.2/avr5/libgcc.a(_divmodhi4.o)
                              uzeboxSoundEngine.o (__divmodhi4)
/usr/local/lib/gcc/avr/4.9.2/avr5/libgcc.a(_udivmodsi4.o)
                              uzeboxVideoEngine.o (__udivmodsi4)
/usr/local/lib/gcc/avr/4.9.2/avr5/libgcc.a(_exit.o)
                              /usr/local/lib/gcc/avr/4.9.2/../../../../avr/lib/avr5/crtm644.o (exit)
/usr/local/lib/gcc/avr/4.9.2/avr5/libgcc.a(_tablejump2.o)
                              Iris.o (__tablejump2__)
/usr/local/lib/gcc/avr/4.9.2/avr5/libgcc.a(_copy_data.o)
                              uzeboxVideoEngine.o (__do_copy_data)
/usr/local/lib/gcc/avr/4.9.2/avr5/libgcc.a(_clear_bss.o)
                              uzeboxCore.o (__do_clear_bss)
/usr/local/lib/gcc/avr/4.9.2/../../../../avr/lib/avr5/libm.a(addsf3.o)
                              Iris.o (__subsf3)
/usr/local/lib/gcc/avr/4.9.2/../../../../avr/lib/avr5/libm.a(addsf3x.o)
                              /usr/local/lib/gcc/avr/4.9.2/../../../../avr/lib/avr5/libm.a(addsf3.o) (__addsf3x)
/usr/local/lib/gcc/avr/4.9.2/../../../../avr/lib/avr5/libm.a(cmpsf2.o)
                              Iris.o (__ltsf2)
/usr/local/lib/gcc/avr/4.9.2/../../../../avr/lib/avr5/libm.a(fixsfsi.o)
                              Iris.o (__fixsfsi)
/usr/local/lib/gcc/avr/4.9.2/../../../../avr/lib/avr5/libm.a(fixunssfsi.o)
                              Iris.o (__fixunssfsi)
/usr/local/lib/gcc/avr/4.9.2/../../../../avr/lib/avr5/libm.a(floatsisf.o)
                              Iris.o (__floatunsisf)
/usr/local/lib/gcc/avr/4.9.2/../../../../avr/lib/avr5/libm.a(fp_cmp.o)
                              /usr/local/lib/gcc/avr/4.9.2/../../../../avr/lib/avr5/libm.a(cmpsf2.o) (__fp_cmp)
/usr/local/lib/gcc/avr/4.9.2/../../../../avr/lib/avr5/libm.a(fp_inf.o)
                              /usr/local/lib/gcc/avr/4.9.2/../../../../avr/lib/avr5/libm.a(addsf3x.o) (__fp_inf)
/usr/local/lib/gcc/avr/4.9.2/../../../../avr/lib/avr5/libm.a(fp_nan.o)
                              /usr/local/lib/gcc/avr/4.9.2/../../../../avr/lib/avr5/libm.a(addsf3x.o) (__fp_nan)
/usr/local/lib/gcc/avr/4.9.2/../../../../avr/lib/avr5/libm.a(fp_pscA.o)
                              /usr/local/lib/gcc/avr/4.9.2/../../../../avr/lib/avr5/libm.a(addsf3x.o) (__fp_pscA)
/usr/local/lib/gcc/avr/4.9.2/../../../../avr/lib/avr5/libm.a(fp_pscB.o)
                              /usr/local/lib/gcc/avr/4.9.2/../../../../avr/lib/avr5/libm.a(addsf3x.o) (__fp_pscB)
/usr/local/lib/gcc/avr/4.9.2/../../../../avr/lib/avr5/libm.a(fp_round.o)
                              /usr/local/lib/gcc/avr/4.9.2/../../../../avr/lib/avr5/libm.a(addsf3.o) (__fp_round)
/usr/local/lib/gcc/avr/4.9.2/../../../../avr/lib/avr5/libm.a(fp_split3.o)
                              /usr/local/lib/gcc/avr/4.9.2/../../../../avr/lib/avr5/libm.a(addsf3x.o) (__fp_split3)
/usr/local/lib/gcc/avr/4.9.2/../../../../avr/lib/avr5/libm.a(fp_zero.o)
                              /usr/local/lib/gcc/avr/4.9.2/../../../../avr/lib/avr5/libm.a(addsf3x.o) (__fp_zero)
/usr/local/lib/gcc/avr/4.9.2/../../../../avr/lib/avr5/libm.a(gesf2.o)
                              Iris.o (__gesf2)
/usr/local/lib/gcc/avr/4.9.2/../../../../avr/lib/avr5/libm.a(mulsf3.o)
                              Iris.o (__mulsf3)
/usr/local/lib/gcc/avr/4.9.2/../../../../avr/lib/avr5/libm.a(mulsf3x.o)
                              /usr/local/lib/gcc/avr/4.9.2/../../../../avr/lib/avr5/libm.a(mulsf3.o) (__mulsf3x)
/usr/local/lib/gcc/avr/4.9.2/../../../../avr/lib/avr5/libc.a(strnlen_P.o)
                              Iris.o (strnlen_P)

Allocating common symbols
Common symbol       size              file

songStart           0x2               uzeboxSoundEngine.o
font_tiles_map      0x2               Iris.o
tracks              0x73              uzeboxSoundEngine.o
boss_run_anim       0x8               Iris.o
jump_anim           0x2               Iris.o
scores              0x20              Iris.o
fadeSpeed           0x1               uzeboxVideoEngine.o
currDeltaTime       0x2               uzeboxSoundEngine.o
fadeDir             0x1               uzeboxVideoEngine.o
patchPointers       0x2               uzeboxSoundEngine.o
game                0x248             Iris.o
lastStatus          0x1               uzeboxSoundEngine.o
joypadsConnectionStatus
                    0x1               uzeboxCore.o
free_tile_index     0x1               uzeboxVideoEngine.o
fadeActive          0x1               uzeboxVideoEngine.o
masterVolume        0x1               uzeboxSoundEngine.o
prone_anim          0x2               Iris.o
nextDeltaTime       0x2               uzeboxSoundEngine.o
spider_anim         0x4               Iris.o
songSpeed           0x1               uzeboxSoundEngine.o
songPos             0x2               uzeboxSoundEngine.o
shark_anim          0x2               Iris.o
extendedSprites     0x50              Iris.o
run_anim            0x8               Iris.o
boss_jump_anim      0x2               Iris.o
enemy_shot_anim     0x2               Iris.o
loopStart           0x2               uzeboxSoundEngine.o
boss_shot_anim      0x2               Iris.o
shot_anim           0x2               Iris.o
step                0x1               uzeboxSoundEngine.o
expl_anim           0x6               Iris.o
currFadeFrame       0x1               uzeboxVideoEngine.o
fadeStep            0x1               uzeboxVideoEngine.o
boss_idle_anim      0x2               Iris.o
idle_anim           0x2               Iris.o

Discarded input sections

 .data          0x0000000000000000        0x0 /usr/local/lib/gcc/avr/4.9.2/../../../../avr/lib/avr5/crtm644.o
 .bss           0x0000000000000000        0x0 /usr/local/lib/gcc/avr/4.9.2/../../../../avr/lib/avr5/crtm644.o
 .data          0x0000000000000000        0x0 uzeboxVideoEngineCore.o
 .text.SetSpritesTileBank
                0x0000000000000000       0x12 uzeboxVideoEngineCore.o
 .text.SetFont  0x0000000000000000        0x8 uzeboxVideoEngineCore.o
 .text.SetFontTilesIndex
                0x0000000000000000        0x6 uzeboxVideoEngineCore.o
 .text.GetTile  0x0000000000000000       0x24 uzeboxVideoEngineCore.o
 .text.GetVsyncCounter
                0x0000000000000000        0xa uzeboxVideoEngineCore.o
 .text.ClearVsyncCounter
                0x0000000000000000        0xa uzeboxVideoEngineCore.o
 .text.SetUserPreVsyncCallback
                0x0000000000000000        0xa uzeboxVideoEngineCore.o
 .text.SetUserPostVsyncCallback
                0x0000000000000000        0xa uzeboxVideoEngineCore.o
 .text.IsRunningInEmulator
                0x0000000000000000       0x12 uzeboxVideoEngineCore.o
 .text.WaitClocks
                0x0000000000000000        0x6 uzeboxVideoEngineCore.o
 .text.SetLedOn
                0x0000000000000000        0x4 uzeboxVideoEngineCore.o
 .text.SetLedOff
                0x0000000000000000        0x4 uzeboxVideoEngineCore.o
 .text.ToggleLed
                0x0000000000000000        0x4 uzeboxVideoEngineCore.o
 .text.internal_spi_byte
                0x0000000000000000        0xe uzeboxVideoEngineCore.o
 .text          0x0000000000000000        0x0 uzeboxCore.o
 .data          0x0000000000000000        0x0 uzeboxCore.o
 .text.SetRenderingParameters
                0x0000000000000000        0xa uzeboxCore.o
 .text.DetectControllers
                0x0000000000000000       0x36 uzeboxCore.o
 .text.FormatEeprom2
                0x0000000000000000       0x98 uzeboxCore.o
 .text.IsPowerSwitchPressed
                0x0000000000000000        0xe uzeboxCore.o
 .text          0x0000000000000000        0x0 uzeboxSoundEngine.o
 .data          0x0000000000000000        0x0 uzeboxSoundEngine.o
 .text.ResumeSong
                0x0000000000000000        0x8 uzeboxSoundEngine.o
 .text.SetSongSpeed
                0x0000000000000000        0x6 uzeboxSoundEngine.o
 .text.GetSongSpeed
                0x0000000000000000        0x6 uzeboxSoundEngine.o
 .text.GetMasterVolume
                0x0000000000000000        0x6 uzeboxSoundEngine.o
 .data          0x0000000000000000        0x0 uzeboxSoundEngineCore.o
 .text.SetMixerNoiseParams
                0x0000000000000000       0x10 uzeboxSoundEngineCore.o
 .text.SetMixerVolume
                0x0000000000000000       0x16 uzeboxSoundEngineCore.o
 .text.EnableSoundEngine
                0x0000000000000000        0x8 uzeboxSoundEngineCore.o
 .text          0x0000000000000000        0x0 uzeboxVideoEngine.o
 .text.SetUserRamTilesCount
                0x0000000000000000        0x6 uzeboxVideoEngine.o
 .text.GetUserRamTile
                0x0000000000000000        0xe uzeboxVideoEngine.o
 .text.SetSpriteVisibility
                0x0000000000000000        0x6 uzeboxVideoEngine.o
 .text.SetScrolling
                0x0000000000000000       0x28 uzeboxVideoEngine.o
 .text.MapSprite
                0x0000000000000000       0x80 uzeboxVideoEngine.o
 .text.MapSprite2
                0x0000000000000000       0xa4 uzeboxVideoEngine.o
 .text.MoveSprite
                0x0000000000000000       0x7c uzeboxVideoEngine.o
 .text.PrintLong
                0x0000000000000000       0x8a uzeboxVideoEngine.o
 .text.PrintByte
                0x0000000000000000       0x66 uzeboxVideoEngine.o
 .text.PrintInt
                0x0000000000000000       0x70 uzeboxVideoEngine.o
 .text.PrintBinaryByte
                0x0000000000000000       0x36 uzeboxVideoEngine.o
 .text.PrintHexByte
                0x0000000000000000       0x40 uzeboxVideoEngine.o
 .text.PrintHexInt
                0x0000000000000000       0x24 uzeboxVideoEngine.o
 .text.PrintHexLong
                0x0000000000000000       0x5e uzeboxVideoEngine.o
 .text.Print    0x0000000000000000       0x36 uzeboxVideoEngine.o
 .text.PrintRam
                0x0000000000000000       0x36 uzeboxVideoEngine.o
 .text.PrintChar
                0x0000000000000000        0x6 uzeboxVideoEngine.o
 .text.Fill     0x0000000000000000       0x6e uzeboxVideoEngine.o
 .text.FontFill
                0x0000000000000000       0x6c uzeboxVideoEngine.o
 .text          0x0000000000000000        0x0 Iris.o
 .text.LBGetNextFrameReverse
                0x0000000000000000       0x60 Iris.o
 .text.LBResetJoyPadState
                0x0000000000000000       0x12 Iris.o
 .text.LBCopyChars
                0x0000000000000000       0x18 Iris.o
 .text.LBSetFontTilesMap
                0x0000000000000000        0xa Iris.o
 .text.LBPrintStr
                0x0000000000000000       0x62 Iris.o
 .text.save_eeprom
                0x0000000000000000        0x4 Iris.o
 .text.render_level_tile
                0x0000000000000000        0xe Iris.o
 .text.get_camera_x
                0x0000000000000000        0x4 Iris.o
 .text.get_camera_y
                0x0000000000000000        0x4 Iris.o
 .text.get_hero_spawn_x
                0x0000000000000000        0x4 Iris.o
 .text.get_hero_spawn_y
                0x0000000000000000        0x4 Iris.o
 .text.get_boss_spawn_x
                0x0000000000000000        0x4 Iris.o
 .text.get_boss_spawn_y
                0x0000000000000000        0x4 Iris.o
 .text.solid_tile
                0x0000000000000000        0xe Iris.o
 .text.level_hazard
                0x0000000000000000       0x14 Iris.o
 .text          0x0000000000000000        0x0 /usr/local/lib/gcc/avr/4.9.2/avr5/libgcc.a(_udivmodqi4.o)
 .data          0x0000000000000000        0x0 /usr/local/lib/gcc/avr/4.9.2/avr5/libgcc.a(_udivmodqi4.o)
 .bss           0x0000000000000000        0x0 /usr/local/lib/gcc/avr/4.9.2/avr5/libgcc.a(_udivmodqi4.o)
 .text.libgcc.mul
                0x0000000000000000        0x0 /usr/local/lib/gcc/avr/4.9.2/avr5/libgcc.a(_udivmodqi4.o)
 .text.libgcc   0x0000000000000000        0x0 /usr/local/lib/gcc/avr/4.9.2/avr5/libgcc.a(_udivmodqi4.o)
 .text.libgcc.prologue
                0x0000000000000000        0x0 /usr/local/lib/gcc/avr/4.9.2/avr5/libgcc.a(_udivmodqi4.o)
 .text.libgcc.builtins
                0x0000000000000000        0x0 /usr/local/lib/gcc/avr/4.9.2/avr5/libgcc.a(_udivmodqi4.o)
 .text.libgcc.fmul
                0x0000000000000000        0x0 /usr/local/lib/gcc/avr/4.9.2/avr5/libgcc.a(_udivmodqi4.o)
 .text.libgcc.fixed
                0x0000000000000000        0x0 /usr/local/lib/gcc/avr/4.9.2/avr5/libgcc.a(_udivmodqi4.o)
 .text          0x0000000000000000        0x0 /usr/local/lib/gcc/avr/4.9.2/avr5/libgcc.a(_divmodqi4.o)
 .data          0x0000000000000000        0x0 /usr/local/lib/gcc/avr/4.9.2/avr5/libgcc.a(_divmodqi4.o)
 .bss           0x0000000000000000        0x0 /usr/local/lib/gcc/avr/4.9.2/avr5/libgcc.a(_divmodqi4.o)
 .text.libgcc.mul
                0x0000000000000000        0x0 /usr/local/lib/gcc/avr/4.9.2/avr5/libgcc.a(_divmodqi4.o)
 .text.libgcc   0x0000000000000000        0x0 /usr/local/lib/gcc/avr/4.9.2/avr5/libgcc.a(_divmodqi4.o)
 .text.libgcc.prologue
                0x0000000000000000        0x0 /usr/local/lib/gcc/avr/4.9.2/avr5/libgcc.a(_divmodqi4.o)
 .text.libgcc.builtins
                0x0000000000000000        0x0 /usr/local/lib/gcc/avr/4.9.2/avr5/libgcc.a(_divmodqi4.o)
 .text.libgcc.fmul
                0x0000000000000000        0x0 /usr/local/lib/gcc/avr/4.9.2/avr5/libgcc.a(_divmodqi4.o)
 .text.libgcc.fixed
                0x0000000000000000        0x0 /usr/local/lib/gcc/avr/4.9.2/avr5/libgcc.a(_divmodqi4.o)
 .text          0x0000000000000000        0x0 /usr/local/lib/gcc/avr/4.9.2/avr5/libgcc.a(_udivmodhi4.o)
 .data          0x0000000000000000        0x0 /usr/local/lib/gcc/avr/4.9.2/avr5/libgcc.a(_udivmodhi4.o)
 .bss           0x0000000000000000        0x0 /usr/local/lib/gcc/avr/4.9.2/avr5/libgcc.a(_udivmodhi4.o)
 .text.libgcc.mul
                0x0000000000000000        0x0 /usr/local/lib/gcc/avr/4.9.2/avr5/libgcc.a(_udivmodhi4.o)
 .text.libgcc   0x0000000000000000        0x0 /usr/local/lib/gcc/avr/4.9.2/avr5/libgcc.a(_udivmodhi4.o)
 .text.libgcc.prologue
                0x0000000000000000        0x0 /usr/local/lib/gcc/avr/4.9.2/avr5/libgcc.a(_udivmodhi4.o)
 .text.libgcc.builtins
                0x0000000000000000        0x0 /usr/local/lib/gcc/avr/4.9.2/avr5/libgcc.a(_udivmodhi4.o)
 .text.libgcc.fmul
                0x0000000000000000        0x0 /usr/local/lib/gcc/avr/4.9.2/avr5/libgcc.a(_udivmodhi4.o)
 .text.libgcc.fixed
                0x0000000000000000        0x0 /usr/local/lib/gcc/avr/4.9.2/avr5/libgcc.a(_udivmodhi4.o)
 .text          0x0000000000000000        0x0 /usr/local/lib/gcc/avr/4.9.2/avr5/libgcc.a(_divmodhi4.o)
 .data          0x0000000000000000        0x0 /usr/local/lib/gcc/avr/4.9.2/avr5/libgcc.a(_divmodhi4.o)
 .bss           0x0000000000000000        0x0 /usr/local/lib/gcc/avr/4.9.2/avr5/libgcc.a(_divmodhi4.o)
 .text.libgcc.mul
                0x0000000000000000        0x0 /usr/local/lib/gcc/avr/4.9.2/avr5/libgcc.a(_divmodhi4.o)
 .text.libgcc   0x0000000000000000        0x0 /usr/local/lib/gcc/avr/4.9.2/avr5/libgcc.a(_divmodhi4.o)
 .text.libgcc.prologue
                0x0000000000000000        0x0 /usr/local/lib/gcc/avr/4.9.2/avr5/libgcc.a(_divmodhi4.o)
 .text.libgcc.builtins
                0x0000000000000000        0x0 /usr/local/lib/gcc/avr/4.9.2/avr5/libgcc.a(_divmodhi4.o)
 .text.libgcc.fmul
                0x0000000000000000        0x0 /usr/local/lib/gcc/avr/4.9.2/avr5/libgcc.a(_divmodhi4.o)
 .text.libgcc.fixed
                0x0000000000000000        0x0 /usr/local/lib/gcc/avr/4.9.2/avr5/libgcc.a(_divmodhi4.o)
 .text          0x0000000000000000        0x0 /usr/local/lib/gcc/avr/4.9.2/avr5/libgcc.a(_udivmodsi4.o)
 .data          0x0000000000000000        0x0 /usr/local/lib/gcc/avr/4.9.2/avr5/libgcc.a(_udivmodsi4.o)
 .bss           0x0000000000000000        0x0 /usr/local/lib/gcc/avr/4.9.2/avr5/libgcc.a(_udivmodsi4.o)
 .stab          0x0000000000000000      0x228 /usr/local/lib/gcc/avr/4.9.2/avr5/libgcc.a(_udivmodsi4.o)
                                        0x234 (size before relaxing)
 .text.libgcc.mul
                0x0000000000000000        0x0 /usr/local/lib/gcc/avr/4.9.2/avr5/libgcc.a(_udivmodsi4.o)
 .text.libgcc.div
                0x0000000000000000       0x44 /usr/local/lib/gcc/avr/4.9.2/avr5/libgcc.a(_udivmodsi4.o)
 .text.libgcc   0x0000000000000000        0x0 /usr/local/lib/gcc/avr/4.9.2/avr5/libgcc.a(_udivmodsi4.o)
 .text.libgcc.prologue
                0x0000000000000000        0x0 /usr/local/lib/gcc/avr/4.9.2/avr5/libgcc.a(_udivmodsi4.o)
 .text.libgcc.builtins
                0x0000000000000000        0x0 /usr/local/lib/gcc/avr/4.9.2/avr5/libgcc.a(_udivmodsi4.o)
 .text.libgcc.fmul
                0x0000000000000000        0x0 /usr/local/lib/gcc/avr/4.9.2/avr5/libgcc.a(_udivmodsi4.o)
 .text.libgcc.fixed
                0x0000000000000000        0x0 /usr/local/lib/gcc/avr/4.9.2/avr5/libgcc.a(_udivmodsi4.o)
 .text          0x0000000000000000        0x0 /usr/local/lib/gcc/avr/4.9.2/avr5/libgcc.a(_exit.o)
 .data          0x0000000000000000        0x0 /usr/local/lib/gcc/avr/4.9.2/avr5/libgcc.a(_exit.o)
 .bss           0x0000000000000000        0x0 /usr/local/lib/gcc/avr/4.9.2/avr5/libgcc.a(_exit.o)
 .text.libgcc.mul
                0x0000000000000000        0x0 /usr/local/lib/gcc/avr/4.9.2/avr5/libgcc.a(_exit.o)
 .text.libgcc.div
                0x0000000000000000        0x0 /usr/local/lib/gcc/avr/4.9.2/avr5/libgcc.a(_exit.o)
 .text.libgcc   0x0000000000000000        0x0 /usr/local/lib/gcc/avr/4.9.2/avr5/libgcc.a(_exit.o)
 .text.libgcc.prologue
                0x0000000000000000        0x0 /usr/local/lib/gcc/avr/4.9.2/avr5/libgcc.a(_exit.o)
 .text.libgcc.builtins
                0x0000000000000000        0x0 /usr/local/lib/gcc/avr/4.9.2/avr5/libgcc.a(_exit.o)
 .text.libgcc.fmul
                0x0000000000000000        0x0 /usr/local/lib/gcc/avr/4.9.2/avr5/libgcc.a(_exit.o)
 .text.libgcc.fixed
                0x0000000000000000        0x0 /usr/local/lib/gcc/avr/4.9.2/avr5/libgcc.a(_exit.o)
 .text          0x0000000000000000        0x0 /usr/local/lib/gcc/avr/4.9.2/avr5/libgcc.a(_tablejump2.o)
 .data          0x0000000000000000        0x0 /usr/local/lib/gcc/avr/4.9.2/avr5/libgcc.a(_tablejump2.o)
 .bss           0x0000000000000000        0x0 /usr/local/lib/gcc/avr/4.9.2/avr5/libgcc.a(_tablejump2.o)
 .text.libgcc.mul
                0x0000000000000000        0x0 /usr/local/lib/gcc/avr/4.9.2/avr5/libgcc.a(_tablejump2.o)
 .text.libgcc.div
                0x0000000000000000        0x0 /usr/local/lib/gcc/avr/4.9.2/avr5/libgcc.a(_tablejump2.o)
 .text.libgcc.prologue
                0x0000000000000000        0x0 /usr/local/lib/gcc/avr/4.9.2/avr5/libgcc.a(_tablejump2.o)
 .text.libgcc.builtins
                0x0000000000000000        0x0 /usr/local/lib/gcc/avr/4.9.2/avr5/libgcc.a(_tablejump2.o)
 .text.libgcc.fmul
                0x0000000000000000        0x0 /usr/local/lib/gcc/avr/4.9.2/avr5/libgcc.a(_tablejump2.o)
 .text.libgcc.fixed
                0x0000000000000000        0x0 /usr/local/lib/gcc/avr/4.9.2/avr5/libgcc.a(_tablejump2.o)
 .text          0x0000000000000000        0x0 /usr/local/lib/gcc/avr/4.9.2/avr5/libgcc.a(_copy_data.o)
 .data          0x0000000000000000        0x0 /usr/local/lib/gcc/avr/4.9.2/avr5/libgcc.a(_copy_data.o)
 .bss           0x0000000000000000        0x0 /usr/local/lib/gcc/avr/4.9.2/avr5/libgcc.a(_copy_data.o)
 .text.libgcc.mul
                0x0000000000000000        0x0 /usr/local/lib/gcc/avr/4.9.2/avr5/libgcc.a(_copy_data.o)
 .text.libgcc.div
                0x0000000000000000        0x0 /usr/local/lib/gcc/avr/4.9.2/avr5/libgcc.a(_copy_data.o)
 .text.libgcc   0x0000000000000000        0x0 /usr/local/lib/gcc/avr/4.9.2/avr5/libgcc.a(_copy_data.o)
 .text.libgcc.prologue
                0x0000000000000000        0x0 /usr/local/lib/gcc/avr/4.9.2/avr5/libgcc.a(_copy_data.o)
 .text.libgcc.builtins
                0x0000000000000000        0x0 /usr/local/lib/gcc/avr/4.9.2/avr5/libgcc.a(_copy_data.o)
 .text.libgcc.fmul
                0x0000000000000000        0x0 /usr/local/lib/gcc/avr/4.9.2/avr5/libgcc.a(_copy_data.o)
 .text.libgcc.fixed
                0x0000000000000000        0x0 /usr/local/lib/gcc/avr/4.9.2/avr5/libgcc.a(_copy_data.o)
 .text          0x0000000000000000        0x0 /usr/local/lib/gcc/avr/4.9.2/avr5/libgcc.a(_clear_bss.o)
 .data          0x0000000000000000        0x0 /usr/local/lib/gcc/avr/4.9.2/avr5/libgcc.a(_clear_bss.o)
 .bss           0x0000000000000000        0x0 /usr/local/lib/gcc/avr/4.9.2/avr5/libgcc.a(_clear_bss.o)
 .text.libgcc.mul
                0x0000000000000000        0x0 /usr/local/lib/gcc/avr/4.9.2/avr5/libgcc.a(_clear_bss.o)
 .text.libgcc.div
                0x0000000000000000        0x0 /usr/local/lib/gcc/avr/4.9.2/avr5/libgcc.a(_clear_bss.o)
 .text.libgcc   0x0000000000000000        0x0 /usr/local/lib/gcc/avr/4.9.2/avr5/libgcc.a(_clear_bss.o)
 .text.libgcc.prologue
                0x0000000000000000        0x0 /usr/local/lib/gcc/avr/4.9.2/avr5/libgcc.a(_clear_bss.o)
 .text.libgcc.builtins
                0x0000000000000000        0x0 /usr/local/lib/gcc/avr/4.9.2/avr5/libgcc.a(_clear_bss.o)
 .text.libgcc.fmul
                0x0000000000000000        0x0 /usr/local/lib/gcc/avr/4.9.2/avr5/libgcc.a(_clear_bss.o)
 .text.libgcc.fixed
                0x0000000000000000        0x0 /usr/local/lib/gcc/avr/4.9.2/avr5/libgcc.a(_clear_bss.o)
 .text          0x0000000000000000        0x0 /usr/local/lib/gcc/avr/4.9.2/../../../../avr/lib/avr5/libm.a(addsf3.o)
 .data          0x0000000000000000        0x0 /usr/local/lib/gcc/avr/4.9.2/../../../../avr/lib/avr5/libm.a(addsf3.o)
 .bss           0x0000000000000000        0x0 /usr/local/lib/gcc/avr/4.9.2/../../../../avr/lib/avr5/libm.a(addsf3.o)
 .text          0x0000000000000000        0x0 /usr/local/lib/gcc/avr/4.9.2/../../../../avr/lib/avr5/libm.a(addsf3x.o)
 .data          0x0000000000000000        0x0 /usr/local/lib/gcc/avr/4.9.2/../../../../avr/lib/avr5/libm.a(addsf3x.o)
 .bss           0x0000000000000000        0x0 /usr/local/lib/gcc/avr/4.9.2/../../../../avr/lib/avr5/libm.a(addsf3x.o)
 .text          0x0000000000000000        0x0 /usr/local/lib/gcc/avr/4.9.2/../../../../avr/lib/avr5/libm.a(cmpsf2.o)
 .data          0x0000000000000000        0x0 /usr/local/lib/gcc/avr/4.9.2/../../../../avr/lib/avr5/libm.a(cmpsf2.o)
 .bss           0x0000000000000000        0x0 /usr/local/lib/gcc/avr/4.9.2/../../../../avr/lib/avr5/libm.a(cmpsf2.o)
 .text          0x0000000000000000        0x0 /usr/local/lib/gcc/avr/4.9.2/../../../../avr/lib/avr5/libm.a(fixsfsi.o)
 .data          0x0000000000000000        0x0 /usr/local/lib/gcc/avr/4.9.2/../../../../avr/lib/avr5/libm.a(fixsfsi.o)
 .bss           0x0000000000000000        0x0 /usr/local/lib/gcc/avr/4.9.2/../../../../avr/lib/avr5/libm.a(fixsfsi.o)
 .text          0x0000000000000000        0x0 /usr/local/lib/gcc/avr/4.9.2/../../../../avr/lib/avr5/libm.a(fixunssfsi.o)
 .data          0x0000000000000000        0x0 /usr/local/lib/gcc/avr/4.9.2/../../../../avr/lib/avr5/libm.a(fixunssfsi.o)
 .bss           0x0000000000000000        0x0 /usr/local/lib/gcc/avr/4.9.2/../../../../avr/lib/avr5/libm.a(fixunssfsi.o)
 .text          0x0000000000000000        0x0 /usr/local/lib/gcc/avr/4.9.2/../../../../avr/lib/avr5/libm.a(floatsisf.o)
 .data          0x0000000000000000        0x0 /usr/local/lib/gcc/avr/4.9.2/../../../../avr/lib/avr5/libm.a(floatsisf.o)
 .bss           0x0000000000000000        0x0 /usr/local/lib/gcc/avr/4.9.2/../../../../avr/lib/avr5/libm.a(floatsisf.o)
 .text          0x0000000000000000        0x0 /usr/local/lib/gcc/avr/4.9.2/../../../../avr/lib/avr5/libm.a(fp_cmp.o)
 .data          0x0000000000000000        0x0 /usr/local/lib/gcc/avr/4.9.2/../../../../avr/lib/avr5/libm.a(fp_cmp.o)
 .bss           0x0000000000000000        0x0 /usr/local/lib/gcc/avr/4.9.2/../../../../avr/lib/avr5/libm.a(fp_cmp.o)
 .text          0x0000000000000000        0x0 /usr/local/lib/gcc/avr/4.9.2/../../../../avr/lib/avr5/libm.a(fp_inf.o)
 .data          0x0000000000000000        0x0 /usr/local/lib/gcc/avr/4.9.2/../../../../avr/lib/avr5/libm.a(fp_inf.o)
 .bss           0x0000000000000000        0x0 /usr/local/lib/gcc/avr/4.9.2/../../../../avr/lib/avr5/libm.a(fp_inf.o)
 .text          0x0000000000000000        0x0 /usr/local/lib/gcc/avr/4.9.2/../../../../avr/lib/avr5/libm.a(fp_nan.o)
 .data          0x0000000000000000        0x0 /usr/local/lib/gcc/avr/4.9.2/../../../../avr/lib/avr5/libm.a(fp_nan.o)
 .bss           0x0000000000000000        0x0 /usr/local/lib/gcc/avr/4.9.2/../../../../avr/lib/avr5/libm.a(fp_nan.o)
 .text          0x0000000000000000        0x0 /usr/local/lib/gcc/avr/4.9.2/../../../../avr/lib/avr5/libm.a(fp_pscA.o)
 .data          0x0000000000000000        0x0 /usr/local/lib/gcc/avr/4.9.2/../../../../avr/lib/avr5/libm.a(fp_pscA.o)
 .bss           0x0000000000000000        0x0 /usr/local/lib/gcc/avr/4.9.2/../../../../avr/lib/avr5/libm.a(fp_pscA.o)
 .text          0x0000000000000000        0x0 /usr/local/lib/gcc/avr/4.9.2/../../../../avr/lib/avr5/libm.a(fp_pscB.o)
 .data          0x0000000000000000        0x0 /usr/local/lib/gcc/avr/4.9.2/../../../../avr/lib/avr5/libm.a(fp_pscB.o)
 .bss           0x0000000000000000        0x0 /usr/local/lib/gcc/avr/4.9.2/../../../../avr/lib/avr5/libm.a(fp_pscB.o)
 .text          0x0000000000000000        0x0 /usr/local/lib/gcc/avr/4.9.2/../../../../avr/lib/avr5/libm.a(fp_round.o)
 .data          0x0000000000000000        0x0 /usr/local/lib/gcc/avr/4.9.2/../../../../avr/lib/avr5/libm.a(fp_round.o)
 .bss           0x0000000000000000        0x0 /usr/local/lib/gcc/avr/4.9.2/../../../../avr/lib/avr5/libm.a(fp_round.o)
 .text          0x0000000000000000        0x0 /usr/local/lib/gcc/avr/4.9.2/../../../../avr/lib/avr5/libm.a(fp_split3.o)
 .data          0x0000000000000000        0x0 /usr/local/lib/gcc/avr/4.9.2/../../../../avr/lib/avr5/libm.a(fp_split3.o)
 .bss           0x0000000000000000        0x0 /usr/local/lib/gcc/avr/4.9.2/../../../../avr/lib/avr5/libm.a(fp_split3.o)
 .text          0x0000000000000000        0x0 /usr/local/lib/gcc/avr/4.9.2/../../../../avr/lib/avr5/libm.a(fp_zero.o)
 .data          0x0000000000000000        0x0 /usr/local/lib/gcc/avr/4.9.2/../../../../avr/lib/avr5/libm.a(fp_zero.o)
 .bss           0x0000000000000000        0x0 /usr/local/lib/gcc/avr/4.9.2/../../../../avr/lib/avr5/libm.a(fp_zero.o)
 .text          0x0000000000000000        0x0 /usr/local/lib/gcc/avr/4.9.2/../../../../avr/lib/avr5/libm.a(gesf2.o)
 .data          0x0000000000000000        0x0 /usr/local/lib/gcc/avr/4.9.2/../../../../avr/lib/avr5/libm.a(gesf2.o)
 .bss           0x0000000000000000        0x0 /usr/local/lib/gcc/avr/4.9.2/../../../../avr/lib/avr5/libm.a(gesf2.o)
 .text          0x0000000000000000        0x0 /usr/local/lib/gcc/avr/4.9.2/../../../../avr/lib/avr5/libm.a(mulsf3.o)
 .data          0x0000000000000000        0x0 /usr/local/lib/gcc/avr/4.9.2/../../../../avr/lib/avr5/libm.a(mulsf3.o)
 .bss           0x0000000000000000        0x0 /usr/local/lib/gcc/avr/4.9.2/../../../../avr/lib/avr5/libm.a(mulsf3.o)
 .text          0x0000000000000000        0x0 /usr/local/lib/gcc/avr/4.9.2/../../../../avr/lib/avr5/libm.a(mulsf3x.o)
 .data          0x0000000000000000        0x0 /usr/local/lib/gcc/avr/4.9.2/../../../../avr/lib/avr5/libm.a(mulsf3x.o)
 .bss           0x0000000000000000        0x0 /usr/local/lib/gcc/avr/4.9.2/../../../../avr/lib/avr5/libm.a(mulsf3x.o)
 .text          0x0000000000000000        0x0 /usr/local/lib/gcc/avr/4.9.2/../../../../avr/lib/avr5/libc.a(strnlen_P.o)
 .data          0x0000000000000000        0x0 /usr/local/lib/gcc/avr/4.9.2/../../../../avr/lib/avr5/libc.a(strnlen_P.o)
 .bss           0x0000000000000000        0x0 /usr/local/lib/gcc/avr/4.9.2/../../../../avr/lib/avr5/libc.a(strnlen_P.o)

Memory Configuration

Name             Origin             Length             Attributes
text             0x0000000000000000 0x0000000000020000 xr
data             0x0000000000800060 0x000000000000ffa0 rw !x
eeprom           0x0000000000810000 0x0000000000010000 rw !x
fuse             0x0000000000820000 0x0000000000000400 rw !x
lock             0x0000000000830000 0x0000000000000400 rw !x
signature        0x0000000000840000 0x0000000000000400 rw !x
*default*        0x0000000000000000 0xffffffffffffffff

Linker script and memory map

Address of section .data set to 0x800100
LOAD /usr/local/lib/gcc/avr/4.9.2/../../../../avr/lib/avr5/crtm644.o
Address of section .noinit set to 0x800100
Address of section .data set to 0x800500
LOAD uzeboxVideoEngineCore.o
LOAD uzeboxCore.o
LOAD uzeboxSoundEngine.o
LOAD uzeboxSoundEngineCore.o
LOAD uzeboxVideoEngine.o
LOAD Iris.o
START GROUP
LOAD /usr/local/lib/gcc/avr/4.9.2/avr5/libgcc.a
LOAD /usr/local/lib/gcc/avr/4.9.2/../../../../avr/lib/avr5/libm.a
LOAD /usr/local/lib/gcc/avr/4.9.2/../../../../avr/lib/avr5/libc.a
END GROUP

.hash
 *(.hash)

.dynsym
 *(.dynsym)

.dynstr
 *(.dynstr)

.gnu.version
 *(.gnu.version)

.gnu.version_d
 *(.gnu.version_d)

.gnu.version_r
 *(.gnu.version_r)

.rel.init
 *(.rel.init)

.rela.init
 *(.rela.init)

.rel.text
 *(.rel.text)
 *(.rel.text.*)
 *(.rel.gnu.linkonce.t*)

.rela.text
 *(.rela.text)
 *(.rela.text.*)
 *(.rela.gnu.linkonce.t*)

.rel.fini
 *(.rel.fini)

.rela.fini
 *(.rela.fini)

.rel.rodata
 *(.rel.rodata)
 *(.rel.rodata.*)
 *(.rel.gnu.linkonce.r*)

.rela.rodata
 *(.rela.rodata)
 *(.rela.rodata.*)
 *(.rela.gnu.linkonce.r*)

.rel.data
 *(.rel.data)
 *(.rel.data.*)
 *(.rel.gnu.linkonce.d*)

.rela.data
 *(.rela.data)
 *(.rela.data.*)
 *(.rela.gnu.linkonce.d*)

.rel.ctors
 *(.rel.ctors)

.rela.ctors
 *(.rela.ctors)

.rel.dtors
 *(.rel.dtors)

.rela.dtors
 *(.rela.dtors)

.rel.got
 *(.rel.got)

.rela.got
 *(.rela.got)

.rel.bss
 *(.rel.bss)

.rela.bss
 *(.rela.bss)

.rel.plt
 *(.rel.plt)

.rela.plt
 *(.rela.plt)

.text           0x0000000000000000     0xd454
 *(.vectors)
 .vectors       0x0000000000000000       0x70 /usr/local/lib/gcc/avr/4.9.2/../../../../avr/lib/avr5/crtm644.o
                0x0000000000000000                __vectors
                0x0000000000000000                __vector_default
 *(.vectors)
 *(.progmem.gcc*)
 .progmem.gcc_sw_table.load_level
                0x0000000000000070       0x14 Iris.o
                0x0000000000000084                . = ALIGN (0x2)
                0x0000000000000084                __trampolines_start = .
 *(.trampolines)
 .trampolines   0x0000000000000084        0x0 linker stubs
 *(.trampolines*)
                0x0000000000000084                __trampolines_end = .
 *(.progmem*)
 .progmem.data  0x0000000000000084       0x4e uzeboxCore.o
                0x0000000000000084                io_table
                0x00000000000000b2                eeprom_format_table
 .progmem.data  0x00000000000000d2       0x1e uzeboxSoundEngine.o
                0x00000000000000d2                patchCommands
 .progmem.data  0x00000000000000f0      0x853 uzeboxVideoEngine.o
                0x00000000000000f0                fader
                0x00000000000000fc                map_uzeboxlogo2
                0x000000000000010d                map_uzeboxlogo
                0x0000000000000123                logo_tileset
                0x0000000000000923                logoInitPatches
                0x000000000000092c                initPatch
 .progmem.data  0x0000000000000943     0x6162 Iris.o
                0x0000000000000943                strTwist
                0x00000000000009c4                strChallenge
                0x0000000000000a73                strIntro
                0x0000000000000b18                default_scores
                0x0000000000000b36                strTally
                0x0000000000000b3d                strGameOver
                0x0000000000000b47                strLevelBonus
                0x0000000000000b4d                strLevelClear
                0x0000000000000b59                strPaused
                0x0000000000000b5f                strExitGame
                0x0000000000000b6b                strMainMenu
                0x0000000000000b77                strTime
                0x0000000000000b7d                strLives
                0x0000000000000b84                strShield
                0x0000000000000b8c                strScore
                0x0000000000000b93                strSelectHandle
                0x0000000000000b94                strHighScores
                0x0000000000000ba0                str1Player
                0x0000000000000ba6                strMusic
                0x0000000000000bbe                strCopyright
                0x0000000000000bd3                spacesong
                0x0000000000001273                planetsong
                0x0000000000001d45                my_patches
                0x0000000000001d84                explode
                0x0000000000001e55                pshoot
                0x0000000000001eab                navigate
                0x0000000000001ebc                instrument
                0x0000000000001ec4                sprites_data
                0x0000000000003744                map_hazard_desert
                0x0000000000003747                map_hazard_city
                0x000000000000374a                map_hazard_jungle
                0x000000000000374d                map_hazard_fire
                0x0000000000003750                map_hazard_ice
                0x0000000000003753                map_special_desert
                0x0000000000003756                map_special_city
                0x0000000000003759                map_special_jungle
                0x000000000000375c                map_special_fire
                0x000000000000375f                map_special_ice
                0x0000000000003762                map_enemy_elevator
                0x0000000000003765                map_enemy_drone
                0x0000000000003768                map_enemy_tank
                0x000000000000376b                map_enemy_ball
                0x000000000000376e                map_enemy_spider_1
                0x0000000000003771                map_enemy_spider_0
                0x0000000000003774                map_enemy_shark
                0x0000000000003777                map_enemy_shot
                0x000000000000377a                map_ahero_shot
                0x000000000000377d                map_ahero_jump
                0x0000000000003785                map_ahero_step_3
                0x000000000000378d                map_ahero_step_2
                0x0000000000003795                map_ahero_step_1
                0x000000000000379d                map_ahero_step_0
                0x00000000000037a5                map_ahero_idle
                0x00000000000037ad                map_hero_shot
                0x00000000000037b0                map_hero_ship_large_1
                0x00000000000037ba                map_hero_ship_large_0
                0x00000000000037c4                map_hero_ship_1
                0x00000000000037c9                map_hero_ship_0
                0x00000000000037ce                map_hero_prone
                0x00000000000037d3                map_hero_jump
                0x00000000000037db                map_hero_step_3
                0x00000000000037e3                map_hero_step_2
                0x00000000000037eb                map_hero_step_1
                0x00000000000037f3                map_hero_step_0
                0x00000000000037fb                map_hero_idle
                0x0000000000003803                map_glowing_eye
                0x0000000000003806                map_emerald_4
                0x0000000000003809                map_emerald_3
                0x000000000000380c                map_emerald_2
                0x000000000000380f                map_emerald_1
                0x0000000000003812                map_emerald_0
                0x0000000000003815                map_explosion_2
                0x0000000000003818                map_explosion_1
                0x000000000000381b                map_explosion_0
                0x000000000000381e                map_particle
                0x0000000000003821                map_up_arrow
                0x0000000000003824                map_down_arrow
                0x0000000000003827                map_right_arrow
                0x000000000000382a                map_none
                0x000000000000382d                tiles_data
                0x0000000000005aad                map_font
                0x0000000000005ad4                map_atmosphere
                0x0000000000005b0e                map_dialog
                0x0000000000005b4c                map_canvas
                0x0000000000005bd5                map_splash
                0x0000000000005c22                map_tile_none
                0x0000000000005c25                map_space_mega_tiles
                0x0000000000005ef5                map_level_space
                0x0000000000005f92                map_level_mega_tiles
                0x00000000000065a0                map_level_desert
                0x00000000000066a1                map_level_city
                0x00000000000067a2                map_level_forest
                0x00000000000068a3                map_level_fire
                0x00000000000069a4                map_level_ice
                0x0000000000006aa6                . = ALIGN (0x2)
 *fill*         0x0000000000006aa5        0x1 
 *(.jumptables)
 *(.jumptables*)
 *(.lowtext)
 *(.lowtext*)
                0x0000000000006aa6                __ctors_start = .
 *(.ctors)
                0x0000000000006aa6                __ctors_end = .
                0x0000000000006aa6                __dtors_start = .
 *(.dtors)
                0x0000000000006aa6                __dtors_end = .
 SORT(*)(.ctors)
 SORT(*)(.dtors)
 *(.init0)
 .init0         0x0000000000006aa6        0x0 /usr/local/lib/gcc/avr/4.9.2/../../../../avr/lib/avr5/crtm644.o
                0x0000000000006aa6                __init
 *(.init0)
 *(.init1)
 *(.init1)
 *(.init2)
 .init2         0x0000000000006aa6        0xc /usr/local/lib/gcc/avr/4.9.2/../../../../avr/lib/avr5/crtm644.o
 *(.init2)
 *(.init3)
 *(.init3)
 *(.init4)
 .init4         0x0000000000006ab2       0x16 /usr/local/lib/gcc/avr/4.9.2/avr5/libgcc.a(_copy_data.o)
                0x0000000000006ab2                __do_copy_data
 .init4         0x0000000000006ac8       0x10 /usr/local/lib/gcc/avr/4.9.2/avr5/libgcc.a(_clear_bss.o)
                0x0000000000006ac8                __do_clear_bss
 *(.init4)
 *(.init5)
 *(.init5)
 *(.init6)
 *(.init6)
 *(.init7)
 .init7         0x0000000000006ad8       0x16 uzeboxCore.o
                0x0000000000006ad8                wdt_init
 *(.init7)
 *(.init8)
 .init8         0x0000000000006aee       0x82 uzeboxCore.o
                0x0000000000006aee                Initialize
 *(.init8)
 *(.init9)
 .init9         0x0000000000006b70        0x8 /usr/local/lib/gcc/avr/4.9.2/../../../../avr/lib/avr5/crtm644.o
 *(.init9)
 *(.text)
 .text          0x0000000000006b78        0x4 /usr/local/lib/gcc/avr/4.9.2/../../../../avr/lib/avr5/crtm644.o
                0x0000000000006b78                __vector_20
                0x0000000000006b78                __vector_1
                0x0000000000006b78                __vector_24
                0x0000000000006b78                __vector_12
                0x0000000000006b78                __bad_interrupt
                0x0000000000006b78                __vector_6
                0x0000000000006b78                __vector_3
                0x0000000000006b78                __vector_23
                0x0000000000006b78                __vector_25
                0x0000000000006b78                __vector_11
                0x0000000000006b78                __vector_17
                0x0000000000006b78                __vector_19
                0x0000000000006b78                __vector_7
                0x0000000000006b78                __vector_27
                0x0000000000006b78                __vector_5
                0x0000000000006b78                __vector_4
                0x0000000000006b78                __vector_9
                0x0000000000006b78                __vector_2
                0x0000000000006b78                __vector_21
                0x0000000000006b78                __vector_15
                0x0000000000006b78                __vector_26
                0x0000000000006b78                __vector_10
                0x0000000000006b78                __vector_16
                0x0000000000006b78                __vector_18
                0x0000000000006b78                __vector_22
 .text          0x0000000000006b7c      0x868 uzeboxVideoEngineCore.o
                0x0000000000006ee4                CopyFlashTile
                0x0000000000007002                CopyRamTile
                0x000000000000711c                BlitSprite
                0x0000000000007200                __vector_13
                0x0000000000007280                __vector_14
 .text          0x00000000000073e4      0x180 uzeboxSoundEngineCore.o
                0x00000000000073e4                process_music
                0x00000000000073f0                update_sound
                0x0000000000007564                . = ALIGN (0x2)
 *(.text.*)
 .text.SetSpritesTileTable
                0x0000000000007564        0xa uzeboxVideoEngineCore.o
                0x0000000000007564                SetSpritesTileTable
 .text.ClearVram
                0x000000000000756e       0x14 uzeboxVideoEngineCore.o
                0x000000000000756e                ClearVram
 .text.SetTile  0x0000000000007582       0x22 uzeboxVideoEngineCore.o
                0x0000000000007582                SetTile
 .text.SetTileTable
                0x00000000000075a4        0xa uzeboxVideoEngineCore.o
                0x00000000000075a4                SetTileTable
 .text.GetVsyncFlag
                0x00000000000075ae        0x8 uzeboxVideoEngineCore.o
                0x00000000000075ae                GetVsyncFlag
 .text.ClearVsyncFlag
                0x00000000000075b6        0xc uzeboxVideoEngineCore.o
                0x00000000000075b6                ClearVsyncFlag
 .text.ReadJoypad
                0x00000000000075c2       0x18 uzeboxVideoEngineCore.o
                0x00000000000075c2                ReadJoypad
 .text.WaitUs   0x00000000000075da        0xe uzeboxVideoEngineCore.o
                0x00000000000075da                WaitUs
 .text.WriteEeprom
                0x00000000000075e8       0x14 uzeboxVideoEngineCore.o
                0x00000000000075e8                WriteEeprom
 .text.ReadEeprom
                0x00000000000075fc       0x12 uzeboxVideoEngineCore.o
                0x00000000000075fc                ReadEeprom
 .text.wdt_randomize
                0x000000000000760e       0x50 uzeboxVideoEngineCore.o
                0x000000000000760e                wdt_randomize
 .text.GetTrueRandomSeed
                0x000000000000765e        0xa uzeboxVideoEngineCore.o
                0x000000000000765e                GetTrueRandomSeed
 .text.__vector_8
                0x0000000000007668       0x44 uzeboxVideoEngineCore.o
                0x0000000000007668                __vector_8
 .text.SoftReset
                0x00000000000076ac       0x16 uzeboxCore.o
                0x00000000000076ac                SoftReset
 .text.ReadButtons
                0x00000000000076c2       0x6c uzeboxCore.o
                0x00000000000076c2                ReadButtons
 .text.ReadControllers
                0x000000000000772e       0x20 uzeboxCore.o
                0x000000000000772e                ReadControllers
 .text.FormatEeprom
                0x000000000000774e       0x44 uzeboxCore.o
                0x000000000000774e                FormatEeprom
 .text.isEepromFormatted
                0x0000000000007792       0x2e uzeboxCore.o
                0x0000000000007792                isEepromFormatted
 .text.EepromBlockExists
                0x00000000000077c0       0xa4 uzeboxCore.o
                0x00000000000077c0                EepromBlockExists
 .text.EepromWriteBlock
                0x0000000000007864       0x94 uzeboxCore.o
                0x0000000000007864                EepromWriteBlock
 .text.EepromReadBlock
                0x00000000000078f8       0x66 uzeboxCore.o
                0x00000000000078f8                EepromReadBlock
 .text.GetPrngNumber
                0x000000000000795e       0x5c uzeboxCore.o
                0x000000000000795e                GetPrngNumber
 .text.PatchCommand00
                0x00000000000079ba        0x6 uzeboxSoundEngine.o
                0x00000000000079ba                PatchCommand00
 .text.PatchCommand01
                0x00000000000079c0       0x10 uzeboxSoundEngine.o
                0x00000000000079c0                PatchCommand01
 .text.PatchCommand05
                0x00000000000079d0        0xa uzeboxSoundEngine.o
                0x00000000000079d0                PatchCommand05
 .text.PatchCommand06
                0x00000000000079da        0xa uzeboxSoundEngine.o
                0x00000000000079da                PatchCommand06
 .text.PatchCommand07
                0x00000000000079e4        0x6 uzeboxSoundEngine.o
                0x00000000000079e4                PatchCommand07
 .text.PatchCommand09
                0x00000000000079ea        0x6 uzeboxSoundEngine.o
                0x00000000000079ea                PatchCommand09
 .text.PatchCommand10
                0x00000000000079f0        0x6 uzeboxSoundEngine.o
                0x00000000000079f0                PatchCommand10
 .text.PatchCommand11
                0x00000000000079f6       0x76 uzeboxSoundEngine.o
                0x00000000000079f6                PatchCommand11
 .text.PatchCommand12
                0x0000000000007a6c        0x6 uzeboxSoundEngine.o
                0x0000000000007a6c                PatchCommand12
 .text.PatchCommand13
                0x0000000000007a72        0x6 uzeboxSoundEngine.o
                0x0000000000007a72                PatchCommand13
 .text.PatchCommand02
                0x0000000000007a78        0x8 uzeboxSoundEngine.o
                0x0000000000007a78                PatchCommand02
 .text.PatchCommand03
                0x0000000000007a80        0xe uzeboxSoundEngine.o
                0x0000000000007a80                PatchCommand03
 .text.PatchCommand04
                0x0000000000007a8e       0x10 uzeboxSoundEngine.o
                0x0000000000007a8e                PatchCommand04
 .text.PatchCommand08
                0x0000000000007a9e       0x20 uzeboxSoundEngine.o
                0x0000000000007a9e                PatchCommand08
 .text.PatchCommand14
                0x0000000000007abe       0x54 uzeboxSoundEngine.o
                0x0000000000007abe                PatchCommand14
 .text.InitMusicPlayer
                0x0000000000007b12       0x44 uzeboxSoundEngine.o
                0x0000000000007b12                InitMusicPlayer
 .text.StartSong
                0x0000000000007b56       0x52 uzeboxSoundEngine.o
                0x0000000000007b56                StartSong
 .text.StopSong
                0x0000000000007ba8       0x1c uzeboxSoundEngine.o
                0x0000000000007ba8                StopSong
 .text.ReadVarLen
                0x0000000000007bc4       0x4c uzeboxSoundEngine.o
                0x0000000000007bc4                ReadVarLen
 .text.TriggerCommon
                0x0000000000007c10      0x11c uzeboxSoundEngine.o
                0x0000000000007c10                TriggerCommon
 .text.TriggerFx
                0x0000000000007d2c       0x90 uzeboxSoundEngine.o
                0x0000000000007d2c                TriggerFx
 .text.TriggerNote
                0x0000000000007dbc       0x80 uzeboxSoundEngine.o
                0x0000000000007dbc                TriggerNote
 .text.ProcessMusic
                0x0000000000007e3c      0x43e uzeboxSoundEngine.o
                0x0000000000007e3c                ProcessMusic
 .text.SetMasterVolume
                0x000000000000827a        0x6 uzeboxSoundEngine.o
                0x000000000000827a                SetMasterVolume
 .text.SetMixerNote
                0x0000000000008280       0x2e uzeboxSoundEngineCore.o
                0x0000000000008280                SetMixerNote
 .text.SetMixerWave
                0x00000000000082ae       0x3a uzeboxSoundEngineCore.o
                0x00000000000082ae                SetMixerWave
 *fill*         0x00000000000082e8       0x18 
 .text.DisableSoundEngine
                0x0000000000008300      0xc00 uzeboxSoundEngineCore.o
                0x0000000000008300                DisableSoundEngine
                0x0000000000008308                steptable
                0x0000000000008500                waves
 .text.RestoreBackground
                0x0000000000008f00       0x2c uzeboxVideoEngine.o
                0x0000000000008f00                RestoreBackground
 .text.ProcessSprites
                0x0000000000008f2c      0x224 uzeboxVideoEngine.o
                0x0000000000008f2c                ProcessSprites
 .text.Scroll   0x0000000000009150       0x4a uzeboxVideoEngine.o
                0x0000000000009150                Scroll
 .text.InitializeVideoMode
                0x000000000000919a       0x1e uzeboxVideoEngine.o
                0x000000000000919a                InitializeVideoMode
 .text.DrawMap  0x00000000000091b8       0xd2 uzeboxVideoEngine.o
                0x00000000000091b8                DrawMap2
                0x00000000000091b8                DrawMap
 .text.WaitVsync
                0x000000000000928a       0x2e uzeboxVideoEngine.o
                0x000000000000928a                WaitVsync
 .text.DisplayLogo
                0x00000000000092b8       0x6e uzeboxVideoEngine.o
                0x00000000000092b8                DisplayLogo
 .text.doFade   0x0000000000009326       0x1c uzeboxVideoEngine.o
                0x0000000000009326                doFade
 .text.FadeIn   0x0000000000009342       0x18 uzeboxVideoEngine.o
                0x0000000000009342                FadeIn
 .text.FadeOut  0x000000000000935a       0x18 uzeboxVideoEngine.o
                0x000000000000935a                FadeOut
 .text.ProcessFading
                0x0000000000009372       0x4a uzeboxVideoEngine.o
                0x0000000000009372                ProcessFading
 .text.VideoModeVsync
                0x00000000000093bc        0x8 uzeboxVideoEngine.o
                0x00000000000093bc                VideoModeVsync
 .text.LBGetNextFrame
                0x00000000000093c4       0x4c Iris.o
                0x00000000000093c4                LBGetNextFrame
 .text.LBGetJoyPadState
                0x0000000000009410       0x96 Iris.o
                0x0000000000009410                LBGetJoyPadState
 .text.LBPrintChar
                0x00000000000094a6       0x40 Iris.o
                0x00000000000094a6                LBPrintChar
 .text.LBPrint  0x00000000000094e6       0x38 Iris.o
                0x00000000000094e6                LBPrint
 .text.LBPrintByte
                0x000000000000951e       0x62 Iris.o
                0x000000000000951e                LBPrintByte
 .text.LBPrintInt
                0x0000000000009580       0x72 Iris.o
                0x0000000000009580                LBPrintInt
 .text.LBCollides
                0x00000000000095f2       0x54 Iris.o
                0x00000000000095f2                LBCollides
 .text.LBRandom
                0x0000000000009646       0x2c Iris.o
                0x0000000000009646                LBRandom
 .text.LBWaitSeconds
                0x0000000000009672       0x1e Iris.o
                0x0000000000009672                LBWaitSeconds
 .text.LBMapSprite
                0x0000000000009690       0xa4 Iris.o
                0x0000000000009690                LBMapSprite
 .text.LBMoveSprite
                0x0000000000009734       0x7c Iris.o
                0x0000000000009734                LBMoveSprite
 .text.LBRotateSprites
                0x00000000000097b0       0x68 Iris.o
                0x00000000000097b0                LBRotateSprites
 .text.is_space
                0x0000000000009818        0x8 Iris.o
                0x0000000000009818                is_space
 .text.init_default_high_scores
                0x0000000000009820       0x2c Iris.o
                0x0000000000009820                init_default_high_scores
 .text.init_enemy_state
                0x000000000000984c       0x26 Iris.o
                0x000000000000984c                init_enemy_state
 .text.init_boss_state
                0x0000000000009872      0x162 Iris.o
                0x0000000000009872                init_boss_state
 .text.init_player_state
                0x00000000000099d4      0x182 Iris.o
                0x00000000000099d4                init_player_state
 .text.init_enemy_shot
                0x0000000000009b56       0xcc Iris.o
                0x0000000000009b56                init_enemy_shot
 .text.init_enemy_spider
                0x0000000000009c22       0xd8 Iris.o
                0x0000000000009c22                init_enemy_spider
 .text.init_enemy_shark
                0x0000000000009cfa       0xc6 Iris.o
                0x0000000000009cfa                init_enemy_shark
 .text.load_eeprom
                0x0000000000009dc0       0x24 Iris.o
                0x0000000000009dc0                load_eeprom
 .text.clear_overlay
                0x0000000000009de4       0x30 Iris.o
                0x0000000000009de4                clear_overlay
 .text.get_level_tile
                0x0000000000009e14       0xc2 Iris.o
                0x0000000000009e14                get_level_tile
 .text.render_camera_view
                0x0000000000009ed6       0xd0 Iris.o
                0x0000000000009ed6                render_camera_view
 .text.spawn_enemy
                0x0000000000009fa6       0x84 Iris.o
                0x0000000000009fa6                spawn_enemy
 .text.append_tile_column
                0x000000000000a02a      0x140 Iris.o
                0x000000000000a02a                append_tile_column
 .text.append_tile_row
                0x000000000000a16a       0x6a Iris.o
                0x000000000000a16a                append_tile_row
 .text.move_camera_x
                0x000000000000a1d4       0x32 Iris.o
                0x000000000000a1d4                move_camera_x
 .text.move_camera_y
                0x000000000000a206       0x2e Iris.o
                0x000000000000a206                move_camera_y
 .text.map_ship
                0x000000000000a234       0x2a Iris.o
                0x000000000000a234                map_ship
 .text.map_level_info
                0x000000000000a25e       0x74 Iris.o
                0x000000000000a25e                map_level_info
 .text.on_solid_ground
                0x000000000000a2d2      0x17e Iris.o
                0x000000000000a2d2                on_solid_ground
 .text.find_shot_slot
                0x000000000000a450       0x24 Iris.o
                0x000000000000a450                find_shot_slot
 .text.update_shot
                0x000000000000a474      0x17c Iris.o
                0x000000000000a474                update_shot
 .text.pixel_overlap
                0x000000000000a5f0       0x1a Iris.o
                0x000000000000a5f0                pixel_overlap
 .text.collision_detect_level
                0x000000000000a60a      0x616 Iris.o
                0x000000000000a60a                collision_detect_level
 .text.animate_shot
                0x000000000000ac20      0x35a Iris.o
                0x000000000000ac20                animate_shot
 .text.map_explosion
                0x000000000000af7a       0x96 Iris.o
                0x000000000000af7a                map_explosion
 .text.animate_sprite
                0x000000000000b010      0x144 Iris.o
                0x000000000000b010                animate_sprite
 .text.animate_player
                0x000000000000b154       0x8a Iris.o
                0x000000000000b154                animate_player
 .text.update_spider_enemy
                0x000000000000b1de       0x82 Iris.o
                0x000000000000b1de                update_spider_enemy
 .text.update_shark_enemy
                0x000000000000b260       0x20 Iris.o
                0x000000000000b260                update_shark_enemy
 .text.update_basic_shot
                0x000000000000b280       0x16 Iris.o
                0x000000000000b280                update_basic_shot
 .text.update_enemies
                0x000000000000b296       0x88 Iris.o
                0x000000000000b296                update_enemies
 .text.update_enemy_shots
                0x000000000000b31e      0x134 Iris.o
                0x000000000000b31e                update_enemy_shots
 .text.animate_enemies
                0x000000000000b452      0x194 Iris.o
                0x000000000000b452                animate_enemies
 .text.animate_enemy_shots
                0x000000000000b5e6      0x276 Iris.o
                0x000000000000b5e6                animate_enemy_shots
 .text.clear_sprites
                0x000000000000b85c       0x44 Iris.o
                0x000000000000b85c                clear_sprites
 .text.fade_through
                0x000000000000b8a0       0x20 Iris.o
                0x000000000000b8a0                fade_through
 .text.load_level
                0x000000000000b8c0      0x248 Iris.o
                0x000000000000b8c0                load_level
 .text.hide_sprites
                0x000000000000bb08       0x38 Iris.o
                0x000000000000bb08                hide_sprites
 .text.select_pressed
                0x000000000000bb40       0x14 Iris.o
                0x000000000000bb40                select_pressed
 .text.stream_text_middle
                0x000000000000bb54       0x6e Iris.o
                0x000000000000bb54                stream_text_middle
 .text.stream_text_anywhere
                0x000000000000bbc2       0x4a Iris.o
                0x000000000000bbc2                stream_text_anywhere
 .text.map_particles
                0x000000000000bc0c       0x1a Iris.o
                0x000000000000bc0c                map_particles
 .text.place_particles
                0x000000000000bc26       0x44 Iris.o
                0x000000000000bc26                place_particles
 .text.animate_particles
                0x000000000000bc6a       0x64 Iris.o
                0x000000000000bc6a                animate_particles
 .text.get_emarald_map
                0x000000000000bcce       0x1e Iris.o
                0x000000000000bcce                get_emarald_map
 .text.music_transition
                0x000000000000bcec       0x20 Iris.o
                0x000000000000bcec                music_transition
 .text.planet_transition
                0x000000000000bd0c      0x11a Iris.o
                0x000000000000bd0c                planet_transition
 .text.intro    0x000000000000be26       0xc2 Iris.o
                0x000000000000be26                intro
 .text.load_splash
                0x000000000000bee8       0x6e Iris.o
                0x000000000000bee8                load_splash
 .text.load_high_scores
                0x000000000000bf56      0x21e Iris.o
                0x000000000000bf56                load_high_scores
 .text.exit_game
                0x000000000000c174       0x20 Iris.o
                0x000000000000c174                exit_game
 .text.update_splash
                0x000000000000c194       0x8e Iris.o
                0x000000000000c194                update_splash
 .text.update_high_scores
                0x000000000000c222      0x13c Iris.o
                0x000000000000c222                update_high_scores
 .text.tally_score
                0x000000000000c35e      0x282 Iris.o
                0x000000000000c35e                tally_score
 .text.handle_player_death
                0x000000000000c5e0       0x64 Iris.o
                0x000000000000c5e0                handle_player_death
 .text.update_player
                0x000000000000c644      0x504 Iris.o
                0x000000000000c644                update_player
 .text.update_level
                0x000000000000cb48      0x276 Iris.o
                0x000000000000cb48                update_level
 .text.update_pause
                0x000000000000cdbe       0xf0 Iris.o
                0x000000000000cdbe                update_pause
 .text.challenge
                0x000000000000ceae       0x36 Iris.o
                0x000000000000ceae                challenge
 .text.update_player_ai
                0x000000000000cee4       0x6a Iris.o
                0x000000000000cee4                update_player_ai
 .text.startup.main
                0x000000000000cf4e       0xf6 Iris.o
                0x000000000000cf4e                main
 .text.libgcc.div
                0x000000000000d044       0x18 /usr/local/lib/gcc/avr/4.9.2/avr5/libgcc.a(_udivmodqi4.o)
                0x000000000000d044                __udivmodqi4
 .text.libgcc.div
                0x000000000000d05c       0x1c /usr/local/lib/gcc/avr/4.9.2/avr5/libgcc.a(_divmodqi4.o)
                0x000000000000d05c                __divmodqi4
 .text.libgcc.div
                0x000000000000d078       0x28 /usr/local/lib/gcc/avr/4.9.2/avr5/libgcc.a(_udivmodhi4.o)
                0x000000000000d078                __udivmodhi4
 .text.libgcc.div
                0x000000000000d0a0       0x28 /usr/local/lib/gcc/avr/4.9.2/avr5/libgcc.a(_divmodhi4.o)
                0x000000000000d0a0                __divmodhi4
                0x000000000000d0a0                _div
 .text.libgcc   0x000000000000d0c8        0xc /usr/local/lib/gcc/avr/4.9.2/avr5/libgcc.a(_tablejump2.o)
                0x000000000000d0c8                __tablejump2__
 .text.avr-libc.fplib
                0x000000000000d0d4        0xa /usr/local/lib/gcc/avr/4.9.2/../../../../avr/lib/avr5/libm.a(addsf3.o)
                0x000000000000d0d4                __subsf3
                0x000000000000d0d6                __addsf3
 .text.avr-libc.fplib
                0x000000000000d0de       0xc0 /usr/local/lib/gcc/avr/4.9.2/../../../../avr/lib/avr5/libm.a(addsf3x.o)
                0x000000000000d0f8                __addsf3x
 .text.avr-libc.fplib
                0x000000000000d19e        0x8 /usr/local/lib/gcc/avr/4.9.2/../../../../avr/lib/avr5/libm.a(cmpsf2.o)
                0x000000000000d19e                __lesf2
                0x000000000000d19e                __nesf2
                0x000000000000d19e                __eqsf2
                0x000000000000d19e                __cmpsf2
                0x000000000000d19e                __ltsf2
 .text.avr-libc.fplib
                0x000000000000d1a6        0xa /usr/local/lib/gcc/avr/4.9.2/../../../../avr/lib/avr5/libm.a(fixsfsi.o)
                0x000000000000d1a6                __fixsfsi
 .text.avr-libc.fplib
                0x000000000000d1b0       0x58 /usr/local/lib/gcc/avr/4.9.2/../../../../avr/lib/avr5/libm.a(fixunssfsi.o)
                0x000000000000d1b0                __fixunssfsi
 .text.avr-libc.fplib
                0x000000000000d208       0x7a /usr/local/lib/gcc/avr/4.9.2/../../../../avr/lib/avr5/libm.a(floatsisf.o)
                0x000000000000d208                __floatunsisf
                0x000000000000d20c                __floatsisf
 .text.avr-libc.fplib
                0x000000000000d282       0x48 /usr/local/lib/gcc/avr/4.9.2/../../../../avr/lib/avr5/libm.a(fp_cmp.o)
                0x000000000000d282                __fp_cmp
 .text.avr-libc.fplib
                0x000000000000d2ca        0xc /usr/local/lib/gcc/avr/4.9.2/../../../../avr/lib/avr5/libm.a(fp_inf.o)
                0x000000000000d2ca                __fp_inf
 .text.avr-libc.fplib
                0x000000000000d2d6        0x6 /usr/local/lib/gcc/avr/4.9.2/../../../../avr/lib/avr5/libm.a(fp_nan.o)
                0x000000000000d2d6                __fp_nan
 .text.avr-libc.fplib
                0x000000000000d2dc        0xe /usr/local/lib/gcc/avr/4.9.2/../../../../avr/lib/avr5/libm.a(fp_pscA.o)
                0x000000000000d2dc                __fp_pscA
 .text.avr-libc.fplib
                0x000000000000d2ea        0xe /usr/local/lib/gcc/avr/4.9.2/../../../../avr/lib/avr5/libm.a(fp_pscB.o)
                0x000000000000d2ea                __fp_pscB
 .text.avr-libc.fplib
                0x000000000000d2f8       0x22 /usr/local/lib/gcc/avr/4.9.2/../../../../avr/lib/avr5/libm.a(fp_round.o)
                0x000000000000d2f8                __fp_round
 .text.avr-libc.fplib
                0x000000000000d31a       0x44 /usr/local/lib/gcc/avr/4.9.2/../../../../avr/lib/avr5/libm.a(fp_split3.o)
                0x000000000000d31a                __fp_split3
                0x000000000000d32a                __fp_splitA
 .text.avr-libc.fplib
                0x000000000000d35e        0xe /usr/local/lib/gcc/avr/4.9.2/../../../../avr/lib/avr5/libm.a(fp_zero.o)
                0x000000000000d35e                __fp_zero
                0x000000000000d360                __fp_szero
 .text.avr-libc.fplib
                0x000000000000d36c        0x8 /usr/local/lib/gcc/avr/4.9.2/../../../../avr/lib/avr5/libm.a(gesf2.o)
                0x000000000000d36c                __gtsf2
                0x000000000000d36c                __gesf2
 .text.avr-libc.fplib
                0x000000000000d374        0x4 /usr/local/lib/gcc/avr/4.9.2/../../../../avr/lib/avr5/libm.a(mulsf3.o)
                0x000000000000d374                __mulsf3
 .text.avr-libc.fplib
                0x000000000000d378       0xc2 /usr/local/lib/gcc/avr/4.9.2/../../../../avr/lib/avr5/libm.a(mulsf3x.o)
                0x000000000000d38c                __mulsf3x
                0x000000000000d390                __mulsf3_pse
 .text.avr-libc
                0x000000000000d43a       0x16 /usr/local/lib/gcc/avr/4.9.2/../../../../avr/lib/avr5/libc.a(strnlen_P.o)
                0x000000000000d43a                strnlen_P
                0x000000000000d450                . = ALIGN (0x2)
 *(.fini9)
 .fini9         0x000000000000d450        0x0 /usr/local/lib/gcc/avr/4.9.2/avr5/libgcc.a(_exit.o)
                0x000000000000d450                exit
                0x000000000000d450                _exit
 *(.fini9)
 *(.fini8)
 *(.fini8)
 *(.fini7)
 *(.fini7)
 *(.fini6)
 *(.fini6)
 *(.fini5)
 *(.fini5)
 *(.fini4)
 *(.fini4)
 *(.fini3)
 *(.fini3)
 *(.fini2)
 *(.fini2)
 *(.fini1)
 *(.fini1)
 *(.fini0)
 .fini0         0x000000000000d450        0x4 /usr/local/lib/gcc/avr/4.9.2/avr5/libgcc.a(_exit.o)
 *(.fini0)
                0x000000000000d454                _etext = .

.data           0x0000000000800500       0x10 load address 0x000000000000d454
                0x0000000000800500                PROVIDE (__data_start, .)
 *(.data)
 .data          0x0000000000800500        0x1 uzeboxVideoEngine.o
                0x0000000000800500                spritesOn
 .data          0x0000000000800501        0x1 Iris.o
 *(.data*)
 *(.rodata)
 .rodata        0x0000000000800502        0xe Iris.o
 *(.rodata*)
 *(.gnu.linkonce.d*)
                0x0000000000800510                . = ALIGN (0x2)
                0x0000000000800510                _edata = .
                0x0000000000800510                PROVIDE (__data_end, .)

.bss            0x0000000000800510      0xb58
                0x0000000000800510                PROVIDE (__bss_start, .)
 *(.bss)
 .bss           0x0000000000800510      0x7bc uzeboxVideoEngineCore.o
                0x0000000000800510                sprites
                0x0000000000800550                ram_tiles
                0x0000000000800c50                ram_tiles_restore
                0x0000000000800ca4                sprites_tile_banks
                0x0000000000800caf                Screen
                0x0000000000800cb6                sync_phase
                0x0000000000800cb7                sync_pulse
                0x0000000000800cb8                sync_flags
                0x0000000000800cbd                first_render_line
                0x0000000000800cbe                render_lines_count
                0x0000000000800cbf                joypad1_status_lo
                0x0000000000800cc1                joypad1_status_hi
                0x0000000000800cc3                joypad2_status_lo
                0x0000000000800cc5                joypad2_status_hi
 .bss           0x0000000000800ccc        0x2 uzeboxCore.o
 .bss           0x0000000000800cce        0x1 uzeboxSoundEngine.o
                0x0000000000800cce                playSong
 .bss           0x0000000000800ccf       0x23 uzeboxSoundEngineCore.o
                0x0000000000800ccf                sound_enabled
                0x0000000000800cd0                mixer
                0x0000000000800ce3                tr4_params
                0x0000000000800ce4                tr4_barrel_lo
                0x0000000000800ce5                tr4_barrel_hi
 .bss           0x0000000000800cf2        0x2 uzeboxVideoEngine.o
                0x0000000000800cf2                userRamTilesCount_tmp
                0x0000000000800cf3                userRamTilesCount
 .bss           0x0000000000800cf4        0x4 Iris.o
 *(.bss*)
 *(COMMON)
 COMMON         0x0000000000800cf8        0x1 uzeboxCore.o
                0x0000000000800cf8                joypadsConnectionStatus
 COMMON         0x0000000000800cf9       0x83 uzeboxSoundEngine.o
                0x0000000000800cf9                songStart
                0x0000000000800cfb                tracks
                0x0000000000800d6e                currDeltaTime
                0x0000000000800d70                patchPointers
                0x0000000000800d72                lastStatus
                0x0000000000800d73                masterVolume
                0x0000000000800d74                nextDeltaTime
                0x0000000000800d76                songSpeed
                0x0000000000800d77                songPos
                0x0000000000800d79                loopStart
                0x0000000000800d7b                step
 COMMON         0x0000000000800d7c        0x6 uzeboxVideoEngine.o
                0x0000000000800d7c                fadeSpeed
                0x0000000000800d7d                fadeDir
                0x0000000000800d7e                free_tile_index
                0x0000000000800d7f                fadeActive
                0x0000000000800d80                currFadeFrame
                0x0000000000800d81                fadeStep
 COMMON         0x0000000000800d82      0x2e6 Iris.o
                0x0000000000800d82                font_tiles_map
                0x0000000000800d84                boss_run_anim
                0x0000000000800d8c                jump_anim
                0x0000000000800d8e                scores
                0x0000000000800dae                game
                0x0000000000800ff6                prone_anim
                0x0000000000800ff8                spider_anim
                0x0000000000800ffc                shark_anim
                0x0000000000800ffe                extendedSprites
                0x000000000080104e                run_anim
                0x0000000000801056                boss_jump_anim
                0x0000000000801058                enemy_shot_anim
                0x000000000080105a                boss_shot_anim
                0x000000000080105c                shot_anim
                0x000000000080105e                expl_anim
                0x0000000000801064                boss_idle_anim
                0x0000000000801066                idle_anim
                0x0000000000801068                PROVIDE (__bss_end, .)
                0x000000000000d454                __data_load_start = LOADADDR (.data)
                0x000000000000d464                __data_load_end = (__data_load_start + SIZEOF (.data))

.noinit         0x0000000000800100      0x400
                0x0000000000800100                PROVIDE (__noinit_start, .)
 *(.noinit*)
 .noinit        0x0000000000800100      0x400 uzeboxVideoEngineCore.o
                0x0000000000800100                vram
                0x0000000000800500                overlay_vram
                0x0000000000800500                PROVIDE (__noinit_end, .)
                0x0000000000800500                _end = .
                0x0000000000800500                PROVIDE (__heap_start, .)

.eeprom         0x0000000000810000        0x0
 *(.eeprom*)
                0x0000000000810000                __eeprom_end = .

.fuse
 *(.fuse)
 *(.lfuse)
 *(.hfuse)
 *(.efuse)

.lock
 *(.lock*)

.signature
 *(.signature*)

.stab           0x0000000000000000      0x708
 *(.stab)
 .stab          0x0000000000000000       0xf0 /usr/local/lib/gcc/avr/4.9.2/avr5/libgcc.a(_udivmodqi4.o)
 .stab          0x00000000000000f0       0xf0 /usr/local/lib/gcc/avr/4.9.2/avr5/libgcc.a(_divmodqi4.o)
                                         0xfc (size before relaxing)
 .stab          0x00000000000001e0      0x15c /usr/local/lib/gcc/avr/4.9.2/avr5/libgcc.a(_udivmodhi4.o)
                                        0x168 (size before relaxing)
 .stab          0x000000000000033c      0x138 /usr/local/lib/gcc/avr/4.9.2/avr5/libgcc.a(_divmodhi4.o)
                                        0x144 (size before relaxing)
 .stab          0x0000000000000474       0x6c /usr/local/lib/gcc/avr/4.9.2/avr5/libgcc.a(_exit.o)
                                         0x78 (size before relaxing)
 .stab          0x00000000000004e0       0x9c /usr/local/lib/gcc/avr/4.9.2/avr5/libgcc.a(_tablejump2.o)
                                         0xa8 (size before relaxing)
 .stab          0x000000000000057c       0xd8 /usr/local/lib/gcc/avr/4.9.2/avr5/libgcc.a(_copy_data.o)
                                         0xe4 (size before relaxing)
 .stab          0x0000000000000654       0xb4 /usr/local/lib/gcc/avr/4.9.2/avr5/libgcc.a(_clear_bss.o)
                                         0xc0 (size before relaxing)

.stabstr        0x0000000000000000      0x2f1
 *(.stabstr)
 .stabstr       0x0000000000000000      0x2f1 /usr/local/lib/gcc/avr/4.9.2/avr5/libgcc.a(_udivmodqi4.o)

.stab.excl
 *(.stab.excl)

.stab.exclstr
 *(.stab.exclstr)

.stab.index
 *(.stab.index)

.stab.indexstr
 *(.stab.indexstr)

.comment        0x0000000000000000       0x11
 *(.comment)
 .comment       0x0000000000000000       0x11 uzeboxCore.o
                                         0x12 (size before relaxing)
 .comment       0x0000000000000011       0x12 uzeboxSoundEngine.o
 .comment       0x0000000000000011       0x12 uzeboxVideoEngine.o
 .comment       0x0000000000000011       0x12 Iris.o

.note.gnu.build-id
 *(.note.gnu.build-id)

.debug
 *(.debug)

.line
 *(.line)

.debug_srcinfo
 *(.debug_srcinfo)

.debug_sfnames
 *(.debug_sfnames)

.debug_aranges  0x0000000000000000      0x6c0
 *(.debug_aranges)
 .debug_aranges
                0x0000000000000000       0xf8 uzeboxVideoEngineCore.o
 .debug_aranges
                0x00000000000000f8       0x90 uzeboxCore.o
 .debug_aranges
                0x0000000000000188       0xf8 uzeboxSoundEngine.o
 .debug_aranges
                0x0000000000000280       0x50 uzeboxSoundEngineCore.o
 .debug_aranges
                0x00000000000002d0      0x110 uzeboxVideoEngine.o
 .debug_aranges
                0x00000000000003e0      0x2e0 Iris.o

.debug_pubnames
 *(.debug_pubnames)

.debug_info     0x0000000000000000     0x9677
 *(.debug_info .gnu.linkonce.wi.*)
 .debug_info    0x0000000000000000      0x672 /usr/local/lib/gcc/avr/4.9.2/../../../../avr/lib/avr5/crtm644.o
 .debug_info    0x0000000000000672       0x7b uzeboxVideoEngineCore.o
 .debug_info    0x00000000000006ed      0xab8 uzeboxCore.o
 .debug_info    0x00000000000011a5     0x12ce uzeboxSoundEngine.o
 .debug_info    0x0000000000002473       0x72 uzeboxSoundEngineCore.o
 .debug_info    0x00000000000024e5     0x15b9 uzeboxVideoEngine.o
 .debug_info    0x0000000000003a9e     0x5bd9 Iris.o

.debug_abbrev   0x0000000000000000     0x1696
 *(.debug_abbrev)
 .debug_abbrev  0x0000000000000000      0x619 /usr/local/lib/gcc/avr/4.9.2/../../../../avr/lib/avr5/crtm644.o
 .debug_abbrev  0x0000000000000619       0x12 uzeboxVideoEngineCore.o
 .debug_abbrev  0x000000000000062b      0x32b uzeboxCore.o
 .debug_abbrev  0x0000000000000956      0x35c uzeboxSoundEngine.o
 .debug_abbrev  0x0000000000000cb2       0x12 uzeboxSoundEngineCore.o
 .debug_abbrev  0x0000000000000cc4      0x3da uzeboxVideoEngine.o
 .debug_abbrev  0x000000000000109e      0x5f8 Iris.o

.debug_line     0x0000000000000000     0x23a7
 *(.debug_line .debug_line.* .debug_line_end)
 .debug_line    0x0000000000000000       0x1d /usr/local/lib/gcc/avr/4.9.2/../../../../avr/lib/avr5/crtm644.o
 .debug_line    0x000000000000001d      0x5bd uzeboxVideoEngineCore.o
 .debug_line    0x00000000000005da      0x2b9 uzeboxCore.o
 .debug_line    0x0000000000000893      0x3d5 uzeboxSoundEngine.o
 .debug_line    0x0000000000000c68      0x1a9 uzeboxSoundEngineCore.o
 .debug_line    0x0000000000000e11      0x4e2 uzeboxVideoEngine.o
 .debug_line    0x00000000000012f3     0x10b4 Iris.o

.debug_frame    0x0000000000000000     0x16d8
 *(.debug_frame)
 .debug_frame   0x0000000000000000      0x1cc uzeboxCore.o
 .debug_frame   0x00000000000001cc      0x274 uzeboxSoundEngine.o
 .debug_frame   0x0000000000000440      0x4d4 uzeboxVideoEngine.o
 .debug_frame   0x0000000000000914      0xdc4 Iris.o

.debug_str      0x0000000000000000     0x1d4e
 *(.debug_str)
 .debug_str     0x0000000000000000      0x231 /usr/local/lib/gcc/avr/4.9.2/../../../../avr/lib/avr5/crtm644.o
 .debug_str     0x0000000000000231      0x4bd uzeboxCore.o
                                        0x514 (size before relaxing)
 .debug_str     0x00000000000006ee      0x3fd uzeboxSoundEngine.o
                                        0x636 (size before relaxing)
 .debug_str     0x0000000000000aeb      0x359 uzeboxVideoEngine.o
                                        0x56c (size before relaxing)
 .debug_str     0x0000000000000e44      0xf0a Iris.o
                                       0x1329 (size before relaxing)

.debug_loc      0x0000000000000000     0x8244
 *(.debug_loc)
 .debug_loc     0x0000000000000000      0x9f9 uzeboxCore.o
 .debug_loc     0x00000000000009f9     0x1148 uzeboxSoundEngine.o
 .debug_loc     0x0000000000001b41     0x1bf5 uzeboxVideoEngine.o
 .debug_loc     0x0000000000003736     0x4b0e Iris.o

.debug_macinfo
 *(.debug_macinfo)

.debug_weaknames
 *(.debug_weaknames)

.debug_funcnames
 *(.debug_funcnames)

.debug_typenames
 *(.debug_typenames)

.debug_varnames
 *(.debug_varnames)

.debug_pubtypes
 *(.debug_pubtypes)

.debug_ranges   0x0000000000000000      0x870
 *(.debug_ranges)
 .debug_ranges  0x0000000000000000       0xf0 uzeboxVideoEngineCore.o
 .debug_ranges  0x00000000000000f0       0x98 uzeboxCore.o
 .debug_ranges  0x0000000000000188      0x130 uzeboxSoundEngine.o
 .debug_ranges  0x00000000000002b8       0x48 uzeboxSoundEngineCore.o
 .debug_ranges  0x0000000000000300      0x148 uzeboxVideoEngine.o
 .debug_ranges  0x0000000000000448      0x428 Iris.o

.debug_macro
 *(.debug_macro)
OUTPUT(Iris.elf elf32-avr)
LOAD linker stubs
