Archive member included to satisfy reference by file (symbol)

/usr/local/lib/gcc/avr/4.9.2/avr5/libgcc.a(_udivmodqi4.o)
                              uzeboxVideoEngine.o (__udivmodqi4)
/usr/local/lib/gcc/avr/4.9.2/avr5/libgcc.a(_divmodqi4.o)
                              Iris.o (__divmodqi4)
/usr/local/lib/gcc/avr/4.9.2/avr5/libgcc.a(_udivmodhi4.o)
                              uzeboxVideoEngine.o (__udivmodhi4)
/usr/local/lib/gcc/avr/4.9.2/avr5/libgcc.a(_divmodhi4.o)
                              uzeboxSoundEngine.o (__divmodhi4)
/usr/local/lib/gcc/avr/4.9.2/avr5/libgcc.a(_udivmodsi4.o)
                              uzeboxVideoEngine.o (__udivmodsi4)
/usr/local/lib/gcc/avr/4.9.2/avr5/libgcc.a(_exit.o)
                              /usr/local/lib/gcc/avr/4.9.2/../../../../avr/lib/avr5/crtm644.o (exit)
/usr/local/lib/gcc/avr/4.9.2/avr5/libgcc.a(_tablejump2.o)
                              Iris.o (__tablejump2__)
/usr/local/lib/gcc/avr/4.9.2/avr5/libgcc.a(_copy_data.o)
                              uzeboxVideoEngine.o (__do_copy_data)
/usr/local/lib/gcc/avr/4.9.2/avr5/libgcc.a(_clear_bss.o)
                              uzeboxCore.o (__do_clear_bss)
/usr/local/lib/gcc/avr/4.9.2/../../../../avr/lib/avr5/libm.a(addsf3.o)
                              Iris.o (__addsf3)
/usr/local/lib/gcc/avr/4.9.2/../../../../avr/lib/avr5/libm.a(addsf3x.o)
                              /usr/local/lib/gcc/avr/4.9.2/../../../../avr/lib/avr5/libm.a(addsf3.o) (__addsf3x)
/usr/local/lib/gcc/avr/4.9.2/../../../../avr/lib/avr5/libm.a(fixsfsi.o)
                              Iris.o (__fixsfsi)
/usr/local/lib/gcc/avr/4.9.2/../../../../avr/lib/avr5/libm.a(fixunssfsi.o)
                              /usr/local/lib/gcc/avr/4.9.2/../../../../avr/lib/avr5/libm.a(fixsfsi.o) (__fixunssfsi)
/usr/local/lib/gcc/avr/4.9.2/../../../../avr/lib/avr5/libm.a(floatsisf.o)
                              Iris.o (__floatsisf)
/usr/local/lib/gcc/avr/4.9.2/../../../../avr/lib/avr5/libm.a(fp_inf.o)
                              /usr/local/lib/gcc/avr/4.9.2/../../../../avr/lib/avr5/libm.a(addsf3x.o) (__fp_inf)
/usr/local/lib/gcc/avr/4.9.2/../../../../avr/lib/avr5/libm.a(fp_nan.o)
                              /usr/local/lib/gcc/avr/4.9.2/../../../../avr/lib/avr5/libm.a(addsf3x.o) (__fp_nan)
/usr/local/lib/gcc/avr/4.9.2/../../../../avr/lib/avr5/libm.a(fp_pscA.o)
                              /usr/local/lib/gcc/avr/4.9.2/../../../../avr/lib/avr5/libm.a(addsf3x.o) (__fp_pscA)
/usr/local/lib/gcc/avr/4.9.2/../../../../avr/lib/avr5/libm.a(fp_pscB.o)
                              /usr/local/lib/gcc/avr/4.9.2/../../../../avr/lib/avr5/libm.a(addsf3x.o) (__fp_pscB)
/usr/local/lib/gcc/avr/4.9.2/../../../../avr/lib/avr5/libm.a(fp_round.o)
                              /usr/local/lib/gcc/avr/4.9.2/../../../../avr/lib/avr5/libm.a(addsf3.o) (__fp_round)
/usr/local/lib/gcc/avr/4.9.2/../../../../avr/lib/avr5/libm.a(fp_split3.o)
                              /usr/local/lib/gcc/avr/4.9.2/../../../../avr/lib/avr5/libm.a(addsf3x.o) (__fp_split3)
/usr/local/lib/gcc/avr/4.9.2/../../../../avr/lib/avr5/libm.a(fp_zero.o)
                              /usr/local/lib/gcc/avr/4.9.2/../../../../avr/lib/avr5/libm.a(addsf3x.o) (__fp_zero)
/usr/local/lib/gcc/avr/4.9.2/../../../../avr/lib/avr5/libm.a(mulsf3.o)
                              Iris.o (__mulsf3)
/usr/local/lib/gcc/avr/4.9.2/../../../../avr/lib/avr5/libm.a(mulsf3x.o)
                              /usr/local/lib/gcc/avr/4.9.2/../../../../avr/lib/avr5/libm.a(mulsf3.o) (__mulsf3x)
/usr/local/lib/gcc/avr/4.9.2/../../../../avr/lib/avr5/libc.a(strnlen_P.o)
                              Iris.o (strnlen_P)

Allocating common symbols
Common symbol       size              file

songStart           0x2               uzeboxSoundEngine.o
font_tiles_map      0x2               Iris.o
shot_top_anim       0x2               Iris.o
tracks              0x73              uzeboxSoundEngine.o
boss_run_anim       0x8               Iris.o
jump_anim           0x2               Iris.o
scores              0x20              Iris.o
fadeSpeed           0x1               uzeboxVideoEngine.o
currDeltaTime       0x2               uzeboxSoundEngine.o
fadeDir             0x1               uzeboxVideoEngine.o
patchPointers       0x2               uzeboxSoundEngine.o
game                0x21f             Iris.o
lastStatus          0x1               uzeboxSoundEngine.o
boss_shot_top_anim  0x2               Iris.o
joypadsConnectionStatus
                    0x1               uzeboxCore.o
free_tile_index     0x1               uzeboxVideoEngine.o
fadeActive          0x1               uzeboxVideoEngine.o
masterVolume        0x1               uzeboxSoundEngine.o
prone_anim          0x2               Iris.o
nextDeltaTime       0x2               uzeboxSoundEngine.o
spider_anim         0x4               Iris.o
songSpeed           0x1               uzeboxSoundEngine.o
songPos             0x2               uzeboxSoundEngine.o
shark_anim          0x2               Iris.o
extendedSprites     0x50              Iris.o
boss_shot_bottom_anim
                    0x2               Iris.o
run_anim            0x8               Iris.o
shot_middle_anim    0x2               Iris.o
boss_jump_anim      0x2               Iris.o
enemy_shot_anim     0x2               Iris.o
loopStart           0x2               uzeboxSoundEngine.o
step                0x1               uzeboxSoundEngine.o
expl_anim           0x6               Iris.o
currFadeFrame       0x1               uzeboxVideoEngine.o
fadeStep            0x1               uzeboxVideoEngine.o
shot_bottom_anim    0x2               Iris.o
boss_idle_anim      0x2               Iris.o
boss_shot_middle_anim
                    0x2               Iris.o
hazard_anim         0x2               Iris.o
idle_anim           0x2               Iris.o

Discarded input sections

 .data          0x0000000000000000        0x0 /usr/local/lib/gcc/avr/4.9.2/../../../../avr/lib/avr5/crtm644.o
 .bss           0x0000000000000000        0x0 /usr/local/lib/gcc/avr/4.9.2/../../../../avr/lib/avr5/crtm644.o
 .data          0x0000000000000000        0x0 uzeboxVideoEngineCore.o
 .text.SetSpritesTileBank
                0x0000000000000000       0x12 uzeboxVideoEngineCore.o
 .text.SetFont  0x0000000000000000        0x8 uzeboxVideoEngineCore.o
 .text.SetFontTilesIndex
                0x0000000000000000        0x6 uzeboxVideoEngineCore.o
 .text.GetTile  0x0000000000000000       0x24 uzeboxVideoEngineCore.o
 .text.GetVsyncCounter
                0x0000000000000000        0xa uzeboxVideoEngineCore.o
 .text.ClearVsyncCounter
                0x0000000000000000        0xa uzeboxVideoEngineCore.o
 .text.SetUserPreVsyncCallback
                0x0000000000000000        0xa uzeboxVideoEngineCore.o
 .text.SetUserPostVsyncCallback
                0x0000000000000000        0xa uzeboxVideoEngineCore.o
 .text.IsRunningInEmulator
                0x0000000000000000       0x12 uzeboxVideoEngineCore.o
 .text.WaitClocks
                0x0000000000000000        0x6 uzeboxVideoEngineCore.o
 .text.SetLedOn
                0x0000000000000000        0x4 uzeboxVideoEngineCore.o
 .text.SetLedOff
                0x0000000000000000        0x4 uzeboxVideoEngineCore.o
 .text.ToggleLed
                0x0000000000000000        0x4 uzeboxVideoEngineCore.o
 .text.internal_spi_byte
                0x0000000000000000        0xe uzeboxVideoEngineCore.o
 .text          0x0000000000000000        0x0 uzeboxCore.o
 .data          0x0000000000000000        0x0 uzeboxCore.o
 .text.SetRenderingParameters
                0x0000000000000000        0xa uzeboxCore.o
 .text.DetectControllers
                0x0000000000000000       0x36 uzeboxCore.o
 .text.FormatEeprom2
                0x0000000000000000       0x98 uzeboxCore.o
 .text.IsPowerSwitchPressed
                0x0000000000000000        0xe uzeboxCore.o
 .text          0x0000000000000000        0x0 uzeboxSoundEngine.o
 .data          0x0000000000000000        0x0 uzeboxSoundEngine.o
 .text.ResumeSong
                0x0000000000000000        0x8 uzeboxSoundEngine.o
 .text.SetSongSpeed
                0x0000000000000000        0x6 uzeboxSoundEngine.o
 .text.GetSongSpeed
                0x0000000000000000        0x6 uzeboxSoundEngine.o
 .text.GetMasterVolume
                0x0000000000000000        0x6 uzeboxSoundEngine.o
 .data          0x0000000000000000        0x0 uzeboxSoundEngineCore.o
 .text.SetMixerNoiseParams
                0x0000000000000000       0x10 uzeboxSoundEngineCore.o
 .text.SetMixerVolume
                0x0000000000000000       0x16 uzeboxSoundEngineCore.o
 .text.EnableSoundEngine
                0x0000000000000000        0x8 uzeboxSoundEngineCore.o
 .text          0x0000000000000000        0x0 uzeboxVideoEngine.o
 .text.SetUserRamTilesCount
                0x0000000000000000        0x6 uzeboxVideoEngine.o
 .text.GetUserRamTile
                0x0000000000000000        0xe uzeboxVideoEngine.o
 .text.SetSpriteVisibility
                0x0000000000000000        0x6 uzeboxVideoEngine.o
 .text.SetScrolling
                0x0000000000000000       0x28 uzeboxVideoEngine.o
 .text.MapSprite
                0x0000000000000000       0x80 uzeboxVideoEngine.o
 .text.MapSprite2
                0x0000000000000000       0xa4 uzeboxVideoEngine.o
 .text.MoveSprite
                0x0000000000000000       0x7c uzeboxVideoEngine.o
 .text.PrintLong
                0x0000000000000000       0x8a uzeboxVideoEngine.o
 .text.PrintByte
                0x0000000000000000       0x66 uzeboxVideoEngine.o
 .text.PrintInt
                0x0000000000000000       0x70 uzeboxVideoEngine.o
 .text.PrintBinaryByte
                0x0000000000000000       0x36 uzeboxVideoEngine.o
 .text.PrintHexByte
                0x0000000000000000       0x40 uzeboxVideoEngine.o
 .text.PrintHexInt
                0x0000000000000000       0x24 uzeboxVideoEngine.o
 .text.PrintHexLong
                0x0000000000000000       0x5e uzeboxVideoEngine.o
 .text.Print    0x0000000000000000       0x36 uzeboxVideoEngine.o
 .text.PrintRam
                0x0000000000000000       0x36 uzeboxVideoEngine.o
 .text.PrintChar
                0x0000000000000000        0x6 uzeboxVideoEngine.o
 .text.Fill     0x0000000000000000       0x6e uzeboxVideoEngine.o
 .text.FontFill
                0x0000000000000000       0x6c uzeboxVideoEngine.o
 .text          0x0000000000000000        0x0 Iris.o
 .text.LBGetNextFrameReverse
                0x0000000000000000       0x60 Iris.o
 .text.LBResetJoyPadState
                0x0000000000000000       0x12 Iris.o
 .text.LBCopyChars
                0x0000000000000000       0x18 Iris.o
 .text.LBSetFontTilesMap
                0x0000000000000000        0xa Iris.o
 .text.LBPrintStr
                0x0000000000000000       0x62 Iris.o
 .text.init_shot
                0x0000000000000000       0x44 Iris.o
 .text.save_eeprom
                0x0000000000000000        0x4 Iris.o
 .text.render_level_tile
                0x0000000000000000        0xe Iris.o
 .text.get_camera_x
                0x0000000000000000        0x4 Iris.o
 .text.get_camera_y
                0x0000000000000000        0x4 Iris.o
 .text.get_hero_spawn_x
                0x0000000000000000        0x4 Iris.o
 .text.get_hero_spawn_y
                0x0000000000000000        0x4 Iris.o
 .text.get_boss_spawn_x
                0x0000000000000000        0x4 Iris.o
 .text.get_boss_spawn_y
                0x0000000000000000        0x4 Iris.o
 .text.solid_tile
                0x0000000000000000        0xe Iris.o
 .text.hazard_tile
                0x0000000000000000        0xe Iris.o
 .text.hazard_projectile_tile
                0x0000000000000000        0xe Iris.o
 .text          0x0000000000000000        0x0 /usr/local/lib/gcc/avr/4.9.2/avr5/libgcc.a(_udivmodqi4.o)
 .data          0x0000000000000000        0x0 /usr/local/lib/gcc/avr/4.9.2/avr5/libgcc.a(_udivmodqi4.o)
 .bss           0x0000000000000000        0x0 /usr/local/lib/gcc/avr/4.9.2/avr5/libgcc.a(_udivmodqi4.o)
 .text.libgcc.mul
                0x0000000000000000        0x0 /usr/local/lib/gcc/avr/4.9.2/avr5/libgcc.a(_udivmodqi4.o)
 .text.libgcc   0x0000000000000000        0x0 /usr/local/lib/gcc/avr/4.9.2/avr5/libgcc.a(_udivmodqi4.o)
 .text.libgcc.prologue
                0x0000000000000000        0x0 /usr/local/lib/gcc/avr/4.9.2/avr5/libgcc.a(_udivmodqi4.o)
 .text.libgcc.builtins
                0x0000000000000000        0x0 /usr/local/lib/gcc/avr/4.9.2/avr5/libgcc.a(_udivmodqi4.o)
 .text.libgcc.fmul
                0x0000000000000000        0x0 /usr/local/lib/gcc/avr/4.9.2/avr5/libgcc.a(_udivmodqi4.o)
 .text.libgcc.fixed
                0x0000000000000000        0x0 /usr/local/lib/gcc/avr/4.9.2/avr5/libgcc.a(_udivmodqi4.o)
 .text          0x0000000000000000        0x0 /usr/local/lib/gcc/avr/4.9.2/avr5/libgcc.a(_divmodqi4.o)
 .data          0x0000000000000000        0x0 /usr/local/lib/gcc/avr/4.9.2/avr5/libgcc.a(_divmodqi4.o)
 .bss           0x0000000000000000        0x0 /usr/local/lib/gcc/avr/4.9.2/avr5/libgcc.a(_divmodqi4.o)
 .text.libgcc.mul
                0x0000000000000000        0x0 /usr/local/lib/gcc/avr/4.9.2/avr5/libgcc.a(_divmodqi4.o)
 .text.libgcc   0x0000000000000000        0x0 /usr/local/lib/gcc/avr/4.9.2/avr5/libgcc.a(_divmodqi4.o)
 .text.libgcc.prologue
                0x0000000000000000        0x0 /usr/local/lib/gcc/avr/4.9.2/avr5/libgcc.a(_divmodqi4.o)
 .text.libgcc.builtins
                0x0000000000000000        0x0 /usr/local/lib/gcc/avr/4.9.2/avr5/libgcc.a(_divmodqi4.o)
 .text.libgcc.fmul
                0x0000000000000000        0x0 /usr/local/lib/gcc/avr/4.9.2/avr5/libgcc.a(_divmodqi4.o)
 .text.libgcc.fixed
                0x0000000000000000        0x0 /usr/local/lib/gcc/avr/4.9.2/avr5/libgcc.a(_divmodqi4.o)
 .text          0x0000000000000000        0x0 /usr/local/lib/gcc/avr/4.9.2/avr5/libgcc.a(_udivmodhi4.o)
 .data          0x0000000000000000        0x0 /usr/local/lib/gcc/avr/4.9.2/avr5/libgcc.a(_udivmodhi4.o)
 .bss           0x0000000000000000        0x0 /usr/local/lib/gcc/avr/4.9.2/avr5/libgcc.a(_udivmodhi4.o)
 .text.libgcc.mul
                0x0000000000000000        0x0 /usr/local/lib/gcc/avr/4.9.2/avr5/libgcc.a(_udivmodhi4.o)
 .text.libgcc   0x0000000000000000        0x0 /usr/local/lib/gcc/avr/4.9.2/avr5/libgcc.a(_udivmodhi4.o)
 .text.libgcc.prologue
                0x0000000000000000        0x0 /usr/local/lib/gcc/avr/4.9.2/avr5/libgcc.a(_udivmodhi4.o)
 .text.libgcc.builtins
                0x0000000000000000        0x0 /usr/local/lib/gcc/avr/4.9.2/avr5/libgcc.a(_udivmodhi4.o)
 .text.libgcc.fmul
                0x0000000000000000        0x0 /usr/local/lib/gcc/avr/4.9.2/avr5/libgcc.a(_udivmodhi4.o)
 .text.libgcc.fixed
                0x0000000000000000        0x0 /usr/local/lib/gcc/avr/4.9.2/avr5/libgcc.a(_udivmodhi4.o)
 .text          0x0000000000000000        0x0 /usr/local/lib/gcc/avr/4.9.2/avr5/libgcc.a(_divmodhi4.o)
 .data          0x0000000000000000        0x0 /usr/local/lib/gcc/avr/4.9.2/avr5/libgcc.a(_divmodhi4.o)
 .bss           0x0000000000000000        0x0 /usr/local/lib/gcc/avr/4.9.2/avr5/libgcc.a(_divmodhi4.o)
 .text.libgcc.mul
                0x0000000000000000        0x0 /usr/local/lib/gcc/avr/4.9.2/avr5/libgcc.a(_divmodhi4.o)
 .text.libgcc   0x0000000000000000        0x0 /usr/local/lib/gcc/avr/4.9.2/avr5/libgcc.a(_divmodhi4.o)
 .text.libgcc.prologue
                0x0000000000000000        0x0 /usr/local/lib/gcc/avr/4.9.2/avr5/libgcc.a(_divmodhi4.o)
 .text.libgcc.builtins
                0x0000000000000000        0x0 /usr/local/lib/gcc/avr/4.9.2/avr5/libgcc.a(_divmodhi4.o)
 .text.libgcc.fmul
                0x0000000000000000        0x0 /usr/local/lib/gcc/avr/4.9.2/avr5/libgcc.a(_divmodhi4.o)
 .text.libgcc.fixed
                0x0000000000000000        0x0 /usr/local/lib/gcc/avr/4.9.2/avr5/libgcc.a(_divmodhi4.o)
 .text          0x0000000000000000        0x0 /usr/local/lib/gcc/avr/4.9.2/avr5/libgcc.a(_udivmodsi4.o)
 .data          0x0000000000000000        0x0 /usr/local/lib/gcc/avr/4.9.2/avr5/libgcc.a(_udivmodsi4.o)
 .bss           0x0000000000000000        0x0 /usr/local/lib/gcc/avr/4.9.2/avr5/libgcc.a(_udivmodsi4.o)
 .stab          0x0000000000000000      0x228 /usr/local/lib/gcc/avr/4.9.2/avr5/libgcc.a(_udivmodsi4.o)
                                        0x234 (size before relaxing)
 .text.libgcc.mul
                0x0000000000000000        0x0 /usr/local/lib/gcc/avr/4.9.2/avr5/libgcc.a(_udivmodsi4.o)
 .text.libgcc.div
                0x0000000000000000       0x44 /usr/local/lib/gcc/avr/4.9.2/avr5/libgcc.a(_udivmodsi4.o)
 .text.libgcc   0x0000000000000000        0x0 /usr/local/lib/gcc/avr/4.9.2/avr5/libgcc.a(_udivmodsi4.o)
 .text.libgcc.prologue
                0x0000000000000000        0x0 /usr/local/lib/gcc/avr/4.9.2/avr5/libgcc.a(_udivmodsi4.o)
 .text.libgcc.builtins
                0x0000000000000000        0x0 /usr/local/lib/gcc/avr/4.9.2/avr5/libgcc.a(_udivmodsi4.o)
 .text.libgcc.fmul
                0x0000000000000000        0x0 /usr/local/lib/gcc/avr/4.9.2/avr5/libgcc.a(_udivmodsi4.o)
 .text.libgcc.fixed
                0x0000000000000000        0x0 /usr/local/lib/gcc/avr/4.9.2/avr5/libgcc.a(_udivmodsi4.o)
 .text          0x0000000000000000        0x0 /usr/local/lib/gcc/avr/4.9.2/avr5/libgcc.a(_exit.o)
 .data          0x0000000000000000        0x0 /usr/local/lib/gcc/avr/4.9.2/avr5/libgcc.a(_exit.o)
 .bss           0x0000000000000000        0x0 /usr/local/lib/gcc/avr/4.9.2/avr5/libgcc.a(_exit.o)
 .text.libgcc.mul
                0x0000000000000000        0x0 /usr/local/lib/gcc/avr/4.9.2/avr5/libgcc.a(_exit.o)
 .text.libgcc.div
                0x0000000000000000        0x0 /usr/local/lib/gcc/avr/4.9.2/avr5/libgcc.a(_exit.o)
 .text.libgcc   0x0000000000000000        0x0 /usr/local/lib/gcc/avr/4.9.2/avr5/libgcc.a(_exit.o)
 .text.libgcc.prologue
                0x0000000000000000        0x0 /usr/local/lib/gcc/avr/4.9.2/avr5/libgcc.a(_exit.o)
 .text.libgcc.builtins
                0x0000000000000000        0x0 /usr/local/lib/gcc/avr/4.9.2/avr5/libgcc.a(_exit.o)
 .text.libgcc.fmul
                0x0000000000000000        0x0 /usr/local/lib/gcc/avr/4.9.2/avr5/libgcc.a(_exit.o)
 .text.libgcc.fixed
                0x0000000000000000        0x0 /usr/local/lib/gcc/avr/4.9.2/avr5/libgcc.a(_exit.o)
 .text          0x0000000000000000        0x0 /usr/local/lib/gcc/avr/4.9.2/avr5/libgcc.a(_tablejump2.o)
 .data          0x0000000000000000        0x0 /usr/local/lib/gcc/avr/4.9.2/avr5/libgcc.a(_tablejump2.o)
 .bss           0x0000000000000000        0x0 /usr/local/lib/gcc/avr/4.9.2/avr5/libgcc.a(_tablejump2.o)
 .text.libgcc.mul
                0x0000000000000000        0x0 /usr/local/lib/gcc/avr/4.9.2/avr5/libgcc.a(_tablejump2.o)
 .text.libgcc.div
                0x0000000000000000        0x0 /usr/local/lib/gcc/avr/4.9.2/avr5/libgcc.a(_tablejump2.o)
 .text.libgcc.prologue
                0x0000000000000000        0x0 /usr/local/lib/gcc/avr/4.9.2/avr5/libgcc.a(_tablejump2.o)
 .text.libgcc.builtins
                0x0000000000000000        0x0 /usr/local/lib/gcc/avr/4.9.2/avr5/libgcc.a(_tablejump2.o)
 .text.libgcc.fmul
                0x0000000000000000        0x0 /usr/local/lib/gcc/avr/4.9.2/avr5/libgcc.a(_tablejump2.o)
 .text.libgcc.fixed
                0x0000000000000000        0x0 /usr/local/lib/gcc/avr/4.9.2/avr5/libgcc.a(_tablejump2.o)
 .text          0x0000000000000000        0x0 /usr/local/lib/gcc/avr/4.9.2/avr5/libgcc.a(_copy_data.o)
 .data          0x0000000000000000        0x0 /usr/local/lib/gcc/avr/4.9.2/avr5/libgcc.a(_copy_data.o)
 .bss           0x0000000000000000        0x0 /usr/local/lib/gcc/avr/4.9.2/avr5/libgcc.a(_copy_data.o)
 .text.libgcc.mul
                0x0000000000000000        0x0 /usr/local/lib/gcc/avr/4.9.2/avr5/libgcc.a(_copy_data.o)
 .text.libgcc.div
                0x0000000000000000        0x0 /usr/local/lib/gcc/avr/4.9.2/avr5/libgcc.a(_copy_data.o)
 .text.libgcc   0x0000000000000000        0x0 /usr/local/lib/gcc/avr/4.9.2/avr5/libgcc.a(_copy_data.o)
 .text.libgcc.prologue
                0x0000000000000000        0x0 /usr/local/lib/gcc/avr/4.9.2/avr5/libgcc.a(_copy_data.o)
 .text.libgcc.builtins
                0x0000000000000000        0x0 /usr/local/lib/gcc/avr/4.9.2/avr5/libgcc.a(_copy_data.o)
 .text.libgcc.fmul
                0x0000000000000000        0x0 /usr/local/lib/gcc/avr/4.9.2/avr5/libgcc.a(_copy_data.o)
 .text.libgcc.fixed
                0x0000000000000000        0x0 /usr/local/lib/gcc/avr/4.9.2/avr5/libgcc.a(_copy_data.o)
 .text          0x0000000000000000        0x0 /usr/local/lib/gcc/avr/4.9.2/avr5/libgcc.a(_clear_bss.o)
 .data          0x0000000000000000        0x0 /usr/local/lib/gcc/avr/4.9.2/avr5/libgcc.a(_clear_bss.o)
 .bss           0x0000000000000000        0x0 /usr/local/lib/gcc/avr/4.9.2/avr5/libgcc.a(_clear_bss.o)
 .text.libgcc.mul
                0x0000000000000000        0x0 /usr/local/lib/gcc/avr/4.9.2/avr5/libgcc.a(_clear_bss.o)
 .text.libgcc.div
                0x0000000000000000        0x0 /usr/local/lib/gcc/avr/4.9.2/avr5/libgcc.a(_clear_bss.o)
 .text.libgcc   0x0000000000000000        0x0 /usr/local/lib/gcc/avr/4.9.2/avr5/libgcc.a(_clear_bss.o)
 .text.libgcc.prologue
                0x0000000000000000        0x0 /usr/local/lib/gcc/avr/4.9.2/avr5/libgcc.a(_clear_bss.o)
 .text.libgcc.builtins
                0x0000000000000000        0x0 /usr/local/lib/gcc/avr/4.9.2/avr5/libgcc.a(_clear_bss.o)
 .text.libgcc.fmul
                0x0000000000000000        0x0 /usr/local/lib/gcc/avr/4.9.2/avr5/libgcc.a(_clear_bss.o)
 .text.libgcc.fixed
                0x0000000000000000        0x0 /usr/local/lib/gcc/avr/4.9.2/avr5/libgcc.a(_clear_bss.o)
 .text          0x0000000000000000        0x0 /usr/local/lib/gcc/avr/4.9.2/../../../../avr/lib/avr5/libm.a(addsf3.o)
 .data          0x0000000000000000        0x0 /usr/local/lib/gcc/avr/4.9.2/../../../../avr/lib/avr5/libm.a(addsf3.o)
 .bss           0x0000000000000000        0x0 /usr/local/lib/gcc/avr/4.9.2/../../../../avr/lib/avr5/libm.a(addsf3.o)
 .text          0x0000000000000000        0x0 /usr/local/lib/gcc/avr/4.9.2/../../../../avr/lib/avr5/libm.a(addsf3x.o)
 .data          0x0000000000000000        0x0 /usr/local/lib/gcc/avr/4.9.2/../../../../avr/lib/avr5/libm.a(addsf3x.o)
 .bss           0x0000000000000000        0x0 /usr/local/lib/gcc/avr/4.9.2/../../../../avr/lib/avr5/libm.a(addsf3x.o)
 .text          0x0000000000000000        0x0 /usr/local/lib/gcc/avr/4.9.2/../../../../avr/lib/avr5/libm.a(fixsfsi.o)
 .data          0x0000000000000000        0x0 /usr/local/lib/gcc/avr/4.9.2/../../../../avr/lib/avr5/libm.a(fixsfsi.o)
 .bss           0x0000000000000000        0x0 /usr/local/lib/gcc/avr/4.9.2/../../../../avr/lib/avr5/libm.a(fixsfsi.o)
 .text          0x0000000000000000        0x0 /usr/local/lib/gcc/avr/4.9.2/../../../../avr/lib/avr5/libm.a(fixunssfsi.o)
 .data          0x0000000000000000        0x0 /usr/local/lib/gcc/avr/4.9.2/../../../../avr/lib/avr5/libm.a(fixunssfsi.o)
 .bss           0x0000000000000000        0x0 /usr/local/lib/gcc/avr/4.9.2/../../../../avr/lib/avr5/libm.a(fixunssfsi.o)
 .text          0x0000000000000000        0x0 /usr/local/lib/gcc/avr/4.9.2/../../../../avr/lib/avr5/libm.a(floatsisf.o)
 .data          0x0000000000000000        0x0 /usr/local/lib/gcc/avr/4.9.2/../../../../avr/lib/avr5/libm.a(floatsisf.o)
 .bss           0x0000000000000000        0x0 /usr/local/lib/gcc/avr/4.9.2/../../../../avr/lib/avr5/libm.a(floatsisf.o)
 .text          0x0000000000000000        0x0 /usr/local/lib/gcc/avr/4.9.2/../../../../avr/lib/avr5/libm.a(fp_inf.o)
 .data          0x0000000000000000        0x0 /usr/local/lib/gcc/avr/4.9.2/../../../../avr/lib/avr5/libm.a(fp_inf.o)
 .bss           0x0000000000000000        0x0 /usr/local/lib/gcc/avr/4.9.2/../../../../avr/lib/avr5/libm.a(fp_inf.o)
 .text          0x0000000000000000        0x0 /usr/local/lib/gcc/avr/4.9.2/../../../../avr/lib/avr5/libm.a(fp_nan.o)
 .data          0x0000000000000000        0x0 /usr/local/lib/gcc/avr/4.9.2/../../../../avr/lib/avr5/libm.a(fp_nan.o)
 .bss           0x0000000000000000        0x0 /usr/local/lib/gcc/avr/4.9.2/../../../../avr/lib/avr5/libm.a(fp_nan.o)
 .text          0x0000000000000000        0x0 /usr/local/lib/gcc/avr/4.9.2/../../../../avr/lib/avr5/libm.a(fp_pscA.o)
 .data          0x0000000000000000        0x0 /usr/local/lib/gcc/avr/4.9.2/../../../../avr/lib/avr5/libm.a(fp_pscA.o)
 .bss           0x0000000000000000        0x0 /usr/local/lib/gcc/avr/4.9.2/../../../../avr/lib/avr5/libm.a(fp_pscA.o)
 .text          0x0000000000000000        0x0 /usr/local/lib/gcc/avr/4.9.2/../../../../avr/lib/avr5/libm.a(fp_pscB.o)
 .data          0x0000000000000000        0x0 /usr/local/lib/gcc/avr/4.9.2/../../../../avr/lib/avr5/libm.a(fp_pscB.o)
 .bss           0x0000000000000000        0x0 /usr/local/lib/gcc/avr/4.9.2/../../../../avr/lib/avr5/libm.a(fp_pscB.o)
 .text          0x0000000000000000        0x0 /usr/local/lib/gcc/avr/4.9.2/../../../../avr/lib/avr5/libm.a(fp_round.o)
 .data          0x0000000000000000        0x0 /usr/local/lib/gcc/avr/4.9.2/../../../../avr/lib/avr5/libm.a(fp_round.o)
 .bss           0x0000000000000000        0x0 /usr/local/lib/gcc/avr/4.9.2/../../../../avr/lib/avr5/libm.a(fp_round.o)
 .text          0x0000000000000000        0x0 /usr/local/lib/gcc/avr/4.9.2/../../../../avr/lib/avr5/libm.a(fp_split3.o)
 .data          0x0000000000000000        0x0 /usr/local/lib/gcc/avr/4.9.2/../../../../avr/lib/avr5/libm.a(fp_split3.o)
 .bss           0x0000000000000000        0x0 /usr/local/lib/gcc/avr/4.9.2/../../../../avr/lib/avr5/libm.a(fp_split3.o)
 .text          0x0000000000000000        0x0 /usr/local/lib/gcc/avr/4.9.2/../../../../avr/lib/avr5/libm.a(fp_zero.o)
 .data          0x0000000000000000        0x0 /usr/local/lib/gcc/avr/4.9.2/../../../../avr/lib/avr5/libm.a(fp_zero.o)
 .bss           0x0000000000000000        0x0 /usr/local/lib/gcc/avr/4.9.2/../../../../avr/lib/avr5/libm.a(fp_zero.o)
 .text          0x0000000000000000        0x0 /usr/local/lib/gcc/avr/4.9.2/../../../../avr/lib/avr5/libm.a(mulsf3.o)
 .data          0x0000000000000000        0x0 /usr/local/lib/gcc/avr/4.9.2/../../../../avr/lib/avr5/libm.a(mulsf3.o)
 .bss           0x0000000000000000        0x0 /usr/local/lib/gcc/avr/4.9.2/../../../../avr/lib/avr5/libm.a(mulsf3.o)
 .text          0x0000000000000000        0x0 /usr/local/lib/gcc/avr/4.9.2/../../../../avr/lib/avr5/libm.a(mulsf3x.o)
 .data          0x0000000000000000        0x0 /usr/local/lib/gcc/avr/4.9.2/../../../../avr/lib/avr5/libm.a(mulsf3x.o)
 .bss           0x0000000000000000        0x0 /usr/local/lib/gcc/avr/4.9.2/../../../../avr/lib/avr5/libm.a(mulsf3x.o)
 .text          0x0000000000000000        0x0 /usr/local/lib/gcc/avr/4.9.2/../../../../avr/lib/avr5/libc.a(strnlen_P.o)
 .data          0x0000000000000000        0x0 /usr/local/lib/gcc/avr/4.9.2/../../../../avr/lib/avr5/libc.a(strnlen_P.o)
 .bss           0x0000000000000000        0x0 /usr/local/lib/gcc/avr/4.9.2/../../../../avr/lib/avr5/libc.a(strnlen_P.o)

Memory Configuration

Name             Origin             Length             Attributes
text             0x0000000000000000 0x0000000000020000 xr
data             0x0000000000800060 0x000000000000ffa0 rw !x
eeprom           0x0000000000810000 0x0000000000010000 rw !x
fuse             0x0000000000820000 0x0000000000000400 rw !x
lock             0x0000000000830000 0x0000000000000400 rw !x
signature        0x0000000000840000 0x0000000000000400 rw !x
*default*        0x0000000000000000 0xffffffffffffffff

Linker script and memory map

Address of section .data set to 0x800100
LOAD /usr/local/lib/gcc/avr/4.9.2/../../../../avr/lib/avr5/crtm644.o
Address of section .noinit set to 0x800100
Address of section .data set to 0x800500
LOAD uzeboxVideoEngineCore.o
LOAD uzeboxCore.o
LOAD uzeboxSoundEngine.o
LOAD uzeboxSoundEngineCore.o
LOAD uzeboxVideoEngine.o
LOAD Iris.o
START GROUP
LOAD /usr/local/lib/gcc/avr/4.9.2/avr5/libgcc.a
LOAD /usr/local/lib/gcc/avr/4.9.2/../../../../avr/lib/avr5/libm.a
LOAD /usr/local/lib/gcc/avr/4.9.2/../../../../avr/lib/avr5/libc.a
END GROUP

.hash
 *(.hash)

.dynsym
 *(.dynsym)

.dynstr
 *(.dynstr)

.gnu.version
 *(.gnu.version)

.gnu.version_d
 *(.gnu.version_d)

.gnu.version_r
 *(.gnu.version_r)

.rel.init
 *(.rel.init)

.rela.init
 *(.rela.init)

.rel.text
 *(.rel.text)
 *(.rel.text.*)
 *(.rel.gnu.linkonce.t*)

.rela.text
 *(.rela.text)
 *(.rela.text.*)
 *(.rela.gnu.linkonce.t*)

.rel.fini
 *(.rel.fini)

.rela.fini
 *(.rela.fini)

.rel.rodata
 *(.rel.rodata)
 *(.rel.rodata.*)
 *(.rel.gnu.linkonce.r*)

.rela.rodata
 *(.rela.rodata)
 *(.rela.rodata.*)
 *(.rela.gnu.linkonce.r*)

.rel.data
 *(.rel.data)
 *(.rel.data.*)
 *(.rel.gnu.linkonce.d*)

.rela.data
 *(.rela.data)
 *(.rela.data.*)
 *(.rela.gnu.linkonce.d*)

.rel.ctors
 *(.rel.ctors)

.rela.ctors
 *(.rela.ctors)

.rel.dtors
 *(.rel.dtors)

.rela.dtors
 *(.rela.dtors)

.rel.got
 *(.rel.got)

.rela.got
 *(.rela.got)

.rel.bss
 *(.rel.bss)

.rela.bss
 *(.rela.bss)

.rel.plt
 *(.rel.plt)

.rela.plt
 *(.rela.plt)

.text           0x0000000000000000     0xe058
 *(.vectors)
 .vectors       0x0000000000000000       0x70 /usr/local/lib/gcc/avr/4.9.2/../../../../avr/lib/avr5/crtm644.o
                0x0000000000000000                __vectors
                0x0000000000000000                __vector_default
 *(.vectors)
 *(.progmem.gcc*)
 .progmem.gcc_sw_table.load_level
                0x0000000000000070       0x14 Iris.o
                0x0000000000000084                . = ALIGN (0x2)
                0x0000000000000084                __trampolines_start = .
 *(.trampolines)
 .trampolines   0x0000000000000084        0x0 linker stubs
 *(.trampolines*)
                0x0000000000000084                __trampolines_end = .
 *(.progmem*)
 .progmem.data  0x0000000000000084       0x4e uzeboxCore.o
                0x0000000000000084                io_table
                0x00000000000000b2                eeprom_format_table
 .progmem.data  0x00000000000000d2       0x1e uzeboxSoundEngine.o
                0x00000000000000d2                patchCommands
 .progmem.data  0x00000000000000f0      0x853 uzeboxVideoEngine.o
                0x00000000000000f0                fader
                0x00000000000000fc                map_uzeboxlogo2
                0x000000000000010d                map_uzeboxlogo
                0x0000000000000123                logo_tileset
                0x0000000000000923                logoInitPatches
                0x000000000000092c                initPatch
 .progmem.data  0x0000000000000943     0x6b4c Iris.o
                0x0000000000000943                strChallenge
                0x00000000000009f3                strIntro
                0x0000000000000a98                default_scores
                0x0000000000000ab6                strTally
                0x0000000000000abd                strGameOver
                0x0000000000000ac7                strLevelBonus
                0x0000000000000acd                strLevelClear
                0x0000000000000ad9                strPaused
                0x0000000000000adf                strExitGame
                0x0000000000000aeb                strMainMenu
                0x0000000000000af7                strTime
                0x0000000000000afd                strLives
                0x0000000000000b04                strShield
                0x0000000000000b0c                strScore
                0x0000000000000b13                strSelectHandle
                0x0000000000000b14                strHighScores
                0x0000000000000b20                str1Player
                0x0000000000000b26                strMusic
                0x0000000000000b3e                strCopyright
                0x0000000000000b53                spacesong
                0x00000000000011f3                planetsong
                0x0000000000001cc5                my_patches
                0x0000000000001d04                explode
                0x0000000000001dd5                pshoot
                0x0000000000001e2b                navigate
                0x0000000000001e3c                instrument
                0x0000000000001e44                sprites_data
                0x0000000000003604                map_hazard_desert
                0x0000000000003607                map_hazard_city
                0x000000000000360a                map_hazard_jungle
                0x000000000000360d                map_hazard_fire
                0x0000000000003610                map_hazard_ice
                0x0000000000003613                map_enemy_drone
                0x0000000000003616                map_enemy_tank
                0x0000000000003619                map_enemy_ball
                0x000000000000361c                map_enemy_spider_1
                0x000000000000361f                map_enemy_spider_0
                0x0000000000003622                map_enemy_shark
                0x0000000000003625                map_enemy_shot
                0x0000000000003628                map_ahero_jump
                0x0000000000003630                map_ahero_step_3
                0x0000000000003638                map_ahero_step_2
                0x0000000000003640                map_ahero_step_1
                0x0000000000003648                map_ahero_step_0
                0x0000000000003650                map_ahero_idle
                0x0000000000003658                map_hero_rplasma_shot
                0x000000000000365b                map_hero_space_bomb
                0x000000000000365e                map_hero_space_shot
                0x0000000000003661                map_hero_ice_shot
                0x0000000000003664                map_hero_ball_shot
                0x0000000000003667                map_hero_gplasma_shot
                0x000000000000366a                map_hero_ship_large_1
                0x0000000000003674                map_hero_ship_large_0
                0x000000000000367e                map_hero_ship_1
                0x0000000000003683                map_hero_ship_0
                0x0000000000003688                map_hero_prone
                0x000000000000368d                map_hero_jump
                0x0000000000003695                map_hero_step_3
                0x000000000000369d                map_hero_step_2
                0x00000000000036a5                map_hero_step_1
                0x00000000000036ad                map_hero_step_0
                0x00000000000036b5                map_hero_idle
                0x00000000000036bd                map_emerald_4
                0x00000000000036c0                map_emerald_3
                0x00000000000036c3                map_emerald_2
                0x00000000000036c6                map_emerald_1
                0x00000000000036c9                map_emerald_0
                0x00000000000036cc                map_explosion_2
                0x00000000000036cf                map_explosion_1
                0x00000000000036d2                map_explosion_0
                0x00000000000036d5                map_particle
                0x00000000000036d8                map_up_arrow
                0x00000000000036db                map_down_arrow
                0x00000000000036de                map_right_arrow
                0x00000000000036e1                map_none
                0x00000000000036e4                tiles_data
                0x0000000000005ea4                map_font
                0x0000000000005ecb                map_atmosphere
                0x0000000000005f05                map_dialog
                0x0000000000005f67                map_canvas
                0x0000000000005ff0                map_splash
                0x000000000000603d                map_tile_none
                0x0000000000006040                map_level_mega_tiles
                0x0000000000006d88                map_level_space_final
                0x0000000000006e89                map_level_space
                0x0000000000006f8a                map_level_desert
                0x000000000000708b                map_level_city
                0x000000000000718c                map_level_forest
                0x000000000000728d                map_level_fire
                0x000000000000738e                map_level_ice
                0x0000000000007490                . = ALIGN (0x2)
 *fill*         0x000000000000748f        0x1 
 *(.jumptables)
 *(.jumptables*)
 *(.lowtext)
 *(.lowtext*)
                0x0000000000007490                __ctors_start = .
 *(.ctors)
                0x0000000000007490                __ctors_end = .
                0x0000000000007490                __dtors_start = .
 *(.dtors)
                0x0000000000007490                __dtors_end = .
 SORT(*)(.ctors)
 SORT(*)(.dtors)
 *(.init0)
 .init0         0x0000000000007490        0x0 /usr/local/lib/gcc/avr/4.9.2/../../../../avr/lib/avr5/crtm644.o
                0x0000000000007490                __init
 *(.init0)
 *(.init1)
 *(.init1)
 *(.init2)
 .init2         0x0000000000007490        0xc /usr/local/lib/gcc/avr/4.9.2/../../../../avr/lib/avr5/crtm644.o
 *(.init2)
 *(.init3)
 *(.init3)
 *(.init4)
 .init4         0x000000000000749c       0x16 /usr/local/lib/gcc/avr/4.9.2/avr5/libgcc.a(_copy_data.o)
                0x000000000000749c                __do_copy_data
 .init4         0x00000000000074b2       0x10 /usr/local/lib/gcc/avr/4.9.2/avr5/libgcc.a(_clear_bss.o)
                0x00000000000074b2                __do_clear_bss
 *(.init4)
 *(.init5)
 *(.init5)
 *(.init6)
 *(.init6)
 *(.init7)
 .init7         0x00000000000074c2       0x16 uzeboxCore.o
                0x00000000000074c2                wdt_init
 *(.init7)
 *(.init8)
 .init8         0x00000000000074d8       0x82 uzeboxCore.o
                0x00000000000074d8                Initialize
 *(.init8)
 *(.init9)
 .init9         0x000000000000755a        0x8 /usr/local/lib/gcc/avr/4.9.2/../../../../avr/lib/avr5/crtm644.o
 *(.init9)
 *(.text)
 .text          0x0000000000007562        0x4 /usr/local/lib/gcc/avr/4.9.2/../../../../avr/lib/avr5/crtm644.o
                0x0000000000007562                __vector_20
                0x0000000000007562                __vector_1
                0x0000000000007562                __vector_24
                0x0000000000007562                __vector_12
                0x0000000000007562                __bad_interrupt
                0x0000000000007562                __vector_6
                0x0000000000007562                __vector_3
                0x0000000000007562                __vector_23
                0x0000000000007562                __vector_25
                0x0000000000007562                __vector_11
                0x0000000000007562                __vector_17
                0x0000000000007562                __vector_19
                0x0000000000007562                __vector_7
                0x0000000000007562                __vector_27
                0x0000000000007562                __vector_5
                0x0000000000007562                __vector_4
                0x0000000000007562                __vector_9
                0x0000000000007562                __vector_2
                0x0000000000007562                __vector_21
                0x0000000000007562                __vector_15
                0x0000000000007562                __vector_26
                0x0000000000007562                __vector_10
                0x0000000000007562                __vector_16
                0x0000000000007562                __vector_18
                0x0000000000007562                __vector_22
 .text          0x0000000000007566      0x868 uzeboxVideoEngineCore.o
                0x00000000000078ce                CopyFlashTile
                0x00000000000079ec                CopyRamTile
                0x0000000000007b06                BlitSprite
                0x0000000000007bea                __vector_13
                0x0000000000007c6a                __vector_14
 .text          0x0000000000007dce      0x180 uzeboxSoundEngineCore.o
                0x0000000000007dce                process_music
                0x0000000000007dda                update_sound
                0x0000000000007f4e                . = ALIGN (0x2)
 *(.text.*)
 .text.SetSpritesTileTable
                0x0000000000007f4e        0xa uzeboxVideoEngineCore.o
                0x0000000000007f4e                SetSpritesTileTable
 .text.ClearVram
                0x0000000000007f58       0x14 uzeboxVideoEngineCore.o
                0x0000000000007f58                ClearVram
 .text.SetTile  0x0000000000007f6c       0x22 uzeboxVideoEngineCore.o
                0x0000000000007f6c                SetTile
 .text.SetTileTable
                0x0000000000007f8e        0xa uzeboxVideoEngineCore.o
                0x0000000000007f8e                SetTileTable
 .text.GetVsyncFlag
                0x0000000000007f98        0x8 uzeboxVideoEngineCore.o
                0x0000000000007f98                GetVsyncFlag
 .text.ClearVsyncFlag
                0x0000000000007fa0        0xc uzeboxVideoEngineCore.o
                0x0000000000007fa0                ClearVsyncFlag
 .text.ReadJoypad
                0x0000000000007fac       0x18 uzeboxVideoEngineCore.o
                0x0000000000007fac                ReadJoypad
 .text.WaitUs   0x0000000000007fc4        0xe uzeboxVideoEngineCore.o
                0x0000000000007fc4                WaitUs
 .text.WriteEeprom
                0x0000000000007fd2       0x14 uzeboxVideoEngineCore.o
                0x0000000000007fd2                WriteEeprom
 .text.ReadEeprom
                0x0000000000007fe6       0x12 uzeboxVideoEngineCore.o
                0x0000000000007fe6                ReadEeprom
 .text.wdt_randomize
                0x0000000000007ff8       0x50 uzeboxVideoEngineCore.o
                0x0000000000007ff8                wdt_randomize
 .text.GetTrueRandomSeed
                0x0000000000008048        0xa uzeboxVideoEngineCore.o
                0x0000000000008048                GetTrueRandomSeed
 .text.__vector_8
                0x0000000000008052       0x44 uzeboxVideoEngineCore.o
                0x0000000000008052                __vector_8
 .text.SoftReset
                0x0000000000008096       0x16 uzeboxCore.o
                0x0000000000008096                SoftReset
 .text.ReadButtons
                0x00000000000080ac       0x6c uzeboxCore.o
                0x00000000000080ac                ReadButtons
 .text.ReadControllers
                0x0000000000008118       0x20 uzeboxCore.o
                0x0000000000008118                ReadControllers
 .text.FormatEeprom
                0x0000000000008138       0x44 uzeboxCore.o
                0x0000000000008138                FormatEeprom
 .text.isEepromFormatted
                0x000000000000817c       0x2e uzeboxCore.o
                0x000000000000817c                isEepromFormatted
 .text.EepromBlockExists
                0x00000000000081aa       0xa4 uzeboxCore.o
                0x00000000000081aa                EepromBlockExists
 .text.EepromWriteBlock
                0x000000000000824e       0x94 uzeboxCore.o
                0x000000000000824e                EepromWriteBlock
 .text.EepromReadBlock
                0x00000000000082e2       0x66 uzeboxCore.o
                0x00000000000082e2                EepromReadBlock
 .text.GetPrngNumber
                0x0000000000008348       0x5c uzeboxCore.o
                0x0000000000008348                GetPrngNumber
 .text.PatchCommand00
                0x00000000000083a4        0x6 uzeboxSoundEngine.o
                0x00000000000083a4                PatchCommand00
 .text.PatchCommand01
                0x00000000000083aa       0x10 uzeboxSoundEngine.o
                0x00000000000083aa                PatchCommand01
 .text.PatchCommand05
                0x00000000000083ba        0xa uzeboxSoundEngine.o
                0x00000000000083ba                PatchCommand05
 .text.PatchCommand06
                0x00000000000083c4        0xa uzeboxSoundEngine.o
                0x00000000000083c4                PatchCommand06
 .text.PatchCommand07
                0x00000000000083ce        0x6 uzeboxSoundEngine.o
                0x00000000000083ce                PatchCommand07
 .text.PatchCommand09
                0x00000000000083d4        0x6 uzeboxSoundEngine.o
                0x00000000000083d4                PatchCommand09
 .text.PatchCommand10
                0x00000000000083da        0x6 uzeboxSoundEngine.o
                0x00000000000083da                PatchCommand10
 .text.PatchCommand11
                0x00000000000083e0       0x76 uzeboxSoundEngine.o
                0x00000000000083e0                PatchCommand11
 .text.PatchCommand12
                0x0000000000008456        0x6 uzeboxSoundEngine.o
                0x0000000000008456                PatchCommand12
 .text.PatchCommand13
                0x000000000000845c        0x6 uzeboxSoundEngine.o
                0x000000000000845c                PatchCommand13
 .text.PatchCommand02
                0x0000000000008462        0x8 uzeboxSoundEngine.o
                0x0000000000008462                PatchCommand02
 .text.PatchCommand03
                0x000000000000846a        0xe uzeboxSoundEngine.o
                0x000000000000846a                PatchCommand03
 .text.PatchCommand04
                0x0000000000008478       0x10 uzeboxSoundEngine.o
                0x0000000000008478                PatchCommand04
 .text.PatchCommand08
                0x0000000000008488       0x20 uzeboxSoundEngine.o
                0x0000000000008488                PatchCommand08
 .text.PatchCommand14
                0x00000000000084a8       0x54 uzeboxSoundEngine.o
                0x00000000000084a8                PatchCommand14
 .text.InitMusicPlayer
                0x00000000000084fc       0x44 uzeboxSoundEngine.o
                0x00000000000084fc                InitMusicPlayer
 .text.StartSong
                0x0000000000008540       0x52 uzeboxSoundEngine.o
                0x0000000000008540                StartSong
 .text.StopSong
                0x0000000000008592       0x1c uzeboxSoundEngine.o
                0x0000000000008592                StopSong
 .text.ReadVarLen
                0x00000000000085ae       0x4c uzeboxSoundEngine.o
                0x00000000000085ae                ReadVarLen
 .text.TriggerCommon
                0x00000000000085fa      0x11c uzeboxSoundEngine.o
                0x00000000000085fa                TriggerCommon
 .text.TriggerFx
                0x0000000000008716       0x90 uzeboxSoundEngine.o
                0x0000000000008716                TriggerFx
 .text.TriggerNote
                0x00000000000087a6       0x80 uzeboxSoundEngine.o
                0x00000000000087a6                TriggerNote
 .text.ProcessMusic
                0x0000000000008826      0x43e uzeboxSoundEngine.o
                0x0000000000008826                ProcessMusic
 .text.SetMasterVolume
                0x0000000000008c64        0x6 uzeboxSoundEngine.o
                0x0000000000008c64                SetMasterVolume
 .text.SetMixerNote
                0x0000000000008c6a       0x2e uzeboxSoundEngineCore.o
                0x0000000000008c6a                SetMixerNote
 .text.SetMixerWave
                0x0000000000008c98       0x3a uzeboxSoundEngineCore.o
                0x0000000000008c98                SetMixerWave
 *fill*         0x0000000000008cd2       0x2e 
 .text.DisableSoundEngine
                0x0000000000008d00      0xc00 uzeboxSoundEngineCore.o
                0x0000000000008d00                DisableSoundEngine
                0x0000000000008d08                steptable
                0x0000000000008f00                waves
 .text.RestoreBackground
                0x0000000000009900       0x2c uzeboxVideoEngine.o
                0x0000000000009900                RestoreBackground
 .text.ProcessSprites
                0x000000000000992c      0x224 uzeboxVideoEngine.o
                0x000000000000992c                ProcessSprites
 .text.Scroll   0x0000000000009b50       0x4a uzeboxVideoEngine.o
                0x0000000000009b50                Scroll
 .text.InitializeVideoMode
                0x0000000000009b9a       0x1e uzeboxVideoEngine.o
                0x0000000000009b9a                InitializeVideoMode
 .text.DrawMap  0x0000000000009bb8       0xd2 uzeboxVideoEngine.o
                0x0000000000009bb8                DrawMap2
                0x0000000000009bb8                DrawMap
 .text.WaitVsync
                0x0000000000009c8a       0x2e uzeboxVideoEngine.o
                0x0000000000009c8a                WaitVsync
 .text.DisplayLogo
                0x0000000000009cb8       0x6e uzeboxVideoEngine.o
                0x0000000000009cb8                DisplayLogo
 .text.doFade   0x0000000000009d26       0x1c uzeboxVideoEngine.o
                0x0000000000009d26                doFade
 .text.FadeIn   0x0000000000009d42       0x18 uzeboxVideoEngine.o
                0x0000000000009d42                FadeIn
 .text.FadeOut  0x0000000000009d5a       0x18 uzeboxVideoEngine.o
                0x0000000000009d5a                FadeOut
 .text.ProcessFading
                0x0000000000009d72       0x4a uzeboxVideoEngine.o
                0x0000000000009d72                ProcessFading
 .text.VideoModeVsync
                0x0000000000009dbc        0x8 uzeboxVideoEngine.o
                0x0000000000009dbc                VideoModeVsync
 .text.LBMoveDelta
                0x0000000000009dc4       0x56 Iris.o
                0x0000000000009dc4                LBMoveDelta
 .text.LBGetNextFrame
                0x0000000000009e1a       0x4c Iris.o
                0x0000000000009e1a                LBGetNextFrame
 .text.LBGetJoyPadState
                0x0000000000009e66       0x96 Iris.o
                0x0000000000009e66                LBGetJoyPadState
 .text.LBPrintChar
                0x0000000000009efc       0x40 Iris.o
                0x0000000000009efc                LBPrintChar
 .text.LBPrint  0x0000000000009f3c       0x38 Iris.o
                0x0000000000009f3c                LBPrint
 .text.LBPrintByte
                0x0000000000009f74       0x62 Iris.o
                0x0000000000009f74                LBPrintByte
 .text.LBPrintInt
                0x0000000000009fd6       0x72 Iris.o
                0x0000000000009fd6                LBPrintInt
 .text.LBCollides
                0x000000000000a048       0x54 Iris.o
                0x000000000000a048                LBCollides
 .text.LBRandom
                0x000000000000a09c       0x2c Iris.o
                0x000000000000a09c                LBRandom
 .text.LBWaitSeconds
                0x000000000000a0c8       0x1e Iris.o
                0x000000000000a0c8                LBWaitSeconds
 .text.LBMapSprite
                0x000000000000a0e6       0xa4 Iris.o
                0x000000000000a0e6                LBMapSprite
 .text.LBMoveSprite
                0x000000000000a18a       0x7c Iris.o
                0x000000000000a18a                LBMoveSprite
 .text.LBRotateSprites
                0x000000000000a206       0x68 Iris.o
                0x000000000000a206                LBRotateSprites
 .text.is_space
                0x000000000000a26e        0x8 Iris.o
                0x000000000000a26e                is_space
 .text.init_default_high_scores
                0x000000000000a276       0x2c Iris.o
                0x000000000000a276                init_default_high_scores
 .text.init_enemy_state
                0x000000000000a2a2       0x26 Iris.o
                0x000000000000a2a2                init_enemy_state
 .text.init_player_shot
                0x000000000000a2c8      0x434 Iris.o
                0x000000000000a2c8                init_player_shot
 .text.init_boss_shot
                0x000000000000a6fc      0x382 Iris.o
                0x000000000000a6fc                init_boss_shot
 .text.init_boss_state
                0x000000000000aa7e      0x154 Iris.o
                0x000000000000aa7e                init_boss_state
 .text.init_player_state
                0x000000000000abd2      0x158 Iris.o
                0x000000000000abd2                init_player_state
 .text.init_enemy_shot
                0x000000000000ad2a       0x92 Iris.o
                0x000000000000ad2a                init_enemy_shot
 .text.init_enemy_spider
                0x000000000000adbc       0x82 Iris.o
                0x000000000000adbc                init_enemy_spider
 .text.init_enemy_shark
                0x000000000000ae3e       0x70 Iris.o
                0x000000000000ae3e                init_enemy_shark
 .text.init_enemy_level_hazard
                0x000000000000aeae       0xbe Iris.o
                0x000000000000aeae                init_enemy_level_hazard
 .text.load_eeprom
                0x000000000000af6c       0x24 Iris.o
                0x000000000000af6c                load_eeprom
 .text.clear_overlay
                0x000000000000af90       0x30 Iris.o
                0x000000000000af90                clear_overlay
 .text.get_level_tile
                0x000000000000afc0       0x50 Iris.o
                0x000000000000afc0                get_level_tile
 .text.render_camera_view
                0x000000000000b010       0xd0 Iris.o
                0x000000000000b010                render_camera_view
 .text.spawn_enemy
                0x000000000000b0e0       0x96 Iris.o
                0x000000000000b0e0                spawn_enemy
 .text.solid_or_hazard_tile
                0x000000000000b176       0x1a Iris.o
                0x000000000000b176                solid_or_hazard_tile
 .text.append_tile_column
                0x000000000000b190      0x1a0 Iris.o
                0x000000000000b190                append_tile_column
 .text.move_camera_x
                0x000000000000b330       0x32 Iris.o
                0x000000000000b330                move_camera_x
 .text.map_ship
                0x000000000000b362       0x2a Iris.o
                0x000000000000b362                map_ship
 .text.map_level_info
                0x000000000000b38c       0x4a Iris.o
                0x000000000000b38c                map_level_info
 .text.on_solid_ground
                0x000000000000b3d6       0xbe Iris.o
                0x000000000000b3d6                on_solid_ground
 .text.find_shot_slot
                0x000000000000b494       0x2c Iris.o
                0x000000000000b494                find_shot_slot
 .text.update_shot
                0x000000000000b4c0      0x154 Iris.o
                0x000000000000b4c0                update_shot
 .text.out_of_bounds
                0x000000000000b614       0x54 Iris.o
                0x000000000000b614                out_of_bounds
 .text.pixel_overlap
                0x000000000000b668       0x1a Iris.o
                0x000000000000b668                pixel_overlap
 .text.collision_detect_level
                0x000000000000b682      0x41c Iris.o
                0x000000000000b682                collision_detect_level
 .text.animate_shot
                0x000000000000ba9e      0x2c4 Iris.o
                0x000000000000ba9e                animate_shot
 .text.map_explosion
                0x000000000000bd62       0x96 Iris.o
                0x000000000000bd62                map_explosion
 .text.animate_sprite
                0x000000000000bdf8       0xf0 Iris.o
                0x000000000000bdf8                animate_sprite
 .text.animate_player
                0x000000000000bee8       0xb8 Iris.o
                0x000000000000bee8                animate_player
 .text.update_spider_enemy
                0x000000000000bfa0       0x82 Iris.o
                0x000000000000bfa0                update_spider_enemy
 .text.update_shark_enemy
                0x000000000000c022       0x20 Iris.o
                0x000000000000c022                update_shark_enemy
 .text.update_level_hazard
                0x000000000000c042       0x48 Iris.o
                0x000000000000c042                update_level_hazard
 .text.update_basic_shot
                0x000000000000c08a       0x16 Iris.o
                0x000000000000c08a                update_basic_shot
 .text.update_enemies
                0x000000000000c0a0       0xa6 Iris.o
                0x000000000000c0a0                update_enemies
 .text.update_enemy_shots
                0x000000000000c146       0xd6 Iris.o
                0x000000000000c146                update_enemy_shots
 .text.animate_enemies
                0x000000000000c21c      0x218 Iris.o
                0x000000000000c21c                animate_enemies
 .text.animate_enemy_shots
                0x000000000000c434      0x14a Iris.o
                0x000000000000c434                animate_enemy_shots
 .text.clear_sprites
                0x000000000000c57e       0x44 Iris.o
                0x000000000000c57e                clear_sprites
 .text.fade_through
                0x000000000000c5c2       0x20 Iris.o
                0x000000000000c5c2                fade_through
 .text.load_level
                0x000000000000c5e2      0x21c Iris.o
                0x000000000000c5e2                load_level
 .text.hide_sprites
                0x000000000000c7fe       0x38 Iris.o
                0x000000000000c7fe                hide_sprites
 .text.select_pressed
                0x000000000000c836       0x14 Iris.o
                0x000000000000c836                select_pressed
 .text.stream_text_middle
                0x000000000000c84a       0x6e Iris.o
                0x000000000000c84a                stream_text_middle
 .text.stream_text_anywhere
                0x000000000000c8b8       0x4e Iris.o
                0x000000000000c8b8                stream_text_anywhere
 .text.map_particles
                0x000000000000c906       0x1a Iris.o
                0x000000000000c906                map_particles
 .text.place_particles
                0x000000000000c920       0x44 Iris.o
                0x000000000000c920                place_particles
 .text.animate_particles
                0x000000000000c964       0x64 Iris.o
                0x000000000000c964                animate_particles
 .text.get_emarald_map
                0x000000000000c9c8       0x1e Iris.o
                0x000000000000c9c8                get_emarald_map
 .text.music_transition
                0x000000000000c9e6       0x20 Iris.o
                0x000000000000c9e6                music_transition
 .text.planet_transition
                0x000000000000ca06      0x11a Iris.o
                0x000000000000ca06                planet_transition
 .text.intro    0x000000000000cb20       0xc2 Iris.o
                0x000000000000cb20                intro
 .text.load_splash
                0x000000000000cbe2       0x6e Iris.o
                0x000000000000cbe2                load_splash
 .text.load_high_scores
                0x000000000000cc50      0x21e Iris.o
                0x000000000000cc50                load_high_scores
 .text.exit_game
                0x000000000000ce6e       0x20 Iris.o
                0x000000000000ce6e                exit_game
 .text.update_splash
                0x000000000000ce8e       0x8e Iris.o
                0x000000000000ce8e                update_splash
 .text.update_high_scores
                0x000000000000cf1c      0x13c Iris.o
                0x000000000000cf1c                update_high_scores
 .text.tally_score
                0x000000000000d058      0x27e Iris.o
                0x000000000000d058                tally_score
 .text.handle_player_death
                0x000000000000d2d6       0x80 Iris.o
                0x000000000000d2d6                handle_player_death
 .text.update_player
                0x000000000000d356      0x392 Iris.o
                0x000000000000d356                update_player
 .text.update_level
                0x000000000000d6e8      0x242 Iris.o
                0x000000000000d6e8                update_level
 .text.update_pause
                0x000000000000d92a       0xf0 Iris.o
                0x000000000000d92a                update_pause
 .text.challenge
                0x000000000000da1a       0x9a Iris.o
                0x000000000000da1a                challenge
 .text.update_player_ai
                0x000000000000dab4       0xd6 Iris.o
                0x000000000000dab4                update_player_ai
 .text.startup.main
                0x000000000000db8a      0x116 Iris.o
                0x000000000000db8a                main
 .text.libgcc.div
                0x000000000000dca0       0x18 /usr/local/lib/gcc/avr/4.9.2/avr5/libgcc.a(_udivmodqi4.o)
                0x000000000000dca0                __udivmodqi4
 .text.libgcc.div
                0x000000000000dcb8       0x1c /usr/local/lib/gcc/avr/4.9.2/avr5/libgcc.a(_divmodqi4.o)
                0x000000000000dcb8                __divmodqi4
 .text.libgcc.div
                0x000000000000dcd4       0x28 /usr/local/lib/gcc/avr/4.9.2/avr5/libgcc.a(_udivmodhi4.o)
                0x000000000000dcd4                __udivmodhi4
 .text.libgcc.div
                0x000000000000dcfc       0x28 /usr/local/lib/gcc/avr/4.9.2/avr5/libgcc.a(_divmodhi4.o)
                0x000000000000dcfc                __divmodhi4
                0x000000000000dcfc                _div
 .text.libgcc   0x000000000000dd24        0xc /usr/local/lib/gcc/avr/4.9.2/avr5/libgcc.a(_tablejump2.o)
                0x000000000000dd24                __tablejump2__
 .text.avr-libc.fplib
                0x000000000000dd30        0xa /usr/local/lib/gcc/avr/4.9.2/../../../../avr/lib/avr5/libm.a(addsf3.o)
                0x000000000000dd30                __subsf3
                0x000000000000dd32                __addsf3
 .text.avr-libc.fplib
                0x000000000000dd3a       0xc0 /usr/local/lib/gcc/avr/4.9.2/../../../../avr/lib/avr5/libm.a(addsf3x.o)
                0x000000000000dd54                __addsf3x
 .text.avr-libc.fplib
                0x000000000000ddfa        0xa /usr/local/lib/gcc/avr/4.9.2/../../../../avr/lib/avr5/libm.a(fixsfsi.o)
                0x000000000000ddfa                __fixsfsi
 .text.avr-libc.fplib
                0x000000000000de04       0x58 /usr/local/lib/gcc/avr/4.9.2/../../../../avr/lib/avr5/libm.a(fixunssfsi.o)
                0x000000000000de04                __fixunssfsi
 .text.avr-libc.fplib
                0x000000000000de5c       0x7a /usr/local/lib/gcc/avr/4.9.2/../../../../avr/lib/avr5/libm.a(floatsisf.o)
                0x000000000000de5c                __floatunsisf
                0x000000000000de60                __floatsisf
 .text.avr-libc.fplib
                0x000000000000ded6        0xc /usr/local/lib/gcc/avr/4.9.2/../../../../avr/lib/avr5/libm.a(fp_inf.o)
                0x000000000000ded6                __fp_inf
 .text.avr-libc.fplib
                0x000000000000dee2        0x6 /usr/local/lib/gcc/avr/4.9.2/../../../../avr/lib/avr5/libm.a(fp_nan.o)
                0x000000000000dee2                __fp_nan
 .text.avr-libc.fplib
                0x000000000000dee8        0xe /usr/local/lib/gcc/avr/4.9.2/../../../../avr/lib/avr5/libm.a(fp_pscA.o)
                0x000000000000dee8                __fp_pscA
 .text.avr-libc.fplib
                0x000000000000def6        0xe /usr/local/lib/gcc/avr/4.9.2/../../../../avr/lib/avr5/libm.a(fp_pscB.o)
                0x000000000000def6                __fp_pscB
 .text.avr-libc.fplib
                0x000000000000df04       0x22 /usr/local/lib/gcc/avr/4.9.2/../../../../avr/lib/avr5/libm.a(fp_round.o)
                0x000000000000df04                __fp_round
 .text.avr-libc.fplib
                0x000000000000df26       0x44 /usr/local/lib/gcc/avr/4.9.2/../../../../avr/lib/avr5/libm.a(fp_split3.o)
                0x000000000000df26                __fp_split3
                0x000000000000df36                __fp_splitA
 .text.avr-libc.fplib
                0x000000000000df6a        0xe /usr/local/lib/gcc/avr/4.9.2/../../../../avr/lib/avr5/libm.a(fp_zero.o)
                0x000000000000df6a                __fp_zero
                0x000000000000df6c                __fp_szero
 .text.avr-libc.fplib
                0x000000000000df78        0x4 /usr/local/lib/gcc/avr/4.9.2/../../../../avr/lib/avr5/libm.a(mulsf3.o)
                0x000000000000df78                __mulsf3
 .text.avr-libc.fplib
                0x000000000000df7c       0xc2 /usr/local/lib/gcc/avr/4.9.2/../../../../avr/lib/avr5/libm.a(mulsf3x.o)
                0x000000000000df90                __mulsf3x
                0x000000000000df94                __mulsf3_pse
 .text.avr-libc
                0x000000000000e03e       0x16 /usr/local/lib/gcc/avr/4.9.2/../../../../avr/lib/avr5/libc.a(strnlen_P.o)
                0x000000000000e03e                strnlen_P
                0x000000000000e054                . = ALIGN (0x2)
 *(.fini9)
 .fini9         0x000000000000e054        0x0 /usr/local/lib/gcc/avr/4.9.2/avr5/libgcc.a(_exit.o)
                0x000000000000e054                exit
                0x000000000000e054                _exit
 *(.fini9)
 *(.fini8)
 *(.fini8)
 *(.fini7)
 *(.fini7)
 *(.fini6)
 *(.fini6)
 *(.fini5)
 *(.fini5)
 *(.fini4)
 *(.fini4)
 *(.fini3)
 *(.fini3)
 *(.fini2)
 *(.fini2)
 *(.fini1)
 *(.fini1)
 *(.fini0)
 .fini0         0x000000000000e054        0x4 /usr/local/lib/gcc/avr/4.9.2/avr5/libgcc.a(_exit.o)
 *(.fini0)
                0x000000000000e058                _etext = .

.data           0x0000000000800500       0x10 load address 0x000000000000e058
                0x0000000000800500                PROVIDE (__data_start, .)
 *(.data)
 .data          0x0000000000800500        0x1 uzeboxVideoEngine.o
                0x0000000000800500                spritesOn
 .data          0x0000000000800501        0x1 Iris.o
 *(.data*)
 *(.rodata)
 .rodata        0x0000000000800502        0xe Iris.o
 *(.rodata*)
 *(.gnu.linkonce.d*)
                0x0000000000800510                . = ALIGN (0x2)
                0x0000000000800510                _edata = .
                0x0000000000800510                PROVIDE (__data_end, .)

.bss            0x0000000000800510      0xb3b
                0x0000000000800510                PROVIDE (__bss_start, .)
 *(.bss)
 .bss           0x0000000000800510      0x7bc uzeboxVideoEngineCore.o
                0x0000000000800510                sprites
                0x0000000000800550                ram_tiles
                0x0000000000800c50                ram_tiles_restore
                0x0000000000800ca4                sprites_tile_banks
                0x0000000000800caf                Screen
                0x0000000000800cb6                sync_phase
                0x0000000000800cb7                sync_pulse
                0x0000000000800cb8                sync_flags
                0x0000000000800cbd                first_render_line
                0x0000000000800cbe                render_lines_count
                0x0000000000800cbf                joypad1_status_lo
                0x0000000000800cc1                joypad1_status_hi
                0x0000000000800cc3                joypad2_status_lo
                0x0000000000800cc5                joypad2_status_hi
 .bss           0x0000000000800ccc        0x2 uzeboxCore.o
 .bss           0x0000000000800cce        0x1 uzeboxSoundEngine.o
                0x0000000000800cce                playSong
 .bss           0x0000000000800ccf       0x23 uzeboxSoundEngineCore.o
                0x0000000000800ccf                sound_enabled
                0x0000000000800cd0                mixer
                0x0000000000800ce3                tr4_params
                0x0000000000800ce4                tr4_barrel_lo
                0x0000000000800ce5                tr4_barrel_hi
 .bss           0x0000000000800cf2        0x2 uzeboxVideoEngine.o
                0x0000000000800cf2                userRamTilesCount_tmp
                0x0000000000800cf3                userRamTilesCount
 .bss           0x0000000000800cf4        0x6 Iris.o
 *(.bss*)
 *(COMMON)
 COMMON         0x0000000000800cfa        0x1 uzeboxCore.o
                0x0000000000800cfa                joypadsConnectionStatus
 COMMON         0x0000000000800cfb       0x83 uzeboxSoundEngine.o
                0x0000000000800cfb                songStart
                0x0000000000800cfd                tracks
                0x0000000000800d70                currDeltaTime
                0x0000000000800d72                patchPointers
                0x0000000000800d74                lastStatus
                0x0000000000800d75                masterVolume
                0x0000000000800d76                nextDeltaTime
                0x0000000000800d78                songSpeed
                0x0000000000800d79                songPos
                0x0000000000800d7b                loopStart
                0x0000000000800d7d                step
 COMMON         0x0000000000800d7e        0x6 uzeboxVideoEngine.o
                0x0000000000800d7e                fadeSpeed
                0x0000000000800d7f                fadeDir
                0x0000000000800d80                free_tile_index
                0x0000000000800d81                fadeActive
                0x0000000000800d82                currFadeFrame
                0x0000000000800d83                fadeStep
 COMMON         0x0000000000800d84      0x2c7 Iris.o
                0x0000000000800d84                font_tiles_map
                0x0000000000800d86                shot_top_anim
                0x0000000000800d88                boss_run_anim
                0x0000000000800d90                jump_anim
                0x0000000000800d92                scores
                0x0000000000800db2                game
                0x0000000000800fd1                boss_shot_top_anim
                0x0000000000800fd3                prone_anim
                0x0000000000800fd5                spider_anim
                0x0000000000800fd9                shark_anim
                0x0000000000800fdb                extendedSprites
                0x000000000080102b                boss_shot_bottom_anim
                0x000000000080102d                run_anim
                0x0000000000801035                shot_middle_anim
                0x0000000000801037                boss_jump_anim
                0x0000000000801039                enemy_shot_anim
                0x000000000080103b                expl_anim
                0x0000000000801041                shot_bottom_anim
                0x0000000000801043                boss_idle_anim
                0x0000000000801045                boss_shot_middle_anim
                0x0000000000801047                hazard_anim
                0x0000000000801049                idle_anim
                0x000000000080104b                PROVIDE (__bss_end, .)
                0x000000000000e058                __data_load_start = LOADADDR (.data)
                0x000000000000e068                __data_load_end = (__data_load_start + SIZEOF (.data))

.noinit         0x0000000000800100      0x400
                0x0000000000800100                PROVIDE (__noinit_start, .)
 *(.noinit*)
 .noinit        0x0000000000800100      0x400 uzeboxVideoEngineCore.o
                0x0000000000800100                vram
                0x0000000000800500                overlay_vram
                0x0000000000800500                PROVIDE (__noinit_end, .)
                0x0000000000800500                _end = .
                0x0000000000800500                PROVIDE (__heap_start, .)

.eeprom         0x0000000000810000        0x0
 *(.eeprom*)
                0x0000000000810000                __eeprom_end = .

.fuse
 *(.fuse)
 *(.lfuse)
 *(.hfuse)
 *(.efuse)

.lock
 *(.lock*)

.signature
 *(.signature*)

.stab           0x0000000000000000      0x708
 *(.stab)
 .stab          0x0000000000000000       0xf0 /usr/local/lib/gcc/avr/4.9.2/avr5/libgcc.a(_udivmodqi4.o)
 .stab          0x00000000000000f0       0xf0 /usr/local/lib/gcc/avr/4.9.2/avr5/libgcc.a(_divmodqi4.o)
                                         0xfc (size before relaxing)
 .stab          0x00000000000001e0      0x15c /usr/local/lib/gcc/avr/4.9.2/avr5/libgcc.a(_udivmodhi4.o)
                                        0x168 (size before relaxing)
 .stab          0x000000000000033c      0x138 /usr/local/lib/gcc/avr/4.9.2/avr5/libgcc.a(_divmodhi4.o)
                                        0x144 (size before relaxing)
 .stab          0x0000000000000474       0x6c /usr/local/lib/gcc/avr/4.9.2/avr5/libgcc.a(_exit.o)
                                         0x78 (size before relaxing)
 .stab          0x00000000000004e0       0x9c /usr/local/lib/gcc/avr/4.9.2/avr5/libgcc.a(_tablejump2.o)
                                         0xa8 (size before relaxing)
 .stab          0x000000000000057c       0xd8 /usr/local/lib/gcc/avr/4.9.2/avr5/libgcc.a(_copy_data.o)
                                         0xe4 (size before relaxing)
 .stab          0x0000000000000654       0xb4 /usr/local/lib/gcc/avr/4.9.2/avr5/libgcc.a(_clear_bss.o)
                                         0xc0 (size before relaxing)

.stabstr        0x0000000000000000      0x2f1
 *(.stabstr)
 .stabstr       0x0000000000000000      0x2f1 /usr/local/lib/gcc/avr/4.9.2/avr5/libgcc.a(_udivmodqi4.o)

.stab.excl
 *(.stab.excl)

.stab.exclstr
 *(.stab.exclstr)

.stab.index
 *(.stab.index)

.stab.indexstr
 *(.stab.indexstr)

.comment        0x0000000000000000       0x11
 *(.comment)
 .comment       0x0000000000000000       0x11 uzeboxCore.o
                                         0x12 (size before relaxing)
 .comment       0x0000000000000011       0x12 uzeboxSoundEngine.o
 .comment       0x0000000000000011       0x12 uzeboxVideoEngine.o
 .comment       0x0000000000000011       0x12 Iris.o

.note.gnu.build-id
 *(.note.gnu.build-id)

.debug
 *(.debug)

.line
 *(.line)

.debug_srcinfo
 *(.debug_srcinfo)

.debug_sfnames
 *(.debug_sfnames)

.debug_aranges  0x0000000000000000      0x6f8
 *(.debug_aranges)
 .debug_aranges
                0x0000000000000000       0xf8 uzeboxVideoEngineCore.o
 .debug_aranges
                0x00000000000000f8       0x90 uzeboxCore.o
 .debug_aranges
                0x0000000000000188       0xf8 uzeboxSoundEngine.o
 .debug_aranges
                0x0000000000000280       0x50 uzeboxSoundEngineCore.o
 .debug_aranges
                0x00000000000002d0      0x110 uzeboxVideoEngine.o
 .debug_aranges
                0x00000000000003e0      0x318 Iris.o

.debug_pubnames
 *(.debug_pubnames)

.debug_info     0x0000000000000000     0xa295
 *(.debug_info .gnu.linkonce.wi.*)
 .debug_info    0x0000000000000000      0x672 /usr/local/lib/gcc/avr/4.9.2/../../../../avr/lib/avr5/crtm644.o
 .debug_info    0x0000000000000672       0x7b uzeboxVideoEngineCore.o
 .debug_info    0x00000000000006ed      0xab8 uzeboxCore.o
 .debug_info    0x00000000000011a5     0x12ce uzeboxSoundEngine.o
 .debug_info    0x0000000000002473       0x72 uzeboxSoundEngineCore.o
 .debug_info    0x00000000000024e5     0x15b9 uzeboxVideoEngine.o
 .debug_info    0x0000000000003a9e     0x67f7 Iris.o

.debug_abbrev   0x0000000000000000     0x167f
 *(.debug_abbrev)
 .debug_abbrev  0x0000000000000000      0x619 /usr/local/lib/gcc/avr/4.9.2/../../../../avr/lib/avr5/crtm644.o
 .debug_abbrev  0x0000000000000619       0x12 uzeboxVideoEngineCore.o
 .debug_abbrev  0x000000000000062b      0x32b uzeboxCore.o
 .debug_abbrev  0x0000000000000956      0x35c uzeboxSoundEngine.o
 .debug_abbrev  0x0000000000000cb2       0x12 uzeboxSoundEngineCore.o
 .debug_abbrev  0x0000000000000cc4      0x3da uzeboxVideoEngine.o
 .debug_abbrev  0x000000000000109e      0x5e1 Iris.o

.debug_line     0x0000000000000000     0x2605
 *(.debug_line .debug_line.* .debug_line_end)
 .debug_line    0x0000000000000000       0x1d /usr/local/lib/gcc/avr/4.9.2/../../../../avr/lib/avr5/crtm644.o
 .debug_line    0x000000000000001d      0x5bd uzeboxVideoEngineCore.o
 .debug_line    0x00000000000005da      0x2b9 uzeboxCore.o
 .debug_line    0x0000000000000893      0x3d5 uzeboxSoundEngine.o
 .debug_line    0x0000000000000c68      0x1a9 uzeboxSoundEngineCore.o
 .debug_line    0x0000000000000e11      0x4e2 uzeboxVideoEngine.o
 .debug_line    0x00000000000012f3     0x1312 Iris.o

.debug_frame    0x0000000000000000     0x1674
 *(.debug_frame)
 .debug_frame   0x0000000000000000      0x1cc uzeboxCore.o
 .debug_frame   0x00000000000001cc      0x274 uzeboxSoundEngine.o
 .debug_frame   0x0000000000000440      0x4d4 uzeboxVideoEngine.o
 .debug_frame   0x0000000000000914      0xd60 Iris.o

.debug_str      0x0000000000000000     0x1e84
 *(.debug_str)
 .debug_str     0x0000000000000000      0x231 /usr/local/lib/gcc/avr/4.9.2/../../../../avr/lib/avr5/crtm644.o
 .debug_str     0x0000000000000231      0x4bd uzeboxCore.o
                                        0x514 (size before relaxing)
 .debug_str     0x00000000000006ee      0x3eb uzeboxSoundEngine.o
                                        0x636 (size before relaxing)
 .debug_str     0x0000000000000ad9      0x359 uzeboxVideoEngine.o
                                        0x56c (size before relaxing)
 .debug_str     0x0000000000000e32     0x1052 Iris.o
                                       0x14b6 (size before relaxing)

.debug_loc      0x0000000000000000     0x8961
 *(.debug_loc)
 .debug_loc     0x0000000000000000      0x9f9 uzeboxCore.o
 .debug_loc     0x00000000000009f9     0x1148 uzeboxSoundEngine.o
 .debug_loc     0x0000000000001b41     0x1bf5 uzeboxVideoEngine.o
 .debug_loc     0x0000000000003736     0x522b Iris.o

.debug_macinfo
 *(.debug_macinfo)

.debug_weaknames
 *(.debug_weaknames)

.debug_funcnames
 *(.debug_funcnames)

.debug_typenames
 *(.debug_typenames)

.debug_varnames
 *(.debug_varnames)

.debug_pubtypes
 *(.debug_pubtypes)

.debug_ranges   0x0000000000000000      0x890
 *(.debug_ranges)
 .debug_ranges  0x0000000000000000       0xf0 uzeboxVideoEngineCore.o
 .debug_ranges  0x00000000000000f0       0x98 uzeboxCore.o
 .debug_ranges  0x0000000000000188      0x130 uzeboxSoundEngine.o
 .debug_ranges  0x00000000000002b8       0x48 uzeboxSoundEngineCore.o
 .debug_ranges  0x0000000000000300      0x148 uzeboxVideoEngine.o
 .debug_ranges  0x0000000000000448      0x448 Iris.o

.debug_macro
 *(.debug_macro)
OUTPUT(Iris.elf elf32-avr)
LOAD linker stubs
