Archive member included to satisfy reference by file (symbol)

/usr/local/lib/gcc/avr/4.9.2/avr5/libgcc.a(_udivmodqi4.o)
                              uzeboxVideoEngine.o (__udivmodqi4)
/usr/local/lib/gcc/avr/4.9.2/avr5/libgcc.a(_udivmodhi4.o)
                              uzeboxVideoEngine.o (__udivmodhi4)
/usr/local/lib/gcc/avr/4.9.2/avr5/libgcc.a(_divmodhi4.o)
                              uzeboxSoundEngine.o (__divmodhi4)
/usr/local/lib/gcc/avr/4.9.2/avr5/libgcc.a(_udivmodsi4.o)
                              uzeboxVideoEngine.o (__udivmodsi4)
/usr/local/lib/gcc/avr/4.9.2/avr5/libgcc.a(_exit.o)
                              /usr/local/lib/gcc/avr/4.9.2/../../../../avr/lib/avr5/crtm644.o (exit)
/usr/local/lib/gcc/avr/4.9.2/avr5/libgcc.a(_copy_data.o)
                              uzeboxVideoEngine.o (__do_copy_data)
/usr/local/lib/gcc/avr/4.9.2/avr5/libgcc.a(_clear_bss.o)
                              uzeboxCore.o (__do_clear_bss)

Allocating common symbols
Common symbol       size              file

songStart           0x2               uzeboxSoundEngine.o
tracks              0x73              uzeboxSoundEngine.o
scores              0x20              Iris.o
fadeSpeed           0x1               uzeboxVideoEngine.o
currDeltaTime       0x2               uzeboxSoundEngine.o
fadeDir             0x1               uzeboxVideoEngine.o
patchPointers       0x2               uzeboxSoundEngine.o
game                0x96              Iris.o
lastStatus          0x1               uzeboxSoundEngine.o
joypadsConnectionStatus
                    0x1               uzeboxCore.o
free_tile_index     0x1               uzeboxVideoEngine.o
fadeActive          0x1               uzeboxVideoEngine.o
masterVolume        0x1               uzeboxSoundEngine.o
nextDeltaTime       0x2               uzeboxSoundEngine.o
songSpeed           0x1               uzeboxSoundEngine.o
songPos             0x2               uzeboxSoundEngine.o
loopStart           0x2               uzeboxSoundEngine.o
step                0x1               uzeboxSoundEngine.o
currFadeFrame       0x1               uzeboxVideoEngine.o
fadeStep            0x1               uzeboxVideoEngine.o

Discarded input sections

 .data          0x0000000000000000        0x0 /usr/local/lib/gcc/avr/4.9.2/../../../../avr/lib/avr5/crtm644.o
 .bss           0x0000000000000000        0x0 /usr/local/lib/gcc/avr/4.9.2/../../../../avr/lib/avr5/crtm644.o
 .data          0x0000000000000000        0x0 uzeboxVideoEngineCore.o
 .text.SetSpritesTileBank
                0x0000000000000000       0x12 uzeboxVideoEngineCore.o
 .text.GetTile  0x0000000000000000       0x24 uzeboxVideoEngineCore.o
 .text.GetVsyncCounter
                0x0000000000000000        0xa uzeboxVideoEngineCore.o
 .text.ClearVsyncCounter
                0x0000000000000000        0xa uzeboxVideoEngineCore.o
 .text.ReadJoypad
                0x0000000000000000       0x18 uzeboxVideoEngineCore.o
 .text.WaitUs   0x0000000000000000        0xe uzeboxVideoEngineCore.o
 .text.SetUserPreVsyncCallback
                0x0000000000000000        0xa uzeboxVideoEngineCore.o
 .text.SetUserPostVsyncCallback
                0x0000000000000000        0xa uzeboxVideoEngineCore.o
 .text.IsRunningInEmulator
                0x0000000000000000       0x12 uzeboxVideoEngineCore.o
 .text.WaitClocks
                0x0000000000000000        0x6 uzeboxVideoEngineCore.o
 .text.SetLedOn
                0x0000000000000000        0x4 uzeboxVideoEngineCore.o
 .text.SetLedOff
                0x0000000000000000        0x4 uzeboxVideoEngineCore.o
 .text.ToggleLed
                0x0000000000000000        0x4 uzeboxVideoEngineCore.o
 .text.internal_spi_byte
                0x0000000000000000        0xe uzeboxVideoEngineCore.o
 .text.GetTrueRandomSeed
                0x0000000000000000        0xa uzeboxVideoEngineCore.o
 .text          0x0000000000000000        0x0 uzeboxCore.o
 .data          0x0000000000000000        0x0 uzeboxCore.o
 .bss           0x0000000000000000        0x2 uzeboxCore.o
 .text.SetRenderingParameters
                0x0000000000000000        0xa uzeboxCore.o
 .text.DetectControllers
                0x0000000000000000       0x36 uzeboxCore.o
 .text.FormatEeprom2
                0x0000000000000000       0x98 uzeboxCore.o
 .text.IsPowerSwitchPressed
                0x0000000000000000        0xe uzeboxCore.o
 .text.EepromBlockExists
                0x0000000000000000       0xa4 uzeboxCore.o
 .text.EepromWriteBlock
                0x0000000000000000       0x94 uzeboxCore.o
 .text.EepromReadBlock
                0x0000000000000000       0x66 uzeboxCore.o
 .text.GetPrngNumber
                0x0000000000000000       0x5c uzeboxCore.o
 .text          0x0000000000000000        0x0 uzeboxSoundEngine.o
 .data          0x0000000000000000        0x0 uzeboxSoundEngine.o
 .text.StartSong
                0x0000000000000000       0x52 uzeboxSoundEngine.o
 .text.StopSong
                0x0000000000000000       0x1c uzeboxSoundEngine.o
 .text.ResumeSong
                0x0000000000000000        0x8 uzeboxSoundEngine.o
 .text.SetSongSpeed
                0x0000000000000000        0x6 uzeboxSoundEngine.o
 .text.GetSongSpeed
                0x0000000000000000        0x6 uzeboxSoundEngine.o
 .text.GetMasterVolume
                0x0000000000000000        0x6 uzeboxSoundEngine.o
 .data          0x0000000000000000        0x0 uzeboxSoundEngineCore.o
 .text.SetMixerNoiseParams
                0x0000000000000000       0x10 uzeboxSoundEngineCore.o
 .text.SetMixerVolume
                0x0000000000000000       0x16 uzeboxSoundEngineCore.o
 .text.EnableSoundEngine
                0x0000000000000000        0x8 uzeboxSoundEngineCore.o
 .text          0x0000000000000000        0x0 uzeboxVideoEngine.o
 .text.SetUserRamTilesCount
                0x0000000000000000        0x6 uzeboxVideoEngine.o
 .text.GetUserRamTile
                0x0000000000000000        0xe uzeboxVideoEngine.o
 .text.SetSpriteVisibility
                0x0000000000000000        0x6 uzeboxVideoEngine.o
 .text.Scroll   0x0000000000000000       0x4a uzeboxVideoEngine.o
 .text.SetScrolling
                0x0000000000000000       0x28 uzeboxVideoEngine.o
 .text.MapSprite
                0x0000000000000000       0x80 uzeboxVideoEngine.o
 .text.MoveSprite
                0x0000000000000000       0x7c uzeboxVideoEngine.o
 .text.PrintLong
                0x0000000000000000       0x8a uzeboxVideoEngine.o
 .text.PrintByte
                0x0000000000000000       0x66 uzeboxVideoEngine.o
 .text.PrintInt
                0x0000000000000000       0x70 uzeboxVideoEngine.o
 .text.PrintBinaryByte
                0x0000000000000000       0x36 uzeboxVideoEngine.o
 .text.PrintHexByte
                0x0000000000000000       0x40 uzeboxVideoEngine.o
 .text.PrintHexInt
                0x0000000000000000       0x24 uzeboxVideoEngine.o
 .text.PrintHexLong
                0x0000000000000000       0x5e uzeboxVideoEngine.o
 .text.PrintRam
                0x0000000000000000       0x36 uzeboxVideoEngine.o
 .text.PrintChar
                0x0000000000000000        0x6 uzeboxVideoEngine.o
 .text.Fill     0x0000000000000000       0x6e uzeboxVideoEngine.o
 .text.FontFill
                0x0000000000000000       0x6c uzeboxVideoEngine.o
 .text.FadeOut  0x0000000000000000       0x18 uzeboxVideoEngine.o
 .text          0x0000000000000000        0x0 Iris.o
 .data          0x0000000000000000        0x0 Iris.o
 .bss           0x0000000000000000        0x7 Iris.o
 .text.LBGetNextFrame
                0x0000000000000000       0x38 Iris.o
 .text.LBGetNextFrameReverse
                0x0000000000000000       0x58 Iris.o
 .text.LBGetJoyPadState
                0x0000000000000000       0x96 Iris.o
 .text.LBCopyChars
                0x0000000000000000       0x18 Iris.o
 .text.LBPrintStr
                0x0000000000000000       0x62 Iris.o
 .text.LBCollides
                0x0000000000000000       0x54 Iris.o
 .text.LBRandom
                0x0000000000000000       0x6a Iris.o
 .text.LBWaitSeconds
                0x0000000000000000       0x1e Iris.o
 .text.init_game_state
                0x0000000000000000        0x2 Iris.o
 .text.load_eeprom
                0x0000000000000000       0x24 Iris.o
 .text.save_eeprom
                0x0000000000000000        0x4 Iris.o
 .text.fade_through
                0x0000000000000000       0x14 Iris.o
 .text.level_transition
                0x0000000000000000       0x50 Iris.o
 .text.save_score
                0x0000000000000000        0x8 Iris.o
 .text.exit_game
                0x0000000000000000       0x12 Iris.o
 .text.update_level
                0x0000000000000000        0x2 Iris.o
 .text.update_splash
                0x0000000000000000        0x2 Iris.o
 .text          0x0000000000000000        0x0 /usr/local/lib/gcc/avr/4.9.2/avr5/libgcc.a(_udivmodqi4.o)
 .data          0x0000000000000000        0x0 /usr/local/lib/gcc/avr/4.9.2/avr5/libgcc.a(_udivmodqi4.o)
 .bss           0x0000000000000000        0x0 /usr/local/lib/gcc/avr/4.9.2/avr5/libgcc.a(_udivmodqi4.o)
 .stab          0x0000000000000000       0xf0 /usr/local/lib/gcc/avr/4.9.2/avr5/libgcc.a(_udivmodqi4.o)
 .text.libgcc.mul
                0x0000000000000000        0x0 /usr/local/lib/gcc/avr/4.9.2/avr5/libgcc.a(_udivmodqi4.o)
 .text.libgcc.div
                0x0000000000000000       0x18 /usr/local/lib/gcc/avr/4.9.2/avr5/libgcc.a(_udivmodqi4.o)
 .text.libgcc   0x0000000000000000        0x0 /usr/local/lib/gcc/avr/4.9.2/avr5/libgcc.a(_udivmodqi4.o)
 .text.libgcc.prologue
                0x0000000000000000        0x0 /usr/local/lib/gcc/avr/4.9.2/avr5/libgcc.a(_udivmodqi4.o)
 .text.libgcc.builtins
                0x0000000000000000        0x0 /usr/local/lib/gcc/avr/4.9.2/avr5/libgcc.a(_udivmodqi4.o)
 .text.libgcc.fmul
                0x0000000000000000        0x0 /usr/local/lib/gcc/avr/4.9.2/avr5/libgcc.a(_udivmodqi4.o)
 .text.libgcc.fixed
                0x0000000000000000        0x0 /usr/local/lib/gcc/avr/4.9.2/avr5/libgcc.a(_udivmodqi4.o)
 .text          0x0000000000000000        0x0 /usr/local/lib/gcc/avr/4.9.2/avr5/libgcc.a(_udivmodhi4.o)
 .data          0x0000000000000000        0x0 /usr/local/lib/gcc/avr/4.9.2/avr5/libgcc.a(_udivmodhi4.o)
 .bss           0x0000000000000000        0x0 /usr/local/lib/gcc/avr/4.9.2/avr5/libgcc.a(_udivmodhi4.o)
 .text.libgcc.mul
                0x0000000000000000        0x0 /usr/local/lib/gcc/avr/4.9.2/avr5/libgcc.a(_udivmodhi4.o)
 .text.libgcc   0x0000000000000000        0x0 /usr/local/lib/gcc/avr/4.9.2/avr5/libgcc.a(_udivmodhi4.o)
 .text.libgcc.prologue
                0x0000000000000000        0x0 /usr/local/lib/gcc/avr/4.9.2/avr5/libgcc.a(_udivmodhi4.o)
 .text.libgcc.builtins
                0x0000000000000000        0x0 /usr/local/lib/gcc/avr/4.9.2/avr5/libgcc.a(_udivmodhi4.o)
 .text.libgcc.fmul
                0x0000000000000000        0x0 /usr/local/lib/gcc/avr/4.9.2/avr5/libgcc.a(_udivmodhi4.o)
 .text.libgcc.fixed
                0x0000000000000000        0x0 /usr/local/lib/gcc/avr/4.9.2/avr5/libgcc.a(_udivmodhi4.o)
 .text          0x0000000000000000        0x0 /usr/local/lib/gcc/avr/4.9.2/avr5/libgcc.a(_divmodhi4.o)
 .data          0x0000000000000000        0x0 /usr/local/lib/gcc/avr/4.9.2/avr5/libgcc.a(_divmodhi4.o)
 .bss           0x0000000000000000        0x0 /usr/local/lib/gcc/avr/4.9.2/avr5/libgcc.a(_divmodhi4.o)
 .text.libgcc.mul
                0x0000000000000000        0x0 /usr/local/lib/gcc/avr/4.9.2/avr5/libgcc.a(_divmodhi4.o)
 .text.libgcc   0x0000000000000000        0x0 /usr/local/lib/gcc/avr/4.9.2/avr5/libgcc.a(_divmodhi4.o)
 .text.libgcc.prologue
                0x0000000000000000        0x0 /usr/local/lib/gcc/avr/4.9.2/avr5/libgcc.a(_divmodhi4.o)
 .text.libgcc.builtins
                0x0000000000000000        0x0 /usr/local/lib/gcc/avr/4.9.2/avr5/libgcc.a(_divmodhi4.o)
 .text.libgcc.fmul
                0x0000000000000000        0x0 /usr/local/lib/gcc/avr/4.9.2/avr5/libgcc.a(_divmodhi4.o)
 .text.libgcc.fixed
                0x0000000000000000        0x0 /usr/local/lib/gcc/avr/4.9.2/avr5/libgcc.a(_divmodhi4.o)
 .text          0x0000000000000000        0x0 /usr/local/lib/gcc/avr/4.9.2/avr5/libgcc.a(_udivmodsi4.o)
 .data          0x0000000000000000        0x0 /usr/local/lib/gcc/avr/4.9.2/avr5/libgcc.a(_udivmodsi4.o)
 .bss           0x0000000000000000        0x0 /usr/local/lib/gcc/avr/4.9.2/avr5/libgcc.a(_udivmodsi4.o)
 .stab          0x0000000000000000      0x228 /usr/local/lib/gcc/avr/4.9.2/avr5/libgcc.a(_udivmodsi4.o)
                                        0x234 (size before relaxing)
 .text.libgcc.mul
                0x0000000000000000        0x0 /usr/local/lib/gcc/avr/4.9.2/avr5/libgcc.a(_udivmodsi4.o)
 .text.libgcc.div
                0x0000000000000000       0x44 /usr/local/lib/gcc/avr/4.9.2/avr5/libgcc.a(_udivmodsi4.o)
 .text.libgcc   0x0000000000000000        0x0 /usr/local/lib/gcc/avr/4.9.2/avr5/libgcc.a(_udivmodsi4.o)
 .text.libgcc.prologue
                0x0000000000000000        0x0 /usr/local/lib/gcc/avr/4.9.2/avr5/libgcc.a(_udivmodsi4.o)
 .text.libgcc.builtins
                0x0000000000000000        0x0 /usr/local/lib/gcc/avr/4.9.2/avr5/libgcc.a(_udivmodsi4.o)
 .text.libgcc.fmul
                0x0000000000000000        0x0 /usr/local/lib/gcc/avr/4.9.2/avr5/libgcc.a(_udivmodsi4.o)
 .text.libgcc.fixed
                0x0000000000000000        0x0 /usr/local/lib/gcc/avr/4.9.2/avr5/libgcc.a(_udivmodsi4.o)
 .text          0x0000000000000000        0x0 /usr/local/lib/gcc/avr/4.9.2/avr5/libgcc.a(_exit.o)
 .data          0x0000000000000000        0x0 /usr/local/lib/gcc/avr/4.9.2/avr5/libgcc.a(_exit.o)
 .bss           0x0000000000000000        0x0 /usr/local/lib/gcc/avr/4.9.2/avr5/libgcc.a(_exit.o)
 .text.libgcc.mul
                0x0000000000000000        0x0 /usr/local/lib/gcc/avr/4.9.2/avr5/libgcc.a(_exit.o)
 .text.libgcc.div
                0x0000000000000000        0x0 /usr/local/lib/gcc/avr/4.9.2/avr5/libgcc.a(_exit.o)
 .text.libgcc   0x0000000000000000        0x0 /usr/local/lib/gcc/avr/4.9.2/avr5/libgcc.a(_exit.o)
 .text.libgcc.prologue
                0x0000000000000000        0x0 /usr/local/lib/gcc/avr/4.9.2/avr5/libgcc.a(_exit.o)
 .text.libgcc.builtins
                0x0000000000000000        0x0 /usr/local/lib/gcc/avr/4.9.2/avr5/libgcc.a(_exit.o)
 .text.libgcc.fmul
                0x0000000000000000        0x0 /usr/local/lib/gcc/avr/4.9.2/avr5/libgcc.a(_exit.o)
 .text.libgcc.fixed
                0x0000000000000000        0x0 /usr/local/lib/gcc/avr/4.9.2/avr5/libgcc.a(_exit.o)
 .text          0x0000000000000000        0x0 /usr/local/lib/gcc/avr/4.9.2/avr5/libgcc.a(_copy_data.o)
 .data          0x0000000000000000        0x0 /usr/local/lib/gcc/avr/4.9.2/avr5/libgcc.a(_copy_data.o)
 .bss           0x0000000000000000        0x0 /usr/local/lib/gcc/avr/4.9.2/avr5/libgcc.a(_copy_data.o)
 .text.libgcc.mul
                0x0000000000000000        0x0 /usr/local/lib/gcc/avr/4.9.2/avr5/libgcc.a(_copy_data.o)
 .text.libgcc.div
                0x0000000000000000        0x0 /usr/local/lib/gcc/avr/4.9.2/avr5/libgcc.a(_copy_data.o)
 .text.libgcc   0x0000000000000000        0x0 /usr/local/lib/gcc/avr/4.9.2/avr5/libgcc.a(_copy_data.o)
 .text.libgcc.prologue
                0x0000000000000000        0x0 /usr/local/lib/gcc/avr/4.9.2/avr5/libgcc.a(_copy_data.o)
 .text.libgcc.builtins
                0x0000000000000000        0x0 /usr/local/lib/gcc/avr/4.9.2/avr5/libgcc.a(_copy_data.o)
 .text.libgcc.fmul
                0x0000000000000000        0x0 /usr/local/lib/gcc/avr/4.9.2/avr5/libgcc.a(_copy_data.o)
 .text.libgcc.fixed
                0x0000000000000000        0x0 /usr/local/lib/gcc/avr/4.9.2/avr5/libgcc.a(_copy_data.o)
 .text          0x0000000000000000        0x0 /usr/local/lib/gcc/avr/4.9.2/avr5/libgcc.a(_clear_bss.o)
 .data          0x0000000000000000        0x0 /usr/local/lib/gcc/avr/4.9.2/avr5/libgcc.a(_clear_bss.o)
 .bss           0x0000000000000000        0x0 /usr/local/lib/gcc/avr/4.9.2/avr5/libgcc.a(_clear_bss.o)
 .text.libgcc.mul
                0x0000000000000000        0x0 /usr/local/lib/gcc/avr/4.9.2/avr5/libgcc.a(_clear_bss.o)
 .text.libgcc.div
                0x0000000000000000        0x0 /usr/local/lib/gcc/avr/4.9.2/avr5/libgcc.a(_clear_bss.o)
 .text.libgcc   0x0000000000000000        0x0 /usr/local/lib/gcc/avr/4.9.2/avr5/libgcc.a(_clear_bss.o)
 .text.libgcc.prologue
                0x0000000000000000        0x0 /usr/local/lib/gcc/avr/4.9.2/avr5/libgcc.a(_clear_bss.o)
 .text.libgcc.builtins
                0x0000000000000000        0x0 /usr/local/lib/gcc/avr/4.9.2/avr5/libgcc.a(_clear_bss.o)
 .text.libgcc.fmul
                0x0000000000000000        0x0 /usr/local/lib/gcc/avr/4.9.2/avr5/libgcc.a(_clear_bss.o)
 .text.libgcc.fixed
                0x0000000000000000        0x0 /usr/local/lib/gcc/avr/4.9.2/avr5/libgcc.a(_clear_bss.o)

Memory Configuration

Name             Origin             Length             Attributes
text             0x0000000000000000 0x0000000000020000 xr
data             0x0000000000800060 0x000000000000ffa0 rw !x
eeprom           0x0000000000810000 0x0000000000010000 rw !x
fuse             0x0000000000820000 0x0000000000000400 rw !x
lock             0x0000000000830000 0x0000000000000400 rw !x
signature        0x0000000000840000 0x0000000000000400 rw !x
*default*        0x0000000000000000 0xffffffffffffffff

Linker script and memory map

Address of section .data set to 0x800100
LOAD /usr/local/lib/gcc/avr/4.9.2/../../../../avr/lib/avr5/crtm644.o
LOAD uzeboxVideoEngineCore.o
LOAD uzeboxCore.o
LOAD uzeboxSoundEngine.o
LOAD uzeboxSoundEngineCore.o
LOAD uzeboxVideoEngine.o
LOAD Iris.o
START GROUP
LOAD /usr/local/lib/gcc/avr/4.9.2/avr5/libgcc.a
LOAD /usr/local/lib/gcc/avr/4.9.2/../../../../avr/lib/avr5/libm.a
LOAD /usr/local/lib/gcc/avr/4.9.2/../../../../avr/lib/avr5/libc.a
END GROUP

.hash
 *(.hash)

.dynsym
 *(.dynsym)

.dynstr
 *(.dynstr)

.gnu.version
 *(.gnu.version)

.gnu.version_d
 *(.gnu.version_d)

.gnu.version_r
 *(.gnu.version_r)

.rel.init
 *(.rel.init)

.rela.init
 *(.rela.init)

.rel.text
 *(.rel.text)
 *(.rel.text.*)
 *(.rel.gnu.linkonce.t*)

.rela.text
 *(.rela.text)
 *(.rela.text.*)
 *(.rela.gnu.linkonce.t*)

.rel.fini
 *(.rel.fini)

.rela.fini
 *(.rela.fini)

.rel.rodata
 *(.rel.rodata)
 *(.rel.rodata.*)
 *(.rel.gnu.linkonce.r*)

.rela.rodata
 *(.rela.rodata)
 *(.rela.rodata.*)
 *(.rela.gnu.linkonce.r*)

.rel.data
 *(.rel.data)
 *(.rel.data.*)
 *(.rel.gnu.linkonce.d*)

.rela.data
 *(.rela.data)
 *(.rela.data.*)
 *(.rela.gnu.linkonce.d*)

.rel.ctors
 *(.rel.ctors)

.rela.ctors
 *(.rela.ctors)

.rel.dtors
 *(.rel.dtors)

.rela.dtors
 *(.rela.dtors)

.rel.got
 *(.rel.got)

.rela.got
 *(.rela.got)

.rel.bss
 *(.rel.bss)

.rela.bss
 *(.rela.bss)

.rel.plt
 *(.rel.plt)

.rela.plt
 *(.rela.plt)

.text           0x0000000000000000     0x7810
 *(.vectors)
 .vectors       0x0000000000000000       0x70 /usr/local/lib/gcc/avr/4.9.2/../../../../avr/lib/avr5/crtm644.o
                0x0000000000000000                __vectors
                0x0000000000000000                __vector_default
 *(.vectors)
 *(.progmem.gcc*)
                0x0000000000000070                . = ALIGN (0x2)
                0x0000000000000070                __trampolines_start = .
 *(.trampolines)
 .trampolines   0x0000000000000070        0x0 linker stubs
 *(.trampolines*)
                0x0000000000000070                __trampolines_end = .
 *(.progmem*)
 .progmem.data  0x0000000000000070       0x4e uzeboxCore.o
                0x0000000000000070                io_table
                0x000000000000009e                eeprom_format_table
 .progmem.data  0x00000000000000be       0x1e uzeboxSoundEngine.o
                0x00000000000000be                patchCommands
 .progmem.data  0x00000000000000dc      0x853 uzeboxVideoEngine.o
                0x00000000000000dc                fader
                0x00000000000000e8                map_uzeboxlogo2
                0x00000000000000f9                map_uzeboxlogo
                0x000000000000010f                logo_tileset
                0x000000000000090f                logoInitPatches
                0x0000000000000918                initPatch
 .progmem.data  0x000000000000092f     0x4688 Iris.o
                0x000000000000092f                default_scores
                0x000000000000094d                strLevels
                0x000000000000095b                strPaused
                0x0000000000000962                strExit
                0x000000000000096b                strLives
                0x0000000000000972                strShield
                0x000000000000097a                strScore
                0x0000000000000981                strSelectHandle
                0x0000000000000992                strHighscores
                0x000000000000099e                str1Player
                0x00000000000009a4                strCopyright
                0x00000000000009b9                my_patches
                0x00000000000009c2                ad_navigate
                0x0000000000000ae4                level_data
                0x0000000000002b1e                sprites_data
                0x000000000000361e                map_enemy_spider_1
                0x0000000000003621                map_enemy_spider_0
                0x0000000000003624                map_enemy_shark
                0x0000000000003627                map_enemy_shot
                0x000000000000362a                map_hero_shot
                0x000000000000362d                map_hero_ship_large
                0x0000000000003637                map_hero_ship_1
                0x000000000000363c                map_hero_ship_0
                0x0000000000003641                map_hero_jump
                0x0000000000003649                map_hero_step_2
                0x0000000000003651                map_hero_step_1
                0x0000000000003659                map_hero_step_0
                0x0000000000003661                map_hero_idle
                0x0000000000003669                map_explosion_2
                0x000000000000366c                map_explosion_1
                0x000000000000366f                map_explosion_0
                0x0000000000003672                map_meteor
                0x0000000000003675                map_up_arrow
                0x0000000000003678                map_down_arrow
                0x000000000000367b                map_right_arrow
                0x000000000000367e                map_none
                0x0000000000003681                tiles_data
                0x0000000000004f41                map_star
                0x0000000000004f44                map_ice_moon
                0x0000000000004f4f                map_ice_cloud
                0x0000000000004f52                map_ice_far
                0x0000000000004f55                map_ice_sky
                0x0000000000004f58                map_ice_horizon
                0x0000000000004f5b                map_ice_bottom
                0x0000000000004f5e                map_ice_right
                0x0000000000004f61                map_ice_middle
                0x0000000000004f64                map_ice_left
                0x0000000000004f67                map_splash
                0x0000000000004fb4                map_tile_none
                0x0000000000004fb8                . = ALIGN (0x2)
 *fill*         0x0000000000004fb7        0x1 
 *(.jumptables)
 *(.jumptables*)
 *(.lowtext)
 *(.lowtext*)
                0x0000000000004fb8                __ctors_start = .
 *(.ctors)
                0x0000000000004fb8                __ctors_end = .
                0x0000000000004fb8                __dtors_start = .
 *(.dtors)
                0x0000000000004fb8                __dtors_end = .
 SORT(*)(.ctors)
 SORT(*)(.dtors)
 *(.init0)
 .init0         0x0000000000004fb8        0x0 /usr/local/lib/gcc/avr/4.9.2/../../../../avr/lib/avr5/crtm644.o
                0x0000000000004fb8                __init
 *(.init0)
 *(.init1)
 *(.init1)
 *(.init2)
 .init2         0x0000000000004fb8        0xc /usr/local/lib/gcc/avr/4.9.2/../../../../avr/lib/avr5/crtm644.o
 *(.init2)
 *(.init3)
 *(.init3)
 *(.init4)
 .init4         0x0000000000004fc4       0x16 /usr/local/lib/gcc/avr/4.9.2/avr5/libgcc.a(_copy_data.o)
                0x0000000000004fc4                __do_copy_data
 .init4         0x0000000000004fda       0x10 /usr/local/lib/gcc/avr/4.9.2/avr5/libgcc.a(_clear_bss.o)
                0x0000000000004fda                __do_clear_bss
 *(.init4)
 *(.init5)
 *(.init5)
 *(.init6)
 *(.init6)
 *(.init7)
 .init7         0x0000000000004fea       0x16 uzeboxCore.o
                0x0000000000004fea                wdt_init
 *(.init7)
 *(.init8)
 .init8         0x0000000000005000       0x82 uzeboxCore.o
                0x0000000000005000                Initialize
 *(.init8)
 *(.init9)
 .init9         0x0000000000005082        0x8 /usr/local/lib/gcc/avr/4.9.2/../../../../avr/lib/avr5/crtm644.o
 *(.init9)
 *(.text)
 .text          0x000000000000508a        0x4 /usr/local/lib/gcc/avr/4.9.2/../../../../avr/lib/avr5/crtm644.o
                0x000000000000508a                __vector_20
                0x000000000000508a                __vector_1
                0x000000000000508a                __vector_24
                0x000000000000508a                __vector_12
                0x000000000000508a                __bad_interrupt
                0x000000000000508a                __vector_6
                0x000000000000508a                __vector_3
                0x000000000000508a                __vector_23
                0x000000000000508a                __vector_25
                0x000000000000508a                __vector_11
                0x000000000000508a                __vector_17
                0x000000000000508a                __vector_19
                0x000000000000508a                __vector_7
                0x000000000000508a                __vector_27
                0x000000000000508a                __vector_5
                0x000000000000508a                __vector_4
                0x000000000000508a                __vector_9
                0x000000000000508a                __vector_2
                0x000000000000508a                __vector_21
                0x000000000000508a                __vector_15
                0x000000000000508a                __vector_26
                0x000000000000508a                __vector_10
                0x000000000000508a                __vector_16
                0x000000000000508a                __vector_18
                0x000000000000508a                __vector_22
 .text          0x000000000000508e      0x868 uzeboxVideoEngineCore.o
                0x00000000000053f6                CopyFlashTile
                0x0000000000005514                CopyRamTile
                0x000000000000562e                BlitSprite
                0x0000000000005712                __vector_13
                0x0000000000005792                __vector_14
 .text          0x00000000000058f6      0x180 uzeboxSoundEngineCore.o
                0x00000000000058f6                process_music
                0x0000000000005902                update_sound
                0x0000000000005a76                . = ALIGN (0x2)
 *(.text.*)
 .text.SetSpritesTileTable
                0x0000000000005a76        0xa uzeboxVideoEngineCore.o
                0x0000000000005a76                SetSpritesTileTable
 .text.ClearVram
                0x0000000000005a80       0x14 uzeboxVideoEngineCore.o
                0x0000000000005a80                ClearVram
 .text.SetFont  0x0000000000005a94        0x8 uzeboxVideoEngineCore.o
                0x0000000000005a94                SetFont
 .text.SetTile  0x0000000000005a9c       0x22 uzeboxVideoEngineCore.o
                0x0000000000005a9c                SetTile
 .text.SetFontTilesIndex
                0x0000000000005abe        0x6 uzeboxVideoEngineCore.o
                0x0000000000005abe                SetFontTilesIndex
 .text.SetTileTable
                0x0000000000005ac4        0xa uzeboxVideoEngineCore.o
                0x0000000000005ac4                SetTileTable
 .text.GetVsyncFlag
                0x0000000000005ace        0x8 uzeboxVideoEngineCore.o
                0x0000000000005ace                GetVsyncFlag
 .text.ClearVsyncFlag
                0x0000000000005ad6        0xc uzeboxVideoEngineCore.o
                0x0000000000005ad6                ClearVsyncFlag
 .text.WriteEeprom
                0x0000000000005ae2       0x14 uzeboxVideoEngineCore.o
                0x0000000000005ae2                WriteEeprom
 .text.ReadEeprom
                0x0000000000005af6       0x12 uzeboxVideoEngineCore.o
                0x0000000000005af6                ReadEeprom
 .text.wdt_randomize
                0x0000000000005b08       0x50 uzeboxVideoEngineCore.o
                0x0000000000005b08                wdt_randomize
 .text.__vector_8
                0x0000000000005b58       0x44 uzeboxVideoEngineCore.o
                0x0000000000005b58                __vector_8
 .text.SoftReset
                0x0000000000005b9c       0x16 uzeboxCore.o
                0x0000000000005b9c                SoftReset
 .text.ReadButtons
                0x0000000000005bb2       0x6c uzeboxCore.o
                0x0000000000005bb2                ReadButtons
 .text.ReadControllers
                0x0000000000005c1e       0x20 uzeboxCore.o
                0x0000000000005c1e                ReadControllers
 .text.FormatEeprom
                0x0000000000005c3e       0x44 uzeboxCore.o
                0x0000000000005c3e                FormatEeprom
 .text.isEepromFormatted
                0x0000000000005c82       0x2e uzeboxCore.o
                0x0000000000005c82                isEepromFormatted
 .text.PatchCommand00
                0x0000000000005cb0        0x6 uzeboxSoundEngine.o
                0x0000000000005cb0                PatchCommand00
 .text.PatchCommand01
                0x0000000000005cb6       0x10 uzeboxSoundEngine.o
                0x0000000000005cb6                PatchCommand01
 .text.PatchCommand05
                0x0000000000005cc6        0xa uzeboxSoundEngine.o
                0x0000000000005cc6                PatchCommand05
 .text.PatchCommand06
                0x0000000000005cd0        0xa uzeboxSoundEngine.o
                0x0000000000005cd0                PatchCommand06
 .text.PatchCommand07
                0x0000000000005cda        0x6 uzeboxSoundEngine.o
                0x0000000000005cda                PatchCommand07
 .text.PatchCommand09
                0x0000000000005ce0        0x6 uzeboxSoundEngine.o
                0x0000000000005ce0                PatchCommand09
 .text.PatchCommand10
                0x0000000000005ce6        0x6 uzeboxSoundEngine.o
                0x0000000000005ce6                PatchCommand10
 .text.PatchCommand11
                0x0000000000005cec       0x76 uzeboxSoundEngine.o
                0x0000000000005cec                PatchCommand11
 .text.PatchCommand12
                0x0000000000005d62        0x6 uzeboxSoundEngine.o
                0x0000000000005d62                PatchCommand12
 .text.PatchCommand13
                0x0000000000005d68        0x6 uzeboxSoundEngine.o
                0x0000000000005d68                PatchCommand13
 .text.PatchCommand02
                0x0000000000005d6e        0x8 uzeboxSoundEngine.o
                0x0000000000005d6e                PatchCommand02
 .text.PatchCommand03
                0x0000000000005d76        0xe uzeboxSoundEngine.o
                0x0000000000005d76                PatchCommand03
 .text.PatchCommand04
                0x0000000000005d84       0x10 uzeboxSoundEngine.o
                0x0000000000005d84                PatchCommand04
 .text.PatchCommand08
                0x0000000000005d94       0x20 uzeboxSoundEngine.o
                0x0000000000005d94                PatchCommand08
 .text.PatchCommand14
                0x0000000000005db4       0x54 uzeboxSoundEngine.o
                0x0000000000005db4                PatchCommand14
 .text.InitMusicPlayer
                0x0000000000005e08       0x44 uzeboxSoundEngine.o
                0x0000000000005e08                InitMusicPlayer
 .text.ReadVarLen
                0x0000000000005e4c       0x4c uzeboxSoundEngine.o
                0x0000000000005e4c                ReadVarLen
 .text.TriggerCommon
                0x0000000000005e98      0x11c uzeboxSoundEngine.o
                0x0000000000005e98                TriggerCommon
 .text.TriggerFx
                0x0000000000005fb4       0x90 uzeboxSoundEngine.o
                0x0000000000005fb4                TriggerFx
 .text.TriggerNote
                0x0000000000006044       0x80 uzeboxSoundEngine.o
                0x0000000000006044                TriggerNote
 .text.ProcessMusic
                0x00000000000060c4      0x43e uzeboxSoundEngine.o
                0x00000000000060c4                ProcessMusic
 .text.SetMasterVolume
                0x0000000000006502        0x6 uzeboxSoundEngine.o
                0x0000000000006502                SetMasterVolume
 .text.SetMixerNote
                0x0000000000006508       0x2e uzeboxSoundEngineCore.o
                0x0000000000006508                SetMixerNote
 .text.SetMixerWave
                0x0000000000006536       0x3a uzeboxSoundEngineCore.o
                0x0000000000006536                SetMixerWave
 *fill*         0x0000000000006570       0x90 
 .text.DisableSoundEngine
                0x0000000000006600      0xc00 uzeboxSoundEngineCore.o
                0x0000000000006600                DisableSoundEngine
                0x0000000000006608                steptable
                0x0000000000006800                waves
 .text.RestoreBackground
                0x0000000000007200       0x2c uzeboxVideoEngine.o
                0x0000000000007200                RestoreBackground
 .text.ProcessSprites
                0x000000000000722c      0x224 uzeboxVideoEngine.o
                0x000000000000722c                ProcessSprites
 .text.MapSprite2
                0x0000000000007450       0xa4 uzeboxVideoEngine.o
                0x0000000000007450                MapSprite2
 .text.InitializeVideoMode
                0x00000000000074f4       0x1e uzeboxVideoEngine.o
                0x00000000000074f4                InitializeVideoMode
 .text.DrawMap  0x0000000000007512       0x9a uzeboxVideoEngine.o
                0x0000000000007512                DrawMap2
                0x0000000000007512                DrawMap
 .text.Print    0x00000000000075ac       0x36 uzeboxVideoEngine.o
                0x00000000000075ac                Print
 .text.WaitVsync
                0x00000000000075e2       0x2e uzeboxVideoEngine.o
                0x00000000000075e2                WaitVsync
 .text.DisplayLogo
                0x0000000000007610       0x6e uzeboxVideoEngine.o
                0x0000000000007610                DisplayLogo
 .text.doFade   0x000000000000767e       0x1c uzeboxVideoEngine.o
                0x000000000000767e                doFade
 .text.FadeIn   0x000000000000769a       0x18 uzeboxVideoEngine.o
                0x000000000000769a                FadeIn
 .text.ProcessFading
                0x00000000000076b2       0x4a uzeboxVideoEngine.o
                0x00000000000076b2                ProcessFading
 .text.VideoModeVsync
                0x00000000000076fc        0x8 uzeboxVideoEngine.o
                0x00000000000076fc                VideoModeVsync
 .text.clear_sprites
                0x0000000000007704       0x1a Iris.o
                0x0000000000007704                clear_sprites
 .text.load_splash
                0x000000000000771e       0x60 Iris.o
                0x000000000000771e                load_splash
 .text.startup.main
                0x000000000000777e       0x3e Iris.o
                0x000000000000777e                main
 .text.libgcc.div
                0x00000000000077bc       0x28 /usr/local/lib/gcc/avr/4.9.2/avr5/libgcc.a(_udivmodhi4.o)
                0x00000000000077bc                __udivmodhi4
 .text.libgcc.div
                0x00000000000077e4       0x28 /usr/local/lib/gcc/avr/4.9.2/avr5/libgcc.a(_divmodhi4.o)
                0x00000000000077e4                __divmodhi4
                0x00000000000077e4                _div
                0x000000000000780c                . = ALIGN (0x2)
 *(.fini9)
 .fini9         0x000000000000780c        0x0 /usr/local/lib/gcc/avr/4.9.2/avr5/libgcc.a(_exit.o)
                0x000000000000780c                exit
                0x000000000000780c                _exit
 *(.fini9)
 *(.fini8)
 *(.fini8)
 *(.fini7)
 *(.fini7)
 *(.fini6)
 *(.fini6)
 *(.fini5)
 *(.fini5)
 *(.fini4)
 *(.fini4)
 *(.fini3)
 *(.fini3)
 *(.fini2)
 *(.fini2)
 *(.fini1)
 *(.fini1)
 *(.fini0)
 .fini0         0x000000000000780c        0x4 /usr/local/lib/gcc/avr/4.9.2/avr5/libgcc.a(_exit.o)
 *(.fini0)
                0x0000000000007810                _etext = .

.data           0x0000000000800100        0x2 load address 0x0000000000007810
                0x0000000000800100                PROVIDE (__data_start, .)
 *(.data)
 .data          0x0000000000800100        0x1 uzeboxVideoEngine.o
                0x0000000000800100                spritesOn
 *(.data*)
 *(.rodata)
 *(.rodata*)
 *(.gnu.linkonce.d*)
                0x0000000000800102                . = ALIGN (0x2)
 *fill*         0x0000000000800101        0x1 
                0x0000000000800102                _edata = .
                0x0000000000800102                PROVIDE (__data_end, .)

.bss            0x0000000000800102      0x91a
                0x0000000000800102                PROVIDE (__bss_start, .)
 *(.bss)
 .bss           0x0000000000800102      0x7b4 uzeboxVideoEngineCore.o
                0x0000000000800102                sprites
                0x000000000080013a                ram_tiles
                0x000000000080083a                ram_tiles_restore
                0x000000000080088e                sprites_tile_banks
                0x0000000000800899                Screen
                0x00000000008008a0                sync_phase
                0x00000000008008a1                sync_pulse
                0x00000000008008a2                sync_flags
                0x00000000008008a7                first_render_line
                0x00000000008008a8                render_lines_count
                0x00000000008008a9                joypad1_status_lo
                0x00000000008008ab                joypad1_status_hi
                0x00000000008008ad                joypad2_status_lo
                0x00000000008008af                joypad2_status_hi
 .bss           0x00000000008008b6        0x1 uzeboxSoundEngine.o
                0x00000000008008b6                playSong
 .bss           0x00000000008008b7       0x23 uzeboxSoundEngineCore.o
                0x00000000008008b7                sound_enabled
                0x00000000008008b8                mixer
                0x00000000008008cb                tr4_params
                0x00000000008008cc                tr4_barrel_lo
                0x00000000008008cd                tr4_barrel_hi
 .bss           0x00000000008008da        0x2 uzeboxVideoEngine.o
                0x00000000008008da                userRamTilesCount_tmp
                0x00000000008008db                userRamTilesCount
 *(.bss*)
 *(COMMON)
 COMMON         0x00000000008008dc        0x1 uzeboxCore.o
                0x00000000008008dc                joypadsConnectionStatus
 COMMON         0x00000000008008dd       0x83 uzeboxSoundEngine.o
                0x00000000008008dd                songStart
                0x00000000008008df                tracks
                0x0000000000800952                currDeltaTime
                0x0000000000800954                patchPointers
                0x0000000000800956                lastStatus
                0x0000000000800957                masterVolume
                0x0000000000800958                nextDeltaTime
                0x000000000080095a                songSpeed
                0x000000000080095b                songPos
                0x000000000080095d                loopStart
                0x000000000080095f                step
 COMMON         0x0000000000800960        0x6 uzeboxVideoEngine.o
                0x0000000000800960                fadeSpeed
                0x0000000000800961                fadeDir
                0x0000000000800962                free_tile_index
                0x0000000000800963                fadeActive
                0x0000000000800964                currFadeFrame
                0x0000000000800965                fadeStep
 COMMON         0x0000000000800966       0xb6 Iris.o
                0x0000000000800966                scores
                0x0000000000800986                game
                0x0000000000800a1c                PROVIDE (__bss_end, .)
                0x0000000000007810                __data_load_start = LOADADDR (.data)
                0x0000000000007812                __data_load_end = (__data_load_start + SIZEOF (.data))

.noinit         0x0000000000800a20      0x400
                0x0000000000800a20                PROVIDE (__noinit_start, .)
 *(.noinit*)
 .noinit        0x0000000000800a20      0x400 uzeboxVideoEngineCore.o
                0x0000000000800a20                vram
                0x0000000000800e20                overlay_vram
                0x0000000000800e20                PROVIDE (__noinit_end, .)
                0x0000000000800e20                _end = .
                0x0000000000800e20                PROVIDE (__heap_start, .)

.eeprom         0x0000000000810000        0x0
 *(.eeprom*)
                0x0000000000810000                __eeprom_end = .

.fuse
 *(.fuse)
 *(.lfuse)
 *(.hfuse)
 *(.efuse)

.lock
 *(.lock*)

.signature
 *(.signature*)

.stab           0x0000000000000000      0x48c
 *(.stab)
 .stab          0x0000000000000000      0x15c /usr/local/lib/gcc/avr/4.9.2/avr5/libgcc.a(_udivmodhi4.o)
                                        0x168 (size before relaxing)
 .stab          0x000000000000015c      0x138 /usr/local/lib/gcc/avr/4.9.2/avr5/libgcc.a(_divmodhi4.o)
                                        0x144 (size before relaxing)
 .stab          0x0000000000000294       0x6c /usr/local/lib/gcc/avr/4.9.2/avr5/libgcc.a(_exit.o)
                                         0x78 (size before relaxing)
 .stab          0x0000000000000300       0xd8 /usr/local/lib/gcc/avr/4.9.2/avr5/libgcc.a(_copy_data.o)
                                         0xe4 (size before relaxing)
 .stab          0x00000000000003d8       0xb4 /usr/local/lib/gcc/avr/4.9.2/avr5/libgcc.a(_clear_bss.o)
                                         0xc0 (size before relaxing)

.stabstr        0x0000000000000000      0x256
 *(.stabstr)
 .stabstr       0x0000000000000000      0x256 /usr/local/lib/gcc/avr/4.9.2/avr5/libgcc.a(_udivmodqi4.o)

.stab.excl
 *(.stab.excl)

.stab.exclstr
 *(.stab.exclstr)

.stab.index
 *(.stab.index)

.stab.indexstr
 *(.stab.indexstr)

.comment        0x0000000000000000       0x11
 *(.comment)
 .comment       0x0000000000000000       0x11 uzeboxCore.o
                                         0x12 (size before relaxing)
 .comment       0x0000000000000011       0x12 uzeboxSoundEngine.o
 .comment       0x0000000000000011       0x12 uzeboxVideoEngine.o
 .comment       0x0000000000000011       0x12 Iris.o

.note.gnu.build-id
 *(.note.gnu.build-id)

.debug
 *(.debug)

.line
 *(.line)

.debug_srcinfo
 *(.debug_srcinfo)

.debug_sfnames
 *(.debug_sfnames)

.debug_aranges  0x0000000000000000      0x498
 *(.debug_aranges)
 .debug_aranges
                0x0000000000000000       0xf8 uzeboxVideoEngineCore.o
 .debug_aranges
                0x00000000000000f8       0x90 uzeboxCore.o
 .debug_aranges
                0x0000000000000188       0xf8 uzeboxSoundEngine.o
 .debug_aranges
                0x0000000000000280       0x50 uzeboxSoundEngineCore.o
 .debug_aranges
                0x00000000000002d0      0x110 uzeboxVideoEngine.o
 .debug_aranges
                0x00000000000003e0       0xb8 Iris.o

.debug_pubnames
 *(.debug_pubnames)

.debug_info     0x0000000000000000     0x4e8e
 *(.debug_info .gnu.linkonce.wi.*)
 .debug_info    0x0000000000000000      0x672 /usr/local/lib/gcc/avr/4.9.2/../../../../avr/lib/avr5/crtm644.o
 .debug_info    0x0000000000000672       0x7b uzeboxVideoEngineCore.o
 .debug_info    0x00000000000006ed      0xab8 uzeboxCore.o
 .debug_info    0x00000000000011a5     0x12ce uzeboxSoundEngine.o
 .debug_info    0x0000000000002473       0x72 uzeboxSoundEngineCore.o
 .debug_info    0x00000000000024e5     0x15cd uzeboxVideoEngine.o
 .debug_info    0x0000000000003ab2     0x13dc Iris.o

.debug_abbrev   0x0000000000000000     0x139b
 *(.debug_abbrev)
 .debug_abbrev  0x0000000000000000      0x619 /usr/local/lib/gcc/avr/4.9.2/../../../../avr/lib/avr5/crtm644.o
 .debug_abbrev  0x0000000000000619       0x12 uzeboxVideoEngineCore.o
 .debug_abbrev  0x000000000000062b      0x32b uzeboxCore.o
 .debug_abbrev  0x0000000000000956      0x35c uzeboxSoundEngine.o
 .debug_abbrev  0x0000000000000cb2       0x12 uzeboxSoundEngineCore.o
 .debug_abbrev  0x0000000000000cc4      0x3da uzeboxVideoEngine.o
 .debug_abbrev  0x000000000000109e      0x2fd Iris.o

.debug_line     0x0000000000000000     0x15c4
 *(.debug_line .debug_line.* .debug_line_end)
 .debug_line    0x0000000000000000       0x1d /usr/local/lib/gcc/avr/4.9.2/../../../../avr/lib/avr5/crtm644.o
 .debug_line    0x000000000000001d      0x5bd uzeboxVideoEngineCore.o
 .debug_line    0x00000000000005da      0x2b9 uzeboxCore.o
 .debug_line    0x0000000000000893      0x3d5 uzeboxSoundEngine.o
 .debug_line    0x0000000000000c68      0x1a9 uzeboxSoundEngineCore.o
 .debug_line    0x0000000000000e11      0x4e5 uzeboxVideoEngine.o
 .debug_line    0x00000000000012f6      0x2ce Iris.o

.debug_frame    0x0000000000000000      0xb08
 *(.debug_frame)
 .debug_frame   0x0000000000000000      0x1cc uzeboxCore.o
 .debug_frame   0x00000000000001cc      0x274 uzeboxSoundEngine.o
 .debug_frame   0x0000000000000440      0x4c4 uzeboxVideoEngine.o
 .debug_frame   0x0000000000000904      0x204 Iris.o

.debug_str      0x0000000000000000     0x1446
 *(.debug_str)
 .debug_str     0x0000000000000000      0x231 /usr/local/lib/gcc/avr/4.9.2/../../../../avr/lib/avr5/crtm644.o
 .debug_str     0x0000000000000231      0x4b8 uzeboxCore.o
                                        0x514 (size before relaxing)
 .debug_str     0x00000000000006e9      0x3fc uzeboxSoundEngine.o
                                        0x636 (size before relaxing)
 .debug_str     0x0000000000000ae5      0x3a3 uzeboxVideoEngine.o
                                        0x56c (size before relaxing)
 .debug_str     0x0000000000000e88      0x5be Iris.o
                                        0x834 (size before relaxing)

.debug_loc      0x0000000000000000     0x3e7d
 *(.debug_loc)
 .debug_loc     0x0000000000000000      0x9f9 uzeboxCore.o
 .debug_loc     0x00000000000009f9     0x1148 uzeboxSoundEngine.o
 .debug_loc     0x0000000000001b41     0x1bd7 uzeboxVideoEngine.o
 .debug_loc     0x0000000000003718      0x765 Iris.o

.debug_macinfo
 *(.debug_macinfo)

.debug_weaknames
 *(.debug_weaknames)

.debug_funcnames
 *(.debug_funcnames)

.debug_typenames
 *(.debug_typenames)

.debug_varnames
 *(.debug_varnames)

.debug_pubtypes
 *(.debug_pubtypes)

.debug_ranges   0x0000000000000000      0x4f0
 *(.debug_ranges)
 .debug_ranges  0x0000000000000000       0xf0 uzeboxVideoEngineCore.o
 .debug_ranges  0x00000000000000f0       0x98 uzeboxCore.o
 .debug_ranges  0x0000000000000188      0x130 uzeboxSoundEngine.o
 .debug_ranges  0x00000000000002b8       0x48 uzeboxSoundEngineCore.o
 .debug_ranges  0x0000000000000300      0x148 uzeboxVideoEngine.o
 .debug_ranges  0x0000000000000448       0xa8 Iris.o

.debug_macro
 *(.debug_macro)
OUTPUT(Iris.elf elf32-avr)
LOAD linker stubs
