Archive member included to satisfy reference by file (symbol)

c:/avr-gcc/bin/../lib/gcc/avr/4.9.2/avr5\libgcc.a(_udivmodqi4.o)
                              uzeboxVideoEngine.o (__udivmodqi4)
c:/avr-gcc/bin/../lib/gcc/avr/4.9.2/avr5\libgcc.a(_divmodqi4.o)
                              Iros.o (__divmodqi4)
c:/avr-gcc/bin/../lib/gcc/avr/4.9.2/avr5\libgcc.a(_udivmodhi4.o)
                              uzeboxVideoEngine.o (__udivmodhi4)
c:/avr-gcc/bin/../lib/gcc/avr/4.9.2/avr5\libgcc.a(_divmodhi4.o)
                              uzeboxSoundEngine.o (__divmodhi4)
c:/avr-gcc/bin/../lib/gcc/avr/4.9.2/avr5\libgcc.a(_udivmodsi4.o)
                              uzeboxVideoEngine.o (__udivmodsi4)
c:/avr-gcc/bin/../lib/gcc/avr/4.9.2/avr5\libgcc.a(_exit.o)
                              c:/avr-gcc/bin/../lib/gcc/avr/4.9.2/../../../../avr/lib/avr5/crtm644.o (exit)
c:/avr-gcc/bin/../lib/gcc/avr/4.9.2/avr5\libgcc.a(_tablejump2.o)
                              Iros.o (__tablejump2__)
c:/avr-gcc/bin/../lib/gcc/avr/4.9.2/avr5\libgcc.a(_copy_data.o)
                              uzeboxVideoEngine.o (__do_copy_data)
c:/avr-gcc/bin/../lib/gcc/avr/4.9.2/avr5\libgcc.a(_clear_bss.o)
                              uzeboxCore.o (__do_clear_bss)
c:/avr-gcc/bin/../lib/gcc/avr/4.9.2/../../../../avr/lib/avr5\libm.a(addsf3.o)
                              Iros.o (__addsf3)
c:/avr-gcc/bin/../lib/gcc/avr/4.9.2/../../../../avr/lib/avr5\libm.a(addsf3x.o)
                              c:/avr-gcc/bin/../lib/gcc/avr/4.9.2/../../../../avr/lib/avr5\libm.a(addsf3.o) (__addsf3x)
c:/avr-gcc/bin/../lib/gcc/avr/4.9.2/../../../../avr/lib/avr5\libm.a(fixsfsi.o)
                              Iros.o (__fixsfsi)
c:/avr-gcc/bin/../lib/gcc/avr/4.9.2/../../../../avr/lib/avr5\libm.a(fixunssfsi.o)
                              c:/avr-gcc/bin/../lib/gcc/avr/4.9.2/../../../../avr/lib/avr5\libm.a(fixsfsi.o) (__fixunssfsi)
c:/avr-gcc/bin/../lib/gcc/avr/4.9.2/../../../../avr/lib/avr5\libm.a(floatsisf.o)
                              Iros.o (__floatsisf)
c:/avr-gcc/bin/../lib/gcc/avr/4.9.2/../../../../avr/lib/avr5\libm.a(fp_inf.o)
                              c:/avr-gcc/bin/../lib/gcc/avr/4.9.2/../../../../avr/lib/avr5\libm.a(addsf3x.o) (__fp_inf)
c:/avr-gcc/bin/../lib/gcc/avr/4.9.2/../../../../avr/lib/avr5\libm.a(fp_nan.o)
                              c:/avr-gcc/bin/../lib/gcc/avr/4.9.2/../../../../avr/lib/avr5\libm.a(addsf3x.o) (__fp_nan)
c:/avr-gcc/bin/../lib/gcc/avr/4.9.2/../../../../avr/lib/avr5\libm.a(fp_pscA.o)
                              c:/avr-gcc/bin/../lib/gcc/avr/4.9.2/../../../../avr/lib/avr5\libm.a(addsf3x.o) (__fp_pscA)
c:/avr-gcc/bin/../lib/gcc/avr/4.9.2/../../../../avr/lib/avr5\libm.a(fp_pscB.o)
                              c:/avr-gcc/bin/../lib/gcc/avr/4.9.2/../../../../avr/lib/avr5\libm.a(addsf3x.o) (__fp_pscB)
c:/avr-gcc/bin/../lib/gcc/avr/4.9.2/../../../../avr/lib/avr5\libm.a(fp_round.o)
                              c:/avr-gcc/bin/../lib/gcc/avr/4.9.2/../../../../avr/lib/avr5\libm.a(addsf3.o) (__fp_round)
c:/avr-gcc/bin/../lib/gcc/avr/4.9.2/../../../../avr/lib/avr5\libm.a(fp_split3.o)
                              c:/avr-gcc/bin/../lib/gcc/avr/4.9.2/../../../../avr/lib/avr5\libm.a(addsf3x.o) (__fp_split3)
c:/avr-gcc/bin/../lib/gcc/avr/4.9.2/../../../../avr/lib/avr5\libm.a(fp_zero.o)
                              c:/avr-gcc/bin/../lib/gcc/avr/4.9.2/../../../../avr/lib/avr5\libm.a(addsf3x.o) (__fp_zero)
c:/avr-gcc/bin/../lib/gcc/avr/4.9.2/../../../../avr/lib/avr5\libm.a(mulsf3.o)
                              Iros.o (__mulsf3)
c:/avr-gcc/bin/../lib/gcc/avr/4.9.2/../../../../avr/lib/avr5\libm.a(mulsf3x.o)
                              c:/avr-gcc/bin/../lib/gcc/avr/4.9.2/../../../../avr/lib/avr5\libm.a(mulsf3.o) (__mulsf3x)
c:/avr-gcc/bin/../lib/gcc/avr/4.9.2/../../../../avr/lib/avr5\libc.a(strnlen_P.o)
                              Iros.o (strnlen_P)

Allocating common symbols
Common symbol       size              file

songStart           0x2               uzeboxSoundEngine.o
font_tiles_map      0x2               Iros.o
shot_top_anim       0x2               Iros.o
tracks              0x73              uzeboxSoundEngine.o
boss_run_anim       0x8               Iros.o
jump_anim           0x2               Iros.o
scores              0x20              Iros.o
fadeSpeed           0x1               uzeboxVideoEngine.o
currDeltaTime       0x2               uzeboxSoundEngine.o
fadeDir             0x1               uzeboxVideoEngine.o
patchPointers       0x2               uzeboxSoundEngine.o
game                0x224             Iros.o
lastStatus          0x1               uzeboxSoundEngine.o
boss_shot_top_anim  0x2               Iros.o
joypadsConnectionStatus
                    0x1               uzeboxCore.o
fadeActive          0x1               uzeboxVideoEngine.o
masterVolume        0x1               uzeboxSoundEngine.o
prone_anim          0x2               Iros.o
nextDeltaTime       0x2               uzeboxSoundEngine.o
spider_anim         0x4               Iros.o
songSpeed           0x1               uzeboxSoundEngine.o
songPos             0x2               uzeboxSoundEngine.o
shark_anim          0x2               Iros.o
extendedSprites     0x50              Iros.o
turret_anim         0x2               Iros.o
boss_shot_bottom_anim
                    0x2               Iros.o
run_anim            0x8               Iros.o
shot_middle_anim    0x2               Iros.o
boss_jump_anim      0x2               Iros.o
enemy_shot_anim     0x2               Iros.o
loopStart           0x2               uzeboxSoundEngine.o
globe_anim          0x2               Iros.o
drone_anim          0x2               Iros.o
step                0x1               uzeboxSoundEngine.o
expl_anim           0x6               Iros.o
boss_prone_anim     0x2               Iros.o
currFadeFrame       0x1               uzeboxVideoEngine.o
fadeStep            0x1               uzeboxVideoEngine.o
shot_bottom_anim    0x2               Iros.o
boss_idle_anim      0x2               Iros.o
boss_shot_middle_anim
                    0x2               Iros.o
xwing_anim          0x2               Iros.o
hazard_anim         0x2               Iros.o
idle_anim           0x2               Iros.o

Discarded input sections

 .data          0x00000000        0x0 c:/avr-gcc/bin/../lib/gcc/avr/4.9.2/../../../../avr/lib/avr5/crtm644.o
 .bss           0x00000000        0x0 c:/avr-gcc/bin/../lib/gcc/avr/4.9.2/../../../../avr/lib/avr5/crtm644.o
 .data          0x00000000        0x0 uzeboxVideoEngineCore.o
 .text.SetSpritesTileBank
                0x00000000       0x12 uzeboxVideoEngineCore.o
 .text.SetFont  0x00000000        0x8 uzeboxVideoEngineCore.o
 .text.SetFontTilesIndex
                0x00000000        0x6 uzeboxVideoEngineCore.o
 .text.GetTile  0x00000000       0x24 uzeboxVideoEngineCore.o
 .text.GetVsyncCounter
                0x00000000        0xa uzeboxVideoEngineCore.o
 .text.ClearVsyncCounter
                0x00000000        0xa uzeboxVideoEngineCore.o
 .text.SetUserPreVsyncCallback
                0x00000000        0xa uzeboxVideoEngineCore.o
 .text.SetUserPostVsyncCallback
                0x00000000        0xa uzeboxVideoEngineCore.o
 .text.IsRunningInEmulator
                0x00000000       0x12 uzeboxVideoEngineCore.o
 .text.WaitClocks
                0x00000000        0x6 uzeboxVideoEngineCore.o
 .text.SetLedOn
                0x00000000        0x4 uzeboxVideoEngineCore.o
 .text.SetLedOff
                0x00000000        0x4 uzeboxVideoEngineCore.o
 .text.ToggleLed
                0x00000000        0x4 uzeboxVideoEngineCore.o
 .text.internal_spi_byte
                0x00000000        0xe uzeboxVideoEngineCore.o
 .text          0x00000000        0x0 uzeboxCore.o
 .data          0x00000000        0x0 uzeboxCore.o
 .text.SetRenderingParameters
                0x00000000        0xa uzeboxCore.o
 .text.DetectControllers
                0x00000000       0x36 uzeboxCore.o
 .text.FormatEeprom2
                0x00000000       0x98 uzeboxCore.o
 .text.IsPowerSwitchPressed
                0x00000000        0xe uzeboxCore.o
 .text          0x00000000        0x0 uzeboxSoundEngine.o
 .data          0x00000000        0x0 uzeboxSoundEngine.o
 .text.SetSongSpeed
                0x00000000        0x6 uzeboxSoundEngine.o
 .text.GetSongSpeed
                0x00000000        0x6 uzeboxSoundEngine.o
 .text.GetMasterVolume
                0x00000000        0x6 uzeboxSoundEngine.o
 .data          0x00000000        0x0 uzeboxSoundEngineCore.o
 .text.SetMixerNoiseParams
                0x00000000       0x10 uzeboxSoundEngineCore.o
 .text.SetMixerVolume
                0x00000000       0x16 uzeboxSoundEngineCore.o
 .text.EnableSoundEngine
                0x00000000        0x8 uzeboxSoundEngineCore.o
 .text.DisableSoundEngine
                0x00000000        0x8 uzeboxSoundEngineCore.o
 .text          0x00000000        0x0 uzeboxVideoEngine.o
 .bss           0x00000000        0x0 uzeboxVideoEngine.o
 .text.SetUserRamTilesCount
                0x00000000        0x6 uzeboxVideoEngine.o
 .text.GetUserRamTile
                0x00000000        0xe uzeboxVideoEngine.o
 .text.SetSpriteVisibility
                0x00000000        0x6 uzeboxVideoEngine.o
 .text.SetScrolling
                0x00000000       0x20 uzeboxVideoEngine.o
 .text.MapSprite
                0x00000000       0x80 uzeboxVideoEngine.o
 .text.MapSprite2
                0x00000000       0xa4 uzeboxVideoEngine.o
 .text.MoveSprite
                0x00000000       0x32 uzeboxVideoEngine.o
 .text.PrintLong
                0x00000000       0x8a uzeboxVideoEngine.o
 .text.PrintByte
                0x00000000       0x66 uzeboxVideoEngine.o
 .text.PrintInt
                0x00000000       0x70 uzeboxVideoEngine.o
 .text.PrintBinaryByte
                0x00000000       0x36 uzeboxVideoEngine.o
 .text.PrintHexByte
                0x00000000       0x40 uzeboxVideoEngine.o
 .text.PrintHexInt
                0x00000000       0x24 uzeboxVideoEngine.o
 .text.PrintHexLong
                0x00000000       0x5e uzeboxVideoEngine.o
 .text.Print    0x00000000       0x36 uzeboxVideoEngine.o
 .text.PrintRam
                0x00000000       0x36 uzeboxVideoEngine.o
 .text.PrintChar
                0x00000000        0x6 uzeboxVideoEngine.o
 .text.Fill     0x00000000       0x6e uzeboxVideoEngine.o
 .text.FontFill
                0x00000000       0x6c uzeboxVideoEngine.o
 .text          0x00000000        0x0 Iros.o
 .text.LBResetJoyPadState
                0x00000000       0x12 Iros.o
 .text.LBSetFontTilesMap
                0x00000000        0xa Iros.o
 .text.init_shot
                0x00000000       0x46 Iros.o
 .text.save_eeprom
                0x00000000        0x4 Iros.o
 .text.render_level_tile
                0x00000000        0xe Iros.o
 .text.get_camera_x
                0x00000000        0x4 Iros.o
 .text.get_camera_y
                0x00000000        0x4 Iros.o
 .text.get_hero_spawn_x
                0x00000000        0x4 Iros.o
 .text.get_hero_spawn_y
                0x00000000        0x4 Iros.o
 .text.get_boss_spawn_x
                0x00000000        0x4 Iros.o
 .text.get_boss_spawn_y
                0x00000000        0x4 Iros.o
 .text.solid_tile
                0x00000000        0xe Iros.o
 .text.hazard_tile
                0x00000000        0xe Iros.o
 .text.hazard_projectile_tile
                0x00000000        0xe Iros.o
 .text.music_toggle_pressed
                0x00000000        0x8 Iros.o
 .text          0x00000000        0x0 c:/avr-gcc/bin/../lib/gcc/avr/4.9.2/avr5\libgcc.a(_udivmodqi4.o)
 .data          0x00000000        0x0 c:/avr-gcc/bin/../lib/gcc/avr/4.9.2/avr5\libgcc.a(_udivmodqi4.o)
 .bss           0x00000000        0x0 c:/avr-gcc/bin/../lib/gcc/avr/4.9.2/avr5\libgcc.a(_udivmodqi4.o)
 .text.libgcc.mul
                0x00000000        0x0 c:/avr-gcc/bin/../lib/gcc/avr/4.9.2/avr5\libgcc.a(_udivmodqi4.o)
 .text.libgcc   0x00000000        0x0 c:/avr-gcc/bin/../lib/gcc/avr/4.9.2/avr5\libgcc.a(_udivmodqi4.o)
 .text.libgcc.prologue
                0x00000000        0x0 c:/avr-gcc/bin/../lib/gcc/avr/4.9.2/avr5\libgcc.a(_udivmodqi4.o)
 .text.libgcc.builtins
                0x00000000        0x0 c:/avr-gcc/bin/../lib/gcc/avr/4.9.2/avr5\libgcc.a(_udivmodqi4.o)
 .text.libgcc.fmul
                0x00000000        0x0 c:/avr-gcc/bin/../lib/gcc/avr/4.9.2/avr5\libgcc.a(_udivmodqi4.o)
 .text.libgcc.fixed
                0x00000000        0x0 c:/avr-gcc/bin/../lib/gcc/avr/4.9.2/avr5\libgcc.a(_udivmodqi4.o)
 .text          0x00000000        0x0 c:/avr-gcc/bin/../lib/gcc/avr/4.9.2/avr5\libgcc.a(_divmodqi4.o)
 .data          0x00000000        0x0 c:/avr-gcc/bin/../lib/gcc/avr/4.9.2/avr5\libgcc.a(_divmodqi4.o)
 .bss           0x00000000        0x0 c:/avr-gcc/bin/../lib/gcc/avr/4.9.2/avr5\libgcc.a(_divmodqi4.o)
 .text.libgcc.mul
                0x00000000        0x0 c:/avr-gcc/bin/../lib/gcc/avr/4.9.2/avr5\libgcc.a(_divmodqi4.o)
 .text.libgcc   0x00000000        0x0 c:/avr-gcc/bin/../lib/gcc/avr/4.9.2/avr5\libgcc.a(_divmodqi4.o)
 .text.libgcc.prologue
                0x00000000        0x0 c:/avr-gcc/bin/../lib/gcc/avr/4.9.2/avr5\libgcc.a(_divmodqi4.o)
 .text.libgcc.builtins
                0x00000000        0x0 c:/avr-gcc/bin/../lib/gcc/avr/4.9.2/avr5\libgcc.a(_divmodqi4.o)
 .text.libgcc.fmul
                0x00000000        0x0 c:/avr-gcc/bin/../lib/gcc/avr/4.9.2/avr5\libgcc.a(_divmodqi4.o)
 .text.libgcc.fixed
                0x00000000        0x0 c:/avr-gcc/bin/../lib/gcc/avr/4.9.2/avr5\libgcc.a(_divmodqi4.o)
 .text          0x00000000        0x0 c:/avr-gcc/bin/../lib/gcc/avr/4.9.2/avr5\libgcc.a(_udivmodhi4.o)
 .data          0x00000000        0x0 c:/avr-gcc/bin/../lib/gcc/avr/4.9.2/avr5\libgcc.a(_udivmodhi4.o)
 .bss           0x00000000        0x0 c:/avr-gcc/bin/../lib/gcc/avr/4.9.2/avr5\libgcc.a(_udivmodhi4.o)
 .text.libgcc.mul
                0x00000000        0x0 c:/avr-gcc/bin/../lib/gcc/avr/4.9.2/avr5\libgcc.a(_udivmodhi4.o)
 .text.libgcc   0x00000000        0x0 c:/avr-gcc/bin/../lib/gcc/avr/4.9.2/avr5\libgcc.a(_udivmodhi4.o)
 .text.libgcc.prologue
                0x00000000        0x0 c:/avr-gcc/bin/../lib/gcc/avr/4.9.2/avr5\libgcc.a(_udivmodhi4.o)
 .text.libgcc.builtins
                0x00000000        0x0 c:/avr-gcc/bin/../lib/gcc/avr/4.9.2/avr5\libgcc.a(_udivmodhi4.o)
 .text.libgcc.fmul
                0x00000000        0x0 c:/avr-gcc/bin/../lib/gcc/avr/4.9.2/avr5\libgcc.a(_udivmodhi4.o)
 .text.libgcc.fixed
                0x00000000        0x0 c:/avr-gcc/bin/../lib/gcc/avr/4.9.2/avr5\libgcc.a(_udivmodhi4.o)
 .text          0x00000000        0x0 c:/avr-gcc/bin/../lib/gcc/avr/4.9.2/avr5\libgcc.a(_divmodhi4.o)
 .data          0x00000000        0x0 c:/avr-gcc/bin/../lib/gcc/avr/4.9.2/avr5\libgcc.a(_divmodhi4.o)
 .bss           0x00000000        0x0 c:/avr-gcc/bin/../lib/gcc/avr/4.9.2/avr5\libgcc.a(_divmodhi4.o)
 .text.libgcc.mul
                0x00000000        0x0 c:/avr-gcc/bin/../lib/gcc/avr/4.9.2/avr5\libgcc.a(_divmodhi4.o)
 .text.libgcc   0x00000000        0x0 c:/avr-gcc/bin/../lib/gcc/avr/4.9.2/avr5\libgcc.a(_divmodhi4.o)
 .text.libgcc.prologue
                0x00000000        0x0 c:/avr-gcc/bin/../lib/gcc/avr/4.9.2/avr5\libgcc.a(_divmodhi4.o)
 .text.libgcc.builtins
                0x00000000        0x0 c:/avr-gcc/bin/../lib/gcc/avr/4.9.2/avr5\libgcc.a(_divmodhi4.o)
 .text.libgcc.fmul
                0x00000000        0x0 c:/avr-gcc/bin/../lib/gcc/avr/4.9.2/avr5\libgcc.a(_divmodhi4.o)
 .text.libgcc.fixed
                0x00000000        0x0 c:/avr-gcc/bin/../lib/gcc/avr/4.9.2/avr5\libgcc.a(_divmodhi4.o)
 .text          0x00000000        0x0 c:/avr-gcc/bin/../lib/gcc/avr/4.9.2/avr5\libgcc.a(_udivmodsi4.o)
 .data          0x00000000        0x0 c:/avr-gcc/bin/../lib/gcc/avr/4.9.2/avr5\libgcc.a(_udivmodsi4.o)
 .bss           0x00000000        0x0 c:/avr-gcc/bin/../lib/gcc/avr/4.9.2/avr5\libgcc.a(_udivmodsi4.o)
 .text.libgcc.mul
                0x00000000        0x0 c:/avr-gcc/bin/../lib/gcc/avr/4.9.2/avr5\libgcc.a(_udivmodsi4.o)
 .text.libgcc.div
                0x00000000       0x44 c:/avr-gcc/bin/../lib/gcc/avr/4.9.2/avr5\libgcc.a(_udivmodsi4.o)
 .text.libgcc   0x00000000        0x0 c:/avr-gcc/bin/../lib/gcc/avr/4.9.2/avr5\libgcc.a(_udivmodsi4.o)
 .text.libgcc.prologue
                0x00000000        0x0 c:/avr-gcc/bin/../lib/gcc/avr/4.9.2/avr5\libgcc.a(_udivmodsi4.o)
 .text.libgcc.builtins
                0x00000000        0x0 c:/avr-gcc/bin/../lib/gcc/avr/4.9.2/avr5\libgcc.a(_udivmodsi4.o)
 .text.libgcc.fmul
                0x00000000        0x0 c:/avr-gcc/bin/../lib/gcc/avr/4.9.2/avr5\libgcc.a(_udivmodsi4.o)
 .text.libgcc.fixed
                0x00000000        0x0 c:/avr-gcc/bin/../lib/gcc/avr/4.9.2/avr5\libgcc.a(_udivmodsi4.o)
 .debug_line    0x00000000       0x7b c:/avr-gcc/bin/../lib/gcc/avr/4.9.2/avr5\libgcc.a(_udivmodsi4.o)
 .debug_info    0x00000000       0x93 c:/avr-gcc/bin/../lib/gcc/avr/4.9.2/avr5\libgcc.a(_udivmodsi4.o)
 .debug_abbrev  0x00000000       0x14 c:/avr-gcc/bin/../lib/gcc/avr/4.9.2/avr5\libgcc.a(_udivmodsi4.o)
 .debug_aranges
                0x00000000       0x20 c:/avr-gcc/bin/../lib/gcc/avr/4.9.2/avr5\libgcc.a(_udivmodsi4.o)
 .text          0x00000000        0x0 c:/avr-gcc/bin/../lib/gcc/avr/4.9.2/avr5\libgcc.a(_exit.o)
 .data          0x00000000        0x0 c:/avr-gcc/bin/../lib/gcc/avr/4.9.2/avr5\libgcc.a(_exit.o)
 .bss           0x00000000        0x0 c:/avr-gcc/bin/../lib/gcc/avr/4.9.2/avr5\libgcc.a(_exit.o)
 .text.libgcc.mul
                0x00000000        0x0 c:/avr-gcc/bin/../lib/gcc/avr/4.9.2/avr5\libgcc.a(_exit.o)
 .text.libgcc.div
                0x00000000        0x0 c:/avr-gcc/bin/../lib/gcc/avr/4.9.2/avr5\libgcc.a(_exit.o)
 .text.libgcc   0x00000000        0x0 c:/avr-gcc/bin/../lib/gcc/avr/4.9.2/avr5\libgcc.a(_exit.o)
 .text.libgcc.prologue
                0x00000000        0x0 c:/avr-gcc/bin/../lib/gcc/avr/4.9.2/avr5\libgcc.a(_exit.o)
 .text.libgcc.builtins
                0x00000000        0x0 c:/avr-gcc/bin/../lib/gcc/avr/4.9.2/avr5\libgcc.a(_exit.o)
 .text.libgcc.fmul
                0x00000000        0x0 c:/avr-gcc/bin/../lib/gcc/avr/4.9.2/avr5\libgcc.a(_exit.o)
 .text.libgcc.fixed
                0x00000000        0x0 c:/avr-gcc/bin/../lib/gcc/avr/4.9.2/avr5\libgcc.a(_exit.o)
 .text          0x00000000        0x0 c:/avr-gcc/bin/../lib/gcc/avr/4.9.2/avr5\libgcc.a(_tablejump2.o)
 .data          0x00000000        0x0 c:/avr-gcc/bin/../lib/gcc/avr/4.9.2/avr5\libgcc.a(_tablejump2.o)
 .bss           0x00000000        0x0 c:/avr-gcc/bin/../lib/gcc/avr/4.9.2/avr5\libgcc.a(_tablejump2.o)
 .text.libgcc.mul
                0x00000000        0x0 c:/avr-gcc/bin/../lib/gcc/avr/4.9.2/avr5\libgcc.a(_tablejump2.o)
 .text.libgcc.div
                0x00000000        0x0 c:/avr-gcc/bin/../lib/gcc/avr/4.9.2/avr5\libgcc.a(_tablejump2.o)
 .text.libgcc.prologue
                0x00000000        0x0 c:/avr-gcc/bin/../lib/gcc/avr/4.9.2/avr5\libgcc.a(_tablejump2.o)
 .text.libgcc.builtins
                0x00000000        0x0 c:/avr-gcc/bin/../lib/gcc/avr/4.9.2/avr5\libgcc.a(_tablejump2.o)
 .text.libgcc.fmul
                0x00000000        0x0 c:/avr-gcc/bin/../lib/gcc/avr/4.9.2/avr5\libgcc.a(_tablejump2.o)
 .text.libgcc.fixed
                0x00000000        0x0 c:/avr-gcc/bin/../lib/gcc/avr/4.9.2/avr5\libgcc.a(_tablejump2.o)
 .text          0x00000000        0x0 c:/avr-gcc/bin/../lib/gcc/avr/4.9.2/avr5\libgcc.a(_copy_data.o)
 .data          0x00000000        0x0 c:/avr-gcc/bin/../lib/gcc/avr/4.9.2/avr5\libgcc.a(_copy_data.o)
 .bss           0x00000000        0x0 c:/avr-gcc/bin/../lib/gcc/avr/4.9.2/avr5\libgcc.a(_copy_data.o)
 .text.libgcc.mul
                0x00000000        0x0 c:/avr-gcc/bin/../lib/gcc/avr/4.9.2/avr5\libgcc.a(_copy_data.o)
 .text.libgcc.div
                0x00000000        0x0 c:/avr-gcc/bin/../lib/gcc/avr/4.9.2/avr5\libgcc.a(_copy_data.o)
 .text.libgcc   0x00000000        0x0 c:/avr-gcc/bin/../lib/gcc/avr/4.9.2/avr5\libgcc.a(_copy_data.o)
 .text.libgcc.prologue
                0x00000000        0x0 c:/avr-gcc/bin/../lib/gcc/avr/4.9.2/avr5\libgcc.a(_copy_data.o)
 .text.libgcc.builtins
                0x00000000        0x0 c:/avr-gcc/bin/../lib/gcc/avr/4.9.2/avr5\libgcc.a(_copy_data.o)
 .text.libgcc.fmul
                0x00000000        0x0 c:/avr-gcc/bin/../lib/gcc/avr/4.9.2/avr5\libgcc.a(_copy_data.o)
 .text.libgcc.fixed
                0x00000000        0x0 c:/avr-gcc/bin/../lib/gcc/avr/4.9.2/avr5\libgcc.a(_copy_data.o)
 .text          0x00000000        0x0 c:/avr-gcc/bin/../lib/gcc/avr/4.9.2/avr5\libgcc.a(_clear_bss.o)
 .data          0x00000000        0x0 c:/avr-gcc/bin/../lib/gcc/avr/4.9.2/avr5\libgcc.a(_clear_bss.o)
 .bss           0x00000000        0x0 c:/avr-gcc/bin/../lib/gcc/avr/4.9.2/avr5\libgcc.a(_clear_bss.o)
 .text.libgcc.mul
                0x00000000        0x0 c:/avr-gcc/bin/../lib/gcc/avr/4.9.2/avr5\libgcc.a(_clear_bss.o)
 .text.libgcc.div
                0x00000000        0x0 c:/avr-gcc/bin/../lib/gcc/avr/4.9.2/avr5\libgcc.a(_clear_bss.o)
 .text.libgcc   0x00000000        0x0 c:/avr-gcc/bin/../lib/gcc/avr/4.9.2/avr5\libgcc.a(_clear_bss.o)
 .text.libgcc.prologue
                0x00000000        0x0 c:/avr-gcc/bin/../lib/gcc/avr/4.9.2/avr5\libgcc.a(_clear_bss.o)
 .text.libgcc.builtins
                0x00000000        0x0 c:/avr-gcc/bin/../lib/gcc/avr/4.9.2/avr5\libgcc.a(_clear_bss.o)
 .text.libgcc.fmul
                0x00000000        0x0 c:/avr-gcc/bin/../lib/gcc/avr/4.9.2/avr5\libgcc.a(_clear_bss.o)
 .text.libgcc.fixed
                0x00000000        0x0 c:/avr-gcc/bin/../lib/gcc/avr/4.9.2/avr5\libgcc.a(_clear_bss.o)
 .text          0x00000000        0x0 c:/avr-gcc/bin/../lib/gcc/avr/4.9.2/../../../../avr/lib/avr5\libm.a(addsf3.o)
 .data          0x00000000        0x0 c:/avr-gcc/bin/../lib/gcc/avr/4.9.2/../../../../avr/lib/avr5\libm.a(addsf3.o)
 .bss           0x00000000        0x0 c:/avr-gcc/bin/../lib/gcc/avr/4.9.2/../../../../avr/lib/avr5\libm.a(addsf3.o)
 .text          0x00000000        0x0 c:/avr-gcc/bin/../lib/gcc/avr/4.9.2/../../../../avr/lib/avr5\libm.a(addsf3x.o)
 .data          0x00000000        0x0 c:/avr-gcc/bin/../lib/gcc/avr/4.9.2/../../../../avr/lib/avr5\libm.a(addsf3x.o)
 .bss           0x00000000        0x0 c:/avr-gcc/bin/../lib/gcc/avr/4.9.2/../../../../avr/lib/avr5\libm.a(addsf3x.o)
 .text          0x00000000        0x0 c:/avr-gcc/bin/../lib/gcc/avr/4.9.2/../../../../avr/lib/avr5\libm.a(fixsfsi.o)
 .data          0x00000000        0x0 c:/avr-gcc/bin/../lib/gcc/avr/4.9.2/../../../../avr/lib/avr5\libm.a(fixsfsi.o)
 .bss           0x00000000        0x0 c:/avr-gcc/bin/../lib/gcc/avr/4.9.2/../../../../avr/lib/avr5\libm.a(fixsfsi.o)
 .text          0x00000000        0x0 c:/avr-gcc/bin/../lib/gcc/avr/4.9.2/../../../../avr/lib/avr5\libm.a(fixunssfsi.o)
 .data          0x00000000        0x0 c:/avr-gcc/bin/../lib/gcc/avr/4.9.2/../../../../avr/lib/avr5\libm.a(fixunssfsi.o)
 .bss           0x00000000        0x0 c:/avr-gcc/bin/../lib/gcc/avr/4.9.2/../../../../avr/lib/avr5\libm.a(fixunssfsi.o)
 .text          0x00000000        0x0 c:/avr-gcc/bin/../lib/gcc/avr/4.9.2/../../../../avr/lib/avr5\libm.a(floatsisf.o)
 .data          0x00000000        0x0 c:/avr-gcc/bin/../lib/gcc/avr/4.9.2/../../../../avr/lib/avr5\libm.a(floatsisf.o)
 .bss           0x00000000        0x0 c:/avr-gcc/bin/../lib/gcc/avr/4.9.2/../../../../avr/lib/avr5\libm.a(floatsisf.o)
 .text          0x00000000        0x0 c:/avr-gcc/bin/../lib/gcc/avr/4.9.2/../../../../avr/lib/avr5\libm.a(fp_inf.o)
 .data          0x00000000        0x0 c:/avr-gcc/bin/../lib/gcc/avr/4.9.2/../../../../avr/lib/avr5\libm.a(fp_inf.o)
 .bss           0x00000000        0x0 c:/avr-gcc/bin/../lib/gcc/avr/4.9.2/../../../../avr/lib/avr5\libm.a(fp_inf.o)
 .text          0x00000000        0x0 c:/avr-gcc/bin/../lib/gcc/avr/4.9.2/../../../../avr/lib/avr5\libm.a(fp_nan.o)
 .data          0x00000000        0x0 c:/avr-gcc/bin/../lib/gcc/avr/4.9.2/../../../../avr/lib/avr5\libm.a(fp_nan.o)
 .bss           0x00000000        0x0 c:/avr-gcc/bin/../lib/gcc/avr/4.9.2/../../../../avr/lib/avr5\libm.a(fp_nan.o)
 .text          0x00000000        0x0 c:/avr-gcc/bin/../lib/gcc/avr/4.9.2/../../../../avr/lib/avr5\libm.a(fp_pscA.o)
 .data          0x00000000        0x0 c:/avr-gcc/bin/../lib/gcc/avr/4.9.2/../../../../avr/lib/avr5\libm.a(fp_pscA.o)
 .bss           0x00000000        0x0 c:/avr-gcc/bin/../lib/gcc/avr/4.9.2/../../../../avr/lib/avr5\libm.a(fp_pscA.o)
 .text          0x00000000        0x0 c:/avr-gcc/bin/../lib/gcc/avr/4.9.2/../../../../avr/lib/avr5\libm.a(fp_pscB.o)
 .data          0x00000000        0x0 c:/avr-gcc/bin/../lib/gcc/avr/4.9.2/../../../../avr/lib/avr5\libm.a(fp_pscB.o)
 .bss           0x00000000        0x0 c:/avr-gcc/bin/../lib/gcc/avr/4.9.2/../../../../avr/lib/avr5\libm.a(fp_pscB.o)
 .text          0x00000000        0x0 c:/avr-gcc/bin/../lib/gcc/avr/4.9.2/../../../../avr/lib/avr5\libm.a(fp_round.o)
 .data          0x00000000        0x0 c:/avr-gcc/bin/../lib/gcc/avr/4.9.2/../../../../avr/lib/avr5\libm.a(fp_round.o)
 .bss           0x00000000        0x0 c:/avr-gcc/bin/../lib/gcc/avr/4.9.2/../../../../avr/lib/avr5\libm.a(fp_round.o)
 .text          0x00000000        0x0 c:/avr-gcc/bin/../lib/gcc/avr/4.9.2/../../../../avr/lib/avr5\libm.a(fp_split3.o)
 .data          0x00000000        0x0 c:/avr-gcc/bin/../lib/gcc/avr/4.9.2/../../../../avr/lib/avr5\libm.a(fp_split3.o)
 .bss           0x00000000        0x0 c:/avr-gcc/bin/../lib/gcc/avr/4.9.2/../../../../avr/lib/avr5\libm.a(fp_split3.o)
 .text          0x00000000        0x0 c:/avr-gcc/bin/../lib/gcc/avr/4.9.2/../../../../avr/lib/avr5\libm.a(fp_zero.o)
 .data          0x00000000        0x0 c:/avr-gcc/bin/../lib/gcc/avr/4.9.2/../../../../avr/lib/avr5\libm.a(fp_zero.o)
 .bss           0x00000000        0x0 c:/avr-gcc/bin/../lib/gcc/avr/4.9.2/../../../../avr/lib/avr5\libm.a(fp_zero.o)
 .text          0x00000000        0x0 c:/avr-gcc/bin/../lib/gcc/avr/4.9.2/../../../../avr/lib/avr5\libm.a(mulsf3.o)
 .data          0x00000000        0x0 c:/avr-gcc/bin/../lib/gcc/avr/4.9.2/../../../../avr/lib/avr5\libm.a(mulsf3.o)
 .bss           0x00000000        0x0 c:/avr-gcc/bin/../lib/gcc/avr/4.9.2/../../../../avr/lib/avr5\libm.a(mulsf3.o)
 .text          0x00000000        0x0 c:/avr-gcc/bin/../lib/gcc/avr/4.9.2/../../../../avr/lib/avr5\libm.a(mulsf3x.o)
 .data          0x00000000        0x0 c:/avr-gcc/bin/../lib/gcc/avr/4.9.2/../../../../avr/lib/avr5\libm.a(mulsf3x.o)
 .bss           0x00000000        0x0 c:/avr-gcc/bin/../lib/gcc/avr/4.9.2/../../../../avr/lib/avr5\libm.a(mulsf3x.o)
 .text          0x00000000        0x0 c:/avr-gcc/bin/../lib/gcc/avr/4.9.2/../../../../avr/lib/avr5\libc.a(strnlen_P.o)
 .data          0x00000000        0x0 c:/avr-gcc/bin/../lib/gcc/avr/4.9.2/../../../../avr/lib/avr5\libc.a(strnlen_P.o)
 .bss           0x00000000        0x0 c:/avr-gcc/bin/../lib/gcc/avr/4.9.2/../../../../avr/lib/avr5\libc.a(strnlen_P.o)

Memory Configuration

Name             Origin             Length             Attributes
text             0x00000000         0x00020000         xr
data             0x00800060         0x0000ffa0         rw !x
eeprom           0x00810000         0x00010000         rw !x
fuse             0x00820000         0x00000400         rw !x
lock             0x00830000         0x00000400         rw !x
signature        0x00840000         0x00000400         rw !x
*default*        0x00000000         0xffffffff

Linker script and memory map

Address of section .data set to 0x800100
LOAD c:/avr-gcc/bin/../lib/gcc/avr/4.9.2/../../../../avr/lib/avr5/crtm644.o
Address of section .noinit set to 0x800100
Address of section .data set to 0x800500
LOAD uzeboxVideoEngineCore.o
LOAD uzeboxCore.o
LOAD uzeboxSoundEngine.o
LOAD uzeboxSoundEngineCore.o
LOAD uzeboxVideoEngine.o
LOAD Iros.o
START GROUP
LOAD c:/avr-gcc/bin/../lib/gcc/avr/4.9.2/avr5\libgcc.a
LOAD c:/avr-gcc/bin/../lib/gcc/avr/4.9.2/../../../../avr/lib/avr5\libm.a
LOAD c:/avr-gcc/bin/../lib/gcc/avr/4.9.2/../../../../avr/lib/avr5\libc.a
END GROUP

.hash
 *(.hash)

.dynsym
 *(.dynsym)

.dynstr
 *(.dynstr)

.gnu.version
 *(.gnu.version)

.gnu.version_d
 *(.gnu.version_d)

.gnu.version_r
 *(.gnu.version_r)

.rel.init
 *(.rel.init)

.rela.init
 *(.rela.init)

.rel.text
 *(.rel.text)
 *(.rel.text.*)
 *(.rel.gnu.linkonce.t*)

.rela.text
 *(.rela.text)
 *(.rela.text.*)
 *(.rela.gnu.linkonce.t*)

.rel.fini
 *(.rel.fini)

.rela.fini
 *(.rela.fini)

.rel.rodata
 *(.rel.rodata)
 *(.rel.rodata.*)
 *(.rel.gnu.linkonce.r*)

.rela.rodata
 *(.rela.rodata)
 *(.rela.rodata.*)
 *(.rela.gnu.linkonce.r*)

.rel.data
 *(.rel.data)
 *(.rel.data.*)
 *(.rel.gnu.linkonce.d*)

.rela.data
 *(.rela.data)
 *(.rela.data.*)
 *(.rela.gnu.linkonce.d*)

.rel.ctors
 *(.rel.ctors)

.rela.ctors
 *(.rela.ctors)

.rel.dtors
 *(.rel.dtors)

.rela.dtors
 *(.rela.dtors)

.rel.got
 *(.rel.got)

.rela.got
 *(.rela.got)

.rel.bss
 *(.rel.bss)

.rela.bss
 *(.rela.bss)

.rel.plt
 *(.rel.plt)

.rela.plt
 *(.rela.plt)

.text           0x00000000     0xe69c
 *(.vectors)
 .vectors       0x00000000       0x70 c:/avr-gcc/bin/../lib/gcc/avr/4.9.2/../../../../avr/lib/avr5/crtm644.o
                0x00000000                __vector_default
                0x00000000                __vectors
 *(.vectors)
 *(.progmem.gcc*)
 .progmem.gcc_sw_table.update_enemies
                0x00000070       0x12 Iros.o
 .progmem.gcc_sw_table.load_level
                0x00000082       0x14 Iros.o
                0x00000096                . = ALIGN (0x2)
                0x00000096                __trampolines_start = .
 *(.trampolines)
 .trampolines   0x00000096        0x0 linker stubs
 *(.trampolines*)
                0x00000096                __trampolines_end = .
 *(.progmem*)
 .progmem.data  0x00000096       0x52 uzeboxCore.o
                0x00000096                io_table
                0x000000c8                eeprom_format_table
 .progmem.data  0x000000e8       0x1e uzeboxSoundEngine.o
                0x000000e8                patchCommands
 .progmem.data  0x00000106        0xc uzeboxVideoEngine.o
                0x00000106                fader
 .progmem.data  0x00000112     0x707f Iros.o
                0x00000112                strChallenge
                0x000001c2                strCongrats
                0x00000278                strIntro
                0x00000301                default_scores
                0x0000031f                strCredits
                0x000003aa                strTally
                0x000003b1                strGameOver
                0x000003bb                strLevelBonus
                0x000003c1                strLevelClear
                0x000003cd                strPaused
                0x000003d3                strExitGame
                0x000003df                strMainMenu
                0x000003eb                strTime
                0x000003f1                strLives
                0x000003f8                strShield
                0x00000400                strScore
                0x00000407                strSelectHandle
                0x00000408                strHighScores
                0x00000414                str1Player
                0x0000041a                strCopyright
                0x0000042f                spacesong
                0x00000acf                planetsong
                0x000015a1                my_patches
                0x000015e0                explode
                0x000016b1                pshoot
                0x00001707                navigate
                0x00001718                instrument
                0x00001720                sprites_data
                0x00003020                map_hazard_desert
                0x00003023                map_hazard_city
                0x00003026                map_hazard_jungle
                0x00003029                map_hazard_fire
                0x0000302c                map_hazard_ice
                0x0000302f                map_enemy_boss_shot
                0x00003032                map_enemy_boss_eye
                0x00003035                map_enemy_boss_turret
                0x00003038                map_enemy_drone
                0x0000303b                map_enemy_tank
                0x0000303e                map_enemy_ball
                0x00003041                map_enemy_spider_1
                0x00003044                map_enemy_spider_0
                0x00003047                map_enemy_xwing
                0x0000304a                map_enemy_shark
                0x0000304d                map_enemy_shot
                0x00003050                map_ahero_jump
                0x00003058                map_ahero_prone
                0x0000305d                map_ahero_step_3
                0x00003065                map_ahero_step_2
                0x0000306d                map_ahero_step_1
                0x00003075                map_ahero_step_0
                0x0000307d                map_ahero_idle
                0x00003085                map_hero_rplasma_shot
                0x00003088                map_hero_space_bomb
                0x0000308b                map_hero_space_shot
                0x0000308e                map_hero_ice_shot
                0x00003091                map_hero_ball_shot
                0x00003094                map_hero_gplasma_shot
                0x00003097                map_hero_ship_large_1
                0x000030a1                map_hero_ship_large_0
                0x000030ab                map_hero_ship_1
                0x000030b0                map_hero_ship_0
                0x000030b5                map_hero_prone
                0x000030ba                map_hero_jump
                0x000030c2                map_hero_step_3
                0x000030ca                map_hero_step_2
                0x000030d2                map_hero_step_1
                0x000030da                map_hero_step_0
                0x000030e2                map_hero_idle
                0x000030ea                map_emerald_4
                0x000030ed                map_emerald_3
                0x000030f0                map_emerald_2
                0x000030f3                map_emerald_1
                0x000030f6                map_emerald_0
                0x000030f9                map_explosion_2
                0x000030fc                map_explosion_1
                0x000030ff                map_explosion_0
                0x00003102                map_particle
                0x00003105                map_up_arrow
                0x00003108                map_down_arrow
                0x0000310b                map_right_arrow
                0x0000310e                map_none
                0x00003111                tiles_data
                0x000058d1                map_font
                0x000058f8                map_atmosphere
                0x00005932                map_dialog
                0x00005994                map_canvas
                0x00005a1d                map_splash
                0x00005a6a                map_tile_none
                0x00005a6d                map_level_mega_tiles
                0x00006a8a                map_level_space_final
                0x00006b8b                map_level_space
                0x00006c8c                map_level_desert
                0x00006d8d                map_level_city
                0x00006e8e                map_level_forest
                0x00006f8f                map_level_fire
                0x00007090                map_level_ice
                0x00007192                . = ALIGN (0x2)
 *fill*         0x00007191        0x1 
 *(.jumptables)
 *(.jumptables*)
 *(.lowtext)
 *(.lowtext*)
                0x00007192                __ctors_start = .
 *(.ctors)
                0x00007192                __ctors_end = .
                0x00007192                __dtors_start = .
 *(.dtors)
                0x00007192                __dtors_end = .
 SORT(*)(.ctors)
 SORT(*)(.dtors)
 *(.init0)
 .init0         0x00007192        0x0 c:/avr-gcc/bin/../lib/gcc/avr/4.9.2/../../../../avr/lib/avr5/crtm644.o
                0x00007192                __init
 *(.init0)
 *(.init1)
 *(.init1)
 *(.init2)
 .init2         0x00007192        0xc c:/avr-gcc/bin/../lib/gcc/avr/4.9.2/../../../../avr/lib/avr5/crtm644.o
 *(.init2)
 *(.init3)
 *(.init3)
 *(.init4)
 .init4         0x0000719e       0x16 c:/avr-gcc/bin/../lib/gcc/avr/4.9.2/avr5\libgcc.a(_copy_data.o)
                0x0000719e                __do_copy_data
 .init4         0x000071b4       0x10 c:/avr-gcc/bin/../lib/gcc/avr/4.9.2/avr5\libgcc.a(_clear_bss.o)
                0x000071b4                __do_clear_bss
 *(.init4)
 *(.init5)
 *(.init5)
 *(.init6)
 *(.init6)
 *(.init7)
 .init7         0x000071c4       0x16 uzeboxCore.o
                0x000071c4                wdt_init
 *(.init7)
 *(.init8)
 .init8         0x000071da       0x82 uzeboxCore.o
                0x000071da                Initialize
 *(.init8)
 *(.init9)
 .init9         0x0000725c        0x8 c:/avr-gcc/bin/../lib/gcc/avr/4.9.2/../../../../avr/lib/avr5/crtm644.o
 *(.init9)
 *(.text)
 .text          0x00007264        0x4 c:/avr-gcc/bin/../lib/gcc/avr/4.9.2/../../../../avr/lib/avr5/crtm644.o
                0x00007264                __vector_22
                0x00007264                __vector_1
                0x00007264                __vector_24
                0x00007264                __vector_12
                0x00007264                __bad_interrupt
                0x00007264                __vector_6
                0x00007264                __vector_3
                0x00007264                __vector_23
                0x00007264                __vector_25
                0x00007264                __vector_11
                0x00007264                __vector_17
                0x00007264                __vector_19
                0x00007264                __vector_7
                0x00007264                __vector_27
                0x00007264                __vector_5
                0x00007264                __vector_4
                0x00007264                __vector_9
                0x00007264                __vector_2
                0x00007264                __vector_21
                0x00007264                __vector_26
                0x00007264                __vector_10
                0x00007264                __vector_16
                0x00007264                __vector_18
                0x00007264                __vector_20
 .text          0x00007268      0x86a uzeboxVideoEngineCore.o
                0x000073d0                __vector_15
                0x000075ce                CopyFlashTile
                0x000076ec                CopyRamTile
                0x00007806                RestoreBackground
                0x0000782c                BlitSpritePart
                0x000078fa                __vector_13
                0x00007978                __vector_14
 .text          0x00007ad2      0x168 uzeboxSoundEngineCore.o
                0x00007ad2                process_music
                0x00007ade                update_sound
                0x00007c3a                . = ALIGN (0x2)
 *(.text.*)
 .text.SetSpritesTileTable
                0x00007c3a        0xa uzeboxVideoEngineCore.o
                0x00007c3a                SetSpritesTileTable
 .text.ClearVram
                0x00007c44       0x14 uzeboxVideoEngineCore.o
                0x00007c44                ClearVram
 .text.SetTile  0x00007c58       0x22 uzeboxVideoEngineCore.o
                0x00007c58                SetTile
 .text.SetTileTable
                0x00007c7a        0xa uzeboxVideoEngineCore.o
                0x00007c7a                SetTileTable
 .text.GetVsyncFlag
                0x00007c84        0x8 uzeboxVideoEngineCore.o
                0x00007c84                GetVsyncFlag
 .text.ClearVsyncFlag
                0x00007c8c        0xc uzeboxVideoEngineCore.o
                0x00007c8c                ClearVsyncFlag
 .text.ReadJoypad
                0x00007c98       0x18 uzeboxVideoEngineCore.o
                0x00007c98                ReadJoypad
 .text.SoftReset
                0x00007cb0       0x18 uzeboxVideoEngineCore.o
                0x00007cb0                SoftReset
 .text.WaitUs   0x00007cc8        0xe uzeboxVideoEngineCore.o
                0x00007cc8                WaitUs
 .text.WriteEeprom
                0x00007cd6       0x14 uzeboxVideoEngineCore.o
                0x00007cd6                WriteEeprom
 .text.ReadEeprom
                0x00007cea       0x12 uzeboxVideoEngineCore.o
                0x00007cea                ReadEeprom
 .text.wdt_randomize
                0x00007cfc       0x50 uzeboxVideoEngineCore.o
                0x00007cfc                wdt_randomize
 .text.GetTrueRandomSeed
                0x00007d4c        0xa uzeboxVideoEngineCore.o
                0x00007d4c                GetTrueRandomSeed
 .text.__vector_8
                0x00007d56       0x44 uzeboxVideoEngineCore.o
                0x00007d56                __vector_8
 .text.ReadButtons
                0x00007d9a       0x6c uzeboxCore.o
                0x00007d9a                ReadButtons
 .text.ReadControllers
                0x00007e06       0x20 uzeboxCore.o
                0x00007e06                ReadControllers
 .text.FormatEeprom
                0x00007e26       0x44 uzeboxCore.o
                0x00007e26                FormatEeprom
 .text.isEepromFormatted
                0x00007e6a       0x2e uzeboxCore.o
                0x00007e6a                isEepromFormatted
 .text.EepromBlockExists
                0x00007e98       0xa4 uzeboxCore.o
                0x00007e98                EepromBlockExists
 .text.EepromWriteBlock
                0x00007f3c       0x94 uzeboxCore.o
                0x00007f3c                EepromWriteBlock
 .text.EepromReadBlock
                0x00007fd0       0x66 uzeboxCore.o
                0x00007fd0                EepromReadBlock
 .text.GetPrngNumber
                0x00008036       0x5c uzeboxCore.o
                0x00008036                GetPrngNumber
 .text.PatchCommand00
                0x00008092        0x6 uzeboxSoundEngine.o
                0x00008092                PatchCommand00
 .text.PatchCommand01
                0x00008098       0x10 uzeboxSoundEngine.o
                0x00008098                PatchCommand01
 .text.PatchCommand05
                0x000080a8        0xa uzeboxSoundEngine.o
                0x000080a8                PatchCommand05
 .text.PatchCommand06
                0x000080b2        0xa uzeboxSoundEngine.o
                0x000080b2                PatchCommand06
 .text.PatchCommand07
                0x000080bc        0x6 uzeboxSoundEngine.o
                0x000080bc                PatchCommand07
 .text.PatchCommand09
                0x000080c2        0x6 uzeboxSoundEngine.o
                0x000080c2                PatchCommand09
 .text.PatchCommand10
                0x000080c8        0x6 uzeboxSoundEngine.o
                0x000080c8                PatchCommand10
 .text.PatchCommand11
                0x000080ce       0x76 uzeboxSoundEngine.o
                0x000080ce                PatchCommand11
 .text.PatchCommand12
                0x00008144        0x6 uzeboxSoundEngine.o
                0x00008144                PatchCommand12
 .text.PatchCommand13
                0x0000814a        0x6 uzeboxSoundEngine.o
                0x0000814a                PatchCommand13
 .text.PatchCommand02
                0x00008150        0x8 uzeboxSoundEngine.o
                0x00008150                PatchCommand02
 .text.PatchCommand03
                0x00008158        0xe uzeboxSoundEngine.o
                0x00008158                PatchCommand03
 .text.PatchCommand04
                0x00008166       0x10 uzeboxSoundEngine.o
                0x00008166                PatchCommand04
 .text.PatchCommand08
                0x00008176       0x20 uzeboxSoundEngine.o
                0x00008176                PatchCommand08
 .text.PatchCommand14
                0x00008196       0x54 uzeboxSoundEngine.o
                0x00008196                PatchCommand14
 .text.InitMusicPlayer
                0x000081ea       0x44 uzeboxSoundEngine.o
                0x000081ea                InitMusicPlayer
 .text.StartSong
                0x0000822e       0x52 uzeboxSoundEngine.o
                0x0000822e                StartSong
 .text.StopSong
                0x00008280       0x1c uzeboxSoundEngine.o
                0x00008280                StopSong
 .text.ResumeSong
                0x0000829c        0x8 uzeboxSoundEngine.o
                0x0000829c                ResumeSong
 .text.ReadVarLen
                0x000082a4       0x4c uzeboxSoundEngine.o
                0x000082a4                ReadVarLen
 .text.TriggerCommon
                0x000082f0      0x11c uzeboxSoundEngine.o
                0x000082f0                TriggerCommon
 .text.TriggerFx
                0x0000840c       0x90 uzeboxSoundEngine.o
                0x0000840c                TriggerFx
 .text.TriggerNote
                0x0000849c       0x80 uzeboxSoundEngine.o
                0x0000849c                TriggerNote
 .text.ProcessMusic
                0x0000851c      0x43e uzeboxSoundEngine.o
                0x0000851c                ProcessMusic
 .text.SetMasterVolume
                0x0000895a        0x6 uzeboxSoundEngine.o
                0x0000895a                SetMasterVolume
 .text.IsSongPlaying
                0x00008960        0x6 uzeboxSoundEngine.o
                0x00008960                IsSongPlaying
 .text.SetMixerNote
                0x00008966       0x2e uzeboxSoundEngineCore.o
                0x00008966                SetMixerNote
 .text.SetMixerWave
                0x00008994       0x3a uzeboxSoundEngineCore.o
                0x00008994                SetMixerWave
 .text.steptable
                0x000089ce       0xfe uzeboxSoundEngineCore.o
                0x000089ce                steptable
 *fill*         0x00008acc       0x34 
 .text.waves    0x00008b00      0xa00 uzeboxSoundEngineCore.o
                0x00008b00                waves
 .text.ProcessSprites
                0x00009500      0x270 uzeboxVideoEngine.o
                0x00009500                ProcessSprites
 .text.Scroll   0x00009770       0x32 uzeboxVideoEngine.o
                0x00009770                Scroll
 .text.DisplayLogo
                0x000097a2        0x2 uzeboxVideoEngine.o
                0x000097a2                DisplayLogo
 .text.InitializeVideoMode
                0x000097a4       0x2c uzeboxVideoEngine.o
                0x000097a4                InitializeVideoMode
 .text.DrawMap  0x000097d0       0x9a uzeboxVideoEngine.o
                0x000097d0                DrawMap
                0x000097d0                DrawMap2
 .text.WaitVsync
                0x0000986a       0x2e uzeboxVideoEngine.o
                0x0000986a                WaitVsync
 .text.doFade   0x00009898       0x1c uzeboxVideoEngine.o
                0x00009898                doFade
 .text.FadeIn   0x000098b4       0x18 uzeboxVideoEngine.o
                0x000098b4                FadeIn
 .text.FadeOut  0x000098cc       0x18 uzeboxVideoEngine.o
                0x000098cc                FadeOut
 .text.ProcessFading
                0x000098e4       0x4a uzeboxVideoEngine.o
                0x000098e4                ProcessFading
 .text.VideoModeVsync
                0x0000992e        0x8 uzeboxVideoEngine.o
                0x0000992e                VideoModeVsync
 .text.LBMoveDelta
                0x00009936       0x56 Iros.o
                0x00009936                LBMoveDelta
 .text.LBGetNextFrame
                0x0000998c       0x4c Iros.o
                0x0000998c                LBGetNextFrame
 .text.LBGetJoyPadState
                0x000099d8       0x96 Iros.o
                0x000099d8                LBGetJoyPadState
 .text.LBPrintChar
                0x00009a6e       0x40 Iros.o
                0x00009a6e                LBPrintChar
 .text.LBPrint  0x00009aae       0x38 Iros.o
                0x00009aae                LBPrint
 .text.LBPrintByte
                0x00009ae6       0x62 Iros.o
                0x00009ae6                LBPrintByte
 .text.LBPrintInt
                0x00009b48       0x72 Iros.o
                0x00009b48                LBPrintInt
 .text.LBCollides
                0x00009bba       0x54 Iros.o
                0x00009bba                LBCollides
 .text.LBRandom
                0x00009c0e       0x2c Iros.o
                0x00009c0e                LBRandom
 .text.LBWaitSeconds
                0x00009c3a       0x1e Iros.o
                0x00009c3a                LBWaitSeconds
 .text.LBMapSprite
                0x00009c58       0xa4 Iros.o
                0x00009c58                LBMapSprite
 .text.LBMoveSprite
                0x00009cfc       0x7c Iros.o
                0x00009cfc                LBMoveSprite
 .text.LBRotateSprites
                0x00009d78       0x68 Iros.o
                0x00009d78                LBRotateSprites
 .text.is_space
                0x00009de0        0x8 Iros.o
                0x00009de0                is_space
 .text.init_default_high_scores
                0x00009de8       0x2c Iros.o
                0x00009de8                init_default_high_scores
 .text.init_enemy_state
                0x00009e14       0x26 Iros.o
                0x00009e14                init_enemy_state
 .text.init_player_shot
                0x00009e3a      0x43e Iros.o
                0x00009e3a                init_player_shot
 .text.init_boss_shot
                0x0000a278      0x3b6 Iros.o
                0x0000a278                init_boss_shot
 .text.init_boss_state
                0x0000a62e      0x114 Iros.o
                0x0000a62e                init_boss_state
 .text.init_player_state
                0x0000a742      0x16e Iros.o
                0x0000a742                init_player_state
 .text.init_enemy_shot
                0x0000a8b0       0xfa Iros.o
                0x0000a8b0                init_enemy_shot
 .text.init_enemy_spider
                0x0000a9aa       0x84 Iros.o
                0x0000a9aa                init_enemy_spider
 .text.init_enemy_turret
                0x0000aa2e       0x7a Iros.o
                0x0000aa2e                init_enemy_turret
 .text.init_enemy_drone
                0x0000aaa8       0x7c Iros.o
                0x0000aaa8                init_enemy_drone
 .text.init_enemy_shark
                0x0000ab24       0x76 Iros.o
                0x0000ab24                init_enemy_shark
 .text.init_enemy_globe
                0x0000ab9a       0x78 Iros.o
                0x0000ab9a                init_enemy_globe
 .text.init_enemy_xwing
                0x0000ac12       0x78 Iros.o
                0x0000ac12                init_enemy_xwing
 .text.init_enemy_boss_turret
                0x0000ac8a       0x7a Iros.o
                0x0000ac8a                init_enemy_boss_turret
 .text.init_enemy_boss_eye
                0x0000ad04       0xa2 Iros.o
                0x0000ad04                init_enemy_boss_eye
 .text.init_enemy_boss_turrets
                0x0000ada6       0x40 Iros.o
                0x0000ada6                init_enemy_boss_turrets
 .text.init_enemy_boss_eyes
                0x0000ade6       0xb8 Iros.o
                0x0000ade6                init_enemy_boss_eyes
 .text.init_enemy_level_hazard
                0x0000ae9e       0xbe Iros.o
                0x0000ae9e                init_enemy_level_hazard
 .text.load_eeprom
                0x0000af5c       0x24 Iros.o
                0x0000af5c                load_eeprom
 .text.clear_overlay
                0x0000af80       0x30 Iros.o
                0x0000af80                clear_overlay
 .text.get_level_tile
                0x0000afb0       0x50 Iros.o
                0x0000afb0                get_level_tile
 .text.render_camera_view
                0x0000b000       0xd0 Iros.o
                0x0000b000                render_camera_view
 .text.init_level_enemy
                0x0000b0d0       0x44 Iros.o
                0x0000b0d0                init_level_enemy
 .text.init_space_enemy
                0x0000b114       0x40 Iros.o
                0x0000b114                init_space_enemy
 .text.spawn_enemy
                0x0000b154       0x96 Iros.o
                0x0000b154                spawn_enemy
 .text.solid_or_hazard_tile
                0x0000b1ea       0x1a Iros.o
                0x0000b1ea                solid_or_hazard_tile
 .text.append_tile_column
                0x0000b204      0x1a0 Iros.o
                0x0000b204                append_tile_column
 .text.move_camera_x
                0x0000b3a4       0x32 Iros.o
                0x0000b3a4                move_camera_x
 .text.map_ship
                0x0000b3d6       0x2a Iros.o
                0x0000b3d6                map_ship
 .text.map_level_info
                0x0000b400       0x4a Iros.o
                0x0000b400                map_level_info
 .text.on_solid_ground
                0x0000b44a       0xbe Iros.o
                0x0000b44a                on_solid_ground
 .text.find_shot_slot
                0x0000b508       0x2c Iros.o
                0x0000b508                find_shot_slot
 .text.update_shot
                0x0000b534      0x180 Iros.o
                0x0000b534                update_shot
 .text.out_of_bounds
                0x0000b6b4       0x5a Iros.o
                0x0000b6b4                out_of_bounds
 .text.explode_all_enemies
                0x0000b70e       0x38 Iros.o
                0x0000b70e                explode_all_enemies
 .text.handle_music_toggle
                0x0000b746       0x18 Iros.o
                0x0000b746                handle_music_toggle
 .text.handle_demo_play
                0x0000b75e       0x88 Iros.o
                0x0000b75e                handle_demo_play
 .text.pixel_overlap
                0x0000b7e6       0x1a Iros.o
                0x0000b7e6                pixel_overlap
 .text.collision_detect_level
                0x0000b800      0x41c Iros.o
                0x0000b800                collision_detect_level
 .text.animate_shot
                0x0000bc1c      0x2c0 Iros.o
                0x0000bc1c                animate_shot
 .text.map_explosion
                0x0000bedc       0x96 Iros.o
                0x0000bedc                map_explosion
 .text.animate_sprite
                0x0000bf72       0xf0 Iros.o
                0x0000bf72                animate_sprite
 .text.animate_player
                0x0000c062       0x5a Iros.o
                0x0000c062                animate_player
 .text.update_spider_enemy
                0x0000c0bc       0x82 Iros.o
                0x0000c0bc                update_spider_enemy
 .text.update_turret_enemy
                0x0000c13e       0x3c Iros.o
                0x0000c13e                update_turret_enemy
 .text.update_drone_enemy
                0x0000c17a       0x20 Iros.o
                0x0000c17a                update_drone_enemy
 .text.update_globe_enemy
                0x0000c19a       0x20 Iros.o
                0x0000c19a                update_globe_enemy
 .text.update_xwing_enemy
                0x0000c1ba       0x32 Iros.o
                0x0000c1ba                update_xwing_enemy
 .text.update_shark_enemy
                0x0000c1ec       0x20 Iros.o
                0x0000c1ec                update_shark_enemy
 .text.update_level_hazard
                0x0000c20c       0x48 Iros.o
                0x0000c20c                update_level_hazard
 .text.update_basic_shot
                0x0000c254       0x16 Iros.o
                0x0000c254                update_basic_shot
 .text.update_enemies
                0x0000c26a       0xda Iros.o
                0x0000c26a                update_enemies
 .text.update_enemy_shots
                0x0000c344      0x140 Iros.o
                0x0000c344                update_enemy_shots
 .text.animate_enemies
                0x0000c484      0x23a Iros.o
                0x0000c484                animate_enemies
 .text.animate_enemy_shots
                0x0000c6be      0x152 Iros.o
                0x0000c6be                animate_enemy_shots
 .text.stream_text_middle
                0x0000c810       0x7a Iros.o
                0x0000c810                stream_text_middle
 .text.print_scroll
                0x0000c88a       0x9e Iros.o
                0x0000c88a                print_scroll
 .text.clear_sprites
                0x0000c928       0x44 Iros.o
                0x0000c928                clear_sprites
 .text.fade_through
                0x0000c96c       0x20 Iros.o
                0x0000c96c                fade_through
 .text.congratulations
                0x0000c98c       0x26 Iros.o
                0x0000c98c                congratulations
 .text.load_level
                0x0000c9b2      0x226 Iros.o
                0x0000c9b2                load_level
 .text.hide_sprites
                0x0000cbd8       0x38 Iros.o
                0x0000cbd8                hide_sprites
 .text.select_pressed
                0x0000cc10       0x14 Iros.o
                0x0000cc10                select_pressed
 .text.stream_text_anywhere
                0x0000cc24       0x4e Iros.o
                0x0000cc24                stream_text_anywhere
 .text.map_particles
                0x0000cc72       0x1a Iros.o
                0x0000cc72                map_particles
 .text.place_particles
                0x0000cc8c       0x44 Iros.o
                0x0000cc8c                place_particles
 .text.animate_particles
                0x0000ccd0       0x64 Iros.o
                0x0000ccd0                animate_particles
 .text.get_emarald_map
                0x0000cd34       0x1e Iros.o
                0x0000cd34                get_emarald_map
 .text.music_transition
                0x0000cd52       0x20 Iros.o
                0x0000cd52                music_transition
 .text.planet_transition
                0x0000cd72      0x11a Iros.o
                0x0000cd72                planet_transition
 .text.intro    0x0000ce8c       0x3c Iros.o
                0x0000ce8c                intro
 .text.demo_load
                0x0000cec8       0x46 Iros.o
                0x0000cec8                demo_load
 .text.load_splash
                0x0000cf0e       0x62 Iros.o
                0x0000cf0e                load_splash
 .text.load_high_scores
                0x0000cf70      0x228 Iros.o
                0x0000cf70                load_high_scores
 .text.exit_game
                0x0000d198       0x20 Iros.o
                0x0000d198                exit_game
 .text.update_splash
                0x0000d1b8       0xf8 Iros.o
                0x0000d1b8                update_splash
 .text.update_high_scores
                0x0000d2b0      0x1b0 Iros.o
                0x0000d2b0                update_high_scores
 .text.tally_score
                0x0000d460      0x27e Iros.o
                0x0000d460                tally_score
 .text.handle_player_death
                0x0000d6de       0x80 Iros.o
                0x0000d6de                handle_player_death
 .text.update_player
                0x0000d75e      0x468 Iros.o
                0x0000d75e                update_player
 .text.update_level
                0x0000dbc6      0x2b4 Iros.o
                0x0000dbc6                update_level
 .text.update_pause
                0x0000de7a       0xf0 Iros.o
                0x0000de7a                update_pause
 .text.challenge
                0x0000df6a       0x9a Iros.o
                0x0000df6a                challenge
 .text.update_player_ai
                0x0000e004      0x1a0 Iros.o
                0x0000e004                update_player_ai
 .text.load_credits
                0x0000e1a4       0x26 Iros.o
                0x0000e1a4                load_credits
 .text.startup.main
                0x0000e1ca      0x11a Iros.o
                0x0000e1ca                main
 .text.libgcc.div
                0x0000e2e4       0x18 c:/avr-gcc/bin/../lib/gcc/avr/4.9.2/avr5\libgcc.a(_udivmodqi4.o)
                0x0000e2e4                __udivmodqi4
 .text.libgcc.div
                0x0000e2fc       0x1c c:/avr-gcc/bin/../lib/gcc/avr/4.9.2/avr5\libgcc.a(_divmodqi4.o)
                0x0000e2fc                __divmodqi4
 .text.libgcc.div
                0x0000e318       0x28 c:/avr-gcc/bin/../lib/gcc/avr/4.9.2/avr5\libgcc.a(_udivmodhi4.o)
                0x0000e318                __udivmodhi4
 .text.libgcc.div
                0x0000e340       0x28 c:/avr-gcc/bin/../lib/gcc/avr/4.9.2/avr5\libgcc.a(_divmodhi4.o)
                0x0000e340                _div
                0x0000e340                __divmodhi4
 .text.libgcc   0x0000e368        0xc c:/avr-gcc/bin/../lib/gcc/avr/4.9.2/avr5\libgcc.a(_tablejump2.o)
                0x0000e368                __tablejump2__
 .text.avr-libc.fplib
                0x0000e374        0xa c:/avr-gcc/bin/../lib/gcc/avr/4.9.2/../../../../avr/lib/avr5\libm.a(addsf3.o)
                0x0000e374                __subsf3
                0x0000e376                __addsf3
 .text.avr-libc.fplib
                0x0000e37e       0xc0 c:/avr-gcc/bin/../lib/gcc/avr/4.9.2/../../../../avr/lib/avr5\libm.a(addsf3x.o)
                0x0000e398                __addsf3x
 .text.avr-libc.fplib
                0x0000e43e        0xa c:/avr-gcc/bin/../lib/gcc/avr/4.9.2/../../../../avr/lib/avr5\libm.a(fixsfsi.o)
                0x0000e43e                __fixsfsi
 .text.avr-libc.fplib
                0x0000e448       0x58 c:/avr-gcc/bin/../lib/gcc/avr/4.9.2/../../../../avr/lib/avr5\libm.a(fixunssfsi.o)
                0x0000e448                __fixunssfsi
 .text.avr-libc.fplib
                0x0000e4a0       0x7a c:/avr-gcc/bin/../lib/gcc/avr/4.9.2/../../../../avr/lib/avr5\libm.a(floatsisf.o)
                0x0000e4a0                __floatunsisf
                0x0000e4a4                __floatsisf
 .text.avr-libc.fplib
                0x0000e51a        0xc c:/avr-gcc/bin/../lib/gcc/avr/4.9.2/../../../../avr/lib/avr5\libm.a(fp_inf.o)
                0x0000e51a                __fp_inf
 .text.avr-libc.fplib
                0x0000e526        0x6 c:/avr-gcc/bin/../lib/gcc/avr/4.9.2/../../../../avr/lib/avr5\libm.a(fp_nan.o)
                0x0000e526                __fp_nan
 .text.avr-libc.fplib
                0x0000e52c        0xe c:/avr-gcc/bin/../lib/gcc/avr/4.9.2/../../../../avr/lib/avr5\libm.a(fp_pscA.o)
                0x0000e52c                __fp_pscA
 .text.avr-libc.fplib
                0x0000e53a        0xe c:/avr-gcc/bin/../lib/gcc/avr/4.9.2/../../../../avr/lib/avr5\libm.a(fp_pscB.o)
                0x0000e53a                __fp_pscB
 .text.avr-libc.fplib
                0x0000e548       0x22 c:/avr-gcc/bin/../lib/gcc/avr/4.9.2/../../../../avr/lib/avr5\libm.a(fp_round.o)
                0x0000e548                __fp_round
 .text.avr-libc.fplib
                0x0000e56a       0x44 c:/avr-gcc/bin/../lib/gcc/avr/4.9.2/../../../../avr/lib/avr5\libm.a(fp_split3.o)
                0x0000e56a                __fp_split3
                0x0000e57a                __fp_splitA
 .text.avr-libc.fplib
                0x0000e5ae        0xe c:/avr-gcc/bin/../lib/gcc/avr/4.9.2/../../../../avr/lib/avr5\libm.a(fp_zero.o)
                0x0000e5ae                __fp_zero
                0x0000e5b0                __fp_szero
 .text.avr-libc.fplib
                0x0000e5bc        0x4 c:/avr-gcc/bin/../lib/gcc/avr/4.9.2/../../../../avr/lib/avr5\libm.a(mulsf3.o)
                0x0000e5bc                __mulsf3
 .text.avr-libc.fplib
                0x0000e5c0       0xc2 c:/avr-gcc/bin/../lib/gcc/avr/4.9.2/../../../../avr/lib/avr5\libm.a(mulsf3x.o)
                0x0000e5d4                __mulsf3x
                0x0000e5d8                __mulsf3_pse
 .text.avr-libc
                0x0000e682       0x16 c:/avr-gcc/bin/../lib/gcc/avr/4.9.2/../../../../avr/lib/avr5\libc.a(strnlen_P.o)
                0x0000e682                strnlen_P
                0x0000e698                . = ALIGN (0x2)
 *(.fini9)
 .fini9         0x0000e698        0x0 c:/avr-gcc/bin/../lib/gcc/avr/4.9.2/avr5\libgcc.a(_exit.o)
                0x0000e698                _exit
                0x0000e698                exit
 *(.fini9)
 *(.fini8)
 *(.fini8)
 *(.fini7)
 *(.fini7)
 *(.fini6)
 *(.fini6)
 *(.fini5)
 *(.fini5)
 *(.fini4)
 *(.fini4)
 *(.fini3)
 *(.fini3)
 *(.fini2)
 *(.fini2)
 *(.fini1)
 *(.fini1)
 *(.fini0)
 .fini0         0x0000e698        0x4 c:/avr-gcc/bin/../lib/gcc/avr/4.9.2/avr5\libgcc.a(_exit.o)
 *(.fini0)
                0x0000e69c                _etext = .

.data           0x00800500       0x10 load address 0x0000e69c
                0x00800500                PROVIDE (__data_start, .)
 *(.data)
 .data          0x00800500        0x1 uzeboxVideoEngine.o
 .data          0x00800501        0x1 Iros.o
 *(.data*)
 *(.rodata)
 .rodata        0x00800502        0xe Iros.o
 *(.rodata*)
 *(.gnu.linkonce.d*)
                0x00800510                . = ALIGN (0x2)
                0x00800510                _edata = .
                0x00800510                PROVIDE (__data_end, .)

.bss            0x00800510      0xb4e
                0x00800510                PROVIDE (__bss_start, .)
 *(.bss)
 .bss           0x00800510      0x7be uzeboxVideoEngineCore.o
                0x00800510                sprites
                0x00800550                ram_tiles
                0x00800c50                ram_tiles_restore
                0x00800ca4                free_tile_index
                0x00800ca5                user_ram_tiles_c
                0x00800ca6                user_ram_tiles_c_tmp
                0x00800ca7                sprites_tile_banks
                0x00800cb2                Screen
                0x00800cb8                sync_phase
                0x00800cb9                sync_pulse
                0x00800cba                sync_flags
                0x00800cbf                first_render_line
                0x00800cc0                render_lines_count
                0x00800cc1                joypad1_status_lo
                0x00800cc3                joypad1_status_hi
                0x00800cc5                joypad2_status_lo
                0x00800cc7                joypad2_status_hi
 .bss           0x00800cce        0x2 uzeboxCore.o
 .bss           0x00800cd0        0x1 uzeboxSoundEngine.o
                0x00800cd0                playSong
 .bss           0x00800cd1       0x23 uzeboxSoundEngineCore.o
                0x00800cd1                sound_enabled
                0x00800cd2                mixer
                0x00800ce5                tr4_params
                0x00800ce6                tr4_barrel_lo
                0x00800ce7                tr4_barrel_hi
 .bss           0x00800cf4        0xb Iros.o
 *(.bss*)
 *(COMMON)
 COMMON         0x00800cff        0x1 uzeboxCore.o
                0x00800cff                joypadsConnectionStatus
 COMMON         0x00800d00       0x83 uzeboxSoundEngine.o
                0x00800d00                songStart
                0x00800d02                tracks
                0x00800d75                currDeltaTime
                0x00800d77                patchPointers
                0x00800d79                lastStatus
                0x00800d7a                masterVolume
                0x00800d7b                nextDeltaTime
                0x00800d7d                songSpeed
                0x00800d7e                songPos
                0x00800d80                loopStart
                0x00800d82                step
 COMMON         0x00800d83        0x5 uzeboxVideoEngine.o
                0x00800d83                fadeSpeed
                0x00800d84                fadeDir
                0x00800d85                fadeActive
                0x00800d86                currFadeFrame
                0x00800d87                fadeStep
 COMMON         0x00800d88      0x2d6 Iros.o
                0x00800d88                font_tiles_map
                0x00800d8a                shot_top_anim
                0x00800d8c                boss_run_anim
                0x00800d94                jump_anim
                0x00800d96                scores
                0x00800db6                game
                0x00800fda                boss_shot_top_anim
                0x00800fdc                prone_anim
                0x00800fde                spider_anim
                0x00800fe2                shark_anim
                0x00800fe4                extendedSprites
                0x00801034                turret_anim
                0x00801036                boss_shot_bottom_anim
                0x00801038                run_anim
                0x00801040                shot_middle_anim
                0x00801042                boss_jump_anim
                0x00801044                enemy_shot_anim
                0x00801046                globe_anim
                0x00801048                drone_anim
                0x0080104a                expl_anim
                0x00801050                boss_prone_anim
                0x00801052                shot_bottom_anim
                0x00801054                boss_idle_anim
                0x00801056                boss_shot_middle_anim
                0x00801058                xwing_anim
                0x0080105a                hazard_anim
                0x0080105c                idle_anim
                0x0080105e                PROVIDE (__bss_end, .)
                0x0000e69c                __data_load_start = LOADADDR (.data)
                0x0000e6ac                __data_load_end = (__data_load_start + SIZEOF (.data))

.noinit         0x00800100      0x400
                0x00800100                PROVIDE (__noinit_start, .)
 *(.noinit*)
 .noinit        0x00800100      0x400 uzeboxVideoEngineCore.o
                0x00800100                vram
                0x00800500                overlay_vram
                0x00800500                PROVIDE (__noinit_end, .)
                0x00800500                _end = .
                0x00800500                PROVIDE (__heap_start, .)

.eeprom         0x00810000        0x0
 *(.eeprom*)
                0x00810000                __eeprom_end = .

.fuse
 *(.fuse)
 *(.lfuse)
 *(.hfuse)
 *(.efuse)

.lock
 *(.lock*)

.signature
 *(.signature*)

.stab
 *(.stab)

.stabstr
 *(.stabstr)

.stab.excl
 *(.stab.excl)

.stab.exclstr
 *(.stab.exclstr)

.stab.index
 *(.stab.index)

.stab.indexstr
 *(.stab.indexstr)

.comment        0x00000000       0x11
 *(.comment)
 .comment       0x00000000       0x11 uzeboxCore.o
                                 0x12 (size before relaxing)
 .comment       0x00000011       0x12 uzeboxSoundEngine.o
 .comment       0x00000011       0x12 uzeboxVideoEngine.o
 .comment       0x00000011       0x12 Iros.o

.note.gnu.build-id
 *(.note.gnu.build-id)

.debug
 *(.debug)

.line
 *(.line)

.debug_srcinfo
 *(.debug_srcinfo)

.debug_sfnames
 *(.debug_sfnames)

.debug_aranges  0x00000000      0x890
 *(.debug_aranges)
 .debug_aranges
                0x00000000      0x100 uzeboxVideoEngineCore.o
 .debug_aranges
                0x00000100       0x88 uzeboxCore.o
 .debug_aranges
                0x00000188      0x100 uzeboxSoundEngine.o
 .debug_aranges
                0x00000288       0x50 uzeboxSoundEngineCore.o
 .debug_aranges
                0x000002d8      0x108 uzeboxVideoEngine.o
 .debug_aranges
                0x000003e0      0x3b0 Iros.o
 .debug_aranges
                0x00000790       0x20 c:/avr-gcc/bin/../lib/gcc/avr/4.9.2/avr5\libgcc.a(_udivmodqi4.o)
 .debug_aranges
                0x000007b0       0x20 c:/avr-gcc/bin/../lib/gcc/avr/4.9.2/avr5\libgcc.a(_divmodqi4.o)
 .debug_aranges
                0x000007d0       0x20 c:/avr-gcc/bin/../lib/gcc/avr/4.9.2/avr5\libgcc.a(_udivmodhi4.o)
 .debug_aranges
                0x000007f0       0x20 c:/avr-gcc/bin/../lib/gcc/avr/4.9.2/avr5\libgcc.a(_divmodhi4.o)
 .debug_aranges
                0x00000810       0x20 c:/avr-gcc/bin/../lib/gcc/avr/4.9.2/avr5\libgcc.a(_exit.o)
 .debug_aranges
                0x00000830       0x20 c:/avr-gcc/bin/../lib/gcc/avr/4.9.2/avr5\libgcc.a(_tablejump2.o)
 .debug_aranges
                0x00000850       0x20 c:/avr-gcc/bin/../lib/gcc/avr/4.9.2/avr5\libgcc.a(_copy_data.o)
 .debug_aranges
                0x00000870       0x20 c:/avr-gcc/bin/../lib/gcc/avr/4.9.2/avr5\libgcc.a(_clear_bss.o)

.debug_pubnames
 *(.debug_pubnames)

.debug_info     0x00000000     0xb197
 *(.debug_info .gnu.linkonce.wi.*)
 .debug_info    0x00000000      0x672 c:/avr-gcc/bin/../lib/gcc/avr/4.9.2/../../../../avr/lib/avr5/crtm644.o
 .debug_info    0x00000672       0x80 uzeboxVideoEngineCore.o
 .debug_info    0x000006f2      0xaad uzeboxCore.o
 .debug_info    0x0000119f     0x12e8 uzeboxSoundEngine.o
 .debug_info    0x00002487       0x77 uzeboxSoundEngineCore.o
 .debug_info    0x000024fe     0x12f6 uzeboxVideoEngine.o
 .debug_info    0x000037f4     0x750b Iros.o
 .debug_info    0x0000acff       0x93 c:/avr-gcc/bin/../lib/gcc/avr/4.9.2/avr5\libgcc.a(_udivmodqi4.o)
 .debug_info    0x0000ad92       0x93 c:/avr-gcc/bin/../lib/gcc/avr/4.9.2/avr5\libgcc.a(_divmodqi4.o)
 .debug_info    0x0000ae25       0x93 c:/avr-gcc/bin/../lib/gcc/avr/4.9.2/avr5\libgcc.a(_udivmodhi4.o)
 .debug_info    0x0000aeb8       0x93 c:/avr-gcc/bin/../lib/gcc/avr/4.9.2/avr5\libgcc.a(_divmodhi4.o)
 .debug_info    0x0000af4b       0x93 c:/avr-gcc/bin/../lib/gcc/avr/4.9.2/avr5\libgcc.a(_exit.o)
 .debug_info    0x0000afde       0x93 c:/avr-gcc/bin/../lib/gcc/avr/4.9.2/avr5\libgcc.a(_tablejump2.o)
 .debug_info    0x0000b071       0x93 c:/avr-gcc/bin/../lib/gcc/avr/4.9.2/avr5\libgcc.a(_copy_data.o)
 .debug_info    0x0000b104       0x93 c:/avr-gcc/bin/../lib/gcc/avr/4.9.2/avr5\libgcc.a(_clear_bss.o)

.debug_abbrev   0x00000000     0x16ed
 *(.debug_abbrev)
 .debug_abbrev  0x00000000      0x619 c:/avr-gcc/bin/../lib/gcc/avr/4.9.2/../../../../avr/lib/avr5/crtm644.o
 .debug_abbrev  0x00000619       0x12 uzeboxVideoEngineCore.o
 .debug_abbrev  0x0000062b      0x313 uzeboxCore.o
 .debug_abbrev  0x0000093e      0x35c uzeboxSoundEngine.o
 .debug_abbrev  0x00000c9a       0x12 uzeboxSoundEngineCore.o
 .debug_abbrev  0x00000cac      0x3eb uzeboxVideoEngine.o
 .debug_abbrev  0x00001097      0x5b6 Iros.o
 .debug_abbrev  0x0000164d       0x14 c:/avr-gcc/bin/../lib/gcc/avr/4.9.2/avr5\libgcc.a(_udivmodqi4.o)
 .debug_abbrev  0x00001661       0x14 c:/avr-gcc/bin/../lib/gcc/avr/4.9.2/avr5\libgcc.a(_divmodqi4.o)
 .debug_abbrev  0x00001675       0x14 c:/avr-gcc/bin/../lib/gcc/avr/4.9.2/avr5\libgcc.a(_udivmodhi4.o)
 .debug_abbrev  0x00001689       0x14 c:/avr-gcc/bin/../lib/gcc/avr/4.9.2/avr5\libgcc.a(_divmodhi4.o)
 .debug_abbrev  0x0000169d       0x14 c:/avr-gcc/bin/../lib/gcc/avr/4.9.2/avr5\libgcc.a(_exit.o)
 .debug_abbrev  0x000016b1       0x14 c:/avr-gcc/bin/../lib/gcc/avr/4.9.2/avr5\libgcc.a(_tablejump2.o)
 .debug_abbrev  0x000016c5       0x14 c:/avr-gcc/bin/../lib/gcc/avr/4.9.2/avr5\libgcc.a(_copy_data.o)
 .debug_abbrev  0x000016d9       0x14 c:/avr-gcc/bin/../lib/gcc/avr/4.9.2/avr5\libgcc.a(_clear_bss.o)

.debug_line     0x00000000     0x2c4b
 *(.debug_line .debug_line.* .debug_line_end)
 .debug_line    0x00000000       0x1d c:/avr-gcc/bin/../lib/gcc/avr/4.9.2/../../../../avr/lib/avr5/crtm644.o
 .debug_line    0x0000001d      0x62c uzeboxVideoEngineCore.o
 .debug_line    0x00000649      0x2a3 uzeboxCore.o
 .debug_line    0x000008ec      0x3e7 uzeboxSoundEngine.o
 .debug_line    0x00000cd3      0x19f uzeboxSoundEngineCore.o
 .debug_line    0x00000e72      0x495 uzeboxVideoEngine.o
 .debug_line    0x00001307     0x161f Iros.o
 .debug_line    0x00002926       0x65 c:/avr-gcc/bin/../lib/gcc/avr/4.9.2/avr5\libgcc.a(_udivmodqi4.o)
 .debug_line    0x0000298b       0x66 c:/avr-gcc/bin/../lib/gcc/avr/4.9.2/avr5\libgcc.a(_divmodqi4.o)
 .debug_line    0x000029f1       0x6d c:/avr-gcc/bin/../lib/gcc/avr/4.9.2/avr5\libgcc.a(_udivmodhi4.o)
 .debug_line    0x00002a5e       0x6c c:/avr-gcc/bin/../lib/gcc/avr/4.9.2/avr5\libgcc.a(_divmodhi4.o)
 .debug_line    0x00002aca       0x5b c:/avr-gcc/bin/../lib/gcc/avr/4.9.2/avr5\libgcc.a(_exit.o)
 .debug_line    0x00002b25       0x61 c:/avr-gcc/bin/../lib/gcc/avr/4.9.2/avr5\libgcc.a(_tablejump2.o)
 .debug_line    0x00002b86       0x64 c:/avr-gcc/bin/../lib/gcc/avr/4.9.2/avr5\libgcc.a(_copy_data.o)
 .debug_line    0x00002bea       0x61 c:/avr-gcc/bin/../lib/gcc/avr/4.9.2/avr5\libgcc.a(_clear_bss.o)

.debug_frame    0x00000000     0x17d8
 *(.debug_frame)
 .debug_frame   0x00000000      0x1bc uzeboxCore.o
 .debug_frame   0x000001bc      0x284 uzeboxSoundEngine.o
 .debug_frame   0x00000440      0x498 uzeboxVideoEngine.o
 .debug_frame   0x000008d8      0xf00 Iros.o

.debug_str      0x00000000     0x20d9
 *(.debug_str)
 .debug_str     0x00000000      0x231 c:/avr-gcc/bin/../lib/gcc/avr/4.9.2/../../../../avr/lib/avr5/crtm644.o
 .debug_str     0x00000231      0x4c2 uzeboxCore.o
                                0x519 (size before relaxing)
 .debug_str     0x000006f3      0x405 uzeboxSoundEngine.o
                                0x649 (size before relaxing)
 .debug_str     0x00000af8      0x323 uzeboxVideoEngine.o
                                0x4ec (size before relaxing)
 .debug_str     0x00000e1b     0x12be Iros.o
                               0x173b (size before relaxing)

.debug_loc      0x00000000     0x949c
 *(.debug_loc)
 .debug_loc     0x00000000      0x9f9 uzeboxCore.o
 .debug_loc     0x000009f9     0x1148 uzeboxSoundEngine.o
 .debug_loc     0x00001b41     0x1be3 uzeboxVideoEngine.o
 .debug_loc     0x00003724     0x5d78 Iros.o

.debug_macinfo
 *(.debug_macinfo)

.debug_weaknames
 *(.debug_weaknames)

.debug_funcnames
 *(.debug_funcnames)

.debug_typenames
 *(.debug_typenames)

.debug_varnames
 *(.debug_varnames)

.debug_pubtypes
 *(.debug_pubtypes)

.debug_ranges   0x00000000      0x928
 *(.debug_ranges)
 .debug_ranges  0x00000000       0xf8 uzeboxVideoEngineCore.o
 .debug_ranges  0x000000f8       0x90 uzeboxCore.o
 .debug_ranges  0x00000188      0x138 uzeboxSoundEngine.o
 .debug_ranges  0x000002c0       0x48 uzeboxSoundEngineCore.o
 .debug_ranges  0x00000308      0x140 uzeboxVideoEngine.o
 .debug_ranges  0x00000448      0x4e0 Iros.o

.debug_macro
 *(.debug_macro)
OUTPUT(Iros.elf elf32-avr)
LOAD linker stubs
