Archive member included to satisfy reference by file (symbol)

/usr/local/lib/gcc/avr/4.9.2/avr5/libgcc.a(_udivmodqi4.o)
                              uzeboxVideoEngine.o (__udivmodqi4)
/usr/local/lib/gcc/avr/4.9.2/avr5/libgcc.a(_divmodqi4.o)
                              Iros.o (__divmodqi4)
/usr/local/lib/gcc/avr/4.9.2/avr5/libgcc.a(_udivmodhi4.o)
                              uzeboxVideoEngine.o (__udivmodhi4)
/usr/local/lib/gcc/avr/4.9.2/avr5/libgcc.a(_divmodhi4.o)
                              uzeboxSoundEngine.o (__divmodhi4)
/usr/local/lib/gcc/avr/4.9.2/avr5/libgcc.a(_udivmodsi4.o)
                              uzeboxVideoEngine.o (__udivmodsi4)
/usr/local/lib/gcc/avr/4.9.2/avr5/libgcc.a(_exit.o)
                              /usr/local/lib/gcc/avr/4.9.2/../../../../avr/lib/avr5/crtm644.o (exit)
/usr/local/lib/gcc/avr/4.9.2/avr5/libgcc.a(_tablejump2.o)
                              Iros.o (__tablejump2__)
/usr/local/lib/gcc/avr/4.9.2/avr5/libgcc.a(_copy_data.o)
                              uzeboxVideoEngine.o (__do_copy_data)
/usr/local/lib/gcc/avr/4.9.2/avr5/libgcc.a(_clear_bss.o)
                              uzeboxCore.o (__do_clear_bss)
/usr/local/lib/gcc/avr/4.9.2/../../../../avr/lib/avr5/libm.a(addsf3.o)
                              Iros.o (__addsf3)
/usr/local/lib/gcc/avr/4.9.2/../../../../avr/lib/avr5/libm.a(addsf3x.o)
                              /usr/local/lib/gcc/avr/4.9.2/../../../../avr/lib/avr5/libm.a(addsf3.o) (__addsf3x)
/usr/local/lib/gcc/avr/4.9.2/../../../../avr/lib/avr5/libm.a(fixsfsi.o)
                              Iros.o (__fixsfsi)
/usr/local/lib/gcc/avr/4.9.2/../../../../avr/lib/avr5/libm.a(fixunssfsi.o)
                              /usr/local/lib/gcc/avr/4.9.2/../../../../avr/lib/avr5/libm.a(fixsfsi.o) (__fixunssfsi)
/usr/local/lib/gcc/avr/4.9.2/../../../../avr/lib/avr5/libm.a(floatsisf.o)
                              Iros.o (__floatsisf)
/usr/local/lib/gcc/avr/4.9.2/../../../../avr/lib/avr5/libm.a(fp_inf.o)
                              /usr/local/lib/gcc/avr/4.9.2/../../../../avr/lib/avr5/libm.a(addsf3x.o) (__fp_inf)
/usr/local/lib/gcc/avr/4.9.2/../../../../avr/lib/avr5/libm.a(fp_nan.o)
                              /usr/local/lib/gcc/avr/4.9.2/../../../../avr/lib/avr5/libm.a(addsf3x.o) (__fp_nan)
/usr/local/lib/gcc/avr/4.9.2/../../../../avr/lib/avr5/libm.a(fp_pscA.o)
                              /usr/local/lib/gcc/avr/4.9.2/../../../../avr/lib/avr5/libm.a(addsf3x.o) (__fp_pscA)
/usr/local/lib/gcc/avr/4.9.2/../../../../avr/lib/avr5/libm.a(fp_pscB.o)
                              /usr/local/lib/gcc/avr/4.9.2/../../../../avr/lib/avr5/libm.a(addsf3x.o) (__fp_pscB)
/usr/local/lib/gcc/avr/4.9.2/../../../../avr/lib/avr5/libm.a(fp_round.o)
                              /usr/local/lib/gcc/avr/4.9.2/../../../../avr/lib/avr5/libm.a(addsf3.o) (__fp_round)
/usr/local/lib/gcc/avr/4.9.2/../../../../avr/lib/avr5/libm.a(fp_split3.o)
                              /usr/local/lib/gcc/avr/4.9.2/../../../../avr/lib/avr5/libm.a(addsf3x.o) (__fp_split3)
/usr/local/lib/gcc/avr/4.9.2/../../../../avr/lib/avr5/libm.a(fp_zero.o)
                              /usr/local/lib/gcc/avr/4.9.2/../../../../avr/lib/avr5/libm.a(addsf3x.o) (__fp_zero)
/usr/local/lib/gcc/avr/4.9.2/../../../../avr/lib/avr5/libm.a(mulsf3.o)
                              Iros.o (__mulsf3)
/usr/local/lib/gcc/avr/4.9.2/../../../../avr/lib/avr5/libm.a(mulsf3x.o)
                              /usr/local/lib/gcc/avr/4.9.2/../../../../avr/lib/avr5/libm.a(mulsf3.o) (__mulsf3x)
/usr/local/lib/gcc/avr/4.9.2/../../../../avr/lib/avr5/libc.a(strnlen_P.o)
                              Iros.o (strnlen_P)

Allocating common symbols
Common symbol       size              file

songStart           0x2               uzeboxSoundEngine.o
font_tiles_map      0x2               Iros.o
shot_top_anim       0x2               Iros.o
tracks              0x73              uzeboxSoundEngine.o
boss_run_anim       0x8               Iros.o
jump_anim           0x2               Iros.o
scores              0x20              Iros.o
fadeSpeed           0x1               uzeboxVideoEngine.o
currDeltaTime       0x2               uzeboxSoundEngine.o
fadeDir             0x1               uzeboxVideoEngine.o
patchPointers       0x2               uzeboxSoundEngine.o
game                0x221             Iros.o
lastStatus          0x1               uzeboxSoundEngine.o
boss_shot_top_anim  0x2               Iros.o
joypadsConnectionStatus
                    0x1               uzeboxCore.o
fadeActive          0x1               uzeboxVideoEngine.o
masterVolume        0x1               uzeboxSoundEngine.o
prone_anim          0x2               Iros.o
nextDeltaTime       0x2               uzeboxSoundEngine.o
spider_anim         0x4               Iros.o
songSpeed           0x1               uzeboxSoundEngine.o
songPos             0x2               uzeboxSoundEngine.o
shark_anim          0x2               Iros.o
extendedSprites     0x50              Iros.o
turret_anim         0x2               Iros.o
boss_shot_bottom_anim
                    0x2               Iros.o
run_anim            0x8               Iros.o
shot_middle_anim    0x2               Iros.o
boss_jump_anim      0x2               Iros.o
enemy_shot_anim     0x2               Iros.o
loopStart           0x2               uzeboxSoundEngine.o
globe_anim          0x2               Iros.o
drone_anim          0x2               Iros.o
step                0x1               uzeboxSoundEngine.o
expl_anim           0x6               Iros.o
currFadeFrame       0x1               uzeboxVideoEngine.o
fadeStep            0x1               uzeboxVideoEngine.o
shot_bottom_anim    0x2               Iros.o
boss_idle_anim      0x2               Iros.o
boss_shot_middle_anim
                    0x2               Iros.o
xwing_anim          0x2               Iros.o
hazard_anim         0x2               Iros.o
idle_anim           0x2               Iros.o

Discarded input sections

 .data          0x0000000000000000        0x0 /usr/local/lib/gcc/avr/4.9.2/../../../../avr/lib/avr5/crtm644.o
 .bss           0x0000000000000000        0x0 /usr/local/lib/gcc/avr/4.9.2/../../../../avr/lib/avr5/crtm644.o
 .data          0x0000000000000000        0x0 uzeboxVideoEngineCore.o
 .text.SetSpritesTileBank
                0x0000000000000000       0x12 uzeboxVideoEngineCore.o
 .text.SetFont  0x0000000000000000        0x8 uzeboxVideoEngineCore.o
 .text.SetFontTilesIndex
                0x0000000000000000        0x6 uzeboxVideoEngineCore.o
 .text.GetTile  0x0000000000000000       0x24 uzeboxVideoEngineCore.o
 .text.GetVsyncCounter
                0x0000000000000000        0xa uzeboxVideoEngineCore.o
 .text.ClearVsyncCounter
                0x0000000000000000        0xa uzeboxVideoEngineCore.o
 .text.SetUserPreVsyncCallback
                0x0000000000000000        0xa uzeboxVideoEngineCore.o
 .text.SetUserPostVsyncCallback
                0x0000000000000000        0xa uzeboxVideoEngineCore.o
 .text.IsRunningInEmulator
                0x0000000000000000       0x12 uzeboxVideoEngineCore.o
 .text.WaitClocks
                0x0000000000000000        0x6 uzeboxVideoEngineCore.o
 .text.SetLedOn
                0x0000000000000000        0x4 uzeboxVideoEngineCore.o
 .text.SetLedOff
                0x0000000000000000        0x4 uzeboxVideoEngineCore.o
 .text.ToggleLed
                0x0000000000000000        0x4 uzeboxVideoEngineCore.o
 .text.internal_spi_byte
                0x0000000000000000        0xe uzeboxVideoEngineCore.o
 .text          0x0000000000000000        0x0 uzeboxCore.o
 .data          0x0000000000000000        0x0 uzeboxCore.o
 .text.SetRenderingParameters
                0x0000000000000000        0xa uzeboxCore.o
 .text.DetectControllers
                0x0000000000000000       0x36 uzeboxCore.o
 .text.FormatEeprom2
                0x0000000000000000       0x98 uzeboxCore.o
 .text.IsPowerSwitchPressed
                0x0000000000000000        0xe uzeboxCore.o
 .text          0x0000000000000000        0x0 uzeboxSoundEngine.o
 .data          0x0000000000000000        0x0 uzeboxSoundEngine.o
 .text.SetSongSpeed
                0x0000000000000000        0x6 uzeboxSoundEngine.o
 .text.GetSongSpeed
                0x0000000000000000        0x6 uzeboxSoundEngine.o
 .text.GetMasterVolume
                0x0000000000000000        0x6 uzeboxSoundEngine.o
 .data          0x0000000000000000        0x0 uzeboxSoundEngineCore.o
 .text.SetMixerNoiseParams
                0x0000000000000000       0x10 uzeboxSoundEngineCore.o
 .text.SetMixerVolume
                0x0000000000000000       0x16 uzeboxSoundEngineCore.o
 .text.EnableSoundEngine
                0x0000000000000000        0x8 uzeboxSoundEngineCore.o
 .text          0x0000000000000000        0x0 uzeboxVideoEngine.o
 .bss           0x0000000000000000        0x0 uzeboxVideoEngine.o
 .text.SetUserRamTilesCount
                0x0000000000000000        0x6 uzeboxVideoEngine.o
 .text.GetUserRamTile
                0x0000000000000000        0xe uzeboxVideoEngine.o
 .text.SetSpriteVisibility
                0x0000000000000000        0x6 uzeboxVideoEngine.o
 .text.SetScrolling
                0x0000000000000000       0x28 uzeboxVideoEngine.o
 .text.MapSprite
                0x0000000000000000       0x80 uzeboxVideoEngine.o
 .text.MapSprite2
                0x0000000000000000       0xa4 uzeboxVideoEngine.o
 .text.MoveSprite
                0x0000000000000000       0x7c uzeboxVideoEngine.o
 .text.PrintLong
                0x0000000000000000       0x8a uzeboxVideoEngine.o
 .text.PrintByte
                0x0000000000000000       0x66 uzeboxVideoEngine.o
 .text.PrintInt
                0x0000000000000000       0x70 uzeboxVideoEngine.o
 .text.PrintBinaryByte
                0x0000000000000000       0x36 uzeboxVideoEngine.o
 .text.PrintHexByte
                0x0000000000000000       0x40 uzeboxVideoEngine.o
 .text.PrintHexInt
                0x0000000000000000       0x24 uzeboxVideoEngine.o
 .text.PrintHexLong
                0x0000000000000000       0x5e uzeboxVideoEngine.o
 .text.Print    0x0000000000000000       0x36 uzeboxVideoEngine.o
 .text.PrintRam
                0x0000000000000000       0x36 uzeboxVideoEngine.o
 .text.PrintChar
                0x0000000000000000        0x6 uzeboxVideoEngine.o
 .text.Fill     0x0000000000000000       0x6e uzeboxVideoEngine.o
 .text.FontFill
                0x0000000000000000       0x6c uzeboxVideoEngine.o
 .text          0x0000000000000000        0x0 Iros.o
 .text.LBResetJoyPadState
                0x0000000000000000       0x12 Iros.o
 .text.LBSetFontTilesMap
                0x0000000000000000        0xa Iros.o
 .text.init_shot
                0x0000000000000000       0x46 Iros.o
 .text.save_eeprom
                0x0000000000000000        0x4 Iros.o
 .text.render_level_tile
                0x0000000000000000        0xe Iros.o
 .text.get_camera_x
                0x0000000000000000        0x4 Iros.o
 .text.get_camera_y
                0x0000000000000000        0x4 Iros.o
 .text.get_hero_spawn_x
                0x0000000000000000        0x4 Iros.o
 .text.get_hero_spawn_y
                0x0000000000000000        0x4 Iros.o
 .text.get_boss_spawn_x
                0x0000000000000000        0x4 Iros.o
 .text.get_boss_spawn_y
                0x0000000000000000        0x4 Iros.o
 .text.solid_tile
                0x0000000000000000        0xe Iros.o
 .text.hazard_tile
                0x0000000000000000        0xe Iros.o
 .text.hazard_projectile_tile
                0x0000000000000000        0xe Iros.o
 .text.music_toggle_pressed
                0x0000000000000000        0x8 Iros.o
 .text          0x0000000000000000        0x0 /usr/local/lib/gcc/avr/4.9.2/avr5/libgcc.a(_udivmodqi4.o)
 .data          0x0000000000000000        0x0 /usr/local/lib/gcc/avr/4.9.2/avr5/libgcc.a(_udivmodqi4.o)
 .bss           0x0000000000000000        0x0 /usr/local/lib/gcc/avr/4.9.2/avr5/libgcc.a(_udivmodqi4.o)
 .text.libgcc.mul
                0x0000000000000000        0x0 /usr/local/lib/gcc/avr/4.9.2/avr5/libgcc.a(_udivmodqi4.o)
 .text.libgcc   0x0000000000000000        0x0 /usr/local/lib/gcc/avr/4.9.2/avr5/libgcc.a(_udivmodqi4.o)
 .text.libgcc.prologue
                0x0000000000000000        0x0 /usr/local/lib/gcc/avr/4.9.2/avr5/libgcc.a(_udivmodqi4.o)
 .text.libgcc.builtins
                0x0000000000000000        0x0 /usr/local/lib/gcc/avr/4.9.2/avr5/libgcc.a(_udivmodqi4.o)
 .text.libgcc.fmul
                0x0000000000000000        0x0 /usr/local/lib/gcc/avr/4.9.2/avr5/libgcc.a(_udivmodqi4.o)
 .text.libgcc.fixed
                0x0000000000000000        0x0 /usr/local/lib/gcc/avr/4.9.2/avr5/libgcc.a(_udivmodqi4.o)
 .text          0x0000000000000000        0x0 /usr/local/lib/gcc/avr/4.9.2/avr5/libgcc.a(_divmodqi4.o)
 .data          0x0000000000000000        0x0 /usr/local/lib/gcc/avr/4.9.2/avr5/libgcc.a(_divmodqi4.o)
 .bss           0x0000000000000000        0x0 /usr/local/lib/gcc/avr/4.9.2/avr5/libgcc.a(_divmodqi4.o)
 .text.libgcc.mul
                0x0000000000000000        0x0 /usr/local/lib/gcc/avr/4.9.2/avr5/libgcc.a(_divmodqi4.o)
 .text.libgcc   0x0000000000000000        0x0 /usr/local/lib/gcc/avr/4.9.2/avr5/libgcc.a(_divmodqi4.o)
 .text.libgcc.prologue
                0x0000000000000000        0x0 /usr/local/lib/gcc/avr/4.9.2/avr5/libgcc.a(_divmodqi4.o)
 .text.libgcc.builtins
                0x0000000000000000        0x0 /usr/local/lib/gcc/avr/4.9.2/avr5/libgcc.a(_divmodqi4.o)
 .text.libgcc.fmul
                0x0000000000000000        0x0 /usr/local/lib/gcc/avr/4.9.2/avr5/libgcc.a(_divmodqi4.o)
 .text.libgcc.fixed
                0x0000000000000000        0x0 /usr/local/lib/gcc/avr/4.9.2/avr5/libgcc.a(_divmodqi4.o)
 .text          0x0000000000000000        0x0 /usr/local/lib/gcc/avr/4.9.2/avr5/libgcc.a(_udivmodhi4.o)
 .data          0x0000000000000000        0x0 /usr/local/lib/gcc/avr/4.9.2/avr5/libgcc.a(_udivmodhi4.o)
 .bss           0x0000000000000000        0x0 /usr/local/lib/gcc/avr/4.9.2/avr5/libgcc.a(_udivmodhi4.o)
 .text.libgcc.mul
                0x0000000000000000        0x0 /usr/local/lib/gcc/avr/4.9.2/avr5/libgcc.a(_udivmodhi4.o)
 .text.libgcc   0x0000000000000000        0x0 /usr/local/lib/gcc/avr/4.9.2/avr5/libgcc.a(_udivmodhi4.o)
 .text.libgcc.prologue
                0x0000000000000000        0x0 /usr/local/lib/gcc/avr/4.9.2/avr5/libgcc.a(_udivmodhi4.o)
 .text.libgcc.builtins
                0x0000000000000000        0x0 /usr/local/lib/gcc/avr/4.9.2/avr5/libgcc.a(_udivmodhi4.o)
 .text.libgcc.fmul
                0x0000000000000000        0x0 /usr/local/lib/gcc/avr/4.9.2/avr5/libgcc.a(_udivmodhi4.o)
 .text.libgcc.fixed
                0x0000000000000000        0x0 /usr/local/lib/gcc/avr/4.9.2/avr5/libgcc.a(_udivmodhi4.o)
 .text          0x0000000000000000        0x0 /usr/local/lib/gcc/avr/4.9.2/avr5/libgcc.a(_divmodhi4.o)
 .data          0x0000000000000000        0x0 /usr/local/lib/gcc/avr/4.9.2/avr5/libgcc.a(_divmodhi4.o)
 .bss           0x0000000000000000        0x0 /usr/local/lib/gcc/avr/4.9.2/avr5/libgcc.a(_divmodhi4.o)
 .text.libgcc.mul
                0x0000000000000000        0x0 /usr/local/lib/gcc/avr/4.9.2/avr5/libgcc.a(_divmodhi4.o)
 .text.libgcc   0x0000000000000000        0x0 /usr/local/lib/gcc/avr/4.9.2/avr5/libgcc.a(_divmodhi4.o)
 .text.libgcc.prologue
                0x0000000000000000        0x0 /usr/local/lib/gcc/avr/4.9.2/avr5/libgcc.a(_divmodhi4.o)
 .text.libgcc.builtins
                0x0000000000000000        0x0 /usr/local/lib/gcc/avr/4.9.2/avr5/libgcc.a(_divmodhi4.o)
 .text.libgcc.fmul
                0x0000000000000000        0x0 /usr/local/lib/gcc/avr/4.9.2/avr5/libgcc.a(_divmodhi4.o)
 .text.libgcc.fixed
                0x0000000000000000        0x0 /usr/local/lib/gcc/avr/4.9.2/avr5/libgcc.a(_divmodhi4.o)
 .text          0x0000000000000000        0x0 /usr/local/lib/gcc/avr/4.9.2/avr5/libgcc.a(_udivmodsi4.o)
 .data          0x0000000000000000        0x0 /usr/local/lib/gcc/avr/4.9.2/avr5/libgcc.a(_udivmodsi4.o)
 .bss           0x0000000000000000        0x0 /usr/local/lib/gcc/avr/4.9.2/avr5/libgcc.a(_udivmodsi4.o)
 .stab          0x0000000000000000      0x228 /usr/local/lib/gcc/avr/4.9.2/avr5/libgcc.a(_udivmodsi4.o)
                                        0x234 (size before relaxing)
 .text.libgcc.mul
                0x0000000000000000        0x0 /usr/local/lib/gcc/avr/4.9.2/avr5/libgcc.a(_udivmodsi4.o)
 .text.libgcc.div
                0x0000000000000000       0x44 /usr/local/lib/gcc/avr/4.9.2/avr5/libgcc.a(_udivmodsi4.o)
 .text.libgcc   0x0000000000000000        0x0 /usr/local/lib/gcc/avr/4.9.2/avr5/libgcc.a(_udivmodsi4.o)
 .text.libgcc.prologue
                0x0000000000000000        0x0 /usr/local/lib/gcc/avr/4.9.2/avr5/libgcc.a(_udivmodsi4.o)
 .text.libgcc.builtins
                0x0000000000000000        0x0 /usr/local/lib/gcc/avr/4.9.2/avr5/libgcc.a(_udivmodsi4.o)
 .text.libgcc.fmul
                0x0000000000000000        0x0 /usr/local/lib/gcc/avr/4.9.2/avr5/libgcc.a(_udivmodsi4.o)
 .text.libgcc.fixed
                0x0000000000000000        0x0 /usr/local/lib/gcc/avr/4.9.2/avr5/libgcc.a(_udivmodsi4.o)
 .text          0x0000000000000000        0x0 /usr/local/lib/gcc/avr/4.9.2/avr5/libgcc.a(_exit.o)
 .data          0x0000000000000000        0x0 /usr/local/lib/gcc/avr/4.9.2/avr5/libgcc.a(_exit.o)
 .bss           0x0000000000000000        0x0 /usr/local/lib/gcc/avr/4.9.2/avr5/libgcc.a(_exit.o)
 .text.libgcc.mul
                0x0000000000000000        0x0 /usr/local/lib/gcc/avr/4.9.2/avr5/libgcc.a(_exit.o)
 .text.libgcc.div
                0x0000000000000000        0x0 /usr/local/lib/gcc/avr/4.9.2/avr5/libgcc.a(_exit.o)
 .text.libgcc   0x0000000000000000        0x0 /usr/local/lib/gcc/avr/4.9.2/avr5/libgcc.a(_exit.o)
 .text.libgcc.prologue
                0x0000000000000000        0x0 /usr/local/lib/gcc/avr/4.9.2/avr5/libgcc.a(_exit.o)
 .text.libgcc.builtins
                0x0000000000000000        0x0 /usr/local/lib/gcc/avr/4.9.2/avr5/libgcc.a(_exit.o)
 .text.libgcc.fmul
                0x0000000000000000        0x0 /usr/local/lib/gcc/avr/4.9.2/avr5/libgcc.a(_exit.o)
 .text.libgcc.fixed
                0x0000000000000000        0x0 /usr/local/lib/gcc/avr/4.9.2/avr5/libgcc.a(_exit.o)
 .text          0x0000000000000000        0x0 /usr/local/lib/gcc/avr/4.9.2/avr5/libgcc.a(_tablejump2.o)
 .data          0x0000000000000000        0x0 /usr/local/lib/gcc/avr/4.9.2/avr5/libgcc.a(_tablejump2.o)
 .bss           0x0000000000000000        0x0 /usr/local/lib/gcc/avr/4.9.2/avr5/libgcc.a(_tablejump2.o)
 .text.libgcc.mul
                0x0000000000000000        0x0 /usr/local/lib/gcc/avr/4.9.2/avr5/libgcc.a(_tablejump2.o)
 .text.libgcc.div
                0x0000000000000000        0x0 /usr/local/lib/gcc/avr/4.9.2/avr5/libgcc.a(_tablejump2.o)
 .text.libgcc.prologue
                0x0000000000000000        0x0 /usr/local/lib/gcc/avr/4.9.2/avr5/libgcc.a(_tablejump2.o)
 .text.libgcc.builtins
                0x0000000000000000        0x0 /usr/local/lib/gcc/avr/4.9.2/avr5/libgcc.a(_tablejump2.o)
 .text.libgcc.fmul
                0x0000000000000000        0x0 /usr/local/lib/gcc/avr/4.9.2/avr5/libgcc.a(_tablejump2.o)
 .text.libgcc.fixed
                0x0000000000000000        0x0 /usr/local/lib/gcc/avr/4.9.2/avr5/libgcc.a(_tablejump2.o)
 .text          0x0000000000000000        0x0 /usr/local/lib/gcc/avr/4.9.2/avr5/libgcc.a(_copy_data.o)
 .data          0x0000000000000000        0x0 /usr/local/lib/gcc/avr/4.9.2/avr5/libgcc.a(_copy_data.o)
 .bss           0x0000000000000000        0x0 /usr/local/lib/gcc/avr/4.9.2/avr5/libgcc.a(_copy_data.o)
 .text.libgcc.mul
                0x0000000000000000        0x0 /usr/local/lib/gcc/avr/4.9.2/avr5/libgcc.a(_copy_data.o)
 .text.libgcc.div
                0x0000000000000000        0x0 /usr/local/lib/gcc/avr/4.9.2/avr5/libgcc.a(_copy_data.o)
 .text.libgcc   0x0000000000000000        0x0 /usr/local/lib/gcc/avr/4.9.2/avr5/libgcc.a(_copy_data.o)
 .text.libgcc.prologue
                0x0000000000000000        0x0 /usr/local/lib/gcc/avr/4.9.2/avr5/libgcc.a(_copy_data.o)
 .text.libgcc.builtins
                0x0000000000000000        0x0 /usr/local/lib/gcc/avr/4.9.2/avr5/libgcc.a(_copy_data.o)
 .text.libgcc.fmul
                0x0000000000000000        0x0 /usr/local/lib/gcc/avr/4.9.2/avr5/libgcc.a(_copy_data.o)
 .text.libgcc.fixed
                0x0000000000000000        0x0 /usr/local/lib/gcc/avr/4.9.2/avr5/libgcc.a(_copy_data.o)
 .text          0x0000000000000000        0x0 /usr/local/lib/gcc/avr/4.9.2/avr5/libgcc.a(_clear_bss.o)
 .data          0x0000000000000000        0x0 /usr/local/lib/gcc/avr/4.9.2/avr5/libgcc.a(_clear_bss.o)
 .bss           0x0000000000000000        0x0 /usr/local/lib/gcc/avr/4.9.2/avr5/libgcc.a(_clear_bss.o)
 .text.libgcc.mul
                0x0000000000000000        0x0 /usr/local/lib/gcc/avr/4.9.2/avr5/libgcc.a(_clear_bss.o)
 .text.libgcc.div
                0x0000000000000000        0x0 /usr/local/lib/gcc/avr/4.9.2/avr5/libgcc.a(_clear_bss.o)
 .text.libgcc   0x0000000000000000        0x0 /usr/local/lib/gcc/avr/4.9.2/avr5/libgcc.a(_clear_bss.o)
 .text.libgcc.prologue
                0x0000000000000000        0x0 /usr/local/lib/gcc/avr/4.9.2/avr5/libgcc.a(_clear_bss.o)
 .text.libgcc.builtins
                0x0000000000000000        0x0 /usr/local/lib/gcc/avr/4.9.2/avr5/libgcc.a(_clear_bss.o)
 .text.libgcc.fmul
                0x0000000000000000        0x0 /usr/local/lib/gcc/avr/4.9.2/avr5/libgcc.a(_clear_bss.o)
 .text.libgcc.fixed
                0x0000000000000000        0x0 /usr/local/lib/gcc/avr/4.9.2/avr5/libgcc.a(_clear_bss.o)
 .text          0x0000000000000000        0x0 /usr/local/lib/gcc/avr/4.9.2/../../../../avr/lib/avr5/libm.a(addsf3.o)
 .data          0x0000000000000000        0x0 /usr/local/lib/gcc/avr/4.9.2/../../../../avr/lib/avr5/libm.a(addsf3.o)
 .bss           0x0000000000000000        0x0 /usr/local/lib/gcc/avr/4.9.2/../../../../avr/lib/avr5/libm.a(addsf3.o)
 .text          0x0000000000000000        0x0 /usr/local/lib/gcc/avr/4.9.2/../../../../avr/lib/avr5/libm.a(addsf3x.o)
 .data          0x0000000000000000        0x0 /usr/local/lib/gcc/avr/4.9.2/../../../../avr/lib/avr5/libm.a(addsf3x.o)
 .bss           0x0000000000000000        0x0 /usr/local/lib/gcc/avr/4.9.2/../../../../avr/lib/avr5/libm.a(addsf3x.o)
 .text          0x0000000000000000        0x0 /usr/local/lib/gcc/avr/4.9.2/../../../../avr/lib/avr5/libm.a(fixsfsi.o)
 .data          0x0000000000000000        0x0 /usr/local/lib/gcc/avr/4.9.2/../../../../avr/lib/avr5/libm.a(fixsfsi.o)
 .bss           0x0000000000000000        0x0 /usr/local/lib/gcc/avr/4.9.2/../../../../avr/lib/avr5/libm.a(fixsfsi.o)
 .text          0x0000000000000000        0x0 /usr/local/lib/gcc/avr/4.9.2/../../../../avr/lib/avr5/libm.a(fixunssfsi.o)
 .data          0x0000000000000000        0x0 /usr/local/lib/gcc/avr/4.9.2/../../../../avr/lib/avr5/libm.a(fixunssfsi.o)
 .bss           0x0000000000000000        0x0 /usr/local/lib/gcc/avr/4.9.2/../../../../avr/lib/avr5/libm.a(fixunssfsi.o)
 .text          0x0000000000000000        0x0 /usr/local/lib/gcc/avr/4.9.2/../../../../avr/lib/avr5/libm.a(floatsisf.o)
 .data          0x0000000000000000        0x0 /usr/local/lib/gcc/avr/4.9.2/../../../../avr/lib/avr5/libm.a(floatsisf.o)
 .bss           0x0000000000000000        0x0 /usr/local/lib/gcc/avr/4.9.2/../../../../avr/lib/avr5/libm.a(floatsisf.o)
 .text          0x0000000000000000        0x0 /usr/local/lib/gcc/avr/4.9.2/../../../../avr/lib/avr5/libm.a(fp_inf.o)
 .data          0x0000000000000000        0x0 /usr/local/lib/gcc/avr/4.9.2/../../../../avr/lib/avr5/libm.a(fp_inf.o)
 .bss           0x0000000000000000        0x0 /usr/local/lib/gcc/avr/4.9.2/../../../../avr/lib/avr5/libm.a(fp_inf.o)
 .text          0x0000000000000000        0x0 /usr/local/lib/gcc/avr/4.9.2/../../../../avr/lib/avr5/libm.a(fp_nan.o)
 .data          0x0000000000000000        0x0 /usr/local/lib/gcc/avr/4.9.2/../../../../avr/lib/avr5/libm.a(fp_nan.o)
 .bss           0x0000000000000000        0x0 /usr/local/lib/gcc/avr/4.9.2/../../../../avr/lib/avr5/libm.a(fp_nan.o)
 .text          0x0000000000000000        0x0 /usr/local/lib/gcc/avr/4.9.2/../../../../avr/lib/avr5/libm.a(fp_pscA.o)
 .data          0x0000000000000000        0x0 /usr/local/lib/gcc/avr/4.9.2/../../../../avr/lib/avr5/libm.a(fp_pscA.o)
 .bss           0x0000000000000000        0x0 /usr/local/lib/gcc/avr/4.9.2/../../../../avr/lib/avr5/libm.a(fp_pscA.o)
 .text          0x0000000000000000        0x0 /usr/local/lib/gcc/avr/4.9.2/../../../../avr/lib/avr5/libm.a(fp_pscB.o)
 .data          0x0000000000000000        0x0 /usr/local/lib/gcc/avr/4.9.2/../../../../avr/lib/avr5/libm.a(fp_pscB.o)
 .bss           0x0000000000000000        0x0 /usr/local/lib/gcc/avr/4.9.2/../../../../avr/lib/avr5/libm.a(fp_pscB.o)
 .text          0x0000000000000000        0x0 /usr/local/lib/gcc/avr/4.9.2/../../../../avr/lib/avr5/libm.a(fp_round.o)
 .data          0x0000000000000000        0x0 /usr/local/lib/gcc/avr/4.9.2/../../../../avr/lib/avr5/libm.a(fp_round.o)
 .bss           0x0000000000000000        0x0 /usr/local/lib/gcc/avr/4.9.2/../../../../avr/lib/avr5/libm.a(fp_round.o)
 .text          0x0000000000000000        0x0 /usr/local/lib/gcc/avr/4.9.2/../../../../avr/lib/avr5/libm.a(fp_split3.o)
 .data          0x0000000000000000        0x0 /usr/local/lib/gcc/avr/4.9.2/../../../../avr/lib/avr5/libm.a(fp_split3.o)
 .bss           0x0000000000000000        0x0 /usr/local/lib/gcc/avr/4.9.2/../../../../avr/lib/avr5/libm.a(fp_split3.o)
 .text          0x0000000000000000        0x0 /usr/local/lib/gcc/avr/4.9.2/../../../../avr/lib/avr5/libm.a(fp_zero.o)
 .data          0x0000000000000000        0x0 /usr/local/lib/gcc/avr/4.9.2/../../../../avr/lib/avr5/libm.a(fp_zero.o)
 .bss           0x0000000000000000        0x0 /usr/local/lib/gcc/avr/4.9.2/../../../../avr/lib/avr5/libm.a(fp_zero.o)
 .text          0x0000000000000000        0x0 /usr/local/lib/gcc/avr/4.9.2/../../../../avr/lib/avr5/libm.a(mulsf3.o)
 .data          0x0000000000000000        0x0 /usr/local/lib/gcc/avr/4.9.2/../../../../avr/lib/avr5/libm.a(mulsf3.o)
 .bss           0x0000000000000000        0x0 /usr/local/lib/gcc/avr/4.9.2/../../../../avr/lib/avr5/libm.a(mulsf3.o)
 .text          0x0000000000000000        0x0 /usr/local/lib/gcc/avr/4.9.2/../../../../avr/lib/avr5/libm.a(mulsf3x.o)
 .data          0x0000000000000000        0x0 /usr/local/lib/gcc/avr/4.9.2/../../../../avr/lib/avr5/libm.a(mulsf3x.o)
 .bss           0x0000000000000000        0x0 /usr/local/lib/gcc/avr/4.9.2/../../../../avr/lib/avr5/libm.a(mulsf3x.o)
 .text          0x0000000000000000        0x0 /usr/local/lib/gcc/avr/4.9.2/../../../../avr/lib/avr5/libc.a(strnlen_P.o)
 .data          0x0000000000000000        0x0 /usr/local/lib/gcc/avr/4.9.2/../../../../avr/lib/avr5/libc.a(strnlen_P.o)
 .bss           0x0000000000000000        0x0 /usr/local/lib/gcc/avr/4.9.2/../../../../avr/lib/avr5/libc.a(strnlen_P.o)

Memory Configuration

Name             Origin             Length             Attributes
text             0x0000000000000000 0x0000000000020000 xr
data             0x0000000000800060 0x000000000000ffa0 rw !x
eeprom           0x0000000000810000 0x0000000000010000 rw !x
fuse             0x0000000000820000 0x0000000000000400 rw !x
lock             0x0000000000830000 0x0000000000000400 rw !x
signature        0x0000000000840000 0x0000000000000400 rw !x
*default*        0x0000000000000000 0xffffffffffffffff

Linker script and memory map

Address of section .data set to 0x800100
LOAD /usr/local/lib/gcc/avr/4.9.2/../../../../avr/lib/avr5/crtm644.o
Address of section .noinit set to 0x800100
Address of section .data set to 0x800500
LOAD uzeboxVideoEngineCore.o
LOAD uzeboxCore.o
LOAD uzeboxSoundEngine.o
LOAD uzeboxSoundEngineCore.o
LOAD uzeboxVideoEngine.o
LOAD Iros.o
START GROUP
LOAD /usr/local/lib/gcc/avr/4.9.2/avr5/libgcc.a
LOAD /usr/local/lib/gcc/avr/4.9.2/../../../../avr/lib/avr5/libm.a
LOAD /usr/local/lib/gcc/avr/4.9.2/../../../../avr/lib/avr5/libc.a
END GROUP

.hash
 *(.hash)

.dynsym
 *(.dynsym)

.dynstr
 *(.dynstr)

.gnu.version
 *(.gnu.version)

.gnu.version_d
 *(.gnu.version_d)

.gnu.version_r
 *(.gnu.version_r)

.rel.init
 *(.rel.init)

.rela.init
 *(.rela.init)

.rel.text
 *(.rel.text)
 *(.rel.text.*)
 *(.rel.gnu.linkonce.t*)

.rela.text
 *(.rela.text)
 *(.rela.text.*)
 *(.rela.gnu.linkonce.t*)

.rel.fini
 *(.rel.fini)

.rela.fini
 *(.rela.fini)

.rel.rodata
 *(.rel.rodata)
 *(.rel.rodata.*)
 *(.rel.gnu.linkonce.r*)

.rela.rodata
 *(.rela.rodata)
 *(.rela.rodata.*)
 *(.rela.gnu.linkonce.r*)

.rel.data
 *(.rel.data)
 *(.rel.data.*)
 *(.rel.gnu.linkonce.d*)

.rela.data
 *(.rela.data)
 *(.rela.data.*)
 *(.rela.gnu.linkonce.d*)

.rel.ctors
 *(.rel.ctors)

.rela.ctors
 *(.rela.ctors)

.rel.dtors
 *(.rel.dtors)

.rela.dtors
 *(.rela.dtors)

.rel.got
 *(.rel.got)

.rela.got
 *(.rela.got)

.rel.bss
 *(.rel.bss)

.rela.bss
 *(.rela.bss)

.rel.plt
 *(.rel.plt)

.rela.plt
 *(.rela.plt)

.text           0x0000000000000000     0xe65e
 *(.vectors)
 .vectors       0x0000000000000000       0x70 /usr/local/lib/gcc/avr/4.9.2/../../../../avr/lib/avr5/crtm644.o
                0x0000000000000000                __vectors
                0x0000000000000000                __vector_default
 *(.vectors)
 *(.progmem.gcc*)
 .progmem.gcc_sw_table.update_enemies
                0x0000000000000070       0x12 Iros.o
 .progmem.gcc_sw_table.load_level
                0x0000000000000082       0x14 Iros.o
                0x0000000000000096                . = ALIGN (0x2)
                0x0000000000000096                __trampolines_start = .
 *(.trampolines)
 .trampolines   0x0000000000000096        0x0 linker stubs
 *(.trampolines*)
                0x0000000000000096                __trampolines_end = .
 *(.progmem*)
 .progmem.data  0x0000000000000096       0x4e uzeboxCore.o
                0x0000000000000096                io_table
                0x00000000000000c4                eeprom_format_table
 .progmem.data  0x00000000000000e4       0x1e uzeboxSoundEngine.o
                0x00000000000000e4                patchCommands
 .progmem.data  0x0000000000000102        0xc uzeboxVideoEngine.o
                0x0000000000000102                fader
 .progmem.data  0x000000000000010e     0x6ff4 Iros.o
                0x000000000000010e                strChallenge
                0x00000000000001be                strCongrats
                0x0000000000000274                strIntro
                0x00000000000002fd                default_scores
                0x000000000000031b                strTally
                0x0000000000000322                strGameOver
                0x000000000000032c                strLevelBonus
                0x0000000000000332                strLevelClear
                0x000000000000033e                strPaused
                0x0000000000000344                strExitGame
                0x0000000000000350                strMainMenu
                0x000000000000035c                strTime
                0x0000000000000362                strLives
                0x0000000000000369                strShield
                0x0000000000000371                strScore
                0x0000000000000378                strSelectHandle
                0x0000000000000379                strHighScores
                0x0000000000000385                str1Player
                0x000000000000038b                strCopyright
                0x00000000000003a0                spacesong
                0x0000000000000a40                planetsong
                0x0000000000001512                my_patches
                0x0000000000001551                explode
                0x0000000000001622                pshoot
                0x0000000000001678                navigate
                0x0000000000001689                instrument
                0x0000000000001691                sprites_data
                0x0000000000002f91                map_hazard_desert
                0x0000000000002f94                map_hazard_city
                0x0000000000002f97                map_hazard_jungle
                0x0000000000002f9a                map_hazard_fire
                0x0000000000002f9d                map_hazard_ice
                0x0000000000002fa0                map_enemy_boss_shot
                0x0000000000002fa3                map_enemy_boss_eye
                0x0000000000002fa6                map_enemy_boss_turret
                0x0000000000002fa9                map_enemy_drone
                0x0000000000002fac                map_enemy_tank
                0x0000000000002faf                map_enemy_ball
                0x0000000000002fb2                map_enemy_spider_1
                0x0000000000002fb5                map_enemy_spider_0
                0x0000000000002fb8                map_enemy_xwing
                0x0000000000002fbb                map_enemy_shark
                0x0000000000002fbe                map_enemy_shot
                0x0000000000002fc1                map_ahero_jump
                0x0000000000002fc9                map_ahero_prone
                0x0000000000002fce                map_ahero_step_3
                0x0000000000002fd6                map_ahero_step_2
                0x0000000000002fde                map_ahero_step_1
                0x0000000000002fe6                map_ahero_step_0
                0x0000000000002fee                map_ahero_idle
                0x0000000000002ff6                map_hero_rplasma_shot
                0x0000000000002ff9                map_hero_space_bomb
                0x0000000000002ffc                map_hero_space_shot
                0x0000000000002fff                map_hero_ice_shot
                0x0000000000003002                map_hero_ball_shot
                0x0000000000003005                map_hero_gplasma_shot
                0x0000000000003008                map_hero_ship_large_1
                0x0000000000003012                map_hero_ship_large_0
                0x000000000000301c                map_hero_ship_1
                0x0000000000003021                map_hero_ship_0
                0x0000000000003026                map_hero_prone
                0x000000000000302b                map_hero_jump
                0x0000000000003033                map_hero_step_3
                0x000000000000303b                map_hero_step_2
                0x0000000000003043                map_hero_step_1
                0x000000000000304b                map_hero_step_0
                0x0000000000003053                map_hero_idle
                0x000000000000305b                map_emerald_4
                0x000000000000305e                map_emerald_3
                0x0000000000003061                map_emerald_2
                0x0000000000003064                map_emerald_1
                0x0000000000003067                map_emerald_0
                0x000000000000306a                map_explosion_2
                0x000000000000306d                map_explosion_1
                0x0000000000003070                map_explosion_0
                0x0000000000003073                map_particle
                0x0000000000003076                map_up_arrow
                0x0000000000003079                map_down_arrow
                0x000000000000307c                map_right_arrow
                0x000000000000307f                map_none
                0x0000000000003082                tiles_data
                0x0000000000005842                map_font
                0x0000000000005869                map_atmosphere
                0x00000000000058a3                map_dialog
                0x0000000000005905                map_canvas
                0x000000000000598e                map_splash
                0x00000000000059db                map_tile_none
                0x00000000000059de                map_level_mega_tiles
                0x00000000000069fb                map_level_space_final
                0x0000000000006afc                map_level_space
                0x0000000000006bfd                map_level_desert
                0x0000000000006cfe                map_level_city
                0x0000000000006dff                map_level_forest
                0x0000000000006f00                map_level_fire
                0x0000000000007001                map_level_ice
                0x0000000000007102                . = ALIGN (0x2)
 *(.jumptables)
 *(.jumptables*)
 *(.lowtext)
 *(.lowtext*)
                0x0000000000007102                __ctors_start = .
 *(.ctors)
                0x0000000000007102                __ctors_end = .
                0x0000000000007102                __dtors_start = .
 *(.dtors)
                0x0000000000007102                __dtors_end = .
 SORT(*)(.ctors)
 SORT(*)(.dtors)
 *(.init0)
 .init0         0x0000000000007102        0x0 /usr/local/lib/gcc/avr/4.9.2/../../../../avr/lib/avr5/crtm644.o
                0x0000000000007102                __init
 *(.init0)
 *(.init1)
 *(.init1)
 *(.init2)
 .init2         0x0000000000007102        0xc /usr/local/lib/gcc/avr/4.9.2/../../../../avr/lib/avr5/crtm644.o
 *(.init2)
 *(.init3)
 *(.init3)
 *(.init4)
 .init4         0x000000000000710e       0x16 /usr/local/lib/gcc/avr/4.9.2/avr5/libgcc.a(_copy_data.o)
                0x000000000000710e                __do_copy_data
 .init4         0x0000000000007124       0x10 /usr/local/lib/gcc/avr/4.9.2/avr5/libgcc.a(_clear_bss.o)
                0x0000000000007124                __do_clear_bss
 *(.init4)
 *(.init5)
 *(.init5)
 *(.init6)
 *(.init6)
 *(.init7)
 .init7         0x0000000000007134       0x16 uzeboxCore.o
                0x0000000000007134                wdt_init
 *(.init7)
 *(.init8)
 .init8         0x000000000000714a       0x82 uzeboxCore.o
                0x000000000000714a                Initialize
 *(.init8)
 *(.init9)
 .init9         0x00000000000071cc        0x8 /usr/local/lib/gcc/avr/4.9.2/../../../../avr/lib/avr5/crtm644.o
 *(.init9)
 *(.text)
 .text          0x00000000000071d4        0x4 /usr/local/lib/gcc/avr/4.9.2/../../../../avr/lib/avr5/crtm644.o
                0x00000000000071d4                __vector_20
                0x00000000000071d4                __vector_1
                0x00000000000071d4                __vector_24
                0x00000000000071d4                __vector_12
                0x00000000000071d4                __bad_interrupt
                0x00000000000071d4                __vector_6
                0x00000000000071d4                __vector_3
                0x00000000000071d4                __vector_23
                0x00000000000071d4                __vector_25
                0x00000000000071d4                __vector_11
                0x00000000000071d4                __vector_17
                0x00000000000071d4                __vector_19
                0x00000000000071d4                __vector_7
                0x00000000000071d4                __vector_27
                0x00000000000071d4                __vector_5
                0x00000000000071d4                __vector_4
                0x00000000000071d4                __vector_9
                0x00000000000071d4                __vector_2
                0x00000000000071d4                __vector_21
                0x00000000000071d4                __vector_15
                0x00000000000071d4                __vector_26
                0x00000000000071d4                __vector_10
                0x00000000000071d4                __vector_16
                0x00000000000071d4                __vector_18
                0x00000000000071d4                __vector_22
 .text          0x00000000000071d8      0x882 uzeboxVideoEngineCore.o
                0x0000000000007540                CopyFlashTile
                0x000000000000765e                CopyRamTile
                0x0000000000007778                RestoreBackground
                0x000000000000779e                BlitSprite
                0x000000000000787a                __vector_13
                0x00000000000078fa                __vector_14
 .text          0x0000000000007a5a      0x180 uzeboxSoundEngineCore.o
                0x0000000000007a5a                process_music
                0x0000000000007a66                update_sound
                0x0000000000007bda                . = ALIGN (0x2)
 *(.text.*)
 .text.SetSpritesTileTable
                0x0000000000007bda        0xa uzeboxVideoEngineCore.o
                0x0000000000007bda                SetSpritesTileTable
 .text.ClearVram
                0x0000000000007be4       0x14 uzeboxVideoEngineCore.o
                0x0000000000007be4                ClearVram
 .text.SetTile  0x0000000000007bf8       0x22 uzeboxVideoEngineCore.o
                0x0000000000007bf8                SetTile
 .text.SetTileTable
                0x0000000000007c1a        0xa uzeboxVideoEngineCore.o
                0x0000000000007c1a                SetTileTable
 .text.GetVsyncFlag
                0x0000000000007c24        0x8 uzeboxVideoEngineCore.o
                0x0000000000007c24                GetVsyncFlag
 .text.ClearVsyncFlag
                0x0000000000007c2c        0xc uzeboxVideoEngineCore.o
                0x0000000000007c2c                ClearVsyncFlag
 .text.ReadJoypad
                0x0000000000007c38       0x18 uzeboxVideoEngineCore.o
                0x0000000000007c38                ReadJoypad
 .text.WaitUs   0x0000000000007c50        0xe uzeboxVideoEngineCore.o
                0x0000000000007c50                WaitUs
 .text.WriteEeprom
                0x0000000000007c5e       0x14 uzeboxVideoEngineCore.o
                0x0000000000007c5e                WriteEeprom
 .text.ReadEeprom
                0x0000000000007c72       0x12 uzeboxVideoEngineCore.o
                0x0000000000007c72                ReadEeprom
 .text.wdt_randomize
                0x0000000000007c84       0x50 uzeboxVideoEngineCore.o
                0x0000000000007c84                wdt_randomize
 .text.GetTrueRandomSeed
                0x0000000000007cd4        0xa uzeboxVideoEngineCore.o
                0x0000000000007cd4                GetTrueRandomSeed
 .text.__vector_8
                0x0000000000007cde       0x44 uzeboxVideoEngineCore.o
                0x0000000000007cde                __vector_8
 .text.SoftReset
                0x0000000000007d22       0x16 uzeboxCore.o
                0x0000000000007d22                SoftReset
 .text.ReadButtons
                0x0000000000007d38       0x6c uzeboxCore.o
                0x0000000000007d38                ReadButtons
 .text.ReadControllers
                0x0000000000007da4       0x20 uzeboxCore.o
                0x0000000000007da4                ReadControllers
 .text.FormatEeprom
                0x0000000000007dc4       0x44 uzeboxCore.o
                0x0000000000007dc4                FormatEeprom
 .text.isEepromFormatted
                0x0000000000007e08       0x2e uzeboxCore.o
                0x0000000000007e08                isEepromFormatted
 .text.EepromBlockExists
                0x0000000000007e36       0xa4 uzeboxCore.o
                0x0000000000007e36                EepromBlockExists
 .text.EepromWriteBlock
                0x0000000000007eda       0x94 uzeboxCore.o
                0x0000000000007eda                EepromWriteBlock
 .text.EepromReadBlock
                0x0000000000007f6e       0x66 uzeboxCore.o
                0x0000000000007f6e                EepromReadBlock
 .text.GetPrngNumber
                0x0000000000007fd4       0x5c uzeboxCore.o
                0x0000000000007fd4                GetPrngNumber
 .text.PatchCommand00
                0x0000000000008030        0x6 uzeboxSoundEngine.o
                0x0000000000008030                PatchCommand00
 .text.PatchCommand01
                0x0000000000008036       0x10 uzeboxSoundEngine.o
                0x0000000000008036                PatchCommand01
 .text.PatchCommand05
                0x0000000000008046        0xa uzeboxSoundEngine.o
                0x0000000000008046                PatchCommand05
 .text.PatchCommand06
                0x0000000000008050        0xa uzeboxSoundEngine.o
                0x0000000000008050                PatchCommand06
 .text.PatchCommand07
                0x000000000000805a        0x6 uzeboxSoundEngine.o
                0x000000000000805a                PatchCommand07
 .text.PatchCommand09
                0x0000000000008060        0x6 uzeboxSoundEngine.o
                0x0000000000008060                PatchCommand09
 .text.PatchCommand10
                0x0000000000008066        0x6 uzeboxSoundEngine.o
                0x0000000000008066                PatchCommand10
 .text.PatchCommand11
                0x000000000000806c       0x76 uzeboxSoundEngine.o
                0x000000000000806c                PatchCommand11
 .text.PatchCommand12
                0x00000000000080e2        0x6 uzeboxSoundEngine.o
                0x00000000000080e2                PatchCommand12
 .text.PatchCommand13
                0x00000000000080e8        0x6 uzeboxSoundEngine.o
                0x00000000000080e8                PatchCommand13
 .text.PatchCommand02
                0x00000000000080ee        0x8 uzeboxSoundEngine.o
                0x00000000000080ee                PatchCommand02
 .text.PatchCommand03
                0x00000000000080f6        0xe uzeboxSoundEngine.o
                0x00000000000080f6                PatchCommand03
 .text.PatchCommand04
                0x0000000000008104       0x10 uzeboxSoundEngine.o
                0x0000000000008104                PatchCommand04
 .text.PatchCommand08
                0x0000000000008114       0x20 uzeboxSoundEngine.o
                0x0000000000008114                PatchCommand08
 .text.PatchCommand14
                0x0000000000008134       0x54 uzeboxSoundEngine.o
                0x0000000000008134                PatchCommand14
 .text.InitMusicPlayer
                0x0000000000008188       0x44 uzeboxSoundEngine.o
                0x0000000000008188                InitMusicPlayer
 .text.StartSong
                0x00000000000081cc       0x52 uzeboxSoundEngine.o
                0x00000000000081cc                StartSong
 .text.StopSong
                0x000000000000821e       0x1c uzeboxSoundEngine.o
                0x000000000000821e                StopSong
 .text.ResumeSong
                0x000000000000823a        0x8 uzeboxSoundEngine.o
                0x000000000000823a                ResumeSong
 .text.ReadVarLen
                0x0000000000008242       0x4c uzeboxSoundEngine.o
                0x0000000000008242                ReadVarLen
 .text.TriggerCommon
                0x000000000000828e      0x11c uzeboxSoundEngine.o
                0x000000000000828e                TriggerCommon
 .text.TriggerFx
                0x00000000000083aa       0x90 uzeboxSoundEngine.o
                0x00000000000083aa                TriggerFx
 .text.TriggerNote
                0x000000000000843a       0x80 uzeboxSoundEngine.o
                0x000000000000843a                TriggerNote
 .text.ProcessMusic
                0x00000000000084ba      0x43e uzeboxSoundEngine.o
                0x00000000000084ba                ProcessMusic
 .text.SetMasterVolume
                0x00000000000088f8        0x6 uzeboxSoundEngine.o
                0x00000000000088f8                SetMasterVolume
 .text.IsSongPlaying
                0x00000000000088fe        0x6 uzeboxSoundEngine.o
                0x00000000000088fe                IsSongPlaying
 .text.SetMixerNote
                0x0000000000008904       0x2e uzeboxSoundEngineCore.o
                0x0000000000008904                SetMixerNote
 .text.SetMixerWave
                0x0000000000008932       0x3a uzeboxSoundEngineCore.o
                0x0000000000008932                SetMixerWave
 *fill*         0x000000000000896c       0x94 
 .text.DisableSoundEngine
                0x0000000000008a00      0xc00 uzeboxSoundEngineCore.o
                0x0000000000008a00                DisableSoundEngine
                0x0000000000008a08                steptable
                0x0000000000008c00                waves
 .text.ProcessSprites
                0x0000000000009600      0x202 uzeboxVideoEngine.o
                0x0000000000009600                ProcessSprites
 .text.Scroll   0x0000000000009802       0x4a uzeboxVideoEngine.o
                0x0000000000009802                Scroll
 .text.DisplayLogo
                0x000000000000984c        0x2 uzeboxVideoEngine.o
                0x000000000000984c                DisplayLogo
 .text.InitializeVideoMode
                0x000000000000984e       0x26 uzeboxVideoEngine.o
                0x000000000000984e                InitializeVideoMode
 .text.DrawMap  0x0000000000009874       0x9a uzeboxVideoEngine.o
                0x0000000000009874                DrawMap2
                0x0000000000009874                DrawMap
 .text.WaitVsync
                0x000000000000990e       0x2e uzeboxVideoEngine.o
                0x000000000000990e                WaitVsync
 .text.doFade   0x000000000000993c       0x1c uzeboxVideoEngine.o
                0x000000000000993c                doFade
 .text.FadeIn   0x0000000000009958       0x18 uzeboxVideoEngine.o
                0x0000000000009958                FadeIn
 .text.FadeOut  0x0000000000009970       0x18 uzeboxVideoEngine.o
                0x0000000000009970                FadeOut
 .text.ProcessFading
                0x0000000000009988       0x4a uzeboxVideoEngine.o
                0x0000000000009988                ProcessFading
 .text.VideoModeVsync
                0x00000000000099d2        0x8 uzeboxVideoEngine.o
                0x00000000000099d2                VideoModeVsync
 .text.LBMoveDelta
                0x00000000000099da       0x56 Iros.o
                0x00000000000099da                LBMoveDelta
 .text.LBGetNextFrame
                0x0000000000009a30       0x4c Iros.o
                0x0000000000009a30                LBGetNextFrame
 .text.LBGetJoyPadState
                0x0000000000009a7c       0x96 Iros.o
                0x0000000000009a7c                LBGetJoyPadState
 .text.LBPrintChar
                0x0000000000009b12       0x40 Iros.o
                0x0000000000009b12                LBPrintChar
 .text.LBPrint  0x0000000000009b52       0x38 Iros.o
                0x0000000000009b52                LBPrint
 .text.LBPrintByte
                0x0000000000009b8a       0x62 Iros.o
                0x0000000000009b8a                LBPrintByte
 .text.LBPrintInt
                0x0000000000009bec       0x72 Iros.o
                0x0000000000009bec                LBPrintInt
 .text.LBCollides
                0x0000000000009c5e       0x54 Iros.o
                0x0000000000009c5e                LBCollides
 .text.LBRandom
                0x0000000000009cb2       0x2c Iros.o
                0x0000000000009cb2                LBRandom
 .text.LBWaitSeconds
                0x0000000000009cde       0x1e Iros.o
                0x0000000000009cde                LBWaitSeconds
 .text.LBMapSprite
                0x0000000000009cfc       0xa4 Iros.o
                0x0000000000009cfc                LBMapSprite
 .text.LBMoveSprite
                0x0000000000009da0       0x7c Iros.o
                0x0000000000009da0                LBMoveSprite
 .text.LBRotateSprites
                0x0000000000009e1c       0x68 Iros.o
                0x0000000000009e1c                LBRotateSprites
 .text.is_space
                0x0000000000009e84        0x8 Iros.o
                0x0000000000009e84                is_space
 .text.init_default_high_scores
                0x0000000000009e8c       0x2c Iros.o
                0x0000000000009e8c                init_default_high_scores
 .text.init_enemy_state
                0x0000000000009eb8       0x26 Iros.o
                0x0000000000009eb8                init_enemy_state
 .text.init_player_shot
                0x0000000000009ede      0x43e Iros.o
                0x0000000000009ede                init_player_shot
 .text.init_boss_shot
                0x000000000000a31c      0x3b6 Iros.o
                0x000000000000a31c                init_boss_shot
 .text.init_boss_state
                0x000000000000a6d2       0xf8 Iros.o
                0x000000000000a6d2                init_boss_state
 .text.init_player_state
                0x000000000000a7ca      0x16e Iros.o
                0x000000000000a7ca                init_player_state
 .text.init_enemy_shot
                0x000000000000a938       0xfa Iros.o
                0x000000000000a938                init_enemy_shot
 .text.init_enemy_spider
                0x000000000000aa32       0x84 Iros.o
                0x000000000000aa32                init_enemy_spider
 .text.init_enemy_turret
                0x000000000000aab6       0x7a Iros.o
                0x000000000000aab6                init_enemy_turret
 .text.init_enemy_drone
                0x000000000000ab30       0x7c Iros.o
                0x000000000000ab30                init_enemy_drone
 .text.init_enemy_shark
                0x000000000000abac       0x76 Iros.o
                0x000000000000abac                init_enemy_shark
 .text.init_enemy_globe
                0x000000000000ac22       0x78 Iros.o
                0x000000000000ac22                init_enemy_globe
 .text.init_enemy_xwing
                0x000000000000ac9a       0x78 Iros.o
                0x000000000000ac9a                init_enemy_xwing
 .text.init_enemy_boss_turret
                0x000000000000ad12       0x7a Iros.o
                0x000000000000ad12                init_enemy_boss_turret
 .text.init_enemy_boss_eye
                0x000000000000ad8c       0xa2 Iros.o
                0x000000000000ad8c                init_enemy_boss_eye
 .text.init_enemy_boss_turrets
                0x000000000000ae2e       0x40 Iros.o
                0x000000000000ae2e                init_enemy_boss_turrets
 .text.init_enemy_boss_eyes
                0x000000000000ae6e       0xb8 Iros.o
                0x000000000000ae6e                init_enemy_boss_eyes
 .text.init_enemy_level_hazard
                0x000000000000af26       0xbe Iros.o
                0x000000000000af26                init_enemy_level_hazard
 .text.load_eeprom
                0x000000000000afe4       0x24 Iros.o
                0x000000000000afe4                load_eeprom
 .text.clear_overlay
                0x000000000000b008       0x30 Iros.o
                0x000000000000b008                clear_overlay
 .text.get_level_tile
                0x000000000000b038       0x50 Iros.o
                0x000000000000b038                get_level_tile
 .text.render_camera_view
                0x000000000000b088       0xd0 Iros.o
                0x000000000000b088                render_camera_view
 .text.init_level_enemy
                0x000000000000b158       0x44 Iros.o
                0x000000000000b158                init_level_enemy
 .text.init_space_enemy
                0x000000000000b19c       0x40 Iros.o
                0x000000000000b19c                init_space_enemy
 .text.spawn_enemy
                0x000000000000b1dc       0x96 Iros.o
                0x000000000000b1dc                spawn_enemy
 .text.solid_or_hazard_tile
                0x000000000000b272       0x1a Iros.o
                0x000000000000b272                solid_or_hazard_tile
 .text.append_tile_column
                0x000000000000b28c      0x1a0 Iros.o
                0x000000000000b28c                append_tile_column
 .text.move_camera_x
                0x000000000000b42c       0x32 Iros.o
                0x000000000000b42c                move_camera_x
 .text.map_ship
                0x000000000000b45e       0x2a Iros.o
                0x000000000000b45e                map_ship
 .text.map_level_info
                0x000000000000b488       0x4a Iros.o
                0x000000000000b488                map_level_info
 .text.on_solid_ground
                0x000000000000b4d2       0xbe Iros.o
                0x000000000000b4d2                on_solid_ground
 .text.find_shot_slot
                0x000000000000b590       0x2c Iros.o
                0x000000000000b590                find_shot_slot
 .text.update_shot
                0x000000000000b5bc      0x180 Iros.o
                0x000000000000b5bc                update_shot
 .text.out_of_bounds
                0x000000000000b73c       0x5a Iros.o
                0x000000000000b73c                out_of_bounds
 .text.explode_all_enemies
                0x000000000000b796       0x38 Iros.o
                0x000000000000b796                explode_all_enemies
 .text.handle_music_toggle
                0x000000000000b7ce       0x18 Iros.o
                0x000000000000b7ce                handle_music_toggle
 .text.handle_demo_play
                0x000000000000b7e6       0x88 Iros.o
                0x000000000000b7e6                handle_demo_play
 .text.pixel_overlap
                0x000000000000b86e       0x1a Iros.o
                0x000000000000b86e                pixel_overlap
 .text.collision_detect_level
                0x000000000000b888      0x41c Iros.o
                0x000000000000b888                collision_detect_level
 .text.animate_shot
                0x000000000000bca4      0x2c0 Iros.o
                0x000000000000bca4                animate_shot
 .text.map_explosion
                0x000000000000bf64       0x96 Iros.o
                0x000000000000bf64                map_explosion
 .text.animate_sprite
                0x000000000000bffa       0xf0 Iros.o
                0x000000000000bffa                animate_sprite
 .text.animate_player
                0x000000000000c0ea       0x5a Iros.o
                0x000000000000c0ea                animate_player
 .text.update_spider_enemy
                0x000000000000c144       0x82 Iros.o
                0x000000000000c144                update_spider_enemy
 .text.update_turret_enemy
                0x000000000000c1c6       0x3c Iros.o
                0x000000000000c1c6                update_turret_enemy
 .text.update_drone_enemy
                0x000000000000c202       0x20 Iros.o
                0x000000000000c202                update_drone_enemy
 .text.update_globe_enemy
                0x000000000000c222       0x20 Iros.o
                0x000000000000c222                update_globe_enemy
 .text.update_xwing_enemy
                0x000000000000c242       0x32 Iros.o
                0x000000000000c242                update_xwing_enemy
 .text.update_shark_enemy
                0x000000000000c274       0x20 Iros.o
                0x000000000000c274                update_shark_enemy
 .text.update_level_hazard
                0x000000000000c294       0x48 Iros.o
                0x000000000000c294                update_level_hazard
 .text.update_basic_shot
                0x000000000000c2dc       0x16 Iros.o
                0x000000000000c2dc                update_basic_shot
 .text.update_enemies
                0x000000000000c2f2       0xda Iros.o
                0x000000000000c2f2                update_enemies
 .text.update_enemy_shots
                0x000000000000c3cc      0x140 Iros.o
                0x000000000000c3cc                update_enemy_shots
 .text.animate_enemies
                0x000000000000c50c      0x23a Iros.o
                0x000000000000c50c                animate_enemies
 .text.animate_enemy_shots
                0x000000000000c746      0x152 Iros.o
                0x000000000000c746                animate_enemy_shots
 .text.stream_text_middle
                0x000000000000c898       0x72 Iros.o
                0x000000000000c898                stream_text_middle
 .text.print_scroll
                0x000000000000c90a       0x9a Iros.o
                0x000000000000c90a                print_scroll
 .text.clear_sprites
                0x000000000000c9a4       0x44 Iros.o
                0x000000000000c9a4                clear_sprites
 .text.fade_through
                0x000000000000c9e8       0x20 Iros.o
                0x000000000000c9e8                fade_through
 .text.congratulations
                0x000000000000ca08       0x26 Iros.o
                0x000000000000ca08                congratulations
 .text.load_level
                0x000000000000ca2e      0x226 Iros.o
                0x000000000000ca2e                load_level
 .text.hide_sprites
                0x000000000000cc54       0x38 Iros.o
                0x000000000000cc54                hide_sprites
 .text.select_pressed
                0x000000000000cc8c       0x14 Iros.o
                0x000000000000cc8c                select_pressed
 .text.stream_text_anywhere
                0x000000000000cca0       0x4e Iros.o
                0x000000000000cca0                stream_text_anywhere
 .text.map_particles
                0x000000000000ccee       0x1a Iros.o
                0x000000000000ccee                map_particles
 .text.place_particles
                0x000000000000cd08       0x44 Iros.o
                0x000000000000cd08                place_particles
 .text.animate_particles
                0x000000000000cd4c       0x64 Iros.o
                0x000000000000cd4c                animate_particles
 .text.get_emarald_map
                0x000000000000cdb0       0x1e Iros.o
                0x000000000000cdb0                get_emarald_map
 .text.music_transition
                0x000000000000cdce       0x20 Iros.o
                0x000000000000cdce                music_transition
 .text.planet_transition
                0x000000000000cdee      0x11a Iros.o
                0x000000000000cdee                planet_transition
 .text.intro    0x000000000000cf08       0x3c Iros.o
                0x000000000000cf08                intro
 .text.demo_load
                0x000000000000cf44       0x46 Iros.o
                0x000000000000cf44                demo_load
 .text.load_splash
                0x000000000000cf8a       0x62 Iros.o
                0x000000000000cf8a                load_splash
 .text.load_high_scores
                0x000000000000cfec      0x228 Iros.o
                0x000000000000cfec                load_high_scores
 .text.exit_game
                0x000000000000d214       0x20 Iros.o
                0x000000000000d214                exit_game
 .text.update_splash
                0x000000000000d234       0xf8 Iros.o
                0x000000000000d234                update_splash
 .text.update_high_scores
                0x000000000000d32c      0x1cc Iros.o
                0x000000000000d32c                update_high_scores
 .text.tally_score
                0x000000000000d4f8      0x27e Iros.o
                0x000000000000d4f8                tally_score
 .text.handle_player_death
                0x000000000000d776       0x80 Iros.o
                0x000000000000d776                handle_player_death
 .text.update_player
                0x000000000000d7f6      0x466 Iros.o
                0x000000000000d7f6                update_player
 .text.update_level
                0x000000000000dc5c      0x2b4 Iros.o
                0x000000000000dc5c                update_level
 .text.update_pause
                0x000000000000df10       0xf0 Iros.o
                0x000000000000df10                update_pause
 .text.challenge
                0x000000000000e000       0x9a Iros.o
                0x000000000000e000                challenge
 .text.update_player_ai
                0x000000000000e09a       0xf6 Iros.o
                0x000000000000e09a                update_player_ai
 .text.startup.main
                0x000000000000e190      0x116 Iros.o
                0x000000000000e190                main
 .text.libgcc.div
                0x000000000000e2a6       0x18 /usr/local/lib/gcc/avr/4.9.2/avr5/libgcc.a(_udivmodqi4.o)
                0x000000000000e2a6                __udivmodqi4
 .text.libgcc.div
                0x000000000000e2be       0x1c /usr/local/lib/gcc/avr/4.9.2/avr5/libgcc.a(_divmodqi4.o)
                0x000000000000e2be                __divmodqi4
 .text.libgcc.div
                0x000000000000e2da       0x28 /usr/local/lib/gcc/avr/4.9.2/avr5/libgcc.a(_udivmodhi4.o)
                0x000000000000e2da                __udivmodhi4
 .text.libgcc.div
                0x000000000000e302       0x28 /usr/local/lib/gcc/avr/4.9.2/avr5/libgcc.a(_divmodhi4.o)
                0x000000000000e302                __divmodhi4
                0x000000000000e302                _div
 .text.libgcc   0x000000000000e32a        0xc /usr/local/lib/gcc/avr/4.9.2/avr5/libgcc.a(_tablejump2.o)
                0x000000000000e32a                __tablejump2__
 .text.avr-libc.fplib
                0x000000000000e336        0xa /usr/local/lib/gcc/avr/4.9.2/../../../../avr/lib/avr5/libm.a(addsf3.o)
                0x000000000000e336                __subsf3
                0x000000000000e338                __addsf3
 .text.avr-libc.fplib
                0x000000000000e340       0xc0 /usr/local/lib/gcc/avr/4.9.2/../../../../avr/lib/avr5/libm.a(addsf3x.o)
                0x000000000000e35a                __addsf3x
 .text.avr-libc.fplib
                0x000000000000e400        0xa /usr/local/lib/gcc/avr/4.9.2/../../../../avr/lib/avr5/libm.a(fixsfsi.o)
                0x000000000000e400                __fixsfsi
 .text.avr-libc.fplib
                0x000000000000e40a       0x58 /usr/local/lib/gcc/avr/4.9.2/../../../../avr/lib/avr5/libm.a(fixunssfsi.o)
                0x000000000000e40a                __fixunssfsi
 .text.avr-libc.fplib
                0x000000000000e462       0x7a /usr/local/lib/gcc/avr/4.9.2/../../../../avr/lib/avr5/libm.a(floatsisf.o)
                0x000000000000e462                __floatunsisf
                0x000000000000e466                __floatsisf
 .text.avr-libc.fplib
                0x000000000000e4dc        0xc /usr/local/lib/gcc/avr/4.9.2/../../../../avr/lib/avr5/libm.a(fp_inf.o)
                0x000000000000e4dc                __fp_inf
 .text.avr-libc.fplib
                0x000000000000e4e8        0x6 /usr/local/lib/gcc/avr/4.9.2/../../../../avr/lib/avr5/libm.a(fp_nan.o)
                0x000000000000e4e8                __fp_nan
 .text.avr-libc.fplib
                0x000000000000e4ee        0xe /usr/local/lib/gcc/avr/4.9.2/../../../../avr/lib/avr5/libm.a(fp_pscA.o)
                0x000000000000e4ee                __fp_pscA
 .text.avr-libc.fplib
                0x000000000000e4fc        0xe /usr/local/lib/gcc/avr/4.9.2/../../../../avr/lib/avr5/libm.a(fp_pscB.o)
                0x000000000000e4fc                __fp_pscB
 .text.avr-libc.fplib
                0x000000000000e50a       0x22 /usr/local/lib/gcc/avr/4.9.2/../../../../avr/lib/avr5/libm.a(fp_round.o)
                0x000000000000e50a                __fp_round
 .text.avr-libc.fplib
                0x000000000000e52c       0x44 /usr/local/lib/gcc/avr/4.9.2/../../../../avr/lib/avr5/libm.a(fp_split3.o)
                0x000000000000e52c                __fp_split3
                0x000000000000e53c                __fp_splitA
 .text.avr-libc.fplib
                0x000000000000e570        0xe /usr/local/lib/gcc/avr/4.9.2/../../../../avr/lib/avr5/libm.a(fp_zero.o)
                0x000000000000e570                __fp_zero
                0x000000000000e572                __fp_szero
 .text.avr-libc.fplib
                0x000000000000e57e        0x4 /usr/local/lib/gcc/avr/4.9.2/../../../../avr/lib/avr5/libm.a(mulsf3.o)
                0x000000000000e57e                __mulsf3
 .text.avr-libc.fplib
                0x000000000000e582       0xc2 /usr/local/lib/gcc/avr/4.9.2/../../../../avr/lib/avr5/libm.a(mulsf3x.o)
                0x000000000000e596                __mulsf3x
                0x000000000000e59a                __mulsf3_pse
 .text.avr-libc
                0x000000000000e644       0x16 /usr/local/lib/gcc/avr/4.9.2/../../../../avr/lib/avr5/libc.a(strnlen_P.o)
                0x000000000000e644                strnlen_P
                0x000000000000e65a                . = ALIGN (0x2)
 *(.fini9)
 .fini9         0x000000000000e65a        0x0 /usr/local/lib/gcc/avr/4.9.2/avr5/libgcc.a(_exit.o)
                0x000000000000e65a                exit
                0x000000000000e65a                _exit
 *(.fini9)
 *(.fini8)
 *(.fini8)
 *(.fini7)
 *(.fini7)
 *(.fini6)
 *(.fini6)
 *(.fini5)
 *(.fini5)
 *(.fini4)
 *(.fini4)
 *(.fini3)
 *(.fini3)
 *(.fini2)
 *(.fini2)
 *(.fini1)
 *(.fini1)
 *(.fini0)
 .fini0         0x000000000000e65a        0x4 /usr/local/lib/gcc/avr/4.9.2/avr5/libgcc.a(_exit.o)
 *(.fini0)
                0x000000000000e65e                _etext = .

.data           0x0000000000800500       0x10 load address 0x000000000000e65e
                0x0000000000800500                PROVIDE (__data_start, .)
 *(.data)
 .data          0x0000000000800500        0x1 uzeboxVideoEngine.o
 .data          0x0000000000800501        0x1 Iros.o
 *(.data*)
 *(.rodata)
 .rodata        0x0000000000800502        0xe Iros.o
 *(.rodata*)
 *(.gnu.linkonce.d*)
                0x0000000000800510                . = ALIGN (0x2)
                0x0000000000800510                _edata = .
                0x0000000000800510                PROVIDE (__data_end, .)

.bss            0x0000000000800510      0xb4b
                0x0000000000800510                PROVIDE (__bss_start, .)
 *(.bss)
 .bss           0x0000000000800510      0x7be uzeboxVideoEngineCore.o
                0x0000000000800510                sprites
                0x0000000000800550                ram_tiles
                0x0000000000800c50                ram_tiles_restore
                0x0000000000800ca4                free_tile_index
                0x0000000000800ca5                user_ram_tiles_c
                0x0000000000800ca6                user_ram_tiles_c_tmp
                0x0000000000800ca7                sprites_tile_banks
                0x0000000000800cb2                Screen
                0x0000000000800cb8                sync_phase
                0x0000000000800cb9                sync_pulse
                0x0000000000800cba                sync_flags
                0x0000000000800cbf                first_render_line
                0x0000000000800cc0                render_lines_count
                0x0000000000800cc1                joypad1_status_lo
                0x0000000000800cc3                joypad1_status_hi
                0x0000000000800cc5                joypad2_status_lo
                0x0000000000800cc7                joypad2_status_hi
 .bss           0x0000000000800cce        0x2 uzeboxCore.o
 .bss           0x0000000000800cd0        0x1 uzeboxSoundEngine.o
                0x0000000000800cd0                playSong
 .bss           0x0000000000800cd1       0x23 uzeboxSoundEngineCore.o
                0x0000000000800cd1                sound_enabled
                0x0000000000800cd2                mixer
                0x0000000000800ce5                tr4_params
                0x0000000000800ce6                tr4_barrel_lo
                0x0000000000800ce7                tr4_barrel_hi
 .bss           0x0000000000800cf4        0xd Iros.o
 *(.bss*)
 *(COMMON)
 COMMON         0x0000000000800d01        0x1 uzeboxCore.o
                0x0000000000800d01                joypadsConnectionStatus
 COMMON         0x0000000000800d02       0x83 uzeboxSoundEngine.o
                0x0000000000800d02                songStart
                0x0000000000800d04                tracks
                0x0000000000800d77                currDeltaTime
                0x0000000000800d79                patchPointers
                0x0000000000800d7b                lastStatus
                0x0000000000800d7c                masterVolume
                0x0000000000800d7d                nextDeltaTime
                0x0000000000800d7f                songSpeed
                0x0000000000800d80                songPos
                0x0000000000800d82                loopStart
                0x0000000000800d84                step
 COMMON         0x0000000000800d85        0x5 uzeboxVideoEngine.o
                0x0000000000800d85                fadeSpeed
                0x0000000000800d86                fadeDir
                0x0000000000800d87                fadeActive
                0x0000000000800d88                currFadeFrame
                0x0000000000800d89                fadeStep
 COMMON         0x0000000000800d8a      0x2d1 Iros.o
                0x0000000000800d8a                font_tiles_map
                0x0000000000800d8c                shot_top_anim
                0x0000000000800d8e                boss_run_anim
                0x0000000000800d96                jump_anim
                0x0000000000800d98                scores
                0x0000000000800db8                game
                0x0000000000800fd9                boss_shot_top_anim
                0x0000000000800fdb                prone_anim
                0x0000000000800fdd                spider_anim
                0x0000000000800fe1                shark_anim
                0x0000000000800fe3                extendedSprites
                0x0000000000801033                turret_anim
                0x0000000000801035                boss_shot_bottom_anim
                0x0000000000801037                run_anim
                0x000000000080103f                shot_middle_anim
                0x0000000000801041                boss_jump_anim
                0x0000000000801043                enemy_shot_anim
                0x0000000000801045                globe_anim
                0x0000000000801047                drone_anim
                0x0000000000801049                expl_anim
                0x000000000080104f                shot_bottom_anim
                0x0000000000801051                boss_idle_anim
                0x0000000000801053                boss_shot_middle_anim
                0x0000000000801055                xwing_anim
                0x0000000000801057                hazard_anim
                0x0000000000801059                idle_anim
                0x000000000080105b                PROVIDE (__bss_end, .)
                0x000000000000e65e                __data_load_start = LOADADDR (.data)
                0x000000000000e66e                __data_load_end = (__data_load_start + SIZEOF (.data))

.noinit         0x0000000000800100      0x400
                0x0000000000800100                PROVIDE (__noinit_start, .)
 *(.noinit*)
 .noinit        0x0000000000800100      0x400 uzeboxVideoEngineCore.o
                0x0000000000800100                vram
                0x0000000000800500                overlay_vram
                0x0000000000800500                PROVIDE (__noinit_end, .)
                0x0000000000800500                _end = .
                0x0000000000800500                PROVIDE (__heap_start, .)

.eeprom         0x0000000000810000        0x0
 *(.eeprom*)
                0x0000000000810000                __eeprom_end = .

.fuse
 *(.fuse)
 *(.lfuse)
 *(.hfuse)
 *(.efuse)

.lock
 *(.lock*)

.signature
 *(.signature*)

.stab           0x0000000000000000      0x708
 *(.stab)
 .stab          0x0000000000000000       0xf0 /usr/local/lib/gcc/avr/4.9.2/avr5/libgcc.a(_udivmodqi4.o)
 .stab          0x00000000000000f0       0xf0 /usr/local/lib/gcc/avr/4.9.2/avr5/libgcc.a(_divmodqi4.o)
                                         0xfc (size before relaxing)
 .stab          0x00000000000001e0      0x15c /usr/local/lib/gcc/avr/4.9.2/avr5/libgcc.a(_udivmodhi4.o)
                                        0x168 (size before relaxing)
 .stab          0x000000000000033c      0x138 /usr/local/lib/gcc/avr/4.9.2/avr5/libgcc.a(_divmodhi4.o)
                                        0x144 (size before relaxing)
 .stab          0x0000000000000474       0x6c /usr/local/lib/gcc/avr/4.9.2/avr5/libgcc.a(_exit.o)
                                         0x78 (size before relaxing)
 .stab          0x00000000000004e0       0x9c /usr/local/lib/gcc/avr/4.9.2/avr5/libgcc.a(_tablejump2.o)
                                         0xa8 (size before relaxing)
 .stab          0x000000000000057c       0xd8 /usr/local/lib/gcc/avr/4.9.2/avr5/libgcc.a(_copy_data.o)
                                         0xe4 (size before relaxing)
 .stab          0x0000000000000654       0xb4 /usr/local/lib/gcc/avr/4.9.2/avr5/libgcc.a(_clear_bss.o)
                                         0xc0 (size before relaxing)

.stabstr        0x0000000000000000      0x2f1
 *(.stabstr)
 .stabstr       0x0000000000000000      0x2f1 /usr/local/lib/gcc/avr/4.9.2/avr5/libgcc.a(_udivmodqi4.o)

.stab.excl
 *(.stab.excl)

.stab.exclstr
 *(.stab.exclstr)

.stab.index
 *(.stab.index)

.stab.indexstr
 *(.stab.indexstr)

.comment        0x0000000000000000       0x11
 *(.comment)
 .comment       0x0000000000000000       0x11 uzeboxCore.o
                                         0x12 (size before relaxing)
 .comment       0x0000000000000011       0x12 uzeboxSoundEngine.o
 .comment       0x0000000000000011       0x12 uzeboxVideoEngine.o
 .comment       0x0000000000000011       0x12 Iros.o

.note.gnu.build-id
 *(.note.gnu.build-id)

.debug
 *(.debug)

.line
 *(.line)

.debug_srcinfo
 *(.debug_srcinfo)

.debug_sfnames
 *(.debug_sfnames)

.debug_aranges  0x0000000000000000      0x788
 *(.debug_aranges)
 .debug_aranges
                0x0000000000000000       0xf8 uzeboxVideoEngineCore.o
 .debug_aranges
                0x00000000000000f8       0x90 uzeboxCore.o
 .debug_aranges
                0x0000000000000188      0x100 uzeboxSoundEngine.o
 .debug_aranges
                0x0000000000000288       0x50 uzeboxSoundEngineCore.o
 .debug_aranges
                0x00000000000002d8      0x108 uzeboxVideoEngine.o
 .debug_aranges
                0x00000000000003e0      0x3a8 Iros.o

.debug_pubnames
 *(.debug_pubnames)

.debug_info     0x0000000000000000     0xac05
 *(.debug_info .gnu.linkonce.wi.*)
 .debug_info    0x0000000000000000      0x672 /usr/local/lib/gcc/avr/4.9.2/../../../../avr/lib/avr5/crtm644.o
 .debug_info    0x0000000000000672       0x7b uzeboxVideoEngineCore.o
 .debug_info    0x00000000000006ed      0xab8 uzeboxCore.o
 .debug_info    0x00000000000011a5     0x12e8 uzeboxSoundEngine.o
 .debug_info    0x000000000000248d       0x72 uzeboxSoundEngineCore.o
 .debug_info    0x00000000000024ff     0x12d2 uzeboxVideoEngine.o
 .debug_info    0x00000000000037d1     0x7434 Iros.o

.debug_abbrev   0x0000000000000000     0x162d
 *(.debug_abbrev)
 .debug_abbrev  0x0000000000000000      0x619 /usr/local/lib/gcc/avr/4.9.2/../../../../avr/lib/avr5/crtm644.o
 .debug_abbrev  0x0000000000000619       0x12 uzeboxVideoEngineCore.o
 .debug_abbrev  0x000000000000062b      0x32b uzeboxCore.o
 .debug_abbrev  0x0000000000000956      0x35c uzeboxSoundEngine.o
 .debug_abbrev  0x0000000000000cb2       0x12 uzeboxSoundEngineCore.o
 .debug_abbrev  0x0000000000000cc4      0x3b3 uzeboxVideoEngine.o
 .debug_abbrev  0x0000000000001077      0x5b6 Iros.o

.debug_line     0x0000000000000000     0x28a1
 *(.debug_line .debug_line.* .debug_line_end)
 .debug_line    0x0000000000000000       0x1d /usr/local/lib/gcc/avr/4.9.2/../../../../avr/lib/avr5/crtm644.o
 .debug_line    0x000000000000001d      0x5d3 uzeboxVideoEngineCore.o
 .debug_line    0x00000000000005f0      0x2b9 uzeboxCore.o
 .debug_line    0x00000000000008a9      0x3e6 uzeboxSoundEngine.o
 .debug_line    0x0000000000000c8f      0x1a9 uzeboxSoundEngineCore.o
 .debug_line    0x0000000000000e38      0x482 uzeboxVideoEngine.o
 .debug_line    0x00000000000012ba     0x15e7 Iros.o

.debug_frame    0x0000000000000000     0x17e8
 *(.debug_frame)
 .debug_frame   0x0000000000000000      0x1cc uzeboxCore.o
 .debug_frame   0x00000000000001cc      0x284 uzeboxSoundEngine.o
 .debug_frame   0x0000000000000450      0x4b4 uzeboxVideoEngine.o
 .debug_frame   0x0000000000000904      0xee4 Iros.o

.debug_str      0x0000000000000000     0x2071
 *(.debug_str)
 .debug_str     0x0000000000000000      0x231 /usr/local/lib/gcc/avr/4.9.2/../../../../avr/lib/avr5/crtm644.o
 .debug_str     0x0000000000000231      0x4bd uzeboxCore.o
                                        0x514 (size before relaxing)
 .debug_str     0x00000000000006ee      0x405 uzeboxSoundEngine.o
                                        0x644 (size before relaxing)
 .debug_str     0x0000000000000af3      0x2fb uzeboxVideoEngine.o
                                        0x4bf (size before relaxing)
 .debug_str     0x0000000000000dee     0x1283 Iros.o
                                       0x16eb (size before relaxing)

.debug_loc      0x0000000000000000     0x9576
 *(.debug_loc)
 .debug_loc     0x0000000000000000      0x9f9 uzeboxCore.o
 .debug_loc     0x00000000000009f9     0x1148 uzeboxSoundEngine.o
 .debug_loc     0x0000000000001b41     0x1cec uzeboxVideoEngine.o
 .debug_loc     0x000000000000382d     0x5d49 Iros.o

.debug_macinfo
 *(.debug_macinfo)

.debug_weaknames
 *(.debug_weaknames)

.debug_funcnames
 *(.debug_funcnames)

.debug_typenames
 *(.debug_typenames)

.debug_varnames
 *(.debug_varnames)

.debug_pubtypes
 *(.debug_pubtypes)

.debug_ranges   0x0000000000000000      0x920
 *(.debug_ranges)
 .debug_ranges  0x0000000000000000       0xf0 uzeboxVideoEngineCore.o
 .debug_ranges  0x00000000000000f0       0x98 uzeboxCore.o
 .debug_ranges  0x0000000000000188      0x138 uzeboxSoundEngine.o
 .debug_ranges  0x00000000000002c0       0x48 uzeboxSoundEngineCore.o
 .debug_ranges  0x0000000000000308      0x140 uzeboxVideoEngine.o
 .debug_ranges  0x0000000000000448      0x4d8 Iros.o

.debug_macro
 *(.debug_macro)
OUTPUT(Iros.elf elf32-avr)
LOAD linker stubs
