Archive member included to satisfy reference by file (symbol)

/usr/local/lib/gcc/avr/4.9.2/avr5/libgcc.a(_udivmodqi4.o)
                              uzeboxVideoEngine.o (__udivmodqi4)
/usr/local/lib/gcc/avr/4.9.2/avr5/libgcc.a(_divmodqi4.o)
                              Iros.o (__divmodqi4)
/usr/local/lib/gcc/avr/4.9.2/avr5/libgcc.a(_udivmodhi4.o)
                              uzeboxVideoEngine.o (__udivmodhi4)
/usr/local/lib/gcc/avr/4.9.2/avr5/libgcc.a(_divmodhi4.o)
                              uzeboxSoundEngine.o (__divmodhi4)
/usr/local/lib/gcc/avr/4.9.2/avr5/libgcc.a(_udivmodsi4.o)
                              uzeboxVideoEngine.o (__udivmodsi4)
/usr/local/lib/gcc/avr/4.9.2/avr5/libgcc.a(_exit.o)
                              /usr/local/lib/gcc/avr/4.9.2/../../../../avr/lib/avr5/crtm644.o (exit)
/usr/local/lib/gcc/avr/4.9.2/avr5/libgcc.a(_tablejump2.o)
                              Iros.o (__tablejump2__)
/usr/local/lib/gcc/avr/4.9.2/avr5/libgcc.a(_copy_data.o)
                              uzeboxVideoEngine.o (__do_copy_data)
/usr/local/lib/gcc/avr/4.9.2/avr5/libgcc.a(_clear_bss.o)
                              uzeboxCore.o (__do_clear_bss)
/usr/local/lib/gcc/avr/4.9.2/../../../../avr/lib/avr5/libm.a(addsf3.o)
                              Iros.o (__addsf3)
/usr/local/lib/gcc/avr/4.9.2/../../../../avr/lib/avr5/libm.a(addsf3x.o)
                              /usr/local/lib/gcc/avr/4.9.2/../../../../avr/lib/avr5/libm.a(addsf3.o) (__addsf3x)
/usr/local/lib/gcc/avr/4.9.2/../../../../avr/lib/avr5/libm.a(fixsfsi.o)
                              Iros.o (__fixsfsi)
/usr/local/lib/gcc/avr/4.9.2/../../../../avr/lib/avr5/libm.a(fixunssfsi.o)
                              /usr/local/lib/gcc/avr/4.9.2/../../../../avr/lib/avr5/libm.a(fixsfsi.o) (__fixunssfsi)
/usr/local/lib/gcc/avr/4.9.2/../../../../avr/lib/avr5/libm.a(floatsisf.o)
                              Iros.o (__floatsisf)
/usr/local/lib/gcc/avr/4.9.2/../../../../avr/lib/avr5/libm.a(fp_inf.o)
                              /usr/local/lib/gcc/avr/4.9.2/../../../../avr/lib/avr5/libm.a(addsf3x.o) (__fp_inf)
/usr/local/lib/gcc/avr/4.9.2/../../../../avr/lib/avr5/libm.a(fp_nan.o)
                              /usr/local/lib/gcc/avr/4.9.2/../../../../avr/lib/avr5/libm.a(addsf3x.o) (__fp_nan)
/usr/local/lib/gcc/avr/4.9.2/../../../../avr/lib/avr5/libm.a(fp_pscA.o)
                              /usr/local/lib/gcc/avr/4.9.2/../../../../avr/lib/avr5/libm.a(addsf3x.o) (__fp_pscA)
/usr/local/lib/gcc/avr/4.9.2/../../../../avr/lib/avr5/libm.a(fp_pscB.o)
                              /usr/local/lib/gcc/avr/4.9.2/../../../../avr/lib/avr5/libm.a(addsf3x.o) (__fp_pscB)
/usr/local/lib/gcc/avr/4.9.2/../../../../avr/lib/avr5/libm.a(fp_round.o)
                              /usr/local/lib/gcc/avr/4.9.2/../../../../avr/lib/avr5/libm.a(addsf3.o) (__fp_round)
/usr/local/lib/gcc/avr/4.9.2/../../../../avr/lib/avr5/libm.a(fp_split3.o)
                              /usr/local/lib/gcc/avr/4.9.2/../../../../avr/lib/avr5/libm.a(addsf3x.o) (__fp_split3)
/usr/local/lib/gcc/avr/4.9.2/../../../../avr/lib/avr5/libm.a(fp_zero.o)
                              /usr/local/lib/gcc/avr/4.9.2/../../../../avr/lib/avr5/libm.a(addsf3x.o) (__fp_zero)
/usr/local/lib/gcc/avr/4.9.2/../../../../avr/lib/avr5/libm.a(mulsf3.o)
                              Iros.o (__mulsf3)
/usr/local/lib/gcc/avr/4.9.2/../../../../avr/lib/avr5/libm.a(mulsf3x.o)
                              /usr/local/lib/gcc/avr/4.9.2/../../../../avr/lib/avr5/libm.a(mulsf3.o) (__mulsf3x)
/usr/local/lib/gcc/avr/4.9.2/../../../../avr/lib/avr5/libc.a(strnlen_P.o)
                              Iros.o (strnlen_P)

Allocating common symbols
Common symbol       size              file

songStart           0x2               uzeboxSoundEngine.o
font_tiles_map      0x2               Iros.o
shot_top_anim       0x2               Iros.o
tracks              0x73              uzeboxSoundEngine.o
boss_run_anim       0x8               Iros.o
jump_anim           0x2               Iros.o
scores              0x20              Iros.o
fadeSpeed           0x1               uzeboxVideoEngine.o
currDeltaTime       0x2               uzeboxSoundEngine.o
fadeDir             0x1               uzeboxVideoEngine.o
patchPointers       0x2               uzeboxSoundEngine.o
game                0x221             Iros.o
lastStatus          0x1               uzeboxSoundEngine.o
boss_shot_top_anim  0x2               Iros.o
joypadsConnectionStatus
                    0x1               uzeboxCore.o
fadeActive          0x1               uzeboxVideoEngine.o
masterVolume        0x1               uzeboxSoundEngine.o
prone_anim          0x2               Iros.o
nextDeltaTime       0x2               uzeboxSoundEngine.o
spider_anim         0x4               Iros.o
songSpeed           0x1               uzeboxSoundEngine.o
songPos             0x2               uzeboxSoundEngine.o
shark_anim          0x2               Iros.o
extendedSprites     0x50              Iros.o
turret_anim         0x2               Iros.o
boss_shot_bottom_anim
                    0x2               Iros.o
run_anim            0x8               Iros.o
shot_middle_anim    0x2               Iros.o
boss_jump_anim      0x2               Iros.o
enemy_shot_anim     0x2               Iros.o
loopStart           0x2               uzeboxSoundEngine.o
globe_anim          0x2               Iros.o
drone_anim          0x2               Iros.o
step                0x1               uzeboxSoundEngine.o
expl_anim           0x6               Iros.o
boss_prone_anim     0x2               Iros.o
currFadeFrame       0x1               uzeboxVideoEngine.o
fadeStep            0x1               uzeboxVideoEngine.o
shot_bottom_anim    0x2               Iros.o
boss_idle_anim      0x2               Iros.o
boss_shot_middle_anim
                    0x2               Iros.o
xwing_anim          0x2               Iros.o
hazard_anim         0x2               Iros.o
idle_anim           0x2               Iros.o

Discarded input sections

 .data          0x0000000000000000        0x0 /usr/local/lib/gcc/avr/4.9.2/../../../../avr/lib/avr5/crtm644.o
 .bss           0x0000000000000000        0x0 /usr/local/lib/gcc/avr/4.9.2/../../../../avr/lib/avr5/crtm644.o
 .data          0x0000000000000000        0x0 uzeboxVideoEngineCore.o
 .text.SetSpritesTileBank
                0x0000000000000000       0x12 uzeboxVideoEngineCore.o
 .text.SetFont  0x0000000000000000        0x8 uzeboxVideoEngineCore.o
 .text.SetFontTilesIndex
                0x0000000000000000        0x6 uzeboxVideoEngineCore.o
 .text.GetTile  0x0000000000000000       0x24 uzeboxVideoEngineCore.o
 .text.GetVsyncCounter
                0x0000000000000000        0xa uzeboxVideoEngineCore.o
 .text.ClearVsyncCounter
                0x0000000000000000        0xa uzeboxVideoEngineCore.o
 .text.SetUserPreVsyncCallback
                0x0000000000000000        0xa uzeboxVideoEngineCore.o
 .text.SetUserPostVsyncCallback
                0x0000000000000000        0xa uzeboxVideoEngineCore.o
 .text.IsRunningInEmulator
                0x0000000000000000       0x12 uzeboxVideoEngineCore.o
 .text.WaitClocks
                0x0000000000000000        0x6 uzeboxVideoEngineCore.o
 .text.SetLedOn
                0x0000000000000000        0x4 uzeboxVideoEngineCore.o
 .text.SetLedOff
                0x0000000000000000        0x4 uzeboxVideoEngineCore.o
 .text.ToggleLed
                0x0000000000000000        0x4 uzeboxVideoEngineCore.o
 .text.internal_spi_byte
                0x0000000000000000        0xe uzeboxVideoEngineCore.o
 .text          0x0000000000000000        0x0 uzeboxCore.o
 .data          0x0000000000000000        0x0 uzeboxCore.o
 .text.SetRenderingParameters
                0x0000000000000000        0xa uzeboxCore.o
 .text.DetectControllers
                0x0000000000000000       0x36 uzeboxCore.o
 .text.FormatEeprom2
                0x0000000000000000       0x98 uzeboxCore.o
 .text.IsPowerSwitchPressed
                0x0000000000000000        0xe uzeboxCore.o
 .text          0x0000000000000000        0x0 uzeboxSoundEngine.o
 .data          0x0000000000000000        0x0 uzeboxSoundEngine.o
 .text.SetSongSpeed
                0x0000000000000000        0x6 uzeboxSoundEngine.o
 .text.GetSongSpeed
                0x0000000000000000        0x6 uzeboxSoundEngine.o
 .text.GetMasterVolume
                0x0000000000000000        0x6 uzeboxSoundEngine.o
 .data          0x0000000000000000        0x0 uzeboxSoundEngineCore.o
 .text.SetMixerNoiseParams
                0x0000000000000000       0x10 uzeboxSoundEngineCore.o
 .text.SetMixerVolume
                0x0000000000000000       0x16 uzeboxSoundEngineCore.o
 .text.EnableSoundEngine
                0x0000000000000000        0x8 uzeboxSoundEngineCore.o
 .text          0x0000000000000000        0x0 uzeboxVideoEngine.o
 .bss           0x0000000000000000        0x0 uzeboxVideoEngine.o
 .text.SetUserRamTilesCount
                0x0000000000000000        0x6 uzeboxVideoEngine.o
 .text.GetUserRamTile
                0x0000000000000000        0xe uzeboxVideoEngine.o
 .text.SetSpriteVisibility
                0x0000000000000000        0x6 uzeboxVideoEngine.o
 .text.SetScrolling
                0x0000000000000000       0x28 uzeboxVideoEngine.o
 .text.MapSprite
                0x0000000000000000       0x80 uzeboxVideoEngine.o
 .text.MapSprite2
                0x0000000000000000       0xa4 uzeboxVideoEngine.o
 .text.MoveSprite
                0x0000000000000000       0x7c uzeboxVideoEngine.o
 .text.PrintLong
                0x0000000000000000       0x8a uzeboxVideoEngine.o
 .text.PrintByte
                0x0000000000000000       0x66 uzeboxVideoEngine.o
 .text.PrintInt
                0x0000000000000000       0x70 uzeboxVideoEngine.o
 .text.PrintBinaryByte
                0x0000000000000000       0x36 uzeboxVideoEngine.o
 .text.PrintHexByte
                0x0000000000000000       0x40 uzeboxVideoEngine.o
 .text.PrintHexInt
                0x0000000000000000       0x24 uzeboxVideoEngine.o
 .text.PrintHexLong
                0x0000000000000000       0x5e uzeboxVideoEngine.o
 .text.Print    0x0000000000000000       0x36 uzeboxVideoEngine.o
 .text.PrintRam
                0x0000000000000000       0x36 uzeboxVideoEngine.o
 .text.PrintChar
                0x0000000000000000        0x6 uzeboxVideoEngine.o
 .text.Fill     0x0000000000000000       0x6e uzeboxVideoEngine.o
 .text.FontFill
                0x0000000000000000       0x6c uzeboxVideoEngine.o
 .text          0x0000000000000000        0x0 Iros.o
 .text.LBResetJoyPadState
                0x0000000000000000       0x12 Iros.o
 .text.LBSetFontTilesMap
                0x0000000000000000        0xa Iros.o
 .text.init_shot
                0x0000000000000000       0x46 Iros.o
 .text.save_eeprom
                0x0000000000000000        0x4 Iros.o
 .text.render_level_tile
                0x0000000000000000        0xe Iros.o
 .text.get_camera_x
                0x0000000000000000        0x4 Iros.o
 .text.get_camera_y
                0x0000000000000000        0x4 Iros.o
 .text.get_hero_spawn_x
                0x0000000000000000        0x4 Iros.o
 .text.get_hero_spawn_y
                0x0000000000000000        0x4 Iros.o
 .text.get_boss_spawn_x
                0x0000000000000000        0x4 Iros.o
 .text.get_boss_spawn_y
                0x0000000000000000        0x4 Iros.o
 .text.solid_tile
                0x0000000000000000        0xe Iros.o
 .text.hazard_tile
                0x0000000000000000        0xe Iros.o
 .text.hazard_projectile_tile
                0x0000000000000000        0xe Iros.o
 .text.music_toggle_pressed
                0x0000000000000000        0x8 Iros.o
 .text          0x0000000000000000        0x0 /usr/local/lib/gcc/avr/4.9.2/avr5/libgcc.a(_udivmodqi4.o)
 .data          0x0000000000000000        0x0 /usr/local/lib/gcc/avr/4.9.2/avr5/libgcc.a(_udivmodqi4.o)
 .bss           0x0000000000000000        0x0 /usr/local/lib/gcc/avr/4.9.2/avr5/libgcc.a(_udivmodqi4.o)
 .text.libgcc.mul
                0x0000000000000000        0x0 /usr/local/lib/gcc/avr/4.9.2/avr5/libgcc.a(_udivmodqi4.o)
 .text.libgcc   0x0000000000000000        0x0 /usr/local/lib/gcc/avr/4.9.2/avr5/libgcc.a(_udivmodqi4.o)
 .text.libgcc.prologue
                0x0000000000000000        0x0 /usr/local/lib/gcc/avr/4.9.2/avr5/libgcc.a(_udivmodqi4.o)
 .text.libgcc.builtins
                0x0000000000000000        0x0 /usr/local/lib/gcc/avr/4.9.2/avr5/libgcc.a(_udivmodqi4.o)
 .text.libgcc.fmul
                0x0000000000000000        0x0 /usr/local/lib/gcc/avr/4.9.2/avr5/libgcc.a(_udivmodqi4.o)
 .text.libgcc.fixed
                0x0000000000000000        0x0 /usr/local/lib/gcc/avr/4.9.2/avr5/libgcc.a(_udivmodqi4.o)
 .text          0x0000000000000000        0x0 /usr/local/lib/gcc/avr/4.9.2/avr5/libgcc.a(_divmodqi4.o)
 .data          0x0000000000000000        0x0 /usr/local/lib/gcc/avr/4.9.2/avr5/libgcc.a(_divmodqi4.o)
 .bss           0x0000000000000000        0x0 /usr/local/lib/gcc/avr/4.9.2/avr5/libgcc.a(_divmodqi4.o)
 .text.libgcc.mul
                0x0000000000000000        0x0 /usr/local/lib/gcc/avr/4.9.2/avr5/libgcc.a(_divmodqi4.o)
 .text.libgcc   0x0000000000000000        0x0 /usr/local/lib/gcc/avr/4.9.2/avr5/libgcc.a(_divmodqi4.o)
 .text.libgcc.prologue
                0x0000000000000000        0x0 /usr/local/lib/gcc/avr/4.9.2/avr5/libgcc.a(_divmodqi4.o)
 .text.libgcc.builtins
                0x0000000000000000        0x0 /usr/local/lib/gcc/avr/4.9.2/avr5/libgcc.a(_divmodqi4.o)
 .text.libgcc.fmul
                0x0000000000000000        0x0 /usr/local/lib/gcc/avr/4.9.2/avr5/libgcc.a(_divmodqi4.o)
 .text.libgcc.fixed
                0x0000000000000000        0x0 /usr/local/lib/gcc/avr/4.9.2/avr5/libgcc.a(_divmodqi4.o)
 .text          0x0000000000000000        0x0 /usr/local/lib/gcc/avr/4.9.2/avr5/libgcc.a(_udivmodhi4.o)
 .data          0x0000000000000000        0x0 /usr/local/lib/gcc/avr/4.9.2/avr5/libgcc.a(_udivmodhi4.o)
 .bss           0x0000000000000000        0x0 /usr/local/lib/gcc/avr/4.9.2/avr5/libgcc.a(_udivmodhi4.o)
 .text.libgcc.mul
                0x0000000000000000        0x0 /usr/local/lib/gcc/avr/4.9.2/avr5/libgcc.a(_udivmodhi4.o)
 .text.libgcc   0x0000000000000000        0x0 /usr/local/lib/gcc/avr/4.9.2/avr5/libgcc.a(_udivmodhi4.o)
 .text.libgcc.prologue
                0x0000000000000000        0x0 /usr/local/lib/gcc/avr/4.9.2/avr5/libgcc.a(_udivmodhi4.o)
 .text.libgcc.builtins
                0x0000000000000000        0x0 /usr/local/lib/gcc/avr/4.9.2/avr5/libgcc.a(_udivmodhi4.o)
 .text.libgcc.fmul
                0x0000000000000000        0x0 /usr/local/lib/gcc/avr/4.9.2/avr5/libgcc.a(_udivmodhi4.o)
 .text.libgcc.fixed
                0x0000000000000000        0x0 /usr/local/lib/gcc/avr/4.9.2/avr5/libgcc.a(_udivmodhi4.o)
 .text          0x0000000000000000        0x0 /usr/local/lib/gcc/avr/4.9.2/avr5/libgcc.a(_divmodhi4.o)
 .data          0x0000000000000000        0x0 /usr/local/lib/gcc/avr/4.9.2/avr5/libgcc.a(_divmodhi4.o)
 .bss           0x0000000000000000        0x0 /usr/local/lib/gcc/avr/4.9.2/avr5/libgcc.a(_divmodhi4.o)
 .text.libgcc.mul
                0x0000000000000000        0x0 /usr/local/lib/gcc/avr/4.9.2/avr5/libgcc.a(_divmodhi4.o)
 .text.libgcc   0x0000000000000000        0x0 /usr/local/lib/gcc/avr/4.9.2/avr5/libgcc.a(_divmodhi4.o)
 .text.libgcc.prologue
                0x0000000000000000        0x0 /usr/local/lib/gcc/avr/4.9.2/avr5/libgcc.a(_divmodhi4.o)
 .text.libgcc.builtins
                0x0000000000000000        0x0 /usr/local/lib/gcc/avr/4.9.2/avr5/libgcc.a(_divmodhi4.o)
 .text.libgcc.fmul
                0x0000000000000000        0x0 /usr/local/lib/gcc/avr/4.9.2/avr5/libgcc.a(_divmodhi4.o)
 .text.libgcc.fixed
                0x0000000000000000        0x0 /usr/local/lib/gcc/avr/4.9.2/avr5/libgcc.a(_divmodhi4.o)
 .text          0x0000000000000000        0x0 /usr/local/lib/gcc/avr/4.9.2/avr5/libgcc.a(_udivmodsi4.o)
 .data          0x0000000000000000        0x0 /usr/local/lib/gcc/avr/4.9.2/avr5/libgcc.a(_udivmodsi4.o)
 .bss           0x0000000000000000        0x0 /usr/local/lib/gcc/avr/4.9.2/avr5/libgcc.a(_udivmodsi4.o)
 .stab          0x0000000000000000      0x228 /usr/local/lib/gcc/avr/4.9.2/avr5/libgcc.a(_udivmodsi4.o)
                                        0x234 (size before relaxing)
 .text.libgcc.mul
                0x0000000000000000        0x0 /usr/local/lib/gcc/avr/4.9.2/avr5/libgcc.a(_udivmodsi4.o)
 .text.libgcc.div
                0x0000000000000000       0x44 /usr/local/lib/gcc/avr/4.9.2/avr5/libgcc.a(_udivmodsi4.o)
 .text.libgcc   0x0000000000000000        0x0 /usr/local/lib/gcc/avr/4.9.2/avr5/libgcc.a(_udivmodsi4.o)
 .text.libgcc.prologue
                0x0000000000000000        0x0 /usr/local/lib/gcc/avr/4.9.2/avr5/libgcc.a(_udivmodsi4.o)
 .text.libgcc.builtins
                0x0000000000000000        0x0 /usr/local/lib/gcc/avr/4.9.2/avr5/libgcc.a(_udivmodsi4.o)
 .text.libgcc.fmul
                0x0000000000000000        0x0 /usr/local/lib/gcc/avr/4.9.2/avr5/libgcc.a(_udivmodsi4.o)
 .text.libgcc.fixed
                0x0000000000000000        0x0 /usr/local/lib/gcc/avr/4.9.2/avr5/libgcc.a(_udivmodsi4.o)
 .text          0x0000000000000000        0x0 /usr/local/lib/gcc/avr/4.9.2/avr5/libgcc.a(_exit.o)
 .data          0x0000000000000000        0x0 /usr/local/lib/gcc/avr/4.9.2/avr5/libgcc.a(_exit.o)
 .bss           0x0000000000000000        0x0 /usr/local/lib/gcc/avr/4.9.2/avr5/libgcc.a(_exit.o)
 .text.libgcc.mul
                0x0000000000000000        0x0 /usr/local/lib/gcc/avr/4.9.2/avr5/libgcc.a(_exit.o)
 .text.libgcc.div
                0x0000000000000000        0x0 /usr/local/lib/gcc/avr/4.9.2/avr5/libgcc.a(_exit.o)
 .text.libgcc   0x0000000000000000        0x0 /usr/local/lib/gcc/avr/4.9.2/avr5/libgcc.a(_exit.o)
 .text.libgcc.prologue
                0x0000000000000000        0x0 /usr/local/lib/gcc/avr/4.9.2/avr5/libgcc.a(_exit.o)
 .text.libgcc.builtins
                0x0000000000000000        0x0 /usr/local/lib/gcc/avr/4.9.2/avr5/libgcc.a(_exit.o)
 .text.libgcc.fmul
                0x0000000000000000        0x0 /usr/local/lib/gcc/avr/4.9.2/avr5/libgcc.a(_exit.o)
 .text.libgcc.fixed
                0x0000000000000000        0x0 /usr/local/lib/gcc/avr/4.9.2/avr5/libgcc.a(_exit.o)
 .text          0x0000000000000000        0x0 /usr/local/lib/gcc/avr/4.9.2/avr5/libgcc.a(_tablejump2.o)
 .data          0x0000000000000000        0x0 /usr/local/lib/gcc/avr/4.9.2/avr5/libgcc.a(_tablejump2.o)
 .bss           0x0000000000000000        0x0 /usr/local/lib/gcc/avr/4.9.2/avr5/libgcc.a(_tablejump2.o)
 .text.libgcc.mul
                0x0000000000000000        0x0 /usr/local/lib/gcc/avr/4.9.2/avr5/libgcc.a(_tablejump2.o)
 .text.libgcc.div
                0x0000000000000000        0x0 /usr/local/lib/gcc/avr/4.9.2/avr5/libgcc.a(_tablejump2.o)
 .text.libgcc.prologue
                0x0000000000000000        0x0 /usr/local/lib/gcc/avr/4.9.2/avr5/libgcc.a(_tablejump2.o)
 .text.libgcc.builtins
                0x0000000000000000        0x0 /usr/local/lib/gcc/avr/4.9.2/avr5/libgcc.a(_tablejump2.o)
 .text.libgcc.fmul
                0x0000000000000000        0x0 /usr/local/lib/gcc/avr/4.9.2/avr5/libgcc.a(_tablejump2.o)
 .text.libgcc.fixed
                0x0000000000000000        0x0 /usr/local/lib/gcc/avr/4.9.2/avr5/libgcc.a(_tablejump2.o)
 .text          0x0000000000000000        0x0 /usr/local/lib/gcc/avr/4.9.2/avr5/libgcc.a(_copy_data.o)
 .data          0x0000000000000000        0x0 /usr/local/lib/gcc/avr/4.9.2/avr5/libgcc.a(_copy_data.o)
 .bss           0x0000000000000000        0x0 /usr/local/lib/gcc/avr/4.9.2/avr5/libgcc.a(_copy_data.o)
 .text.libgcc.mul
                0x0000000000000000        0x0 /usr/local/lib/gcc/avr/4.9.2/avr5/libgcc.a(_copy_data.o)
 .text.libgcc.div
                0x0000000000000000        0x0 /usr/local/lib/gcc/avr/4.9.2/avr5/libgcc.a(_copy_data.o)
 .text.libgcc   0x0000000000000000        0x0 /usr/local/lib/gcc/avr/4.9.2/avr5/libgcc.a(_copy_data.o)
 .text.libgcc.prologue
                0x0000000000000000        0x0 /usr/local/lib/gcc/avr/4.9.2/avr5/libgcc.a(_copy_data.o)
 .text.libgcc.builtins
                0x0000000000000000        0x0 /usr/local/lib/gcc/avr/4.9.2/avr5/libgcc.a(_copy_data.o)
 .text.libgcc.fmul
                0x0000000000000000        0x0 /usr/local/lib/gcc/avr/4.9.2/avr5/libgcc.a(_copy_data.o)
 .text.libgcc.fixed
                0x0000000000000000        0x0 /usr/local/lib/gcc/avr/4.9.2/avr5/libgcc.a(_copy_data.o)
 .text          0x0000000000000000        0x0 /usr/local/lib/gcc/avr/4.9.2/avr5/libgcc.a(_clear_bss.o)
 .data          0x0000000000000000        0x0 /usr/local/lib/gcc/avr/4.9.2/avr5/libgcc.a(_clear_bss.o)
 .bss           0x0000000000000000        0x0 /usr/local/lib/gcc/avr/4.9.2/avr5/libgcc.a(_clear_bss.o)
 .text.libgcc.mul
                0x0000000000000000        0x0 /usr/local/lib/gcc/avr/4.9.2/avr5/libgcc.a(_clear_bss.o)
 .text.libgcc.div
                0x0000000000000000        0x0 /usr/local/lib/gcc/avr/4.9.2/avr5/libgcc.a(_clear_bss.o)
 .text.libgcc   0x0000000000000000        0x0 /usr/local/lib/gcc/avr/4.9.2/avr5/libgcc.a(_clear_bss.o)
 .text.libgcc.prologue
                0x0000000000000000        0x0 /usr/local/lib/gcc/avr/4.9.2/avr5/libgcc.a(_clear_bss.o)
 .text.libgcc.builtins
                0x0000000000000000        0x0 /usr/local/lib/gcc/avr/4.9.2/avr5/libgcc.a(_clear_bss.o)
 .text.libgcc.fmul
                0x0000000000000000        0x0 /usr/local/lib/gcc/avr/4.9.2/avr5/libgcc.a(_clear_bss.o)
 .text.libgcc.fixed
                0x0000000000000000        0x0 /usr/local/lib/gcc/avr/4.9.2/avr5/libgcc.a(_clear_bss.o)
 .text          0x0000000000000000        0x0 /usr/local/lib/gcc/avr/4.9.2/../../../../avr/lib/avr5/libm.a(addsf3.o)
 .data          0x0000000000000000        0x0 /usr/local/lib/gcc/avr/4.9.2/../../../../avr/lib/avr5/libm.a(addsf3.o)
 .bss           0x0000000000000000        0x0 /usr/local/lib/gcc/avr/4.9.2/../../../../avr/lib/avr5/libm.a(addsf3.o)
 .text          0x0000000000000000        0x0 /usr/local/lib/gcc/avr/4.9.2/../../../../avr/lib/avr5/libm.a(addsf3x.o)
 .data          0x0000000000000000        0x0 /usr/local/lib/gcc/avr/4.9.2/../../../../avr/lib/avr5/libm.a(addsf3x.o)
 .bss           0x0000000000000000        0x0 /usr/local/lib/gcc/avr/4.9.2/../../../../avr/lib/avr5/libm.a(addsf3x.o)
 .text          0x0000000000000000        0x0 /usr/local/lib/gcc/avr/4.9.2/../../../../avr/lib/avr5/libm.a(fixsfsi.o)
 .data          0x0000000000000000        0x0 /usr/local/lib/gcc/avr/4.9.2/../../../../avr/lib/avr5/libm.a(fixsfsi.o)
 .bss           0x0000000000000000        0x0 /usr/local/lib/gcc/avr/4.9.2/../../../../avr/lib/avr5/libm.a(fixsfsi.o)
 .text          0x0000000000000000        0x0 /usr/local/lib/gcc/avr/4.9.2/../../../../avr/lib/avr5/libm.a(fixunssfsi.o)
 .data          0x0000000000000000        0x0 /usr/local/lib/gcc/avr/4.9.2/../../../../avr/lib/avr5/libm.a(fixunssfsi.o)
 .bss           0x0000000000000000        0x0 /usr/local/lib/gcc/avr/4.9.2/../../../../avr/lib/avr5/libm.a(fixunssfsi.o)
 .text          0x0000000000000000        0x0 /usr/local/lib/gcc/avr/4.9.2/../../../../avr/lib/avr5/libm.a(floatsisf.o)
 .data          0x0000000000000000        0x0 /usr/local/lib/gcc/avr/4.9.2/../../../../avr/lib/avr5/libm.a(floatsisf.o)
 .bss           0x0000000000000000        0x0 /usr/local/lib/gcc/avr/4.9.2/../../../../avr/lib/avr5/libm.a(floatsisf.o)
 .text          0x0000000000000000        0x0 /usr/local/lib/gcc/avr/4.9.2/../../../../avr/lib/avr5/libm.a(fp_inf.o)
 .data          0x0000000000000000        0x0 /usr/local/lib/gcc/avr/4.9.2/../../../../avr/lib/avr5/libm.a(fp_inf.o)
 .bss           0x0000000000000000        0x0 /usr/local/lib/gcc/avr/4.9.2/../../../../avr/lib/avr5/libm.a(fp_inf.o)
 .text          0x0000000000000000        0x0 /usr/local/lib/gcc/avr/4.9.2/../../../../avr/lib/avr5/libm.a(fp_nan.o)
 .data          0x0000000000000000        0x0 /usr/local/lib/gcc/avr/4.9.2/../../../../avr/lib/avr5/libm.a(fp_nan.o)
 .bss           0x0000000000000000        0x0 /usr/local/lib/gcc/avr/4.9.2/../../../../avr/lib/avr5/libm.a(fp_nan.o)
 .text          0x0000000000000000        0x0 /usr/local/lib/gcc/avr/4.9.2/../../../../avr/lib/avr5/libm.a(fp_pscA.o)
 .data          0x0000000000000000        0x0 /usr/local/lib/gcc/avr/4.9.2/../../../../avr/lib/avr5/libm.a(fp_pscA.o)
 .bss           0x0000000000000000        0x0 /usr/local/lib/gcc/avr/4.9.2/../../../../avr/lib/avr5/libm.a(fp_pscA.o)
 .text          0x0000000000000000        0x0 /usr/local/lib/gcc/avr/4.9.2/../../../../avr/lib/avr5/libm.a(fp_pscB.o)
 .data          0x0000000000000000        0x0 /usr/local/lib/gcc/avr/4.9.2/../../../../avr/lib/avr5/libm.a(fp_pscB.o)
 .bss           0x0000000000000000        0x0 /usr/local/lib/gcc/avr/4.9.2/../../../../avr/lib/avr5/libm.a(fp_pscB.o)
 .text          0x0000000000000000        0x0 /usr/local/lib/gcc/avr/4.9.2/../../../../avr/lib/avr5/libm.a(fp_round.o)
 .data          0x0000000000000000        0x0 /usr/local/lib/gcc/avr/4.9.2/../../../../avr/lib/avr5/libm.a(fp_round.o)
 .bss           0x0000000000000000        0x0 /usr/local/lib/gcc/avr/4.9.2/../../../../avr/lib/avr5/libm.a(fp_round.o)
 .text          0x0000000000000000        0x0 /usr/local/lib/gcc/avr/4.9.2/../../../../avr/lib/avr5/libm.a(fp_split3.o)
 .data          0x0000000000000000        0x0 /usr/local/lib/gcc/avr/4.9.2/../../../../avr/lib/avr5/libm.a(fp_split3.o)
 .bss           0x0000000000000000        0x0 /usr/local/lib/gcc/avr/4.9.2/../../../../avr/lib/avr5/libm.a(fp_split3.o)
 .text          0x0000000000000000        0x0 /usr/local/lib/gcc/avr/4.9.2/../../../../avr/lib/avr5/libm.a(fp_zero.o)
 .data          0x0000000000000000        0x0 /usr/local/lib/gcc/avr/4.9.2/../../../../avr/lib/avr5/libm.a(fp_zero.o)
 .bss           0x0000000000000000        0x0 /usr/local/lib/gcc/avr/4.9.2/../../../../avr/lib/avr5/libm.a(fp_zero.o)
 .text          0x0000000000000000        0x0 /usr/local/lib/gcc/avr/4.9.2/../../../../avr/lib/avr5/libm.a(mulsf3.o)
 .data          0x0000000000000000        0x0 /usr/local/lib/gcc/avr/4.9.2/../../../../avr/lib/avr5/libm.a(mulsf3.o)
 .bss           0x0000000000000000        0x0 /usr/local/lib/gcc/avr/4.9.2/../../../../avr/lib/avr5/libm.a(mulsf3.o)
 .text          0x0000000000000000        0x0 /usr/local/lib/gcc/avr/4.9.2/../../../../avr/lib/avr5/libm.a(mulsf3x.o)
 .data          0x0000000000000000        0x0 /usr/local/lib/gcc/avr/4.9.2/../../../../avr/lib/avr5/libm.a(mulsf3x.o)
 .bss           0x0000000000000000        0x0 /usr/local/lib/gcc/avr/4.9.2/../../../../avr/lib/avr5/libm.a(mulsf3x.o)
 .text          0x0000000000000000        0x0 /usr/local/lib/gcc/avr/4.9.2/../../../../avr/lib/avr5/libc.a(strnlen_P.o)
 .data          0x0000000000000000        0x0 /usr/local/lib/gcc/avr/4.9.2/../../../../avr/lib/avr5/libc.a(strnlen_P.o)
 .bss           0x0000000000000000        0x0 /usr/local/lib/gcc/avr/4.9.2/../../../../avr/lib/avr5/libc.a(strnlen_P.o)

Memory Configuration

Name             Origin             Length             Attributes
text             0x0000000000000000 0x0000000000020000 xr
data             0x0000000000800060 0x000000000000ffa0 rw !x
eeprom           0x0000000000810000 0x0000000000010000 rw !x
fuse             0x0000000000820000 0x0000000000000400 rw !x
lock             0x0000000000830000 0x0000000000000400 rw !x
signature        0x0000000000840000 0x0000000000000400 rw !x
*default*        0x0000000000000000 0xffffffffffffffff

Linker script and memory map

Address of section .data set to 0x800100
LOAD /usr/local/lib/gcc/avr/4.9.2/../../../../avr/lib/avr5/crtm644.o
Address of section .noinit set to 0x800100
Address of section .data set to 0x800500
LOAD uzeboxVideoEngineCore.o
LOAD uzeboxCore.o
LOAD uzeboxSoundEngine.o
LOAD uzeboxSoundEngineCore.o
LOAD uzeboxVideoEngine.o
LOAD Iros.o
START GROUP
LOAD /usr/local/lib/gcc/avr/4.9.2/avr5/libgcc.a
LOAD /usr/local/lib/gcc/avr/4.9.2/../../../../avr/lib/avr5/libm.a
LOAD /usr/local/lib/gcc/avr/4.9.2/../../../../avr/lib/avr5/libc.a
END GROUP

.hash
 *(.hash)

.dynsym
 *(.dynsym)

.dynstr
 *(.dynstr)

.gnu.version
 *(.gnu.version)

.gnu.version_d
 *(.gnu.version_d)

.gnu.version_r
 *(.gnu.version_r)

.rel.init
 *(.rel.init)

.rela.init
 *(.rela.init)

.rel.text
 *(.rel.text)
 *(.rel.text.*)
 *(.rel.gnu.linkonce.t*)

.rela.text
 *(.rela.text)
 *(.rela.text.*)
 *(.rela.gnu.linkonce.t*)

.rel.fini
 *(.rel.fini)

.rela.fini
 *(.rela.fini)

.rel.rodata
 *(.rel.rodata)
 *(.rel.rodata.*)
 *(.rel.gnu.linkonce.r*)

.rela.rodata
 *(.rela.rodata)
 *(.rela.rodata.*)
 *(.rela.gnu.linkonce.r*)

.rel.data
 *(.rel.data)
 *(.rel.data.*)
 *(.rel.gnu.linkonce.d*)

.rela.data
 *(.rela.data)
 *(.rela.data.*)
 *(.rela.gnu.linkonce.d*)

.rel.ctors
 *(.rel.ctors)

.rela.ctors
 *(.rela.ctors)

.rel.dtors
 *(.rel.dtors)

.rela.dtors
 *(.rela.dtors)

.rel.got
 *(.rel.got)

.rela.got
 *(.rela.got)

.rel.bss
 *(.rel.bss)

.rela.bss
 *(.rela.bss)

.rel.plt
 *(.rel.plt)

.rela.plt
 *(.rela.plt)

.text           0x0000000000000000     0xef8e
 *(.vectors)
 .vectors       0x0000000000000000       0x70 /usr/local/lib/gcc/avr/4.9.2/../../../../avr/lib/avr5/crtm644.o
                0x0000000000000000                __vectors
                0x0000000000000000                __vector_default
 *(.vectors)
 *(.progmem.gcc*)
 .progmem.gcc_sw_table.update_enemies
                0x0000000000000070       0x12 Iros.o
 .progmem.gcc_sw_table.load_level
                0x0000000000000082       0x14 Iros.o
                0x0000000000000096                . = ALIGN (0x2)
                0x0000000000000096                __trampolines_start = .
 *(.trampolines)
 .trampolines   0x0000000000000096        0x0 linker stubs
 *(.trampolines*)
                0x0000000000000096                __trampolines_end = .
 *(.progmem*)
 .progmem.data  0x0000000000000096       0x4e uzeboxCore.o
                0x0000000000000096                io_table
                0x00000000000000c4                eeprom_format_table
 .progmem.data  0x00000000000000e4       0x1e uzeboxSoundEngine.o
                0x00000000000000e4                patchCommands
 .progmem.data  0x0000000000000102      0x853 uzeboxVideoEngine.o
                0x0000000000000102                fader
                0x000000000000010e                map_uzeboxlogo2
                0x000000000000011f                map_uzeboxlogo
                0x0000000000000135                logo_tileset
                0x0000000000000935                logoInitPatches
                0x000000000000093e                initPatch
 .progmem.data  0x0000000000000955     0x6ff4 Iros.o
                0x0000000000000955                strChallenge
                0x0000000000000a05                strCongrats
                0x0000000000000abb                strIntro
                0x0000000000000b44                default_scores
                0x0000000000000b62                strTally
                0x0000000000000b69                strGameOver
                0x0000000000000b73                strLevelBonus
                0x0000000000000b79                strLevelClear
                0x0000000000000b85                strPaused
                0x0000000000000b8b                strExitGame
                0x0000000000000b97                strMainMenu
                0x0000000000000ba3                strTime
                0x0000000000000ba9                strLives
                0x0000000000000bb0                strShield
                0x0000000000000bb8                strScore
                0x0000000000000bbf                strSelectHandle
                0x0000000000000bc0                strHighScores
                0x0000000000000bcc                str1Player
                0x0000000000000bd2                strCopyright
                0x0000000000000be7                spacesong
                0x0000000000001287                planetsong
                0x0000000000001d59                my_patches
                0x0000000000001d98                explode
                0x0000000000001e69                pshoot
                0x0000000000001ebf                navigate
                0x0000000000001ed0                instrument
                0x0000000000001ed8                sprites_data
                0x00000000000037d8                map_hazard_desert
                0x00000000000037db                map_hazard_city
                0x00000000000037de                map_hazard_jungle
                0x00000000000037e1                map_hazard_fire
                0x00000000000037e4                map_hazard_ice
                0x00000000000037e7                map_enemy_boss_shot
                0x00000000000037ea                map_enemy_boss_eye
                0x00000000000037ed                map_enemy_boss_turret
                0x00000000000037f0                map_enemy_drone
                0x00000000000037f3                map_enemy_tank
                0x00000000000037f6                map_enemy_ball
                0x00000000000037f9                map_enemy_spider_1
                0x00000000000037fc                map_enemy_spider_0
                0x00000000000037ff                map_enemy_xwing
                0x0000000000003802                map_enemy_shark
                0x0000000000003805                map_enemy_shot
                0x0000000000003808                map_ahero_jump
                0x0000000000003810                map_ahero_prone
                0x0000000000003815                map_ahero_step_3
                0x000000000000381d                map_ahero_step_2
                0x0000000000003825                map_ahero_step_1
                0x000000000000382d                map_ahero_step_0
                0x0000000000003835                map_ahero_idle
                0x000000000000383d                map_hero_rplasma_shot
                0x0000000000003840                map_hero_space_bomb
                0x0000000000003843                map_hero_space_shot
                0x0000000000003846                map_hero_ice_shot
                0x0000000000003849                map_hero_ball_shot
                0x000000000000384c                map_hero_gplasma_shot
                0x000000000000384f                map_hero_ship_large_1
                0x0000000000003859                map_hero_ship_large_0
                0x0000000000003863                map_hero_ship_1
                0x0000000000003868                map_hero_ship_0
                0x000000000000386d                map_hero_prone
                0x0000000000003872                map_hero_jump
                0x000000000000387a                map_hero_step_3
                0x0000000000003882                map_hero_step_2
                0x000000000000388a                map_hero_step_1
                0x0000000000003892                map_hero_step_0
                0x000000000000389a                map_hero_idle
                0x00000000000038a2                map_emerald_4
                0x00000000000038a5                map_emerald_3
                0x00000000000038a8                map_emerald_2
                0x00000000000038ab                map_emerald_1
                0x00000000000038ae                map_emerald_0
                0x00000000000038b1                map_explosion_2
                0x00000000000038b4                map_explosion_1
                0x00000000000038b7                map_explosion_0
                0x00000000000038ba                map_particle
                0x00000000000038bd                map_up_arrow
                0x00000000000038c0                map_down_arrow
                0x00000000000038c3                map_right_arrow
                0x00000000000038c6                map_none
                0x00000000000038c9                tiles_data
                0x0000000000006089                map_font
                0x00000000000060b0                map_atmosphere
                0x00000000000060ea                map_dialog
                0x000000000000614c                map_canvas
                0x00000000000061d5                map_splash
                0x0000000000006222                map_tile_none
                0x0000000000006225                map_level_mega_tiles
                0x0000000000007242                map_level_space_final
                0x0000000000007343                map_level_space
                0x0000000000007444                map_level_desert
                0x0000000000007545                map_level_city
                0x0000000000007646                map_level_forest
                0x0000000000007747                map_level_fire
                0x0000000000007848                map_level_ice
                0x000000000000794a                . = ALIGN (0x2)
 *fill*         0x0000000000007949        0x1 
 *(.jumptables)
 *(.jumptables*)
 *(.lowtext)
 *(.lowtext*)
                0x000000000000794a                __ctors_start = .
 *(.ctors)
                0x000000000000794a                __ctors_end = .
                0x000000000000794a                __dtors_start = .
 *(.dtors)
                0x000000000000794a                __dtors_end = .
 SORT(*)(.ctors)
 SORT(*)(.dtors)
 *(.init0)
 .init0         0x000000000000794a        0x0 /usr/local/lib/gcc/avr/4.9.2/../../../../avr/lib/avr5/crtm644.o
                0x000000000000794a                __init
 *(.init0)
 *(.init1)
 *(.init1)
 *(.init2)
 .init2         0x000000000000794a        0xc /usr/local/lib/gcc/avr/4.9.2/../../../../avr/lib/avr5/crtm644.o
 *(.init2)
 *(.init3)
 *(.init3)
 *(.init4)
 .init4         0x0000000000007956       0x16 /usr/local/lib/gcc/avr/4.9.2/avr5/libgcc.a(_copy_data.o)
                0x0000000000007956                __do_copy_data
 .init4         0x000000000000796c       0x10 /usr/local/lib/gcc/avr/4.9.2/avr5/libgcc.a(_clear_bss.o)
                0x000000000000796c                __do_clear_bss
 *(.init4)
 *(.init5)
 *(.init5)
 *(.init6)
 *(.init6)
 *(.init7)
 .init7         0x000000000000797c       0x16 uzeboxCore.o
                0x000000000000797c                wdt_init
 *(.init7)
 *(.init8)
 .init8         0x0000000000007992       0x82 uzeboxCore.o
                0x0000000000007992                Initialize
 *(.init8)
 *(.init9)
 .init9         0x0000000000007a14        0x8 /usr/local/lib/gcc/avr/4.9.2/../../../../avr/lib/avr5/crtm644.o
 *(.init9)
 *(.text)
 .text          0x0000000000007a1c        0x4 /usr/local/lib/gcc/avr/4.9.2/../../../../avr/lib/avr5/crtm644.o
                0x0000000000007a1c                __vector_20
                0x0000000000007a1c                __vector_1
                0x0000000000007a1c                __vector_24
                0x0000000000007a1c                __vector_12
                0x0000000000007a1c                __bad_interrupt
                0x0000000000007a1c                __vector_6
                0x0000000000007a1c                __vector_3
                0x0000000000007a1c                __vector_23
                0x0000000000007a1c                __vector_25
                0x0000000000007a1c                __vector_11
                0x0000000000007a1c                __vector_17
                0x0000000000007a1c                __vector_19
                0x0000000000007a1c                __vector_7
                0x0000000000007a1c                __vector_27
                0x0000000000007a1c                __vector_5
                0x0000000000007a1c                __vector_4
                0x0000000000007a1c                __vector_9
                0x0000000000007a1c                __vector_2
                0x0000000000007a1c                __vector_21
                0x0000000000007a1c                __vector_15
                0x0000000000007a1c                __vector_26
                0x0000000000007a1c                __vector_10
                0x0000000000007a1c                __vector_16
                0x0000000000007a1c                __vector_18
                0x0000000000007a1c                __vector_22
 .text          0x0000000000007a20      0x882 uzeboxVideoEngineCore.o
                0x0000000000007d88                CopyFlashTile
                0x0000000000007ea6                CopyRamTile
                0x0000000000007fc0                RestoreBackground
                0x0000000000007fe6                BlitSprite
                0x00000000000080c2                __vector_13
                0x0000000000008142                __vector_14
 .text          0x00000000000082a2      0x180 uzeboxSoundEngineCore.o
                0x00000000000082a2                process_music
                0x00000000000082ae                update_sound
                0x0000000000008422                . = ALIGN (0x2)
 *(.text.*)
 .text.SetSpritesTileTable
                0x0000000000008422        0xa uzeboxVideoEngineCore.o
                0x0000000000008422                SetSpritesTileTable
 .text.ClearVram
                0x000000000000842c       0x14 uzeboxVideoEngineCore.o
                0x000000000000842c                ClearVram
 .text.SetTile  0x0000000000008440       0x22 uzeboxVideoEngineCore.o
                0x0000000000008440                SetTile
 .text.SetTileTable
                0x0000000000008462        0xa uzeboxVideoEngineCore.o
                0x0000000000008462                SetTileTable
 .text.GetVsyncFlag
                0x000000000000846c        0x8 uzeboxVideoEngineCore.o
                0x000000000000846c                GetVsyncFlag
 .text.ClearVsyncFlag
                0x0000000000008474        0xc uzeboxVideoEngineCore.o
                0x0000000000008474                ClearVsyncFlag
 .text.ReadJoypad
                0x0000000000008480       0x18 uzeboxVideoEngineCore.o
                0x0000000000008480                ReadJoypad
 .text.WaitUs   0x0000000000008498        0xe uzeboxVideoEngineCore.o
                0x0000000000008498                WaitUs
 .text.WriteEeprom
                0x00000000000084a6       0x14 uzeboxVideoEngineCore.o
                0x00000000000084a6                WriteEeprom
 .text.ReadEeprom
                0x00000000000084ba       0x12 uzeboxVideoEngineCore.o
                0x00000000000084ba                ReadEeprom
 .text.wdt_randomize
                0x00000000000084cc       0x50 uzeboxVideoEngineCore.o
                0x00000000000084cc                wdt_randomize
 .text.GetTrueRandomSeed
                0x000000000000851c        0xa uzeboxVideoEngineCore.o
                0x000000000000851c                GetTrueRandomSeed
 .text.__vector_8
                0x0000000000008526       0x44 uzeboxVideoEngineCore.o
                0x0000000000008526                __vector_8
 .text.SoftReset
                0x000000000000856a       0x16 uzeboxCore.o
                0x000000000000856a                SoftReset
 .text.ReadButtons
                0x0000000000008580       0x6c uzeboxCore.o
                0x0000000000008580                ReadButtons
 .text.ReadControllers
                0x00000000000085ec       0x20 uzeboxCore.o
                0x00000000000085ec                ReadControllers
 .text.FormatEeprom
                0x000000000000860c       0x44 uzeboxCore.o
                0x000000000000860c                FormatEeprom
 .text.isEepromFormatted
                0x0000000000008650       0x2e uzeboxCore.o
                0x0000000000008650                isEepromFormatted
 .text.EepromBlockExists
                0x000000000000867e       0xa4 uzeboxCore.o
                0x000000000000867e                EepromBlockExists
 .text.EepromWriteBlock
                0x0000000000008722       0x94 uzeboxCore.o
                0x0000000000008722                EepromWriteBlock
 .text.EepromReadBlock
                0x00000000000087b6       0x66 uzeboxCore.o
                0x00000000000087b6                EepromReadBlock
 .text.GetPrngNumber
                0x000000000000881c       0x5c uzeboxCore.o
                0x000000000000881c                GetPrngNumber
 .text.PatchCommand00
                0x0000000000008878        0x6 uzeboxSoundEngine.o
                0x0000000000008878                PatchCommand00
 .text.PatchCommand01
                0x000000000000887e       0x10 uzeboxSoundEngine.o
                0x000000000000887e                PatchCommand01
 .text.PatchCommand05
                0x000000000000888e        0xa uzeboxSoundEngine.o
                0x000000000000888e                PatchCommand05
 .text.PatchCommand06
                0x0000000000008898        0xa uzeboxSoundEngine.o
                0x0000000000008898                PatchCommand06
 .text.PatchCommand07
                0x00000000000088a2        0x6 uzeboxSoundEngine.o
                0x00000000000088a2                PatchCommand07
 .text.PatchCommand09
                0x00000000000088a8        0x6 uzeboxSoundEngine.o
                0x00000000000088a8                PatchCommand09
 .text.PatchCommand10
                0x00000000000088ae        0x6 uzeboxSoundEngine.o
                0x00000000000088ae                PatchCommand10
 .text.PatchCommand11
                0x00000000000088b4       0x76 uzeboxSoundEngine.o
                0x00000000000088b4                PatchCommand11
 .text.PatchCommand12
                0x000000000000892a        0x6 uzeboxSoundEngine.o
                0x000000000000892a                PatchCommand12
 .text.PatchCommand13
                0x0000000000008930        0x6 uzeboxSoundEngine.o
                0x0000000000008930                PatchCommand13
 .text.PatchCommand02
                0x0000000000008936        0x8 uzeboxSoundEngine.o
                0x0000000000008936                PatchCommand02
 .text.PatchCommand03
                0x000000000000893e        0xe uzeboxSoundEngine.o
                0x000000000000893e                PatchCommand03
 .text.PatchCommand04
                0x000000000000894c       0x10 uzeboxSoundEngine.o
                0x000000000000894c                PatchCommand04
 .text.PatchCommand08
                0x000000000000895c       0x20 uzeboxSoundEngine.o
                0x000000000000895c                PatchCommand08
 .text.PatchCommand14
                0x000000000000897c       0x54 uzeboxSoundEngine.o
                0x000000000000897c                PatchCommand14
 .text.InitMusicPlayer
                0x00000000000089d0       0x44 uzeboxSoundEngine.o
                0x00000000000089d0                InitMusicPlayer
 .text.StartSong
                0x0000000000008a14       0x52 uzeboxSoundEngine.o
                0x0000000000008a14                StartSong
 .text.StopSong
                0x0000000000008a66       0x1c uzeboxSoundEngine.o
                0x0000000000008a66                StopSong
 .text.ResumeSong
                0x0000000000008a82        0x8 uzeboxSoundEngine.o
                0x0000000000008a82                ResumeSong
 .text.ReadVarLen
                0x0000000000008a8a       0x4c uzeboxSoundEngine.o
                0x0000000000008a8a                ReadVarLen
 .text.TriggerCommon
                0x0000000000008ad6      0x11c uzeboxSoundEngine.o
                0x0000000000008ad6                TriggerCommon
 .text.TriggerFx
                0x0000000000008bf2       0x90 uzeboxSoundEngine.o
                0x0000000000008bf2                TriggerFx
 .text.TriggerNote
                0x0000000000008c82       0x80 uzeboxSoundEngine.o
                0x0000000000008c82                TriggerNote
 .text.ProcessMusic
                0x0000000000008d02      0x43e uzeboxSoundEngine.o
                0x0000000000008d02                ProcessMusic
 .text.SetMasterVolume
                0x0000000000009140        0x6 uzeboxSoundEngine.o
                0x0000000000009140                SetMasterVolume
 .text.IsSongPlaying
                0x0000000000009146        0x6 uzeboxSoundEngine.o
                0x0000000000009146                IsSongPlaying
 .text.SetMixerNote
                0x000000000000914c       0x2e uzeboxSoundEngineCore.o
                0x000000000000914c                SetMixerNote
 .text.SetMixerWave
                0x000000000000917a       0x3a uzeboxSoundEngineCore.o
                0x000000000000917a                SetMixerWave
 *fill*         0x00000000000091b4       0x4c 
 .text.DisableSoundEngine
                0x0000000000009200      0xc00 uzeboxSoundEngineCore.o
                0x0000000000009200                DisableSoundEngine
                0x0000000000009208                steptable
                0x0000000000009400                waves
 .text.ProcessSprites
                0x0000000000009e00      0x202 uzeboxVideoEngine.o
                0x0000000000009e00                ProcessSprites
 .text.Scroll   0x000000000000a002       0x4a uzeboxVideoEngine.o
                0x000000000000a002                Scroll
 .text.InitializeVideoMode
                0x000000000000a04c       0x26 uzeboxVideoEngine.o
                0x000000000000a04c                InitializeVideoMode
 .text.DrawMap  0x000000000000a072       0x9a uzeboxVideoEngine.o
                0x000000000000a072                DrawMap2
                0x000000000000a072                DrawMap
 .text.WaitVsync
                0x000000000000a10c       0x2e uzeboxVideoEngine.o
                0x000000000000a10c                WaitVsync
 .text.DisplayLogo
                0x000000000000a13a       0x6e uzeboxVideoEngine.o
                0x000000000000a13a                DisplayLogo
 .text.doFade   0x000000000000a1a8       0x1c uzeboxVideoEngine.o
                0x000000000000a1a8                doFade
 .text.FadeIn   0x000000000000a1c4       0x18 uzeboxVideoEngine.o
                0x000000000000a1c4                FadeIn
 .text.FadeOut  0x000000000000a1dc       0x18 uzeboxVideoEngine.o
                0x000000000000a1dc                FadeOut
 .text.ProcessFading
                0x000000000000a1f4       0x4a uzeboxVideoEngine.o
                0x000000000000a1f4                ProcessFading
 .text.VideoModeVsync
                0x000000000000a23e        0x8 uzeboxVideoEngine.o
                0x000000000000a23e                VideoModeVsync
 .text.LBMoveDelta
                0x000000000000a246       0x56 Iros.o
                0x000000000000a246                LBMoveDelta
 .text.LBGetNextFrame
                0x000000000000a29c       0x4c Iros.o
                0x000000000000a29c                LBGetNextFrame
 .text.LBGetJoyPadState
                0x000000000000a2e8       0x96 Iros.o
                0x000000000000a2e8                LBGetJoyPadState
 .text.LBPrintChar
                0x000000000000a37e       0x40 Iros.o
                0x000000000000a37e                LBPrintChar
 .text.LBPrint  0x000000000000a3be       0x38 Iros.o
                0x000000000000a3be                LBPrint
 .text.LBPrintByte
                0x000000000000a3f6       0x62 Iros.o
                0x000000000000a3f6                LBPrintByte
 .text.LBPrintInt
                0x000000000000a458       0x72 Iros.o
                0x000000000000a458                LBPrintInt
 .text.LBCollides
                0x000000000000a4ca       0x54 Iros.o
                0x000000000000a4ca                LBCollides
 .text.LBRandom
                0x000000000000a51e       0x2c Iros.o
                0x000000000000a51e                LBRandom
 .text.LBWaitSeconds
                0x000000000000a54a       0x1e Iros.o
                0x000000000000a54a                LBWaitSeconds
 .text.LBMapSprite
                0x000000000000a568       0xa4 Iros.o
                0x000000000000a568                LBMapSprite
 .text.LBMoveSprite
                0x000000000000a60c       0x7c Iros.o
                0x000000000000a60c                LBMoveSprite
 .text.LBRotateSprites
                0x000000000000a688       0x68 Iros.o
                0x000000000000a688                LBRotateSprites
 .text.is_space
                0x000000000000a6f0        0x8 Iros.o
                0x000000000000a6f0                is_space
 .text.init_default_high_scores
                0x000000000000a6f8       0x2c Iros.o
                0x000000000000a6f8                init_default_high_scores
 .text.init_enemy_state
                0x000000000000a724       0x26 Iros.o
                0x000000000000a724                init_enemy_state
 .text.init_player_shot
                0x000000000000a74a      0x43e Iros.o
                0x000000000000a74a                init_player_shot
 .text.init_boss_shot
                0x000000000000ab88      0x3b6 Iros.o
                0x000000000000ab88                init_boss_shot
 .text.init_boss_state
                0x000000000000af3e      0x114 Iros.o
                0x000000000000af3e                init_boss_state
 .text.init_player_state
                0x000000000000b052      0x16e Iros.o
                0x000000000000b052                init_player_state
 .text.init_enemy_shot
                0x000000000000b1c0       0xfa Iros.o
                0x000000000000b1c0                init_enemy_shot
 .text.init_enemy_spider
                0x000000000000b2ba       0x84 Iros.o
                0x000000000000b2ba                init_enemy_spider
 .text.init_enemy_turret
                0x000000000000b33e       0x7a Iros.o
                0x000000000000b33e                init_enemy_turret
 .text.init_enemy_drone
                0x000000000000b3b8       0x7c Iros.o
                0x000000000000b3b8                init_enemy_drone
 .text.init_enemy_shark
                0x000000000000b434       0x76 Iros.o
                0x000000000000b434                init_enemy_shark
 .text.init_enemy_globe
                0x000000000000b4aa       0x78 Iros.o
                0x000000000000b4aa                init_enemy_globe
 .text.init_enemy_xwing
                0x000000000000b522       0x78 Iros.o
                0x000000000000b522                init_enemy_xwing
 .text.init_enemy_boss_turret
                0x000000000000b59a       0x7a Iros.o
                0x000000000000b59a                init_enemy_boss_turret
 .text.init_enemy_boss_eye
                0x000000000000b614       0xa2 Iros.o
                0x000000000000b614                init_enemy_boss_eye
 .text.init_enemy_boss_turrets
                0x000000000000b6b6       0x40 Iros.o
                0x000000000000b6b6                init_enemy_boss_turrets
 .text.init_enemy_boss_eyes
                0x000000000000b6f6       0xb8 Iros.o
                0x000000000000b6f6                init_enemy_boss_eyes
 .text.init_enemy_level_hazard
                0x000000000000b7ae       0xbe Iros.o
                0x000000000000b7ae                init_enemy_level_hazard
 .text.load_eeprom
                0x000000000000b86c       0x24 Iros.o
                0x000000000000b86c                load_eeprom
 .text.clear_overlay
                0x000000000000b890       0x30 Iros.o
                0x000000000000b890                clear_overlay
 .text.get_level_tile
                0x000000000000b8c0       0x50 Iros.o
                0x000000000000b8c0                get_level_tile
 .text.render_camera_view
                0x000000000000b910       0xd0 Iros.o
                0x000000000000b910                render_camera_view
 .text.init_level_enemy
                0x000000000000b9e0       0x44 Iros.o
                0x000000000000b9e0                init_level_enemy
 .text.init_space_enemy
                0x000000000000ba24       0x40 Iros.o
                0x000000000000ba24                init_space_enemy
 .text.spawn_enemy
                0x000000000000ba64       0x96 Iros.o
                0x000000000000ba64                spawn_enemy
 .text.solid_or_hazard_tile
                0x000000000000bafa       0x1a Iros.o
                0x000000000000bafa                solid_or_hazard_tile
 .text.append_tile_column
                0x000000000000bb14      0x1a0 Iros.o
                0x000000000000bb14                append_tile_column
 .text.move_camera_x
                0x000000000000bcb4       0x32 Iros.o
                0x000000000000bcb4                move_camera_x
 .text.map_ship
                0x000000000000bce6       0x2a Iros.o
                0x000000000000bce6                map_ship
 .text.map_level_info
                0x000000000000bd10       0x4a Iros.o
                0x000000000000bd10                map_level_info
 .text.on_solid_ground
                0x000000000000bd5a       0xbe Iros.o
                0x000000000000bd5a                on_solid_ground
 .text.find_shot_slot
                0x000000000000be18       0x2c Iros.o
                0x000000000000be18                find_shot_slot
 .text.update_shot
                0x000000000000be44      0x180 Iros.o
                0x000000000000be44                update_shot
 .text.out_of_bounds
                0x000000000000bfc4       0x5a Iros.o
                0x000000000000bfc4                out_of_bounds
 .text.explode_all_enemies
                0x000000000000c01e       0x38 Iros.o
                0x000000000000c01e                explode_all_enemies
 .text.handle_music_toggle
                0x000000000000c056       0x18 Iros.o
                0x000000000000c056                handle_music_toggle
 .text.handle_demo_play
                0x000000000000c06e       0x88 Iros.o
                0x000000000000c06e                handle_demo_play
 .text.pixel_overlap
                0x000000000000c0f6       0x1a Iros.o
                0x000000000000c0f6                pixel_overlap
 .text.collision_detect_level
                0x000000000000c110      0x41c Iros.o
                0x000000000000c110                collision_detect_level
 .text.animate_shot
                0x000000000000c52c      0x2c0 Iros.o
                0x000000000000c52c                animate_shot
 .text.map_explosion
                0x000000000000c7ec       0x96 Iros.o
                0x000000000000c7ec                map_explosion
 .text.animate_sprite
                0x000000000000c882       0xf0 Iros.o
                0x000000000000c882                animate_sprite
 .text.animate_player
                0x000000000000c972       0x5a Iros.o
                0x000000000000c972                animate_player
 .text.update_spider_enemy
                0x000000000000c9cc       0x82 Iros.o
                0x000000000000c9cc                update_spider_enemy
 .text.update_turret_enemy
                0x000000000000ca4e       0x3c Iros.o
                0x000000000000ca4e                update_turret_enemy
 .text.update_drone_enemy
                0x000000000000ca8a       0x20 Iros.o
                0x000000000000ca8a                update_drone_enemy
 .text.update_globe_enemy
                0x000000000000caaa       0x20 Iros.o
                0x000000000000caaa                update_globe_enemy
 .text.update_xwing_enemy
                0x000000000000caca       0x32 Iros.o
                0x000000000000caca                update_xwing_enemy
 .text.update_shark_enemy
                0x000000000000cafc       0x20 Iros.o
                0x000000000000cafc                update_shark_enemy
 .text.update_level_hazard
                0x000000000000cb1c       0x48 Iros.o
                0x000000000000cb1c                update_level_hazard
 .text.update_basic_shot
                0x000000000000cb64       0x16 Iros.o
                0x000000000000cb64                update_basic_shot
 .text.update_enemies
                0x000000000000cb7a       0xda Iros.o
                0x000000000000cb7a                update_enemies
 .text.update_enemy_shots
                0x000000000000cc54      0x140 Iros.o
                0x000000000000cc54                update_enemy_shots
 .text.animate_enemies
                0x000000000000cd94      0x23a Iros.o
                0x000000000000cd94                animate_enemies
 .text.animate_enemy_shots
                0x000000000000cfce      0x152 Iros.o
                0x000000000000cfce                animate_enemy_shots
 .text.stream_text_middle
                0x000000000000d120       0x72 Iros.o
                0x000000000000d120                stream_text_middle
 .text.print_scroll
                0x000000000000d192       0x9a Iros.o
                0x000000000000d192                print_scroll
 .text.clear_sprites
                0x000000000000d22c       0x44 Iros.o
                0x000000000000d22c                clear_sprites
 .text.fade_through
                0x000000000000d270       0x20 Iros.o
                0x000000000000d270                fade_through
 .text.congratulations
                0x000000000000d290       0x26 Iros.o
                0x000000000000d290                congratulations
 .text.load_level
                0x000000000000d2b6      0x226 Iros.o
                0x000000000000d2b6                load_level
 .text.hide_sprites
                0x000000000000d4dc       0x38 Iros.o
                0x000000000000d4dc                hide_sprites
 .text.select_pressed
                0x000000000000d514       0x14 Iros.o
                0x000000000000d514                select_pressed
 .text.stream_text_anywhere
                0x000000000000d528       0x4e Iros.o
                0x000000000000d528                stream_text_anywhere
 .text.map_particles
                0x000000000000d576       0x1a Iros.o
                0x000000000000d576                map_particles
 .text.place_particles
                0x000000000000d590       0x44 Iros.o
                0x000000000000d590                place_particles
 .text.animate_particles
                0x000000000000d5d4       0x64 Iros.o
                0x000000000000d5d4                animate_particles
 .text.get_emarald_map
                0x000000000000d638       0x1e Iros.o
                0x000000000000d638                get_emarald_map
 .text.music_transition
                0x000000000000d656       0x20 Iros.o
                0x000000000000d656                music_transition
 .text.planet_transition
                0x000000000000d676      0x11a Iros.o
                0x000000000000d676                planet_transition
 .text.intro    0x000000000000d790       0x3c Iros.o
                0x000000000000d790                intro
 .text.demo_load
                0x000000000000d7cc       0x46 Iros.o
                0x000000000000d7cc                demo_load
 .text.load_splash
                0x000000000000d812       0x62 Iros.o
                0x000000000000d812                load_splash
 .text.load_high_scores
                0x000000000000d874      0x228 Iros.o
                0x000000000000d874                load_high_scores
 .text.exit_game
                0x000000000000da9c       0x20 Iros.o
                0x000000000000da9c                exit_game
 .text.update_splash
                0x000000000000dabc       0xf8 Iros.o
                0x000000000000dabc                update_splash
 .text.update_high_scores
                0x000000000000dbb4      0x1cc Iros.o
                0x000000000000dbb4                update_high_scores
 .text.tally_score
                0x000000000000dd80      0x27e Iros.o
                0x000000000000dd80                tally_score
 .text.handle_player_death
                0x000000000000dffe       0x80 Iros.o
                0x000000000000dffe                handle_player_death
 .text.update_player
                0x000000000000e07e      0x468 Iros.o
                0x000000000000e07e                update_player
 .text.update_level
                0x000000000000e4e6      0x2b4 Iros.o
                0x000000000000e4e6                update_level
 .text.update_pause
                0x000000000000e79a       0xf0 Iros.o
                0x000000000000e79a                update_pause
 .text.challenge
                0x000000000000e88a       0x9a Iros.o
                0x000000000000e88a                challenge
 .text.update_player_ai
                0x000000000000e924      0x19c Iros.o
                0x000000000000e924                update_player_ai
 .text.startup.main
                0x000000000000eac0      0x116 Iros.o
                0x000000000000eac0                main
 .text.libgcc.div
                0x000000000000ebd6       0x18 /usr/local/lib/gcc/avr/4.9.2/avr5/libgcc.a(_udivmodqi4.o)
                0x000000000000ebd6                __udivmodqi4
 .text.libgcc.div
                0x000000000000ebee       0x1c /usr/local/lib/gcc/avr/4.9.2/avr5/libgcc.a(_divmodqi4.o)
                0x000000000000ebee                __divmodqi4
 .text.libgcc.div
                0x000000000000ec0a       0x28 /usr/local/lib/gcc/avr/4.9.2/avr5/libgcc.a(_udivmodhi4.o)
                0x000000000000ec0a                __udivmodhi4
 .text.libgcc.div
                0x000000000000ec32       0x28 /usr/local/lib/gcc/avr/4.9.2/avr5/libgcc.a(_divmodhi4.o)
                0x000000000000ec32                __divmodhi4
                0x000000000000ec32                _div
 .text.libgcc   0x000000000000ec5a        0xc /usr/local/lib/gcc/avr/4.9.2/avr5/libgcc.a(_tablejump2.o)
                0x000000000000ec5a                __tablejump2__
 .text.avr-libc.fplib
                0x000000000000ec66        0xa /usr/local/lib/gcc/avr/4.9.2/../../../../avr/lib/avr5/libm.a(addsf3.o)
                0x000000000000ec66                __subsf3
                0x000000000000ec68                __addsf3
 .text.avr-libc.fplib
                0x000000000000ec70       0xc0 /usr/local/lib/gcc/avr/4.9.2/../../../../avr/lib/avr5/libm.a(addsf3x.o)
                0x000000000000ec8a                __addsf3x
 .text.avr-libc.fplib
                0x000000000000ed30        0xa /usr/local/lib/gcc/avr/4.9.2/../../../../avr/lib/avr5/libm.a(fixsfsi.o)
                0x000000000000ed30                __fixsfsi
 .text.avr-libc.fplib
                0x000000000000ed3a       0x58 /usr/local/lib/gcc/avr/4.9.2/../../../../avr/lib/avr5/libm.a(fixunssfsi.o)
                0x000000000000ed3a                __fixunssfsi
 .text.avr-libc.fplib
                0x000000000000ed92       0x7a /usr/local/lib/gcc/avr/4.9.2/../../../../avr/lib/avr5/libm.a(floatsisf.o)
                0x000000000000ed92                __floatunsisf
                0x000000000000ed96                __floatsisf
 .text.avr-libc.fplib
                0x000000000000ee0c        0xc /usr/local/lib/gcc/avr/4.9.2/../../../../avr/lib/avr5/libm.a(fp_inf.o)
                0x000000000000ee0c                __fp_inf
 .text.avr-libc.fplib
                0x000000000000ee18        0x6 /usr/local/lib/gcc/avr/4.9.2/../../../../avr/lib/avr5/libm.a(fp_nan.o)
                0x000000000000ee18                __fp_nan
 .text.avr-libc.fplib
                0x000000000000ee1e        0xe /usr/local/lib/gcc/avr/4.9.2/../../../../avr/lib/avr5/libm.a(fp_pscA.o)
                0x000000000000ee1e                __fp_pscA
 .text.avr-libc.fplib
                0x000000000000ee2c        0xe /usr/local/lib/gcc/avr/4.9.2/../../../../avr/lib/avr5/libm.a(fp_pscB.o)
                0x000000000000ee2c                __fp_pscB
 .text.avr-libc.fplib
                0x000000000000ee3a       0x22 /usr/local/lib/gcc/avr/4.9.2/../../../../avr/lib/avr5/libm.a(fp_round.o)
                0x000000000000ee3a                __fp_round
 .text.avr-libc.fplib
                0x000000000000ee5c       0x44 /usr/local/lib/gcc/avr/4.9.2/../../../../avr/lib/avr5/libm.a(fp_split3.o)
                0x000000000000ee5c                __fp_split3
                0x000000000000ee6c                __fp_splitA
 .text.avr-libc.fplib
                0x000000000000eea0        0xe /usr/local/lib/gcc/avr/4.9.2/../../../../avr/lib/avr5/libm.a(fp_zero.o)
                0x000000000000eea0                __fp_zero
                0x000000000000eea2                __fp_szero
 .text.avr-libc.fplib
                0x000000000000eeae        0x4 /usr/local/lib/gcc/avr/4.9.2/../../../../avr/lib/avr5/libm.a(mulsf3.o)
                0x000000000000eeae                __mulsf3
 .text.avr-libc.fplib
                0x000000000000eeb2       0xc2 /usr/local/lib/gcc/avr/4.9.2/../../../../avr/lib/avr5/libm.a(mulsf3x.o)
                0x000000000000eec6                __mulsf3x
                0x000000000000eeca                __mulsf3_pse
 .text.avr-libc
                0x000000000000ef74       0x16 /usr/local/lib/gcc/avr/4.9.2/../../../../avr/lib/avr5/libc.a(strnlen_P.o)
                0x000000000000ef74                strnlen_P
                0x000000000000ef8a                . = ALIGN (0x2)
 *(.fini9)
 .fini9         0x000000000000ef8a        0x0 /usr/local/lib/gcc/avr/4.9.2/avr5/libgcc.a(_exit.o)
                0x000000000000ef8a                exit
                0x000000000000ef8a                _exit
 *(.fini9)
 *(.fini8)
 *(.fini8)
 *(.fini7)
 *(.fini7)
 *(.fini6)
 *(.fini6)
 *(.fini5)
 *(.fini5)
 *(.fini4)
 *(.fini4)
 *(.fini3)
 *(.fini3)
 *(.fini2)
 *(.fini2)
 *(.fini1)
 *(.fini1)
 *(.fini0)
 .fini0         0x000000000000ef8a        0x4 /usr/local/lib/gcc/avr/4.9.2/avr5/libgcc.a(_exit.o)
 *(.fini0)
                0x000000000000ef8e                _etext = .

.data           0x0000000000800500       0x12 load address 0x000000000000ef8e
                0x0000000000800500                PROVIDE (__data_start, .)
 *(.data)
 .data          0x0000000000800500        0x1 uzeboxVideoEngine.o
 .data          0x0000000000800501        0x2 Iros.o
 *(.data*)
 *(.rodata)
 .rodata        0x0000000000800503        0xe Iros.o
 *(.rodata*)
 *(.gnu.linkonce.d*)
                0x0000000000800512                . = ALIGN (0x2)
 *fill*         0x0000000000800511        0x1 
                0x0000000000800512                _edata = .
                0x0000000000800512                PROVIDE (__data_end, .)

.bss            0x0000000000800512      0xb4e
                0x0000000000800512                PROVIDE (__bss_start, .)
 *(.bss)
 .bss           0x0000000000800512      0x7be uzeboxVideoEngineCore.o
                0x0000000000800512                sprites
                0x0000000000800552                ram_tiles
                0x0000000000800c52                ram_tiles_restore
                0x0000000000800ca6                free_tile_index
                0x0000000000800ca7                user_ram_tiles_c
                0x0000000000800ca8                user_ram_tiles_c_tmp
                0x0000000000800ca9                sprites_tile_banks
                0x0000000000800cb4                Screen
                0x0000000000800cba                sync_phase
                0x0000000000800cbb                sync_pulse
                0x0000000000800cbc                sync_flags
                0x0000000000800cc1                first_render_line
                0x0000000000800cc2                render_lines_count
                0x0000000000800cc3                joypad1_status_lo
                0x0000000000800cc5                joypad1_status_hi
                0x0000000000800cc7                joypad2_status_lo
                0x0000000000800cc9                joypad2_status_hi
 .bss           0x0000000000800cd0        0x2 uzeboxCore.o
 .bss           0x0000000000800cd2        0x1 uzeboxSoundEngine.o
                0x0000000000800cd2                playSong
 .bss           0x0000000000800cd3       0x23 uzeboxSoundEngineCore.o
                0x0000000000800cd3                sound_enabled
                0x0000000000800cd4                mixer
                0x0000000000800ce7                tr4_params
                0x0000000000800ce8                tr4_barrel_lo
                0x0000000000800ce9                tr4_barrel_hi
 .bss           0x0000000000800cf6        0xe Iros.o
 *(.bss*)
 *(COMMON)
 COMMON         0x0000000000800d04        0x1 uzeboxCore.o
                0x0000000000800d04                joypadsConnectionStatus
 COMMON         0x0000000000800d05       0x83 uzeboxSoundEngine.o
                0x0000000000800d05                songStart
                0x0000000000800d07                tracks
                0x0000000000800d7a                currDeltaTime
                0x0000000000800d7c                patchPointers
                0x0000000000800d7e                lastStatus
                0x0000000000800d7f                masterVolume
                0x0000000000800d80                nextDeltaTime
                0x0000000000800d82                songSpeed
                0x0000000000800d83                songPos
                0x0000000000800d85                loopStart
                0x0000000000800d87                step
 COMMON         0x0000000000800d88        0x5 uzeboxVideoEngine.o
                0x0000000000800d88                fadeSpeed
                0x0000000000800d89                fadeDir
                0x0000000000800d8a                fadeActive
                0x0000000000800d8b                currFadeFrame
                0x0000000000800d8c                fadeStep
 COMMON         0x0000000000800d8d      0x2d3 Iros.o
                0x0000000000800d8d                font_tiles_map
                0x0000000000800d8f                shot_top_anim
                0x0000000000800d91                boss_run_anim
                0x0000000000800d99                jump_anim
                0x0000000000800d9b                scores
                0x0000000000800dbb                game
                0x0000000000800fdc                boss_shot_top_anim
                0x0000000000800fde                prone_anim
                0x0000000000800fe0                spider_anim
                0x0000000000800fe4                shark_anim
                0x0000000000800fe6                extendedSprites
                0x0000000000801036                turret_anim
                0x0000000000801038                boss_shot_bottom_anim
                0x000000000080103a                run_anim
                0x0000000000801042                shot_middle_anim
                0x0000000000801044                boss_jump_anim
                0x0000000000801046                enemy_shot_anim
                0x0000000000801048                globe_anim
                0x000000000080104a                drone_anim
                0x000000000080104c                expl_anim
                0x0000000000801052                boss_prone_anim
                0x0000000000801054                shot_bottom_anim
                0x0000000000801056                boss_idle_anim
                0x0000000000801058                boss_shot_middle_anim
                0x000000000080105a                xwing_anim
                0x000000000080105c                hazard_anim
                0x000000000080105e                idle_anim
                0x0000000000801060                PROVIDE (__bss_end, .)
                0x000000000000ef8e                __data_load_start = LOADADDR (.data)
                0x000000000000efa0                __data_load_end = (__data_load_start + SIZEOF (.data))

.noinit         0x0000000000800100      0x400
                0x0000000000800100                PROVIDE (__noinit_start, .)
 *(.noinit*)
 .noinit        0x0000000000800100      0x400 uzeboxVideoEngineCore.o
                0x0000000000800100                vram
                0x0000000000800500                overlay_vram
                0x0000000000800500                PROVIDE (__noinit_end, .)
                0x0000000000800500                _end = .
                0x0000000000800500                PROVIDE (__heap_start, .)

.eeprom         0x0000000000810000        0x0
 *(.eeprom*)
                0x0000000000810000                __eeprom_end = .

.fuse
 *(.fuse)
 *(.lfuse)
 *(.hfuse)
 *(.efuse)

.lock
 *(.lock*)

.signature
 *(.signature*)

.stab           0x0000000000000000      0x708
 *(.stab)
 .stab          0x0000000000000000       0xf0 /usr/local/lib/gcc/avr/4.9.2/avr5/libgcc.a(_udivmodqi4.o)
 .stab          0x00000000000000f0       0xf0 /usr/local/lib/gcc/avr/4.9.2/avr5/libgcc.a(_divmodqi4.o)
                                         0xfc (size before relaxing)
 .stab          0x00000000000001e0      0x15c /usr/local/lib/gcc/avr/4.9.2/avr5/libgcc.a(_udivmodhi4.o)
                                        0x168 (size before relaxing)
 .stab          0x000000000000033c      0x138 /usr/local/lib/gcc/avr/4.9.2/avr5/libgcc.a(_divmodhi4.o)
                                        0x144 (size before relaxing)
 .stab          0x0000000000000474       0x6c /usr/local/lib/gcc/avr/4.9.2/avr5/libgcc.a(_exit.o)
                                         0x78 (size before relaxing)
 .stab          0x00000000000004e0       0x9c /usr/local/lib/gcc/avr/4.9.2/avr5/libgcc.a(_tablejump2.o)
                                         0xa8 (size before relaxing)
 .stab          0x000000000000057c       0xd8 /usr/local/lib/gcc/avr/4.9.2/avr5/libgcc.a(_copy_data.o)
                                         0xe4 (size before relaxing)
 .stab          0x0000000000000654       0xb4 /usr/local/lib/gcc/avr/4.9.2/avr5/libgcc.a(_clear_bss.o)
                                         0xc0 (size before relaxing)

.stabstr        0x0000000000000000      0x2f1
 *(.stabstr)
 .stabstr       0x0000000000000000      0x2f1 /usr/local/lib/gcc/avr/4.9.2/avr5/libgcc.a(_udivmodqi4.o)

.stab.excl
 *(.stab.excl)

.stab.exclstr
 *(.stab.exclstr)

.stab.index
 *(.stab.index)

.stab.indexstr
 *(.stab.indexstr)

.comment        0x0000000000000000       0x11
 *(.comment)
 .comment       0x0000000000000000       0x11 uzeboxCore.o
                                         0x12 (size before relaxing)
 .comment       0x0000000000000011       0x12 uzeboxSoundEngine.o
 .comment       0x0000000000000011       0x12 uzeboxVideoEngine.o
 .comment       0x0000000000000011       0x12 Iros.o

.note.gnu.build-id
 *(.note.gnu.build-id)

.debug
 *(.debug)

.line
 *(.line)

.debug_srcinfo
 *(.debug_srcinfo)

.debug_sfnames
 *(.debug_sfnames)

.debug_aranges  0x0000000000000000      0x788
 *(.debug_aranges)
 .debug_aranges
                0x0000000000000000       0xf8 uzeboxVideoEngineCore.o
 .debug_aranges
                0x00000000000000f8       0x90 uzeboxCore.o
 .debug_aranges
                0x0000000000000188      0x100 uzeboxSoundEngine.o
 .debug_aranges
                0x0000000000000288       0x50 uzeboxSoundEngineCore.o
 .debug_aranges
                0x00000000000002d8      0x108 uzeboxVideoEngine.o
 .debug_aranges
                0x00000000000003e0      0x3a8 Iros.o

.debug_pubnames
 *(.debug_pubnames)

.debug_info     0x0000000000000000     0xaf2a
 *(.debug_info .gnu.linkonce.wi.*)
 .debug_info    0x0000000000000000      0x672 /usr/local/lib/gcc/avr/4.9.2/../../../../avr/lib/avr5/crtm644.o
 .debug_info    0x0000000000000672       0x7b uzeboxVideoEngineCore.o
 .debug_info    0x00000000000006ed      0xab8 uzeboxCore.o
 .debug_info    0x00000000000011a5     0x12e8 uzeboxSoundEngine.o
 .debug_info    0x000000000000248d       0x72 uzeboxSoundEngineCore.o
 .debug_info    0x00000000000024ff     0x1595 uzeboxVideoEngine.o
 .debug_info    0x0000000000003a94     0x7496 Iros.o

.debug_abbrev   0x0000000000000000     0x1658
 *(.debug_abbrev)
 .debug_abbrev  0x0000000000000000      0x619 /usr/local/lib/gcc/avr/4.9.2/../../../../avr/lib/avr5/crtm644.o
 .debug_abbrev  0x0000000000000619       0x12 uzeboxVideoEngineCore.o
 .debug_abbrev  0x000000000000062b      0x32b uzeboxCore.o
 .debug_abbrev  0x0000000000000956      0x35c uzeboxSoundEngine.o
 .debug_abbrev  0x0000000000000cb2       0x12 uzeboxSoundEngineCore.o
 .debug_abbrev  0x0000000000000cc4      0x3c8 uzeboxVideoEngine.o
 .debug_abbrev  0x000000000000108c      0x5cc Iros.o

.debug_line     0x0000000000000000     0x2902
 *(.debug_line .debug_line.* .debug_line_end)
 .debug_line    0x0000000000000000       0x1d /usr/local/lib/gcc/avr/4.9.2/../../../../avr/lib/avr5/crtm644.o
 .debug_line    0x000000000000001d      0x5d3 uzeboxVideoEngineCore.o
 .debug_line    0x00000000000005f0      0x2b9 uzeboxCore.o
 .debug_line    0x00000000000008a9      0x3e6 uzeboxSoundEngine.o
 .debug_line    0x0000000000000c8f      0x1a9 uzeboxSoundEngineCore.o
 .debug_line    0x0000000000000e38      0x4ce uzeboxVideoEngine.o
 .debug_line    0x0000000000001306     0x15fc Iros.o

.debug_frame    0x0000000000000000     0x17e8
 *(.debug_frame)
 .debug_frame   0x0000000000000000      0x1cc uzeboxCore.o
 .debug_frame   0x00000000000001cc      0x284 uzeboxSoundEngine.o
 .debug_frame   0x0000000000000450      0x4b4 uzeboxVideoEngine.o
 .debug_frame   0x0000000000000904      0xee4 Iros.o

.debug_str      0x0000000000000000     0x20cd
 *(.debug_str)
 .debug_str     0x0000000000000000      0x231 /usr/local/lib/gcc/avr/4.9.2/../../../../avr/lib/avr5/crtm644.o
 .debug_str     0x0000000000000231      0x4bd uzeboxCore.o
                                        0x514 (size before relaxing)
 .debug_str     0x00000000000006ee      0x3ff uzeboxSoundEngine.o
                                        0x644 (size before relaxing)
 .debug_str     0x0000000000000aed      0x358 uzeboxVideoEngine.o
                                        0x56b (size before relaxing)
 .debug_str     0x0000000000000e45     0x1288 Iros.o
                                       0x1712 (size before relaxing)

.debug_loc      0x0000000000000000     0x9548
 *(.debug_loc)
 .debug_loc     0x0000000000000000      0x9f9 uzeboxCore.o
 .debug_loc     0x00000000000009f9     0x1148 uzeboxSoundEngine.o
 .debug_loc     0x0000000000001b41     0x1cec uzeboxVideoEngine.o
 .debug_loc     0x000000000000382d     0x5d1b Iros.o

.debug_macinfo
 *(.debug_macinfo)

.debug_weaknames
 *(.debug_weaknames)

.debug_funcnames
 *(.debug_funcnames)

.debug_typenames
 *(.debug_typenames)

.debug_varnames
 *(.debug_varnames)

.debug_pubtypes
 *(.debug_pubtypes)

.debug_ranges   0x0000000000000000      0x920
 *(.debug_ranges)
 .debug_ranges  0x0000000000000000       0xf0 uzeboxVideoEngineCore.o
 .debug_ranges  0x00000000000000f0       0x98 uzeboxCore.o
 .debug_ranges  0x0000000000000188      0x138 uzeboxSoundEngine.o
 .debug_ranges  0x00000000000002c0       0x48 uzeboxSoundEngineCore.o
 .debug_ranges  0x0000000000000308      0x140 uzeboxVideoEngine.o
 .debug_ranges  0x0000000000000448      0x4d8 Iros.o

.debug_macro
 *(.debug_macro)
OUTPUT(Iros.elf elf32-avr)
LOAD linker stubs
