Archive member included to satisfy reference by file (symbol)

/usr/local/lib/gcc/avr/4.9.2/avr5/libgcc.a(_udivmodqi4.o)
                              uzeboxVideoEngine.o (__udivmodqi4)
/usr/local/lib/gcc/avr/4.9.2/avr5/libgcc.a(_divmodqi4.o)
                              Iros.o (__divmodqi4)
/usr/local/lib/gcc/avr/4.9.2/avr5/libgcc.a(_udivmodhi4.o)
                              uzeboxVideoEngine.o (__udivmodhi4)
/usr/local/lib/gcc/avr/4.9.2/avr5/libgcc.a(_divmodhi4.o)
                              uzeboxSoundEngine.o (__divmodhi4)
/usr/local/lib/gcc/avr/4.9.2/avr5/libgcc.a(_udivmodsi4.o)
                              uzeboxVideoEngine.o (__udivmodsi4)
/usr/local/lib/gcc/avr/4.9.2/avr5/libgcc.a(_exit.o)
                              /usr/local/lib/gcc/avr/4.9.2/../../../../avr/lib/avr5/crtm644.o (exit)
/usr/local/lib/gcc/avr/4.9.2/avr5/libgcc.a(_tablejump2.o)
                              Iros.o (__tablejump2__)
/usr/local/lib/gcc/avr/4.9.2/avr5/libgcc.a(_copy_data.o)
                              uzeboxVideoEngine.o (__do_copy_data)
/usr/local/lib/gcc/avr/4.9.2/avr5/libgcc.a(_clear_bss.o)
                              uzeboxCore.o (__do_clear_bss)
/usr/local/lib/gcc/avr/4.9.2/../../../../avr/lib/avr5/libm.a(addsf3.o)
                              Iros.o (__addsf3)
/usr/local/lib/gcc/avr/4.9.2/../../../../avr/lib/avr5/libm.a(addsf3x.o)
                              /usr/local/lib/gcc/avr/4.9.2/../../../../avr/lib/avr5/libm.a(addsf3.o) (__addsf3x)
/usr/local/lib/gcc/avr/4.9.2/../../../../avr/lib/avr5/libm.a(fixsfsi.o)
                              Iros.o (__fixsfsi)
/usr/local/lib/gcc/avr/4.9.2/../../../../avr/lib/avr5/libm.a(fixunssfsi.o)
                              /usr/local/lib/gcc/avr/4.9.2/../../../../avr/lib/avr5/libm.a(fixsfsi.o) (__fixunssfsi)
/usr/local/lib/gcc/avr/4.9.2/../../../../avr/lib/avr5/libm.a(floatsisf.o)
                              Iros.o (__floatsisf)
/usr/local/lib/gcc/avr/4.9.2/../../../../avr/lib/avr5/libm.a(fp_inf.o)
                              /usr/local/lib/gcc/avr/4.9.2/../../../../avr/lib/avr5/libm.a(addsf3x.o) (__fp_inf)
/usr/local/lib/gcc/avr/4.9.2/../../../../avr/lib/avr5/libm.a(fp_nan.o)
                              /usr/local/lib/gcc/avr/4.9.2/../../../../avr/lib/avr5/libm.a(addsf3x.o) (__fp_nan)
/usr/local/lib/gcc/avr/4.9.2/../../../../avr/lib/avr5/libm.a(fp_pscA.o)
                              /usr/local/lib/gcc/avr/4.9.2/../../../../avr/lib/avr5/libm.a(addsf3x.o) (__fp_pscA)
/usr/local/lib/gcc/avr/4.9.2/../../../../avr/lib/avr5/libm.a(fp_pscB.o)
                              /usr/local/lib/gcc/avr/4.9.2/../../../../avr/lib/avr5/libm.a(addsf3x.o) (__fp_pscB)
/usr/local/lib/gcc/avr/4.9.2/../../../../avr/lib/avr5/libm.a(fp_round.o)
                              /usr/local/lib/gcc/avr/4.9.2/../../../../avr/lib/avr5/libm.a(addsf3.o) (__fp_round)
/usr/local/lib/gcc/avr/4.9.2/../../../../avr/lib/avr5/libm.a(fp_split3.o)
                              /usr/local/lib/gcc/avr/4.9.2/../../../../avr/lib/avr5/libm.a(addsf3x.o) (__fp_split3)
/usr/local/lib/gcc/avr/4.9.2/../../../../avr/lib/avr5/libm.a(fp_zero.o)
                              /usr/local/lib/gcc/avr/4.9.2/../../../../avr/lib/avr5/libm.a(addsf3x.o) (__fp_zero)
/usr/local/lib/gcc/avr/4.9.2/../../../../avr/lib/avr5/libm.a(mulsf3.o)
                              Iros.o (__mulsf3)
/usr/local/lib/gcc/avr/4.9.2/../../../../avr/lib/avr5/libm.a(mulsf3x.o)
                              /usr/local/lib/gcc/avr/4.9.2/../../../../avr/lib/avr5/libm.a(mulsf3.o) (__mulsf3x)
/usr/local/lib/gcc/avr/4.9.2/../../../../avr/lib/avr5/libc.a(strnlen_P.o)
                              Iros.o (strnlen_P)

Allocating common symbols
Common symbol       size              file

songStart           0x2               uzeboxSoundEngine.o
font_tiles_map      0x2               Iros.o
shot_top_anim       0x2               Iros.o
tracks              0x73              uzeboxSoundEngine.o
boss_run_anim       0x8               Iros.o
jump_anim           0x2               Iros.o
scores              0x20              Iros.o
fadeSpeed           0x1               uzeboxVideoEngine.o
currDeltaTime       0x2               uzeboxSoundEngine.o
fadeDir             0x1               uzeboxVideoEngine.o
patchPointers       0x2               uzeboxSoundEngine.o
game                0x221             Iros.o
lastStatus          0x1               uzeboxSoundEngine.o
boss_shot_top_anim  0x2               Iros.o
joypadsConnectionStatus
                    0x1               uzeboxCore.o
free_tile_index     0x1               uzeboxVideoEngine.o
fadeActive          0x1               uzeboxVideoEngine.o
masterVolume        0x1               uzeboxSoundEngine.o
prone_anim          0x2               Iros.o
nextDeltaTime       0x2               uzeboxSoundEngine.o
spider_anim         0x4               Iros.o
songSpeed           0x1               uzeboxSoundEngine.o
songPos             0x2               uzeboxSoundEngine.o
shark_anim          0x2               Iros.o
extendedSprites     0x50              Iros.o
turret_anim         0x2               Iros.o
boss_shot_bottom_anim
                    0x2               Iros.o
run_anim            0x8               Iros.o
shot_middle_anim    0x2               Iros.o
boss_jump_anim      0x2               Iros.o
enemy_shot_anim     0x2               Iros.o
loopStart           0x2               uzeboxSoundEngine.o
globe_anim          0x2               Iros.o
drone_anim          0x2               Iros.o
step                0x1               uzeboxSoundEngine.o
expl_anim           0x6               Iros.o
currFadeFrame       0x1               uzeboxVideoEngine.o
fadeStep            0x1               uzeboxVideoEngine.o
shot_bottom_anim    0x2               Iros.o
boss_idle_anim      0x2               Iros.o
boss_shot_middle_anim
                    0x2               Iros.o
xwing_anim          0x2               Iros.o
hazard_anim         0x2               Iros.o
idle_anim           0x2               Iros.o

Discarded input sections

 .data          0x0000000000000000        0x0 /usr/local/lib/gcc/avr/4.9.2/../../../../avr/lib/avr5/crtm644.o
 .bss           0x0000000000000000        0x0 /usr/local/lib/gcc/avr/4.9.2/../../../../avr/lib/avr5/crtm644.o
 .data          0x0000000000000000        0x0 uzeboxVideoEngineCore.o
 .text.SetSpritesTileBank
                0x0000000000000000       0x12 uzeboxVideoEngineCore.o
 .text.SetFont  0x0000000000000000        0x8 uzeboxVideoEngineCore.o
 .text.SetFontTilesIndex
                0x0000000000000000        0x6 uzeboxVideoEngineCore.o
 .text.GetTile  0x0000000000000000       0x24 uzeboxVideoEngineCore.o
 .text.GetVsyncCounter
                0x0000000000000000        0xa uzeboxVideoEngineCore.o
 .text.ClearVsyncCounter
                0x0000000000000000        0xa uzeboxVideoEngineCore.o
 .text.SetUserPreVsyncCallback
                0x0000000000000000        0xa uzeboxVideoEngineCore.o
 .text.SetUserPostVsyncCallback
                0x0000000000000000        0xa uzeboxVideoEngineCore.o
 .text.IsRunningInEmulator
                0x0000000000000000       0x12 uzeboxVideoEngineCore.o
 .text.WaitClocks
                0x0000000000000000        0x6 uzeboxVideoEngineCore.o
 .text.SetLedOn
                0x0000000000000000        0x4 uzeboxVideoEngineCore.o
 .text.SetLedOff
                0x0000000000000000        0x4 uzeboxVideoEngineCore.o
 .text.ToggleLed
                0x0000000000000000        0x4 uzeboxVideoEngineCore.o
 .text.internal_spi_byte
                0x0000000000000000        0xe uzeboxVideoEngineCore.o
 .text          0x0000000000000000        0x0 uzeboxCore.o
 .data          0x0000000000000000        0x0 uzeboxCore.o
 .text.SetRenderingParameters
                0x0000000000000000        0xa uzeboxCore.o
 .text.DetectControllers
                0x0000000000000000       0x36 uzeboxCore.o
 .text.FormatEeprom2
                0x0000000000000000       0x98 uzeboxCore.o
 .text.IsPowerSwitchPressed
                0x0000000000000000        0xe uzeboxCore.o
 .text          0x0000000000000000        0x0 uzeboxSoundEngine.o
 .data          0x0000000000000000        0x0 uzeboxSoundEngine.o
 .text.SetSongSpeed
                0x0000000000000000        0x6 uzeboxSoundEngine.o
 .text.GetSongSpeed
                0x0000000000000000        0x6 uzeboxSoundEngine.o
 .text.GetMasterVolume
                0x0000000000000000        0x6 uzeboxSoundEngine.o
 .data          0x0000000000000000        0x0 uzeboxSoundEngineCore.o
 .text.SetMixerNoiseParams
                0x0000000000000000       0x10 uzeboxSoundEngineCore.o
 .text.SetMixerVolume
                0x0000000000000000       0x16 uzeboxSoundEngineCore.o
 .text.EnableSoundEngine
                0x0000000000000000        0x8 uzeboxSoundEngineCore.o
 .text          0x0000000000000000        0x0 uzeboxVideoEngine.o
 .text.SetUserRamTilesCount
                0x0000000000000000        0x6 uzeboxVideoEngine.o
 .text.GetUserRamTile
                0x0000000000000000        0xe uzeboxVideoEngine.o
 .text.SetSpriteVisibility
                0x0000000000000000        0x6 uzeboxVideoEngine.o
 .text.SetScrolling
                0x0000000000000000       0x28 uzeboxVideoEngine.o
 .text.MapSprite
                0x0000000000000000       0x80 uzeboxVideoEngine.o
 .text.MapSprite2
                0x0000000000000000       0xa4 uzeboxVideoEngine.o
 .text.MoveSprite
                0x0000000000000000       0x7c uzeboxVideoEngine.o
 .text.PrintLong
                0x0000000000000000       0x8a uzeboxVideoEngine.o
 .text.PrintByte
                0x0000000000000000       0x66 uzeboxVideoEngine.o
 .text.PrintInt
                0x0000000000000000       0x70 uzeboxVideoEngine.o
 .text.PrintBinaryByte
                0x0000000000000000       0x36 uzeboxVideoEngine.o
 .text.PrintHexByte
                0x0000000000000000       0x40 uzeboxVideoEngine.o
 .text.PrintHexInt
                0x0000000000000000       0x24 uzeboxVideoEngine.o
 .text.PrintHexLong
                0x0000000000000000       0x5e uzeboxVideoEngine.o
 .text.Print    0x0000000000000000       0x36 uzeboxVideoEngine.o
 .text.PrintRam
                0x0000000000000000       0x36 uzeboxVideoEngine.o
 .text.PrintChar
                0x0000000000000000        0x6 uzeboxVideoEngine.o
 .text.Fill     0x0000000000000000       0x6e uzeboxVideoEngine.o
 .text.FontFill
                0x0000000000000000       0x6c uzeboxVideoEngine.o
 .text          0x0000000000000000        0x0 Iros.o
 .text.LBResetJoyPadState
                0x0000000000000000       0x12 Iros.o
 .text.LBSetFontTilesMap
                0x0000000000000000        0xa Iros.o
 .text.init_shot
                0x0000000000000000       0x46 Iros.o
 .text.save_eeprom
                0x0000000000000000        0x4 Iros.o
 .text.render_level_tile
                0x0000000000000000        0xe Iros.o
 .text.get_camera_x
                0x0000000000000000        0x4 Iros.o
 .text.get_camera_y
                0x0000000000000000        0x4 Iros.o
 .text.get_hero_spawn_x
                0x0000000000000000        0x4 Iros.o
 .text.get_hero_spawn_y
                0x0000000000000000        0x4 Iros.o
 .text.get_boss_spawn_x
                0x0000000000000000        0x4 Iros.o
 .text.get_boss_spawn_y
                0x0000000000000000        0x4 Iros.o
 .text.solid_tile
                0x0000000000000000        0xe Iros.o
 .text.hazard_tile
                0x0000000000000000        0xe Iros.o
 .text.hazard_projectile_tile
                0x0000000000000000        0xe Iros.o
 .text.music_toggle_pressed
                0x0000000000000000        0x8 Iros.o
 .text          0x0000000000000000        0x0 /usr/local/lib/gcc/avr/4.9.2/avr5/libgcc.a(_udivmodqi4.o)
 .data          0x0000000000000000        0x0 /usr/local/lib/gcc/avr/4.9.2/avr5/libgcc.a(_udivmodqi4.o)
 .bss           0x0000000000000000        0x0 /usr/local/lib/gcc/avr/4.9.2/avr5/libgcc.a(_udivmodqi4.o)
 .text.libgcc.mul
                0x0000000000000000        0x0 /usr/local/lib/gcc/avr/4.9.2/avr5/libgcc.a(_udivmodqi4.o)
 .text.libgcc   0x0000000000000000        0x0 /usr/local/lib/gcc/avr/4.9.2/avr5/libgcc.a(_udivmodqi4.o)
 .text.libgcc.prologue
                0x0000000000000000        0x0 /usr/local/lib/gcc/avr/4.9.2/avr5/libgcc.a(_udivmodqi4.o)
 .text.libgcc.builtins
                0x0000000000000000        0x0 /usr/local/lib/gcc/avr/4.9.2/avr5/libgcc.a(_udivmodqi4.o)
 .text.libgcc.fmul
                0x0000000000000000        0x0 /usr/local/lib/gcc/avr/4.9.2/avr5/libgcc.a(_udivmodqi4.o)
 .text.libgcc.fixed
                0x0000000000000000        0x0 /usr/local/lib/gcc/avr/4.9.2/avr5/libgcc.a(_udivmodqi4.o)
 .text          0x0000000000000000        0x0 /usr/local/lib/gcc/avr/4.9.2/avr5/libgcc.a(_divmodqi4.o)
 .data          0x0000000000000000        0x0 /usr/local/lib/gcc/avr/4.9.2/avr5/libgcc.a(_divmodqi4.o)
 .bss           0x0000000000000000        0x0 /usr/local/lib/gcc/avr/4.9.2/avr5/libgcc.a(_divmodqi4.o)
 .text.libgcc.mul
                0x0000000000000000        0x0 /usr/local/lib/gcc/avr/4.9.2/avr5/libgcc.a(_divmodqi4.o)
 .text.libgcc   0x0000000000000000        0x0 /usr/local/lib/gcc/avr/4.9.2/avr5/libgcc.a(_divmodqi4.o)
 .text.libgcc.prologue
                0x0000000000000000        0x0 /usr/local/lib/gcc/avr/4.9.2/avr5/libgcc.a(_divmodqi4.o)
 .text.libgcc.builtins
                0x0000000000000000        0x0 /usr/local/lib/gcc/avr/4.9.2/avr5/libgcc.a(_divmodqi4.o)
 .text.libgcc.fmul
                0x0000000000000000        0x0 /usr/local/lib/gcc/avr/4.9.2/avr5/libgcc.a(_divmodqi4.o)
 .text.libgcc.fixed
                0x0000000000000000        0x0 /usr/local/lib/gcc/avr/4.9.2/avr5/libgcc.a(_divmodqi4.o)
 .text          0x0000000000000000        0x0 /usr/local/lib/gcc/avr/4.9.2/avr5/libgcc.a(_udivmodhi4.o)
 .data          0x0000000000000000        0x0 /usr/local/lib/gcc/avr/4.9.2/avr5/libgcc.a(_udivmodhi4.o)
 .bss           0x0000000000000000        0x0 /usr/local/lib/gcc/avr/4.9.2/avr5/libgcc.a(_udivmodhi4.o)
 .text.libgcc.mul
                0x0000000000000000        0x0 /usr/local/lib/gcc/avr/4.9.2/avr5/libgcc.a(_udivmodhi4.o)
 .text.libgcc   0x0000000000000000        0x0 /usr/local/lib/gcc/avr/4.9.2/avr5/libgcc.a(_udivmodhi4.o)
 .text.libgcc.prologue
                0x0000000000000000        0x0 /usr/local/lib/gcc/avr/4.9.2/avr5/libgcc.a(_udivmodhi4.o)
 .text.libgcc.builtins
                0x0000000000000000        0x0 /usr/local/lib/gcc/avr/4.9.2/avr5/libgcc.a(_udivmodhi4.o)
 .text.libgcc.fmul
                0x0000000000000000        0x0 /usr/local/lib/gcc/avr/4.9.2/avr5/libgcc.a(_udivmodhi4.o)
 .text.libgcc.fixed
                0x0000000000000000        0x0 /usr/local/lib/gcc/avr/4.9.2/avr5/libgcc.a(_udivmodhi4.o)
 .text          0x0000000000000000        0x0 /usr/local/lib/gcc/avr/4.9.2/avr5/libgcc.a(_divmodhi4.o)
 .data          0x0000000000000000        0x0 /usr/local/lib/gcc/avr/4.9.2/avr5/libgcc.a(_divmodhi4.o)
 .bss           0x0000000000000000        0x0 /usr/local/lib/gcc/avr/4.9.2/avr5/libgcc.a(_divmodhi4.o)
 .text.libgcc.mul
                0x0000000000000000        0x0 /usr/local/lib/gcc/avr/4.9.2/avr5/libgcc.a(_divmodhi4.o)
 .text.libgcc   0x0000000000000000        0x0 /usr/local/lib/gcc/avr/4.9.2/avr5/libgcc.a(_divmodhi4.o)
 .text.libgcc.prologue
                0x0000000000000000        0x0 /usr/local/lib/gcc/avr/4.9.2/avr5/libgcc.a(_divmodhi4.o)
 .text.libgcc.builtins
                0x0000000000000000        0x0 /usr/local/lib/gcc/avr/4.9.2/avr5/libgcc.a(_divmodhi4.o)
 .text.libgcc.fmul
                0x0000000000000000        0x0 /usr/local/lib/gcc/avr/4.9.2/avr5/libgcc.a(_divmodhi4.o)
 .text.libgcc.fixed
                0x0000000000000000        0x0 /usr/local/lib/gcc/avr/4.9.2/avr5/libgcc.a(_divmodhi4.o)
 .text          0x0000000000000000        0x0 /usr/local/lib/gcc/avr/4.9.2/avr5/libgcc.a(_udivmodsi4.o)
 .data          0x0000000000000000        0x0 /usr/local/lib/gcc/avr/4.9.2/avr5/libgcc.a(_udivmodsi4.o)
 .bss           0x0000000000000000        0x0 /usr/local/lib/gcc/avr/4.9.2/avr5/libgcc.a(_udivmodsi4.o)
 .stab          0x0000000000000000      0x228 /usr/local/lib/gcc/avr/4.9.2/avr5/libgcc.a(_udivmodsi4.o)
                                        0x234 (size before relaxing)
 .text.libgcc.mul
                0x0000000000000000        0x0 /usr/local/lib/gcc/avr/4.9.2/avr5/libgcc.a(_udivmodsi4.o)
 .text.libgcc.div
                0x0000000000000000       0x44 /usr/local/lib/gcc/avr/4.9.2/avr5/libgcc.a(_udivmodsi4.o)
 .text.libgcc   0x0000000000000000        0x0 /usr/local/lib/gcc/avr/4.9.2/avr5/libgcc.a(_udivmodsi4.o)
 .text.libgcc.prologue
                0x0000000000000000        0x0 /usr/local/lib/gcc/avr/4.9.2/avr5/libgcc.a(_udivmodsi4.o)
 .text.libgcc.builtins
                0x0000000000000000        0x0 /usr/local/lib/gcc/avr/4.9.2/avr5/libgcc.a(_udivmodsi4.o)
 .text.libgcc.fmul
                0x0000000000000000        0x0 /usr/local/lib/gcc/avr/4.9.2/avr5/libgcc.a(_udivmodsi4.o)
 .text.libgcc.fixed
                0x0000000000000000        0x0 /usr/local/lib/gcc/avr/4.9.2/avr5/libgcc.a(_udivmodsi4.o)
 .text          0x0000000000000000        0x0 /usr/local/lib/gcc/avr/4.9.2/avr5/libgcc.a(_exit.o)
 .data          0x0000000000000000        0x0 /usr/local/lib/gcc/avr/4.9.2/avr5/libgcc.a(_exit.o)
 .bss           0x0000000000000000        0x0 /usr/local/lib/gcc/avr/4.9.2/avr5/libgcc.a(_exit.o)
 .text.libgcc.mul
                0x0000000000000000        0x0 /usr/local/lib/gcc/avr/4.9.2/avr5/libgcc.a(_exit.o)
 .text.libgcc.div
                0x0000000000000000        0x0 /usr/local/lib/gcc/avr/4.9.2/avr5/libgcc.a(_exit.o)
 .text.libgcc   0x0000000000000000        0x0 /usr/local/lib/gcc/avr/4.9.2/avr5/libgcc.a(_exit.o)
 .text.libgcc.prologue
                0x0000000000000000        0x0 /usr/local/lib/gcc/avr/4.9.2/avr5/libgcc.a(_exit.o)
 .text.libgcc.builtins
                0x0000000000000000        0x0 /usr/local/lib/gcc/avr/4.9.2/avr5/libgcc.a(_exit.o)
 .text.libgcc.fmul
                0x0000000000000000        0x0 /usr/local/lib/gcc/avr/4.9.2/avr5/libgcc.a(_exit.o)
 .text.libgcc.fixed
                0x0000000000000000        0x0 /usr/local/lib/gcc/avr/4.9.2/avr5/libgcc.a(_exit.o)
 .text          0x0000000000000000        0x0 /usr/local/lib/gcc/avr/4.9.2/avr5/libgcc.a(_tablejump2.o)
 .data          0x0000000000000000        0x0 /usr/local/lib/gcc/avr/4.9.2/avr5/libgcc.a(_tablejump2.o)
 .bss           0x0000000000000000        0x0 /usr/local/lib/gcc/avr/4.9.2/avr5/libgcc.a(_tablejump2.o)
 .text.libgcc.mul
                0x0000000000000000        0x0 /usr/local/lib/gcc/avr/4.9.2/avr5/libgcc.a(_tablejump2.o)
 .text.libgcc.div
                0x0000000000000000        0x0 /usr/local/lib/gcc/avr/4.9.2/avr5/libgcc.a(_tablejump2.o)
 .text.libgcc.prologue
                0x0000000000000000        0x0 /usr/local/lib/gcc/avr/4.9.2/avr5/libgcc.a(_tablejump2.o)
 .text.libgcc.builtins
                0x0000000000000000        0x0 /usr/local/lib/gcc/avr/4.9.2/avr5/libgcc.a(_tablejump2.o)
 .text.libgcc.fmul
                0x0000000000000000        0x0 /usr/local/lib/gcc/avr/4.9.2/avr5/libgcc.a(_tablejump2.o)
 .text.libgcc.fixed
                0x0000000000000000        0x0 /usr/local/lib/gcc/avr/4.9.2/avr5/libgcc.a(_tablejump2.o)
 .text          0x0000000000000000        0x0 /usr/local/lib/gcc/avr/4.9.2/avr5/libgcc.a(_copy_data.o)
 .data          0x0000000000000000        0x0 /usr/local/lib/gcc/avr/4.9.2/avr5/libgcc.a(_copy_data.o)
 .bss           0x0000000000000000        0x0 /usr/local/lib/gcc/avr/4.9.2/avr5/libgcc.a(_copy_data.o)
 .text.libgcc.mul
                0x0000000000000000        0x0 /usr/local/lib/gcc/avr/4.9.2/avr5/libgcc.a(_copy_data.o)
 .text.libgcc.div
                0x0000000000000000        0x0 /usr/local/lib/gcc/avr/4.9.2/avr5/libgcc.a(_copy_data.o)
 .text.libgcc   0x0000000000000000        0x0 /usr/local/lib/gcc/avr/4.9.2/avr5/libgcc.a(_copy_data.o)
 .text.libgcc.prologue
                0x0000000000000000        0x0 /usr/local/lib/gcc/avr/4.9.2/avr5/libgcc.a(_copy_data.o)
 .text.libgcc.builtins
                0x0000000000000000        0x0 /usr/local/lib/gcc/avr/4.9.2/avr5/libgcc.a(_copy_data.o)
 .text.libgcc.fmul
                0x0000000000000000        0x0 /usr/local/lib/gcc/avr/4.9.2/avr5/libgcc.a(_copy_data.o)
 .text.libgcc.fixed
                0x0000000000000000        0x0 /usr/local/lib/gcc/avr/4.9.2/avr5/libgcc.a(_copy_data.o)
 .text          0x0000000000000000        0x0 /usr/local/lib/gcc/avr/4.9.2/avr5/libgcc.a(_clear_bss.o)
 .data          0x0000000000000000        0x0 /usr/local/lib/gcc/avr/4.9.2/avr5/libgcc.a(_clear_bss.o)
 .bss           0x0000000000000000        0x0 /usr/local/lib/gcc/avr/4.9.2/avr5/libgcc.a(_clear_bss.o)
 .text.libgcc.mul
                0x0000000000000000        0x0 /usr/local/lib/gcc/avr/4.9.2/avr5/libgcc.a(_clear_bss.o)
 .text.libgcc.div
                0x0000000000000000        0x0 /usr/local/lib/gcc/avr/4.9.2/avr5/libgcc.a(_clear_bss.o)
 .text.libgcc   0x0000000000000000        0x0 /usr/local/lib/gcc/avr/4.9.2/avr5/libgcc.a(_clear_bss.o)
 .text.libgcc.prologue
                0x0000000000000000        0x0 /usr/local/lib/gcc/avr/4.9.2/avr5/libgcc.a(_clear_bss.o)
 .text.libgcc.builtins
                0x0000000000000000        0x0 /usr/local/lib/gcc/avr/4.9.2/avr5/libgcc.a(_clear_bss.o)
 .text.libgcc.fmul
                0x0000000000000000        0x0 /usr/local/lib/gcc/avr/4.9.2/avr5/libgcc.a(_clear_bss.o)
 .text.libgcc.fixed
                0x0000000000000000        0x0 /usr/local/lib/gcc/avr/4.9.2/avr5/libgcc.a(_clear_bss.o)
 .text          0x0000000000000000        0x0 /usr/local/lib/gcc/avr/4.9.2/../../../../avr/lib/avr5/libm.a(addsf3.o)
 .data          0x0000000000000000        0x0 /usr/local/lib/gcc/avr/4.9.2/../../../../avr/lib/avr5/libm.a(addsf3.o)
 .bss           0x0000000000000000        0x0 /usr/local/lib/gcc/avr/4.9.2/../../../../avr/lib/avr5/libm.a(addsf3.o)
 .text          0x0000000000000000        0x0 /usr/local/lib/gcc/avr/4.9.2/../../../../avr/lib/avr5/libm.a(addsf3x.o)
 .data          0x0000000000000000        0x0 /usr/local/lib/gcc/avr/4.9.2/../../../../avr/lib/avr5/libm.a(addsf3x.o)
 .bss           0x0000000000000000        0x0 /usr/local/lib/gcc/avr/4.9.2/../../../../avr/lib/avr5/libm.a(addsf3x.o)
 .text          0x0000000000000000        0x0 /usr/local/lib/gcc/avr/4.9.2/../../../../avr/lib/avr5/libm.a(fixsfsi.o)
 .data          0x0000000000000000        0x0 /usr/local/lib/gcc/avr/4.9.2/../../../../avr/lib/avr5/libm.a(fixsfsi.o)
 .bss           0x0000000000000000        0x0 /usr/local/lib/gcc/avr/4.9.2/../../../../avr/lib/avr5/libm.a(fixsfsi.o)
 .text          0x0000000000000000        0x0 /usr/local/lib/gcc/avr/4.9.2/../../../../avr/lib/avr5/libm.a(fixunssfsi.o)
 .data          0x0000000000000000        0x0 /usr/local/lib/gcc/avr/4.9.2/../../../../avr/lib/avr5/libm.a(fixunssfsi.o)
 .bss           0x0000000000000000        0x0 /usr/local/lib/gcc/avr/4.9.2/../../../../avr/lib/avr5/libm.a(fixunssfsi.o)
 .text          0x0000000000000000        0x0 /usr/local/lib/gcc/avr/4.9.2/../../../../avr/lib/avr5/libm.a(floatsisf.o)
 .data          0x0000000000000000        0x0 /usr/local/lib/gcc/avr/4.9.2/../../../../avr/lib/avr5/libm.a(floatsisf.o)
 .bss           0x0000000000000000        0x0 /usr/local/lib/gcc/avr/4.9.2/../../../../avr/lib/avr5/libm.a(floatsisf.o)
 .text          0x0000000000000000        0x0 /usr/local/lib/gcc/avr/4.9.2/../../../../avr/lib/avr5/libm.a(fp_inf.o)
 .data          0x0000000000000000        0x0 /usr/local/lib/gcc/avr/4.9.2/../../../../avr/lib/avr5/libm.a(fp_inf.o)
 .bss           0x0000000000000000        0x0 /usr/local/lib/gcc/avr/4.9.2/../../../../avr/lib/avr5/libm.a(fp_inf.o)
 .text          0x0000000000000000        0x0 /usr/local/lib/gcc/avr/4.9.2/../../../../avr/lib/avr5/libm.a(fp_nan.o)
 .data          0x0000000000000000        0x0 /usr/local/lib/gcc/avr/4.9.2/../../../../avr/lib/avr5/libm.a(fp_nan.o)
 .bss           0x0000000000000000        0x0 /usr/local/lib/gcc/avr/4.9.2/../../../../avr/lib/avr5/libm.a(fp_nan.o)
 .text          0x0000000000000000        0x0 /usr/local/lib/gcc/avr/4.9.2/../../../../avr/lib/avr5/libm.a(fp_pscA.o)
 .data          0x0000000000000000        0x0 /usr/local/lib/gcc/avr/4.9.2/../../../../avr/lib/avr5/libm.a(fp_pscA.o)
 .bss           0x0000000000000000        0x0 /usr/local/lib/gcc/avr/4.9.2/../../../../avr/lib/avr5/libm.a(fp_pscA.o)
 .text          0x0000000000000000        0x0 /usr/local/lib/gcc/avr/4.9.2/../../../../avr/lib/avr5/libm.a(fp_pscB.o)
 .data          0x0000000000000000        0x0 /usr/local/lib/gcc/avr/4.9.2/../../../../avr/lib/avr5/libm.a(fp_pscB.o)
 .bss           0x0000000000000000        0x0 /usr/local/lib/gcc/avr/4.9.2/../../../../avr/lib/avr5/libm.a(fp_pscB.o)
 .text          0x0000000000000000        0x0 /usr/local/lib/gcc/avr/4.9.2/../../../../avr/lib/avr5/libm.a(fp_round.o)
 .data          0x0000000000000000        0x0 /usr/local/lib/gcc/avr/4.9.2/../../../../avr/lib/avr5/libm.a(fp_round.o)
 .bss           0x0000000000000000        0x0 /usr/local/lib/gcc/avr/4.9.2/../../../../avr/lib/avr5/libm.a(fp_round.o)
 .text          0x0000000000000000        0x0 /usr/local/lib/gcc/avr/4.9.2/../../../../avr/lib/avr5/libm.a(fp_split3.o)
 .data          0x0000000000000000        0x0 /usr/local/lib/gcc/avr/4.9.2/../../../../avr/lib/avr5/libm.a(fp_split3.o)
 .bss           0x0000000000000000        0x0 /usr/local/lib/gcc/avr/4.9.2/../../../../avr/lib/avr5/libm.a(fp_split3.o)
 .text          0x0000000000000000        0x0 /usr/local/lib/gcc/avr/4.9.2/../../../../avr/lib/avr5/libm.a(fp_zero.o)
 .data          0x0000000000000000        0x0 /usr/local/lib/gcc/avr/4.9.2/../../../../avr/lib/avr5/libm.a(fp_zero.o)
 .bss           0x0000000000000000        0x0 /usr/local/lib/gcc/avr/4.9.2/../../../../avr/lib/avr5/libm.a(fp_zero.o)
 .text          0x0000000000000000        0x0 /usr/local/lib/gcc/avr/4.9.2/../../../../avr/lib/avr5/libm.a(mulsf3.o)
 .data          0x0000000000000000        0x0 /usr/local/lib/gcc/avr/4.9.2/../../../../avr/lib/avr5/libm.a(mulsf3.o)
 .bss           0x0000000000000000        0x0 /usr/local/lib/gcc/avr/4.9.2/../../../../avr/lib/avr5/libm.a(mulsf3.o)
 .text          0x0000000000000000        0x0 /usr/local/lib/gcc/avr/4.9.2/../../../../avr/lib/avr5/libm.a(mulsf3x.o)
 .data          0x0000000000000000        0x0 /usr/local/lib/gcc/avr/4.9.2/../../../../avr/lib/avr5/libm.a(mulsf3x.o)
 .bss           0x0000000000000000        0x0 /usr/local/lib/gcc/avr/4.9.2/../../../../avr/lib/avr5/libm.a(mulsf3x.o)
 .text          0x0000000000000000        0x0 /usr/local/lib/gcc/avr/4.9.2/../../../../avr/lib/avr5/libc.a(strnlen_P.o)
 .data          0x0000000000000000        0x0 /usr/local/lib/gcc/avr/4.9.2/../../../../avr/lib/avr5/libc.a(strnlen_P.o)
 .bss           0x0000000000000000        0x0 /usr/local/lib/gcc/avr/4.9.2/../../../../avr/lib/avr5/libc.a(strnlen_P.o)

Memory Configuration

Name             Origin             Length             Attributes
text             0x0000000000000000 0x0000000000020000 xr
data             0x0000000000800060 0x000000000000ffa0 rw !x
eeprom           0x0000000000810000 0x0000000000010000 rw !x
fuse             0x0000000000820000 0x0000000000000400 rw !x
lock             0x0000000000830000 0x0000000000000400 rw !x
signature        0x0000000000840000 0x0000000000000400 rw !x
*default*        0x0000000000000000 0xffffffffffffffff

Linker script and memory map

Address of section .data set to 0x800100
LOAD /usr/local/lib/gcc/avr/4.9.2/../../../../avr/lib/avr5/crtm644.o
Address of section .noinit set to 0x800100
Address of section .data set to 0x800500
LOAD uzeboxVideoEngineCore.o
LOAD uzeboxCore.o
LOAD uzeboxSoundEngine.o
LOAD uzeboxSoundEngineCore.o
LOAD uzeboxVideoEngine.o
LOAD Iros.o
START GROUP
LOAD /usr/local/lib/gcc/avr/4.9.2/avr5/libgcc.a
LOAD /usr/local/lib/gcc/avr/4.9.2/../../../../avr/lib/avr5/libm.a
LOAD /usr/local/lib/gcc/avr/4.9.2/../../../../avr/lib/avr5/libc.a
END GROUP

.hash
 *(.hash)

.dynsym
 *(.dynsym)

.dynstr
 *(.dynstr)

.gnu.version
 *(.gnu.version)

.gnu.version_d
 *(.gnu.version_d)

.gnu.version_r
 *(.gnu.version_r)

.rel.init
 *(.rel.init)

.rela.init
 *(.rela.init)

.rel.text
 *(.rel.text)
 *(.rel.text.*)
 *(.rel.gnu.linkonce.t*)

.rela.text
 *(.rela.text)
 *(.rela.text.*)
 *(.rela.gnu.linkonce.t*)

.rel.fini
 *(.rel.fini)

.rela.fini
 *(.rela.fini)

.rel.rodata
 *(.rel.rodata)
 *(.rel.rodata.*)
 *(.rel.gnu.linkonce.r*)

.rela.rodata
 *(.rela.rodata)
 *(.rela.rodata.*)
 *(.rela.gnu.linkonce.r*)

.rel.data
 *(.rel.data)
 *(.rel.data.*)
 *(.rel.gnu.linkonce.d*)

.rela.data
 *(.rela.data)
 *(.rela.data.*)
 *(.rela.gnu.linkonce.d*)

.rel.ctors
 *(.rel.ctors)

.rela.ctors
 *(.rela.ctors)

.rel.dtors
 *(.rel.dtors)

.rela.dtors
 *(.rela.dtors)

.rel.got
 *(.rel.got)

.rela.got
 *(.rela.got)

.rel.bss
 *(.rel.bss)

.rela.bss
 *(.rela.bss)

.rel.plt
 *(.rel.plt)

.rela.plt
 *(.rela.plt)

.text           0x0000000000000000     0xef48
 *(.vectors)
 .vectors       0x0000000000000000       0x70 /usr/local/lib/gcc/avr/4.9.2/../../../../avr/lib/avr5/crtm644.o
                0x0000000000000000                __vectors
                0x0000000000000000                __vector_default
 *(.vectors)
 *(.progmem.gcc*)
 .progmem.gcc_sw_table.update_enemies
                0x0000000000000070       0x12 Iros.o
 .progmem.gcc_sw_table.load_level
                0x0000000000000082       0x14 Iros.o
                0x0000000000000096                . = ALIGN (0x2)
                0x0000000000000096                __trampolines_start = .
 *(.trampolines)
 .trampolines   0x0000000000000096        0x0 linker stubs
 *(.trampolines*)
                0x0000000000000096                __trampolines_end = .
 *(.progmem*)
 .progmem.data  0x0000000000000096       0x4e uzeboxCore.o
                0x0000000000000096                io_table
                0x00000000000000c4                eeprom_format_table
 .progmem.data  0x00000000000000e4       0x1e uzeboxSoundEngine.o
                0x00000000000000e4                patchCommands
 .progmem.data  0x0000000000000102      0x853 uzeboxVideoEngine.o
                0x0000000000000102                fader
                0x000000000000010e                map_uzeboxlogo2
                0x000000000000011f                map_uzeboxlogo
                0x0000000000000135                logo_tileset
                0x0000000000000935                logoInitPatches
                0x000000000000093e                initPatch
 .progmem.data  0x0000000000000955     0x6f6f Iros.o
                0x0000000000000955                strChallenge
                0x0000000000000a05                strCongrats
                0x0000000000000abb                strIntro
                0x0000000000000b44                default_scores
                0x0000000000000b62                strTally
                0x0000000000000b69                strGameOver
                0x0000000000000b73                strLevelBonus
                0x0000000000000b79                strLevelClear
                0x0000000000000b85                strPaused
                0x0000000000000b8b                strExitGame
                0x0000000000000b97                strMainMenu
                0x0000000000000ba3                strTime
                0x0000000000000ba9                strLives
                0x0000000000000bb0                strShield
                0x0000000000000bb8                strScore
                0x0000000000000bbf                strSelectHandle
                0x0000000000000bc0                strHighScores
                0x0000000000000bcc                str1Player
                0x0000000000000bd2                strCopyright
                0x0000000000000be7                spacesong
                0x0000000000001287                planetsong
                0x0000000000001d59                my_patches
                0x0000000000001d98                explode
                0x0000000000001e69                pshoot
                0x0000000000001ebf                navigate
                0x0000000000001ed0                instrument
                0x0000000000001ed8                sprites_data
                0x0000000000003758                map_hazard_desert
                0x000000000000375b                map_hazard_city
                0x000000000000375e                map_hazard_jungle
                0x0000000000003761                map_hazard_fire
                0x0000000000003764                map_hazard_ice
                0x0000000000003767                map_enemy_boss_shot
                0x000000000000376a                map_enemy_boss_eye
                0x000000000000376d                map_enemy_boss_turret
                0x0000000000003770                map_enemy_drone
                0x0000000000003773                map_enemy_tank
                0x0000000000003776                map_enemy_ball
                0x0000000000003779                map_enemy_spider_1
                0x000000000000377c                map_enemy_spider_0
                0x000000000000377f                map_enemy_xwing
                0x0000000000003782                map_enemy_shark
                0x0000000000003785                map_enemy_shot
                0x0000000000003788                map_ahero_jump
                0x0000000000003790                map_ahero_step_3
                0x0000000000003798                map_ahero_step_2
                0x00000000000037a0                map_ahero_step_1
                0x00000000000037a8                map_ahero_step_0
                0x00000000000037b0                map_ahero_idle
                0x00000000000037b8                map_hero_rplasma_shot
                0x00000000000037bb                map_hero_space_bomb
                0x00000000000037be                map_hero_space_shot
                0x00000000000037c1                map_hero_ice_shot
                0x00000000000037c4                map_hero_ball_shot
                0x00000000000037c7                map_hero_gplasma_shot
                0x00000000000037ca                map_hero_ship_large_1
                0x00000000000037d4                map_hero_ship_large_0
                0x00000000000037de                map_hero_ship_1
                0x00000000000037e3                map_hero_ship_0
                0x00000000000037e8                map_hero_prone
                0x00000000000037ed                map_hero_jump
                0x00000000000037f5                map_hero_step_3
                0x00000000000037fd                map_hero_step_2
                0x0000000000003805                map_hero_step_1
                0x000000000000380d                map_hero_step_0
                0x0000000000003815                map_hero_idle
                0x000000000000381d                map_emerald_4
                0x0000000000003820                map_emerald_3
                0x0000000000003823                map_emerald_2
                0x0000000000003826                map_emerald_1
                0x0000000000003829                map_emerald_0
                0x000000000000382c                map_explosion_2
                0x000000000000382f                map_explosion_1
                0x0000000000003832                map_explosion_0
                0x0000000000003835                map_particle
                0x0000000000003838                map_up_arrow
                0x000000000000383b                map_down_arrow
                0x000000000000383e                map_right_arrow
                0x0000000000003841                map_none
                0x0000000000003844                tiles_data
                0x0000000000006004                map_font
                0x000000000000602b                map_atmosphere
                0x0000000000006065                map_dialog
                0x00000000000060c7                map_canvas
                0x0000000000006150                map_splash
                0x000000000000619d                map_tile_none
                0x00000000000061a0                map_level_mega_tiles
                0x00000000000071bd                map_level_space_final
                0x00000000000072be                map_level_space
                0x00000000000073bf                map_level_desert
                0x00000000000074c0                map_level_city
                0x00000000000075c1                map_level_forest
                0x00000000000076c2                map_level_fire
                0x00000000000077c3                map_level_ice
                0x00000000000078c4                . = ALIGN (0x2)
 *(.jumptables)
 *(.jumptables*)
 *(.lowtext)
 *(.lowtext*)
                0x00000000000078c4                __ctors_start = .
 *(.ctors)
                0x00000000000078c4                __ctors_end = .
                0x00000000000078c4                __dtors_start = .
 *(.dtors)
                0x00000000000078c4                __dtors_end = .
 SORT(*)(.ctors)
 SORT(*)(.dtors)
 *(.init0)
 .init0         0x00000000000078c4        0x0 /usr/local/lib/gcc/avr/4.9.2/../../../../avr/lib/avr5/crtm644.o
                0x00000000000078c4                __init
 *(.init0)
 *(.init1)
 *(.init1)
 *(.init2)
 .init2         0x00000000000078c4        0xc /usr/local/lib/gcc/avr/4.9.2/../../../../avr/lib/avr5/crtm644.o
 *(.init2)
 *(.init3)
 *(.init3)
 *(.init4)
 .init4         0x00000000000078d0       0x16 /usr/local/lib/gcc/avr/4.9.2/avr5/libgcc.a(_copy_data.o)
                0x00000000000078d0                __do_copy_data
 .init4         0x00000000000078e6       0x10 /usr/local/lib/gcc/avr/4.9.2/avr5/libgcc.a(_clear_bss.o)
                0x00000000000078e6                __do_clear_bss
 *(.init4)
 *(.init5)
 *(.init5)
 *(.init6)
 *(.init6)
 *(.init7)
 .init7         0x00000000000078f6       0x16 uzeboxCore.o
                0x00000000000078f6                wdt_init
 *(.init7)
 *(.init8)
 .init8         0x000000000000790c       0x82 uzeboxCore.o
                0x000000000000790c                Initialize
 *(.init8)
 *(.init9)
 .init9         0x000000000000798e        0x8 /usr/local/lib/gcc/avr/4.9.2/../../../../avr/lib/avr5/crtm644.o
 *(.init9)
 *(.text)
 .text          0x0000000000007996        0x4 /usr/local/lib/gcc/avr/4.9.2/../../../../avr/lib/avr5/crtm644.o
                0x0000000000007996                __vector_20
                0x0000000000007996                __vector_1
                0x0000000000007996                __vector_24
                0x0000000000007996                __vector_12
                0x0000000000007996                __bad_interrupt
                0x0000000000007996                __vector_6
                0x0000000000007996                __vector_3
                0x0000000000007996                __vector_23
                0x0000000000007996                __vector_25
                0x0000000000007996                __vector_11
                0x0000000000007996                __vector_17
                0x0000000000007996                __vector_19
                0x0000000000007996                __vector_7
                0x0000000000007996                __vector_27
                0x0000000000007996                __vector_5
                0x0000000000007996                __vector_4
                0x0000000000007996                __vector_9
                0x0000000000007996                __vector_2
                0x0000000000007996                __vector_21
                0x0000000000007996                __vector_15
                0x0000000000007996                __vector_26
                0x0000000000007996                __vector_10
                0x0000000000007996                __vector_16
                0x0000000000007996                __vector_18
                0x0000000000007996                __vector_22
 .text          0x000000000000799a      0x86e uzeboxVideoEngineCore.o
                0x0000000000007d02                CopyFlashTile
                0x0000000000007e20                CopyRamTile
                0x0000000000007f3a                BlitSprite
                0x0000000000008028                __vector_13
                0x00000000000080a8                __vector_14
 .text          0x0000000000008208      0x180 uzeboxSoundEngineCore.o
                0x0000000000008208                process_music
                0x0000000000008214                update_sound
                0x0000000000008388                . = ALIGN (0x2)
 *(.text.*)
 .text.SetSpritesTileTable
                0x0000000000008388        0xa uzeboxVideoEngineCore.o
                0x0000000000008388                SetSpritesTileTable
 .text.ClearVram
                0x0000000000008392       0x14 uzeboxVideoEngineCore.o
                0x0000000000008392                ClearVram
 .text.SetTile  0x00000000000083a6       0x22 uzeboxVideoEngineCore.o
                0x00000000000083a6                SetTile
 .text.SetTileTable
                0x00000000000083c8        0xa uzeboxVideoEngineCore.o
                0x00000000000083c8                SetTileTable
 .text.GetVsyncFlag
                0x00000000000083d2        0x8 uzeboxVideoEngineCore.o
                0x00000000000083d2                GetVsyncFlag
 .text.ClearVsyncFlag
                0x00000000000083da        0xc uzeboxVideoEngineCore.o
                0x00000000000083da                ClearVsyncFlag
 .text.ReadJoypad
                0x00000000000083e6       0x18 uzeboxVideoEngineCore.o
                0x00000000000083e6                ReadJoypad
 .text.WaitUs   0x00000000000083fe        0xe uzeboxVideoEngineCore.o
                0x00000000000083fe                WaitUs
 .text.WriteEeprom
                0x000000000000840c       0x14 uzeboxVideoEngineCore.o
                0x000000000000840c                WriteEeprom
 .text.ReadEeprom
                0x0000000000008420       0x12 uzeboxVideoEngineCore.o
                0x0000000000008420                ReadEeprom
 .text.wdt_randomize
                0x0000000000008432       0x50 uzeboxVideoEngineCore.o
                0x0000000000008432                wdt_randomize
 .text.GetTrueRandomSeed
                0x0000000000008482        0xa uzeboxVideoEngineCore.o
                0x0000000000008482                GetTrueRandomSeed
 .text.__vector_8
                0x000000000000848c       0x44 uzeboxVideoEngineCore.o
                0x000000000000848c                __vector_8
 .text.SoftReset
                0x00000000000084d0       0x16 uzeboxCore.o
                0x00000000000084d0                SoftReset
 .text.ReadButtons
                0x00000000000084e6       0x6c uzeboxCore.o
                0x00000000000084e6                ReadButtons
 .text.ReadControllers
                0x0000000000008552       0x20 uzeboxCore.o
                0x0000000000008552                ReadControllers
 .text.FormatEeprom
                0x0000000000008572       0x44 uzeboxCore.o
                0x0000000000008572                FormatEeprom
 .text.isEepromFormatted
                0x00000000000085b6       0x2e uzeboxCore.o
                0x00000000000085b6                isEepromFormatted
 .text.EepromBlockExists
                0x00000000000085e4       0xa4 uzeboxCore.o
                0x00000000000085e4                EepromBlockExists
 .text.EepromWriteBlock
                0x0000000000008688       0x94 uzeboxCore.o
                0x0000000000008688                EepromWriteBlock
 .text.EepromReadBlock
                0x000000000000871c       0x66 uzeboxCore.o
                0x000000000000871c                EepromReadBlock
 .text.GetPrngNumber
                0x0000000000008782       0x5c uzeboxCore.o
                0x0000000000008782                GetPrngNumber
 .text.PatchCommand00
                0x00000000000087de        0x6 uzeboxSoundEngine.o
                0x00000000000087de                PatchCommand00
 .text.PatchCommand01
                0x00000000000087e4       0x10 uzeboxSoundEngine.o
                0x00000000000087e4                PatchCommand01
 .text.PatchCommand05
                0x00000000000087f4        0xa uzeboxSoundEngine.o
                0x00000000000087f4                PatchCommand05
 .text.PatchCommand06
                0x00000000000087fe        0xa uzeboxSoundEngine.o
                0x00000000000087fe                PatchCommand06
 .text.PatchCommand07
                0x0000000000008808        0x6 uzeboxSoundEngine.o
                0x0000000000008808                PatchCommand07
 .text.PatchCommand09
                0x000000000000880e        0x6 uzeboxSoundEngine.o
                0x000000000000880e                PatchCommand09
 .text.PatchCommand10
                0x0000000000008814        0x6 uzeboxSoundEngine.o
                0x0000000000008814                PatchCommand10
 .text.PatchCommand11
                0x000000000000881a       0x76 uzeboxSoundEngine.o
                0x000000000000881a                PatchCommand11
 .text.PatchCommand12
                0x0000000000008890        0x6 uzeboxSoundEngine.o
                0x0000000000008890                PatchCommand12
 .text.PatchCommand13
                0x0000000000008896        0x6 uzeboxSoundEngine.o
                0x0000000000008896                PatchCommand13
 .text.PatchCommand02
                0x000000000000889c        0x8 uzeboxSoundEngine.o
                0x000000000000889c                PatchCommand02
 .text.PatchCommand03
                0x00000000000088a4        0xe uzeboxSoundEngine.o
                0x00000000000088a4                PatchCommand03
 .text.PatchCommand04
                0x00000000000088b2       0x10 uzeboxSoundEngine.o
                0x00000000000088b2                PatchCommand04
 .text.PatchCommand08
                0x00000000000088c2       0x20 uzeboxSoundEngine.o
                0x00000000000088c2                PatchCommand08
 .text.PatchCommand14
                0x00000000000088e2       0x54 uzeboxSoundEngine.o
                0x00000000000088e2                PatchCommand14
 .text.InitMusicPlayer
                0x0000000000008936       0x44 uzeboxSoundEngine.o
                0x0000000000008936                InitMusicPlayer
 .text.StartSong
                0x000000000000897a       0x52 uzeboxSoundEngine.o
                0x000000000000897a                StartSong
 .text.StopSong
                0x00000000000089cc       0x1c uzeboxSoundEngine.o
                0x00000000000089cc                StopSong
 .text.ResumeSong
                0x00000000000089e8        0x8 uzeboxSoundEngine.o
                0x00000000000089e8                ResumeSong
 .text.ReadVarLen
                0x00000000000089f0       0x4c uzeboxSoundEngine.o
                0x00000000000089f0                ReadVarLen
 .text.TriggerCommon
                0x0000000000008a3c      0x11c uzeboxSoundEngine.o
                0x0000000000008a3c                TriggerCommon
 .text.TriggerFx
                0x0000000000008b58       0x90 uzeboxSoundEngine.o
                0x0000000000008b58                TriggerFx
 .text.TriggerNote
                0x0000000000008be8       0x80 uzeboxSoundEngine.o
                0x0000000000008be8                TriggerNote
 .text.ProcessMusic
                0x0000000000008c68      0x43e uzeboxSoundEngine.o
                0x0000000000008c68                ProcessMusic
 .text.SetMasterVolume
                0x00000000000090a6        0x6 uzeboxSoundEngine.o
                0x00000000000090a6                SetMasterVolume
 .text.IsSongPlaying
                0x00000000000090ac        0x6 uzeboxSoundEngine.o
                0x00000000000090ac                IsSongPlaying
 .text.SetMixerNote
                0x00000000000090b2       0x2e uzeboxSoundEngineCore.o
                0x00000000000090b2                SetMixerNote
 .text.SetMixerWave
                0x00000000000090e0       0x3a uzeboxSoundEngineCore.o
                0x00000000000090e0                SetMixerWave
 *fill*         0x000000000000911a       0xe6 
 .text.DisableSoundEngine
                0x0000000000009200      0xc00 uzeboxSoundEngineCore.o
                0x0000000000009200                DisableSoundEngine
                0x0000000000009208                steptable
                0x0000000000009400                waves
 .text.RestoreBackground
                0x0000000000009e00       0x2c uzeboxVideoEngine.o
                0x0000000000009e00                RestoreBackground
 .text.ProcessSprites
                0x0000000000009e2c      0x224 uzeboxVideoEngine.o
                0x0000000000009e2c                ProcessSprites
 .text.Scroll   0x000000000000a050       0x4a uzeboxVideoEngine.o
                0x000000000000a050                Scroll
 .text.InitializeVideoMode
                0x000000000000a09a       0x1e uzeboxVideoEngine.o
                0x000000000000a09a                InitializeVideoMode
 .text.DrawMap  0x000000000000a0b8       0xd2 uzeboxVideoEngine.o
                0x000000000000a0b8                DrawMap2
                0x000000000000a0b8                DrawMap
 .text.WaitVsync
                0x000000000000a18a       0x2e uzeboxVideoEngine.o
                0x000000000000a18a                WaitVsync
 .text.DisplayLogo
                0x000000000000a1b8       0x6e uzeboxVideoEngine.o
                0x000000000000a1b8                DisplayLogo
 .text.doFade   0x000000000000a226       0x1c uzeboxVideoEngine.o
                0x000000000000a226                doFade
 .text.FadeIn   0x000000000000a242       0x18 uzeboxVideoEngine.o
                0x000000000000a242                FadeIn
 .text.FadeOut  0x000000000000a25a       0x18 uzeboxVideoEngine.o
                0x000000000000a25a                FadeOut
 .text.ProcessFading
                0x000000000000a272       0x4a uzeboxVideoEngine.o
                0x000000000000a272                ProcessFading
 .text.VideoModeVsync
                0x000000000000a2bc        0x8 uzeboxVideoEngine.o
                0x000000000000a2bc                VideoModeVsync
 .text.LBMoveDelta
                0x000000000000a2c4       0x56 Iros.o
                0x000000000000a2c4                LBMoveDelta
 .text.LBGetNextFrame
                0x000000000000a31a       0x4c Iros.o
                0x000000000000a31a                LBGetNextFrame
 .text.LBGetJoyPadState
                0x000000000000a366       0x96 Iros.o
                0x000000000000a366                LBGetJoyPadState
 .text.LBPrintChar
                0x000000000000a3fc       0x40 Iros.o
                0x000000000000a3fc                LBPrintChar
 .text.LBPrint  0x000000000000a43c       0x38 Iros.o
                0x000000000000a43c                LBPrint
 .text.LBPrintByte
                0x000000000000a474       0x62 Iros.o
                0x000000000000a474                LBPrintByte
 .text.LBPrintInt
                0x000000000000a4d6       0x72 Iros.o
                0x000000000000a4d6                LBPrintInt
 .text.LBCollides
                0x000000000000a548       0x54 Iros.o
                0x000000000000a548                LBCollides
 .text.LBRandom
                0x000000000000a59c       0x2c Iros.o
                0x000000000000a59c                LBRandom
 .text.LBWaitSeconds
                0x000000000000a5c8       0x1e Iros.o
                0x000000000000a5c8                LBWaitSeconds
 .text.LBMapSprite
                0x000000000000a5e6       0xa4 Iros.o
                0x000000000000a5e6                LBMapSprite
 .text.LBMoveSprite
                0x000000000000a68a       0x7c Iros.o
                0x000000000000a68a                LBMoveSprite
 .text.LBRotateSprites
                0x000000000000a706       0x68 Iros.o
                0x000000000000a706                LBRotateSprites
 .text.is_space
                0x000000000000a76e        0x8 Iros.o
                0x000000000000a76e                is_space
 .text.init_default_high_scores
                0x000000000000a776       0x2c Iros.o
                0x000000000000a776                init_default_high_scores
 .text.init_enemy_state
                0x000000000000a7a2       0x26 Iros.o
                0x000000000000a7a2                init_enemy_state
 .text.init_player_shot
                0x000000000000a7c8      0x43e Iros.o
                0x000000000000a7c8                init_player_shot
 .text.init_boss_shot
                0x000000000000ac06      0x3b6 Iros.o
                0x000000000000ac06                init_boss_shot
 .text.init_boss_state
                0x000000000000afbc       0xf8 Iros.o
                0x000000000000afbc                init_boss_state
 .text.init_player_state
                0x000000000000b0b4      0x16e Iros.o
                0x000000000000b0b4                init_player_state
 .text.init_enemy_shot
                0x000000000000b222       0xfa Iros.o
                0x000000000000b222                init_enemy_shot
 .text.init_enemy_spider
                0x000000000000b31c       0x84 Iros.o
                0x000000000000b31c                init_enemy_spider
 .text.init_enemy_turret
                0x000000000000b3a0       0x7a Iros.o
                0x000000000000b3a0                init_enemy_turret
 .text.init_enemy_drone
                0x000000000000b41a       0x7c Iros.o
                0x000000000000b41a                init_enemy_drone
 .text.init_enemy_shark
                0x000000000000b496       0x76 Iros.o
                0x000000000000b496                init_enemy_shark
 .text.init_enemy_globe
                0x000000000000b50c       0x78 Iros.o
                0x000000000000b50c                init_enemy_globe
 .text.init_enemy_xwing
                0x000000000000b584       0x78 Iros.o
                0x000000000000b584                init_enemy_xwing
 .text.init_enemy_boss_turret
                0x000000000000b5fc       0x7a Iros.o
                0x000000000000b5fc                init_enemy_boss_turret
 .text.init_enemy_boss_eye
                0x000000000000b676       0xa2 Iros.o
                0x000000000000b676                init_enemy_boss_eye
 .text.init_enemy_boss_turrets
                0x000000000000b718       0x40 Iros.o
                0x000000000000b718                init_enemy_boss_turrets
 .text.init_enemy_boss_eyes
                0x000000000000b758       0xb8 Iros.o
                0x000000000000b758                init_enemy_boss_eyes
 .text.init_enemy_level_hazard
                0x000000000000b810       0xbe Iros.o
                0x000000000000b810                init_enemy_level_hazard
 .text.load_eeprom
                0x000000000000b8ce       0x24 Iros.o
                0x000000000000b8ce                load_eeprom
 .text.clear_overlay
                0x000000000000b8f2       0x30 Iros.o
                0x000000000000b8f2                clear_overlay
 .text.get_level_tile
                0x000000000000b922       0x50 Iros.o
                0x000000000000b922                get_level_tile
 .text.render_camera_view
                0x000000000000b972       0xd0 Iros.o
                0x000000000000b972                render_camera_view
 .text.init_level_enemy
                0x000000000000ba42       0x44 Iros.o
                0x000000000000ba42                init_level_enemy
 .text.init_space_enemy
                0x000000000000ba86       0x40 Iros.o
                0x000000000000ba86                init_space_enemy
 .text.spawn_enemy
                0x000000000000bac6       0x96 Iros.o
                0x000000000000bac6                spawn_enemy
 .text.solid_or_hazard_tile
                0x000000000000bb5c       0x1a Iros.o
                0x000000000000bb5c                solid_or_hazard_tile
 .text.append_tile_column
                0x000000000000bb76      0x1a0 Iros.o
                0x000000000000bb76                append_tile_column
 .text.move_camera_x
                0x000000000000bd16       0x32 Iros.o
                0x000000000000bd16                move_camera_x
 .text.map_ship
                0x000000000000bd48       0x2a Iros.o
                0x000000000000bd48                map_ship
 .text.map_level_info
                0x000000000000bd72       0x4a Iros.o
                0x000000000000bd72                map_level_info
 .text.on_solid_ground
                0x000000000000bdbc       0xbe Iros.o
                0x000000000000bdbc                on_solid_ground
 .text.find_shot_slot
                0x000000000000be7a       0x2c Iros.o
                0x000000000000be7a                find_shot_slot
 .text.update_shot
                0x000000000000bea6      0x180 Iros.o
                0x000000000000bea6                update_shot
 .text.out_of_bounds
                0x000000000000c026       0x5a Iros.o
                0x000000000000c026                out_of_bounds
 .text.explode_all_enemies
                0x000000000000c080       0x38 Iros.o
                0x000000000000c080                explode_all_enemies
 .text.handle_music_toggle
                0x000000000000c0b8       0x18 Iros.o
                0x000000000000c0b8                handle_music_toggle
 .text.handle_demo_play
                0x000000000000c0d0       0x88 Iros.o
                0x000000000000c0d0                handle_demo_play
 .text.pixel_overlap
                0x000000000000c158       0x1a Iros.o
                0x000000000000c158                pixel_overlap
 .text.collision_detect_level
                0x000000000000c172      0x41c Iros.o
                0x000000000000c172                collision_detect_level
 .text.animate_shot
                0x000000000000c58e      0x2c0 Iros.o
                0x000000000000c58e                animate_shot
 .text.map_explosion
                0x000000000000c84e       0x96 Iros.o
                0x000000000000c84e                map_explosion
 .text.animate_sprite
                0x000000000000c8e4       0xf0 Iros.o
                0x000000000000c8e4                animate_sprite
 .text.animate_player
                0x000000000000c9d4       0x5a Iros.o
                0x000000000000c9d4                animate_player
 .text.update_spider_enemy
                0x000000000000ca2e       0x82 Iros.o
                0x000000000000ca2e                update_spider_enemy
 .text.update_turret_enemy
                0x000000000000cab0       0x3c Iros.o
                0x000000000000cab0                update_turret_enemy
 .text.update_drone_enemy
                0x000000000000caec       0x20 Iros.o
                0x000000000000caec                update_drone_enemy
 .text.update_globe_enemy
                0x000000000000cb0c       0x20 Iros.o
                0x000000000000cb0c                update_globe_enemy
 .text.update_xwing_enemy
                0x000000000000cb2c       0x32 Iros.o
                0x000000000000cb2c                update_xwing_enemy
 .text.update_shark_enemy
                0x000000000000cb5e       0x20 Iros.o
                0x000000000000cb5e                update_shark_enemy
 .text.update_level_hazard
                0x000000000000cb7e       0x48 Iros.o
                0x000000000000cb7e                update_level_hazard
 .text.update_basic_shot
                0x000000000000cbc6       0x16 Iros.o
                0x000000000000cbc6                update_basic_shot
 .text.update_enemies
                0x000000000000cbdc       0xda Iros.o
                0x000000000000cbdc                update_enemies
 .text.update_enemy_shots
                0x000000000000ccb6      0x140 Iros.o
                0x000000000000ccb6                update_enemy_shots
 .text.animate_enemies
                0x000000000000cdf6      0x23a Iros.o
                0x000000000000cdf6                animate_enemies
 .text.animate_enemy_shots
                0x000000000000d030      0x152 Iros.o
                0x000000000000d030                animate_enemy_shots
 .text.stream_text_middle
                0x000000000000d182       0x72 Iros.o
                0x000000000000d182                stream_text_middle
 .text.print_scroll
                0x000000000000d1f4       0x9a Iros.o
                0x000000000000d1f4                print_scroll
 .text.clear_sprites
                0x000000000000d28e       0x44 Iros.o
                0x000000000000d28e                clear_sprites
 .text.fade_through
                0x000000000000d2d2       0x20 Iros.o
                0x000000000000d2d2                fade_through
 .text.congratulations
                0x000000000000d2f2       0x26 Iros.o
                0x000000000000d2f2                congratulations
 .text.load_level
                0x000000000000d318      0x226 Iros.o
                0x000000000000d318                load_level
 .text.hide_sprites
                0x000000000000d53e       0x38 Iros.o
                0x000000000000d53e                hide_sprites
 .text.select_pressed
                0x000000000000d576       0x14 Iros.o
                0x000000000000d576                select_pressed
 .text.stream_text_anywhere
                0x000000000000d58a       0x4e Iros.o
                0x000000000000d58a                stream_text_anywhere
 .text.map_particles
                0x000000000000d5d8       0x1a Iros.o
                0x000000000000d5d8                map_particles
 .text.place_particles
                0x000000000000d5f2       0x44 Iros.o
                0x000000000000d5f2                place_particles
 .text.animate_particles
                0x000000000000d636       0x64 Iros.o
                0x000000000000d636                animate_particles
 .text.get_emarald_map
                0x000000000000d69a       0x1e Iros.o
                0x000000000000d69a                get_emarald_map
 .text.music_transition
                0x000000000000d6b8       0x20 Iros.o
                0x000000000000d6b8                music_transition
 .text.planet_transition
                0x000000000000d6d8      0x11a Iros.o
                0x000000000000d6d8                planet_transition
 .text.intro    0x000000000000d7f2       0x3c Iros.o
                0x000000000000d7f2                intro
 .text.demo_load
                0x000000000000d82e       0x46 Iros.o
                0x000000000000d82e                demo_load
 .text.load_splash
                0x000000000000d874       0x62 Iros.o
                0x000000000000d874                load_splash
 .text.load_high_scores
                0x000000000000d8d6      0x228 Iros.o
                0x000000000000d8d6                load_high_scores
 .text.exit_game
                0x000000000000dafe       0x20 Iros.o
                0x000000000000dafe                exit_game
 .text.update_splash
                0x000000000000db1e       0xf8 Iros.o
                0x000000000000db1e                update_splash
 .text.update_high_scores
                0x000000000000dc16      0x1cc Iros.o
                0x000000000000dc16                update_high_scores
 .text.tally_score
                0x000000000000dde2      0x27e Iros.o
                0x000000000000dde2                tally_score
 .text.handle_player_death
                0x000000000000e060       0x80 Iros.o
                0x000000000000e060                handle_player_death
 .text.update_player
                0x000000000000e0e0      0x466 Iros.o
                0x000000000000e0e0                update_player
 .text.update_level
                0x000000000000e546      0x2b4 Iros.o
                0x000000000000e546                update_level
 .text.update_pause
                0x000000000000e7fa       0xf0 Iros.o
                0x000000000000e7fa                update_pause
 .text.challenge
                0x000000000000e8ea       0x9a Iros.o
                0x000000000000e8ea                challenge
 .text.update_player_ai
                0x000000000000e984       0xf6 Iros.o
                0x000000000000e984                update_player_ai
 .text.startup.main
                0x000000000000ea7a      0x116 Iros.o
                0x000000000000ea7a                main
 .text.libgcc.div
                0x000000000000eb90       0x18 /usr/local/lib/gcc/avr/4.9.2/avr5/libgcc.a(_udivmodqi4.o)
                0x000000000000eb90                __udivmodqi4
 .text.libgcc.div
                0x000000000000eba8       0x1c /usr/local/lib/gcc/avr/4.9.2/avr5/libgcc.a(_divmodqi4.o)
                0x000000000000eba8                __divmodqi4
 .text.libgcc.div
                0x000000000000ebc4       0x28 /usr/local/lib/gcc/avr/4.9.2/avr5/libgcc.a(_udivmodhi4.o)
                0x000000000000ebc4                __udivmodhi4
 .text.libgcc.div
                0x000000000000ebec       0x28 /usr/local/lib/gcc/avr/4.9.2/avr5/libgcc.a(_divmodhi4.o)
                0x000000000000ebec                __divmodhi4
                0x000000000000ebec                _div
 .text.libgcc   0x000000000000ec14        0xc /usr/local/lib/gcc/avr/4.9.2/avr5/libgcc.a(_tablejump2.o)
                0x000000000000ec14                __tablejump2__
 .text.avr-libc.fplib
                0x000000000000ec20        0xa /usr/local/lib/gcc/avr/4.9.2/../../../../avr/lib/avr5/libm.a(addsf3.o)
                0x000000000000ec20                __subsf3
                0x000000000000ec22                __addsf3
 .text.avr-libc.fplib
                0x000000000000ec2a       0xc0 /usr/local/lib/gcc/avr/4.9.2/../../../../avr/lib/avr5/libm.a(addsf3x.o)
                0x000000000000ec44                __addsf3x
 .text.avr-libc.fplib
                0x000000000000ecea        0xa /usr/local/lib/gcc/avr/4.9.2/../../../../avr/lib/avr5/libm.a(fixsfsi.o)
                0x000000000000ecea                __fixsfsi
 .text.avr-libc.fplib
                0x000000000000ecf4       0x58 /usr/local/lib/gcc/avr/4.9.2/../../../../avr/lib/avr5/libm.a(fixunssfsi.o)
                0x000000000000ecf4                __fixunssfsi
 .text.avr-libc.fplib
                0x000000000000ed4c       0x7a /usr/local/lib/gcc/avr/4.9.2/../../../../avr/lib/avr5/libm.a(floatsisf.o)
                0x000000000000ed4c                __floatunsisf
                0x000000000000ed50                __floatsisf
 .text.avr-libc.fplib
                0x000000000000edc6        0xc /usr/local/lib/gcc/avr/4.9.2/../../../../avr/lib/avr5/libm.a(fp_inf.o)
                0x000000000000edc6                __fp_inf
 .text.avr-libc.fplib
                0x000000000000edd2        0x6 /usr/local/lib/gcc/avr/4.9.2/../../../../avr/lib/avr5/libm.a(fp_nan.o)
                0x000000000000edd2                __fp_nan
 .text.avr-libc.fplib
                0x000000000000edd8        0xe /usr/local/lib/gcc/avr/4.9.2/../../../../avr/lib/avr5/libm.a(fp_pscA.o)
                0x000000000000edd8                __fp_pscA
 .text.avr-libc.fplib
                0x000000000000ede6        0xe /usr/local/lib/gcc/avr/4.9.2/../../../../avr/lib/avr5/libm.a(fp_pscB.o)
                0x000000000000ede6                __fp_pscB
 .text.avr-libc.fplib
                0x000000000000edf4       0x22 /usr/local/lib/gcc/avr/4.9.2/../../../../avr/lib/avr5/libm.a(fp_round.o)
                0x000000000000edf4                __fp_round
 .text.avr-libc.fplib
                0x000000000000ee16       0x44 /usr/local/lib/gcc/avr/4.9.2/../../../../avr/lib/avr5/libm.a(fp_split3.o)
                0x000000000000ee16                __fp_split3
                0x000000000000ee26                __fp_splitA
 .text.avr-libc.fplib
                0x000000000000ee5a        0xe /usr/local/lib/gcc/avr/4.9.2/../../../../avr/lib/avr5/libm.a(fp_zero.o)
                0x000000000000ee5a                __fp_zero
                0x000000000000ee5c                __fp_szero
 .text.avr-libc.fplib
                0x000000000000ee68        0x4 /usr/local/lib/gcc/avr/4.9.2/../../../../avr/lib/avr5/libm.a(mulsf3.o)
                0x000000000000ee68                __mulsf3
 .text.avr-libc.fplib
                0x000000000000ee6c       0xc2 /usr/local/lib/gcc/avr/4.9.2/../../../../avr/lib/avr5/libm.a(mulsf3x.o)
                0x000000000000ee80                __mulsf3x
                0x000000000000ee84                __mulsf3_pse
 .text.avr-libc
                0x000000000000ef2e       0x16 /usr/local/lib/gcc/avr/4.9.2/../../../../avr/lib/avr5/libc.a(strnlen_P.o)
                0x000000000000ef2e                strnlen_P
                0x000000000000ef44                . = ALIGN (0x2)
 *(.fini9)
 .fini9         0x000000000000ef44        0x0 /usr/local/lib/gcc/avr/4.9.2/avr5/libgcc.a(_exit.o)
                0x000000000000ef44                exit
                0x000000000000ef44                _exit
 *(.fini9)
 *(.fini8)
 *(.fini8)
 *(.fini7)
 *(.fini7)
 *(.fini6)
 *(.fini6)
 *(.fini5)
 *(.fini5)
 *(.fini4)
 *(.fini4)
 *(.fini3)
 *(.fini3)
 *(.fini2)
 *(.fini2)
 *(.fini1)
 *(.fini1)
 *(.fini0)
 .fini0         0x000000000000ef44        0x4 /usr/local/lib/gcc/avr/4.9.2/avr5/libgcc.a(_exit.o)
 *(.fini0)
                0x000000000000ef48                _etext = .

.data           0x0000000000800500       0x10 load address 0x000000000000ef48
                0x0000000000800500                PROVIDE (__data_start, .)
 *(.data)
 .data          0x0000000000800500        0x1 uzeboxVideoEngine.o
                0x0000000000800500                spritesOn
 .data          0x0000000000800501        0x1 Iros.o
 *(.data*)
 *(.rodata)
 .rodata        0x0000000000800502        0xe Iros.o
 *(.rodata*)
 *(.gnu.linkonce.d*)
                0x0000000000800510                . = ALIGN (0x2)
                0x0000000000800510                _edata = .
                0x0000000000800510                PROVIDE (__data_end, .)

.bss            0x0000000000800510      0xb4c
                0x0000000000800510                PROVIDE (__bss_start, .)
 *(.bss)
 .bss           0x0000000000800510      0x7bc uzeboxVideoEngineCore.o
                0x0000000000800510                sprites
                0x0000000000800550                ram_tiles
                0x0000000000800c50                ram_tiles_restore
                0x0000000000800ca4                sprites_tile_banks
                0x0000000000800caf                Screen
                0x0000000000800cb6                sync_phase
                0x0000000000800cb7                sync_pulse
                0x0000000000800cb8                sync_flags
                0x0000000000800cbd                first_render_line
                0x0000000000800cbe                render_lines_count
                0x0000000000800cbf                joypad1_status_lo
                0x0000000000800cc1                joypad1_status_hi
                0x0000000000800cc3                joypad2_status_lo
                0x0000000000800cc5                joypad2_status_hi
 .bss           0x0000000000800ccc        0x2 uzeboxCore.o
 .bss           0x0000000000800cce        0x1 uzeboxSoundEngine.o
                0x0000000000800cce                playSong
 .bss           0x0000000000800ccf       0x23 uzeboxSoundEngineCore.o
                0x0000000000800ccf                sound_enabled
                0x0000000000800cd0                mixer
                0x0000000000800ce3                tr4_params
                0x0000000000800ce4                tr4_barrel_lo
                0x0000000000800ce5                tr4_barrel_hi
 .bss           0x0000000000800cf2        0x2 uzeboxVideoEngine.o
                0x0000000000800cf2                userRamTilesCount_tmp
                0x0000000000800cf3                userRamTilesCount
 .bss           0x0000000000800cf4        0xd Iros.o
 *(.bss*)
 *(COMMON)
 COMMON         0x0000000000800d01        0x1 uzeboxCore.o
                0x0000000000800d01                joypadsConnectionStatus
 COMMON         0x0000000000800d02       0x83 uzeboxSoundEngine.o
                0x0000000000800d02                songStart
                0x0000000000800d04                tracks
                0x0000000000800d77                currDeltaTime
                0x0000000000800d79                patchPointers
                0x0000000000800d7b                lastStatus
                0x0000000000800d7c                masterVolume
                0x0000000000800d7d                nextDeltaTime
                0x0000000000800d7f                songSpeed
                0x0000000000800d80                songPos
                0x0000000000800d82                loopStart
                0x0000000000800d84                step
 COMMON         0x0000000000800d85        0x6 uzeboxVideoEngine.o
                0x0000000000800d85                fadeSpeed
                0x0000000000800d86                fadeDir
                0x0000000000800d87                free_tile_index
                0x0000000000800d88                fadeActive
                0x0000000000800d89                currFadeFrame
                0x0000000000800d8a                fadeStep
 COMMON         0x0000000000800d8b      0x2d1 Iros.o
                0x0000000000800d8b                font_tiles_map
                0x0000000000800d8d                shot_top_anim
                0x0000000000800d8f                boss_run_anim
                0x0000000000800d97                jump_anim
                0x0000000000800d99                scores
                0x0000000000800db9                game
                0x0000000000800fda                boss_shot_top_anim
                0x0000000000800fdc                prone_anim
                0x0000000000800fde                spider_anim
                0x0000000000800fe2                shark_anim
                0x0000000000800fe4                extendedSprites
                0x0000000000801034                turret_anim
                0x0000000000801036                boss_shot_bottom_anim
                0x0000000000801038                run_anim
                0x0000000000801040                shot_middle_anim
                0x0000000000801042                boss_jump_anim
                0x0000000000801044                enemy_shot_anim
                0x0000000000801046                globe_anim
                0x0000000000801048                drone_anim
                0x000000000080104a                expl_anim
                0x0000000000801050                shot_bottom_anim
                0x0000000000801052                boss_idle_anim
                0x0000000000801054                boss_shot_middle_anim
                0x0000000000801056                xwing_anim
                0x0000000000801058                hazard_anim
                0x000000000080105a                idle_anim
                0x000000000080105c                PROVIDE (__bss_end, .)
                0x000000000000ef48                __data_load_start = LOADADDR (.data)
                0x000000000000ef58                __data_load_end = (__data_load_start + SIZEOF (.data))

.noinit         0x0000000000800100      0x400
                0x0000000000800100                PROVIDE (__noinit_start, .)
 *(.noinit*)
 .noinit        0x0000000000800100      0x400 uzeboxVideoEngineCore.o
                0x0000000000800100                vram
                0x0000000000800500                overlay_vram
                0x0000000000800500                PROVIDE (__noinit_end, .)
                0x0000000000800500                _end = .
                0x0000000000800500                PROVIDE (__heap_start, .)

.eeprom         0x0000000000810000        0x0
 *(.eeprom*)
                0x0000000000810000                __eeprom_end = .

.fuse
 *(.fuse)
 *(.lfuse)
 *(.hfuse)
 *(.efuse)

.lock
 *(.lock*)

.signature
 *(.signature*)

.stab           0x0000000000000000      0x708
 *(.stab)
 .stab          0x0000000000000000       0xf0 /usr/local/lib/gcc/avr/4.9.2/avr5/libgcc.a(_udivmodqi4.o)
 .stab          0x00000000000000f0       0xf0 /usr/local/lib/gcc/avr/4.9.2/avr5/libgcc.a(_divmodqi4.o)
                                         0xfc (size before relaxing)
 .stab          0x00000000000001e0      0x15c /usr/local/lib/gcc/avr/4.9.2/avr5/libgcc.a(_udivmodhi4.o)
                                        0x168 (size before relaxing)
 .stab          0x000000000000033c      0x138 /usr/local/lib/gcc/avr/4.9.2/avr5/libgcc.a(_divmodhi4.o)
                                        0x144 (size before relaxing)
 .stab          0x0000000000000474       0x6c /usr/local/lib/gcc/avr/4.9.2/avr5/libgcc.a(_exit.o)
                                         0x78 (size before relaxing)
 .stab          0x00000000000004e0       0x9c /usr/local/lib/gcc/avr/4.9.2/avr5/libgcc.a(_tablejump2.o)
                                         0xa8 (size before relaxing)
 .stab          0x000000000000057c       0xd8 /usr/local/lib/gcc/avr/4.9.2/avr5/libgcc.a(_copy_data.o)
                                         0xe4 (size before relaxing)
 .stab          0x0000000000000654       0xb4 /usr/local/lib/gcc/avr/4.9.2/avr5/libgcc.a(_clear_bss.o)
                                         0xc0 (size before relaxing)

.stabstr        0x0000000000000000      0x2f1
 *(.stabstr)
 .stabstr       0x0000000000000000      0x2f1 /usr/local/lib/gcc/avr/4.9.2/avr5/libgcc.a(_udivmodqi4.o)

.stab.excl
 *(.stab.excl)

.stab.exclstr
 *(.stab.exclstr)

.stab.index
 *(.stab.index)

.stab.indexstr
 *(.stab.indexstr)

.comment        0x0000000000000000       0x11
 *(.comment)
 .comment       0x0000000000000000       0x11 uzeboxCore.o
                                         0x12 (size before relaxing)
 .comment       0x0000000000000011       0x12 uzeboxSoundEngine.o
 .comment       0x0000000000000011       0x12 uzeboxVideoEngine.o
 .comment       0x0000000000000011       0x12 Iros.o

.note.gnu.build-id
 *(.note.gnu.build-id)

.debug
 *(.debug)

.line
 *(.line)

.debug_srcinfo
 *(.debug_srcinfo)

.debug_sfnames
 *(.debug_sfnames)

.debug_aranges  0x0000000000000000      0x790
 *(.debug_aranges)
 .debug_aranges
                0x0000000000000000       0xf8 uzeboxVideoEngineCore.o
 .debug_aranges
                0x00000000000000f8       0x90 uzeboxCore.o
 .debug_aranges
                0x0000000000000188      0x100 uzeboxSoundEngine.o
 .debug_aranges
                0x0000000000000288       0x50 uzeboxSoundEngineCore.o
 .debug_aranges
                0x00000000000002d8      0x110 uzeboxVideoEngine.o
 .debug_aranges
                0x00000000000003e8      0x3a8 Iros.o

.debug_pubnames
 *(.debug_pubnames)

.debug_info     0x0000000000000000     0xaed4
 *(.debug_info .gnu.linkonce.wi.*)
 .debug_info    0x0000000000000000      0x672 /usr/local/lib/gcc/avr/4.9.2/../../../../avr/lib/avr5/crtm644.o
 .debug_info    0x0000000000000672       0x7b uzeboxVideoEngineCore.o
 .debug_info    0x00000000000006ed      0xab8 uzeboxCore.o
 .debug_info    0x00000000000011a5     0x12e8 uzeboxSoundEngine.o
 .debug_info    0x000000000000248d       0x72 uzeboxSoundEngineCore.o
 .debug_info    0x00000000000024ff     0x15b9 uzeboxVideoEngine.o
 .debug_info    0x0000000000003ab8     0x741c Iros.o

.debug_abbrev   0x0000000000000000     0x1654
 *(.debug_abbrev)
 .debug_abbrev  0x0000000000000000      0x619 /usr/local/lib/gcc/avr/4.9.2/../../../../avr/lib/avr5/crtm644.o
 .debug_abbrev  0x0000000000000619       0x12 uzeboxVideoEngineCore.o
 .debug_abbrev  0x000000000000062b      0x32b uzeboxCore.o
 .debug_abbrev  0x0000000000000956      0x35c uzeboxSoundEngine.o
 .debug_abbrev  0x0000000000000cb2       0x12 uzeboxSoundEngineCore.o
 .debug_abbrev  0x0000000000000cc4      0x3da uzeboxVideoEngine.o
 .debug_abbrev  0x000000000000109e      0x5b6 Iros.o

.debug_line     0x0000000000000000     0x28f7
 *(.debug_line .debug_line.* .debug_line_end)
 .debug_line    0x0000000000000000       0x1d /usr/local/lib/gcc/avr/4.9.2/../../../../avr/lib/avr5/crtm644.o
 .debug_line    0x000000000000001d      0x5c9 uzeboxVideoEngineCore.o
 .debug_line    0x00000000000005e6      0x2b9 uzeboxCore.o
 .debug_line    0x000000000000089f      0x3e6 uzeboxSoundEngine.o
 .debug_line    0x0000000000000c85      0x1a9 uzeboxSoundEngineCore.o
 .debug_line    0x0000000000000e2e      0x4e2 uzeboxVideoEngine.o
 .debug_line    0x0000000000001310     0x15e7 Iros.o

.debug_frame    0x0000000000000000     0x1808
 *(.debug_frame)
 .debug_frame   0x0000000000000000      0x1cc uzeboxCore.o
 .debug_frame   0x00000000000001cc      0x284 uzeboxSoundEngine.o
 .debug_frame   0x0000000000000450      0x4d4 uzeboxVideoEngine.o
 .debug_frame   0x0000000000000924      0xee4 Iros.o

.debug_str      0x0000000000000000     0x20a2
 *(.debug_str)
 .debug_str     0x0000000000000000      0x231 /usr/local/lib/gcc/avr/4.9.2/../../../../avr/lib/avr5/crtm644.o
 .debug_str     0x0000000000000231      0x4bd uzeboxCore.o
                                        0x514 (size before relaxing)
 .debug_str     0x00000000000006ee      0x3ff uzeboxSoundEngine.o
                                        0x644 (size before relaxing)
 .debug_str     0x0000000000000aed      0x359 uzeboxVideoEngine.o
                                        0x56c (size before relaxing)
 .debug_str     0x0000000000000e46     0x125c Iros.o
                                       0x16db (size before relaxing)

.debug_loc      0x0000000000000000     0x947f
 *(.debug_loc)
 .debug_loc     0x0000000000000000      0x9f9 uzeboxCore.o
 .debug_loc     0x00000000000009f9     0x1148 uzeboxSoundEngine.o
 .debug_loc     0x0000000000001b41     0x1bf5 uzeboxVideoEngine.o
 .debug_loc     0x0000000000003736     0x5d49 Iros.o

.debug_macinfo
 *(.debug_macinfo)

.debug_weaknames
 *(.debug_weaknames)

.debug_funcnames
 *(.debug_funcnames)

.debug_typenames
 *(.debug_typenames)

.debug_varnames
 *(.debug_varnames)

.debug_pubtypes
 *(.debug_pubtypes)

.debug_ranges   0x0000000000000000      0x928
 *(.debug_ranges)
 .debug_ranges  0x0000000000000000       0xf0 uzeboxVideoEngineCore.o
 .debug_ranges  0x00000000000000f0       0x98 uzeboxCore.o
 .debug_ranges  0x0000000000000188      0x138 uzeboxSoundEngine.o
 .debug_ranges  0x00000000000002c0       0x48 uzeboxSoundEngineCore.o
 .debug_ranges  0x0000000000000308      0x148 uzeboxVideoEngine.o
 .debug_ranges  0x0000000000000450      0x4d8 Iros.o

.debug_macro
 *(.debug_macro)
OUTPUT(Iros.elf elf32-avr)
LOAD linker stubs
