Archive member included to satisfy reference by file (symbol)

/usr/local/lib/gcc/avr/4.9.2/avr5/libgcc.a(_udivmodqi4.o)
                              uzeboxVideoEngine.o (__udivmodqi4)
/usr/local/lib/gcc/avr/4.9.2/avr5/libgcc.a(_divmodqi4.o)
                              Iros.o (__divmodqi4)
/usr/local/lib/gcc/avr/4.9.2/avr5/libgcc.a(_udivmodhi4.o)
                              uzeboxVideoEngine.o (__udivmodhi4)
/usr/local/lib/gcc/avr/4.9.2/avr5/libgcc.a(_divmodhi4.o)
                              uzeboxSoundEngine.o (__divmodhi4)
/usr/local/lib/gcc/avr/4.9.2/avr5/libgcc.a(_udivmodsi4.o)
                              uzeboxVideoEngine.o (__udivmodsi4)
/usr/local/lib/gcc/avr/4.9.2/avr5/libgcc.a(_exit.o)
                              /usr/local/lib/gcc/avr/4.9.2/../../../../avr/lib/avr5/crtm644.o (exit)
/usr/local/lib/gcc/avr/4.9.2/avr5/libgcc.a(_tablejump2.o)
                              Iros.o (__tablejump2__)
/usr/local/lib/gcc/avr/4.9.2/avr5/libgcc.a(_copy_data.o)
                              uzeboxVideoEngine.o (__do_copy_data)
/usr/local/lib/gcc/avr/4.9.2/avr5/libgcc.a(_clear_bss.o)
                              uzeboxCore.o (__do_clear_bss)
/usr/local/lib/gcc/avr/4.9.2/../../../../avr/lib/avr5/libm.a(addsf3.o)
                              Iros.o (__addsf3)
/usr/local/lib/gcc/avr/4.9.2/../../../../avr/lib/avr5/libm.a(addsf3x.o)
                              /usr/local/lib/gcc/avr/4.9.2/../../../../avr/lib/avr5/libm.a(addsf3.o) (__addsf3x)
/usr/local/lib/gcc/avr/4.9.2/../../../../avr/lib/avr5/libm.a(fixsfsi.o)
                              Iros.o (__fixsfsi)
/usr/local/lib/gcc/avr/4.9.2/../../../../avr/lib/avr5/libm.a(fixunssfsi.o)
                              /usr/local/lib/gcc/avr/4.9.2/../../../../avr/lib/avr5/libm.a(fixsfsi.o) (__fixunssfsi)
/usr/local/lib/gcc/avr/4.9.2/../../../../avr/lib/avr5/libm.a(floatsisf.o)
                              Iros.o (__floatsisf)
/usr/local/lib/gcc/avr/4.9.2/../../../../avr/lib/avr5/libm.a(fp_inf.o)
                              /usr/local/lib/gcc/avr/4.9.2/../../../../avr/lib/avr5/libm.a(addsf3x.o) (__fp_inf)
/usr/local/lib/gcc/avr/4.9.2/../../../../avr/lib/avr5/libm.a(fp_nan.o)
                              /usr/local/lib/gcc/avr/4.9.2/../../../../avr/lib/avr5/libm.a(addsf3x.o) (__fp_nan)
/usr/local/lib/gcc/avr/4.9.2/../../../../avr/lib/avr5/libm.a(fp_pscA.o)
                              /usr/local/lib/gcc/avr/4.9.2/../../../../avr/lib/avr5/libm.a(addsf3x.o) (__fp_pscA)
/usr/local/lib/gcc/avr/4.9.2/../../../../avr/lib/avr5/libm.a(fp_pscB.o)
                              /usr/local/lib/gcc/avr/4.9.2/../../../../avr/lib/avr5/libm.a(addsf3x.o) (__fp_pscB)
/usr/local/lib/gcc/avr/4.9.2/../../../../avr/lib/avr5/libm.a(fp_round.o)
                              /usr/local/lib/gcc/avr/4.9.2/../../../../avr/lib/avr5/libm.a(addsf3.o) (__fp_round)
/usr/local/lib/gcc/avr/4.9.2/../../../../avr/lib/avr5/libm.a(fp_split3.o)
                              /usr/local/lib/gcc/avr/4.9.2/../../../../avr/lib/avr5/libm.a(addsf3x.o) (__fp_split3)
/usr/local/lib/gcc/avr/4.9.2/../../../../avr/lib/avr5/libm.a(fp_zero.o)
                              /usr/local/lib/gcc/avr/4.9.2/../../../../avr/lib/avr5/libm.a(addsf3x.o) (__fp_zero)
/usr/local/lib/gcc/avr/4.9.2/../../../../avr/lib/avr5/libm.a(mulsf3.o)
                              Iros.o (__mulsf3)
/usr/local/lib/gcc/avr/4.9.2/../../../../avr/lib/avr5/libm.a(mulsf3x.o)
                              /usr/local/lib/gcc/avr/4.9.2/../../../../avr/lib/avr5/libm.a(mulsf3.o) (__mulsf3x)
/usr/local/lib/gcc/avr/4.9.2/../../../../avr/lib/avr5/libc.a(strnlen_P.o)
                              Iros.o (strnlen_P)

Allocating common symbols
Common symbol       size              file

songStart           0x2               uzeboxSoundEngine.o
font_tiles_map      0x2               Iros.o
shot_top_anim       0x2               Iros.o
tracks              0x73              uzeboxSoundEngine.o
boss_run_anim       0x8               Iros.o
jump_anim           0x2               Iros.o
scores              0x20              Iros.o
fadeSpeed           0x1               uzeboxVideoEngine.o
currDeltaTime       0x2               uzeboxSoundEngine.o
fadeDir             0x1               uzeboxVideoEngine.o
patchPointers       0x2               uzeboxSoundEngine.o
game                0x220             Iros.o
lastStatus          0x1               uzeboxSoundEngine.o
boss_shot_top_anim  0x2               Iros.o
joypadsConnectionStatus
                    0x1               uzeboxCore.o
free_tile_index     0x1               uzeboxVideoEngine.o
fadeActive          0x1               uzeboxVideoEngine.o
masterVolume        0x1               uzeboxSoundEngine.o
prone_anim          0x2               Iros.o
nextDeltaTime       0x2               uzeboxSoundEngine.o
spider_anim         0x4               Iros.o
songSpeed           0x1               uzeboxSoundEngine.o
songPos             0x2               uzeboxSoundEngine.o
shark_anim          0x2               Iros.o
extendedSprites     0x50              Iros.o
turret_anim         0x2               Iros.o
boss_shot_bottom_anim
                    0x2               Iros.o
run_anim            0x8               Iros.o
shot_middle_anim    0x2               Iros.o
boss_jump_anim      0x2               Iros.o
enemy_shot_anim     0x2               Iros.o
loopStart           0x2               uzeboxSoundEngine.o
globe_anim          0x2               Iros.o
drone_anim          0x2               Iros.o
step                0x1               uzeboxSoundEngine.o
expl_anim           0x6               Iros.o
currFadeFrame       0x1               uzeboxVideoEngine.o
fadeStep            0x1               uzeboxVideoEngine.o
shot_bottom_anim    0x2               Iros.o
boss_idle_anim      0x2               Iros.o
boss_shot_middle_anim
                    0x2               Iros.o
hazard_anim         0x2               Iros.o
idle_anim           0x2               Iros.o

Discarded input sections

 .data          0x0000000000000000        0x0 /usr/local/lib/gcc/avr/4.9.2/../../../../avr/lib/avr5/crtm644.o
 .bss           0x0000000000000000        0x0 /usr/local/lib/gcc/avr/4.9.2/../../../../avr/lib/avr5/crtm644.o
 .data          0x0000000000000000        0x0 uzeboxVideoEngineCore.o
 .text.SetSpritesTileBank
                0x0000000000000000       0x12 uzeboxVideoEngineCore.o
 .text.SetFont  0x0000000000000000        0x8 uzeboxVideoEngineCore.o
 .text.SetFontTilesIndex
                0x0000000000000000        0x6 uzeboxVideoEngineCore.o
 .text.GetTile  0x0000000000000000       0x24 uzeboxVideoEngineCore.o
 .text.GetVsyncCounter
                0x0000000000000000        0xa uzeboxVideoEngineCore.o
 .text.ClearVsyncCounter
                0x0000000000000000        0xa uzeboxVideoEngineCore.o
 .text.SetUserPreVsyncCallback
                0x0000000000000000        0xa uzeboxVideoEngineCore.o
 .text.SetUserPostVsyncCallback
                0x0000000000000000        0xa uzeboxVideoEngineCore.o
 .text.IsRunningInEmulator
                0x0000000000000000       0x12 uzeboxVideoEngineCore.o
 .text.WaitClocks
                0x0000000000000000        0x6 uzeboxVideoEngineCore.o
 .text.SetLedOn
                0x0000000000000000        0x4 uzeboxVideoEngineCore.o
 .text.SetLedOff
                0x0000000000000000        0x4 uzeboxVideoEngineCore.o
 .text.ToggleLed
                0x0000000000000000        0x4 uzeboxVideoEngineCore.o
 .text.internal_spi_byte
                0x0000000000000000        0xe uzeboxVideoEngineCore.o
 .text          0x0000000000000000        0x0 uzeboxCore.o
 .data          0x0000000000000000        0x0 uzeboxCore.o
 .text.SetRenderingParameters
                0x0000000000000000        0xa uzeboxCore.o
 .text.DetectControllers
                0x0000000000000000       0x36 uzeboxCore.o
 .text.FormatEeprom2
                0x0000000000000000       0x98 uzeboxCore.o
 .text.IsPowerSwitchPressed
                0x0000000000000000        0xe uzeboxCore.o
 .text          0x0000000000000000        0x0 uzeboxSoundEngine.o
 .data          0x0000000000000000        0x0 uzeboxSoundEngine.o
 .text.ResumeSong
                0x0000000000000000        0x8 uzeboxSoundEngine.o
 .text.SetSongSpeed
                0x0000000000000000        0x6 uzeboxSoundEngine.o
 .text.GetSongSpeed
                0x0000000000000000        0x6 uzeboxSoundEngine.o
 .text.GetMasterVolume
                0x0000000000000000        0x6 uzeboxSoundEngine.o
 .data          0x0000000000000000        0x0 uzeboxSoundEngineCore.o
 .text.SetMixerNoiseParams
                0x0000000000000000       0x10 uzeboxSoundEngineCore.o
 .text.SetMixerVolume
                0x0000000000000000       0x16 uzeboxSoundEngineCore.o
 .text.EnableSoundEngine
                0x0000000000000000        0x8 uzeboxSoundEngineCore.o
 .text          0x0000000000000000        0x0 uzeboxVideoEngine.o
 .text.SetUserRamTilesCount
                0x0000000000000000        0x6 uzeboxVideoEngine.o
 .text.GetUserRamTile
                0x0000000000000000        0xe uzeboxVideoEngine.o
 .text.SetSpriteVisibility
                0x0000000000000000        0x6 uzeboxVideoEngine.o
 .text.SetScrolling
                0x0000000000000000       0x28 uzeboxVideoEngine.o
 .text.MapSprite
                0x0000000000000000       0x80 uzeboxVideoEngine.o
 .text.MapSprite2
                0x0000000000000000       0xa4 uzeboxVideoEngine.o
 .text.MoveSprite
                0x0000000000000000       0x7c uzeboxVideoEngine.o
 .text.PrintLong
                0x0000000000000000       0x8a uzeboxVideoEngine.o
 .text.PrintByte
                0x0000000000000000       0x66 uzeboxVideoEngine.o
 .text.PrintInt
                0x0000000000000000       0x70 uzeboxVideoEngine.o
 .text.PrintBinaryByte
                0x0000000000000000       0x36 uzeboxVideoEngine.o
 .text.PrintHexByte
                0x0000000000000000       0x40 uzeboxVideoEngine.o
 .text.PrintHexInt
                0x0000000000000000       0x24 uzeboxVideoEngine.o
 .text.PrintHexLong
                0x0000000000000000       0x5e uzeboxVideoEngine.o
 .text.Print    0x0000000000000000       0x36 uzeboxVideoEngine.o
 .text.PrintRam
                0x0000000000000000       0x36 uzeboxVideoEngine.o
 .text.PrintChar
                0x0000000000000000        0x6 uzeboxVideoEngine.o
 .text.Fill     0x0000000000000000       0x6e uzeboxVideoEngine.o
 .text.FontFill
                0x0000000000000000       0x6c uzeboxVideoEngine.o
 .text          0x0000000000000000        0x0 Iros.o
 .text.LBResetJoyPadState
                0x0000000000000000       0x12 Iros.o
 .text.LBSetFontTilesMap
                0x0000000000000000        0xa Iros.o
 .text.init_shot
                0x0000000000000000       0x44 Iros.o
 .text.save_eeprom
                0x0000000000000000        0x4 Iros.o
 .text.render_level_tile
                0x0000000000000000        0xe Iros.o
 .text.get_camera_x
                0x0000000000000000        0x4 Iros.o
 .text.get_camera_y
                0x0000000000000000        0x4 Iros.o
 .text.get_hero_spawn_x
                0x0000000000000000        0x4 Iros.o
 .text.get_hero_spawn_y
                0x0000000000000000        0x4 Iros.o
 .text.get_boss_spawn_x
                0x0000000000000000        0x4 Iros.o
 .text.get_boss_spawn_y
                0x0000000000000000        0x4 Iros.o
 .text.solid_tile
                0x0000000000000000        0xe Iros.o
 .text.hazard_tile
                0x0000000000000000        0xe Iros.o
 .text.hazard_projectile_tile
                0x0000000000000000        0xe Iros.o
 .text.congratulation
                0x0000000000000000        0x2 Iros.o
 .text          0x0000000000000000        0x0 /usr/local/lib/gcc/avr/4.9.2/avr5/libgcc.a(_udivmodqi4.o)
 .data          0x0000000000000000        0x0 /usr/local/lib/gcc/avr/4.9.2/avr5/libgcc.a(_udivmodqi4.o)
 .bss           0x0000000000000000        0x0 /usr/local/lib/gcc/avr/4.9.2/avr5/libgcc.a(_udivmodqi4.o)
 .text.libgcc.mul
                0x0000000000000000        0x0 /usr/local/lib/gcc/avr/4.9.2/avr5/libgcc.a(_udivmodqi4.o)
 .text.libgcc   0x0000000000000000        0x0 /usr/local/lib/gcc/avr/4.9.2/avr5/libgcc.a(_udivmodqi4.o)
 .text.libgcc.prologue
                0x0000000000000000        0x0 /usr/local/lib/gcc/avr/4.9.2/avr5/libgcc.a(_udivmodqi4.o)
 .text.libgcc.builtins
                0x0000000000000000        0x0 /usr/local/lib/gcc/avr/4.9.2/avr5/libgcc.a(_udivmodqi4.o)
 .text.libgcc.fmul
                0x0000000000000000        0x0 /usr/local/lib/gcc/avr/4.9.2/avr5/libgcc.a(_udivmodqi4.o)
 .text.libgcc.fixed
                0x0000000000000000        0x0 /usr/local/lib/gcc/avr/4.9.2/avr5/libgcc.a(_udivmodqi4.o)
 .text          0x0000000000000000        0x0 /usr/local/lib/gcc/avr/4.9.2/avr5/libgcc.a(_divmodqi4.o)
 .data          0x0000000000000000        0x0 /usr/local/lib/gcc/avr/4.9.2/avr5/libgcc.a(_divmodqi4.o)
 .bss           0x0000000000000000        0x0 /usr/local/lib/gcc/avr/4.9.2/avr5/libgcc.a(_divmodqi4.o)
 .text.libgcc.mul
                0x0000000000000000        0x0 /usr/local/lib/gcc/avr/4.9.2/avr5/libgcc.a(_divmodqi4.o)
 .text.libgcc   0x0000000000000000        0x0 /usr/local/lib/gcc/avr/4.9.2/avr5/libgcc.a(_divmodqi4.o)
 .text.libgcc.prologue
                0x0000000000000000        0x0 /usr/local/lib/gcc/avr/4.9.2/avr5/libgcc.a(_divmodqi4.o)
 .text.libgcc.builtins
                0x0000000000000000        0x0 /usr/local/lib/gcc/avr/4.9.2/avr5/libgcc.a(_divmodqi4.o)
 .text.libgcc.fmul
                0x0000000000000000        0x0 /usr/local/lib/gcc/avr/4.9.2/avr5/libgcc.a(_divmodqi4.o)
 .text.libgcc.fixed
                0x0000000000000000        0x0 /usr/local/lib/gcc/avr/4.9.2/avr5/libgcc.a(_divmodqi4.o)
 .text          0x0000000000000000        0x0 /usr/local/lib/gcc/avr/4.9.2/avr5/libgcc.a(_udivmodhi4.o)
 .data          0x0000000000000000        0x0 /usr/local/lib/gcc/avr/4.9.2/avr5/libgcc.a(_udivmodhi4.o)
 .bss           0x0000000000000000        0x0 /usr/local/lib/gcc/avr/4.9.2/avr5/libgcc.a(_udivmodhi4.o)
 .text.libgcc.mul
                0x0000000000000000        0x0 /usr/local/lib/gcc/avr/4.9.2/avr5/libgcc.a(_udivmodhi4.o)
 .text.libgcc   0x0000000000000000        0x0 /usr/local/lib/gcc/avr/4.9.2/avr5/libgcc.a(_udivmodhi4.o)
 .text.libgcc.prologue
                0x0000000000000000        0x0 /usr/local/lib/gcc/avr/4.9.2/avr5/libgcc.a(_udivmodhi4.o)
 .text.libgcc.builtins
                0x0000000000000000        0x0 /usr/local/lib/gcc/avr/4.9.2/avr5/libgcc.a(_udivmodhi4.o)
 .text.libgcc.fmul
                0x0000000000000000        0x0 /usr/local/lib/gcc/avr/4.9.2/avr5/libgcc.a(_udivmodhi4.o)
 .text.libgcc.fixed
                0x0000000000000000        0x0 /usr/local/lib/gcc/avr/4.9.2/avr5/libgcc.a(_udivmodhi4.o)
 .text          0x0000000000000000        0x0 /usr/local/lib/gcc/avr/4.9.2/avr5/libgcc.a(_divmodhi4.o)
 .data          0x0000000000000000        0x0 /usr/local/lib/gcc/avr/4.9.2/avr5/libgcc.a(_divmodhi4.o)
 .bss           0x0000000000000000        0x0 /usr/local/lib/gcc/avr/4.9.2/avr5/libgcc.a(_divmodhi4.o)
 .text.libgcc.mul
                0x0000000000000000        0x0 /usr/local/lib/gcc/avr/4.9.2/avr5/libgcc.a(_divmodhi4.o)
 .text.libgcc   0x0000000000000000        0x0 /usr/local/lib/gcc/avr/4.9.2/avr5/libgcc.a(_divmodhi4.o)
 .text.libgcc.prologue
                0x0000000000000000        0x0 /usr/local/lib/gcc/avr/4.9.2/avr5/libgcc.a(_divmodhi4.o)
 .text.libgcc.builtins
                0x0000000000000000        0x0 /usr/local/lib/gcc/avr/4.9.2/avr5/libgcc.a(_divmodhi4.o)
 .text.libgcc.fmul
                0x0000000000000000        0x0 /usr/local/lib/gcc/avr/4.9.2/avr5/libgcc.a(_divmodhi4.o)
 .text.libgcc.fixed
                0x0000000000000000        0x0 /usr/local/lib/gcc/avr/4.9.2/avr5/libgcc.a(_divmodhi4.o)
 .text          0x0000000000000000        0x0 /usr/local/lib/gcc/avr/4.9.2/avr5/libgcc.a(_udivmodsi4.o)
 .data          0x0000000000000000        0x0 /usr/local/lib/gcc/avr/4.9.2/avr5/libgcc.a(_udivmodsi4.o)
 .bss           0x0000000000000000        0x0 /usr/local/lib/gcc/avr/4.9.2/avr5/libgcc.a(_udivmodsi4.o)
 .stab          0x0000000000000000      0x228 /usr/local/lib/gcc/avr/4.9.2/avr5/libgcc.a(_udivmodsi4.o)
                                        0x234 (size before relaxing)
 .text.libgcc.mul
                0x0000000000000000        0x0 /usr/local/lib/gcc/avr/4.9.2/avr5/libgcc.a(_udivmodsi4.o)
 .text.libgcc.div
                0x0000000000000000       0x44 /usr/local/lib/gcc/avr/4.9.2/avr5/libgcc.a(_udivmodsi4.o)
 .text.libgcc   0x0000000000000000        0x0 /usr/local/lib/gcc/avr/4.9.2/avr5/libgcc.a(_udivmodsi4.o)
 .text.libgcc.prologue
                0x0000000000000000        0x0 /usr/local/lib/gcc/avr/4.9.2/avr5/libgcc.a(_udivmodsi4.o)
 .text.libgcc.builtins
                0x0000000000000000        0x0 /usr/local/lib/gcc/avr/4.9.2/avr5/libgcc.a(_udivmodsi4.o)
 .text.libgcc.fmul
                0x0000000000000000        0x0 /usr/local/lib/gcc/avr/4.9.2/avr5/libgcc.a(_udivmodsi4.o)
 .text.libgcc.fixed
                0x0000000000000000        0x0 /usr/local/lib/gcc/avr/4.9.2/avr5/libgcc.a(_udivmodsi4.o)
 .text          0x0000000000000000        0x0 /usr/local/lib/gcc/avr/4.9.2/avr5/libgcc.a(_exit.o)
 .data          0x0000000000000000        0x0 /usr/local/lib/gcc/avr/4.9.2/avr5/libgcc.a(_exit.o)
 .bss           0x0000000000000000        0x0 /usr/local/lib/gcc/avr/4.9.2/avr5/libgcc.a(_exit.o)
 .text.libgcc.mul
                0x0000000000000000        0x0 /usr/local/lib/gcc/avr/4.9.2/avr5/libgcc.a(_exit.o)
 .text.libgcc.div
                0x0000000000000000        0x0 /usr/local/lib/gcc/avr/4.9.2/avr5/libgcc.a(_exit.o)
 .text.libgcc   0x0000000000000000        0x0 /usr/local/lib/gcc/avr/4.9.2/avr5/libgcc.a(_exit.o)
 .text.libgcc.prologue
                0x0000000000000000        0x0 /usr/local/lib/gcc/avr/4.9.2/avr5/libgcc.a(_exit.o)
 .text.libgcc.builtins
                0x0000000000000000        0x0 /usr/local/lib/gcc/avr/4.9.2/avr5/libgcc.a(_exit.o)
 .text.libgcc.fmul
                0x0000000000000000        0x0 /usr/local/lib/gcc/avr/4.9.2/avr5/libgcc.a(_exit.o)
 .text.libgcc.fixed
                0x0000000000000000        0x0 /usr/local/lib/gcc/avr/4.9.2/avr5/libgcc.a(_exit.o)
 .text          0x0000000000000000        0x0 /usr/local/lib/gcc/avr/4.9.2/avr5/libgcc.a(_tablejump2.o)
 .data          0x0000000000000000        0x0 /usr/local/lib/gcc/avr/4.9.2/avr5/libgcc.a(_tablejump2.o)
 .bss           0x0000000000000000        0x0 /usr/local/lib/gcc/avr/4.9.2/avr5/libgcc.a(_tablejump2.o)
 .text.libgcc.mul
                0x0000000000000000        0x0 /usr/local/lib/gcc/avr/4.9.2/avr5/libgcc.a(_tablejump2.o)
 .text.libgcc.div
                0x0000000000000000        0x0 /usr/local/lib/gcc/avr/4.9.2/avr5/libgcc.a(_tablejump2.o)
 .text.libgcc.prologue
                0x0000000000000000        0x0 /usr/local/lib/gcc/avr/4.9.2/avr5/libgcc.a(_tablejump2.o)
 .text.libgcc.builtins
                0x0000000000000000        0x0 /usr/local/lib/gcc/avr/4.9.2/avr5/libgcc.a(_tablejump2.o)
 .text.libgcc.fmul
                0x0000000000000000        0x0 /usr/local/lib/gcc/avr/4.9.2/avr5/libgcc.a(_tablejump2.o)
 .text.libgcc.fixed
                0x0000000000000000        0x0 /usr/local/lib/gcc/avr/4.9.2/avr5/libgcc.a(_tablejump2.o)
 .text          0x0000000000000000        0x0 /usr/local/lib/gcc/avr/4.9.2/avr5/libgcc.a(_copy_data.o)
 .data          0x0000000000000000        0x0 /usr/local/lib/gcc/avr/4.9.2/avr5/libgcc.a(_copy_data.o)
 .bss           0x0000000000000000        0x0 /usr/local/lib/gcc/avr/4.9.2/avr5/libgcc.a(_copy_data.o)
 .text.libgcc.mul
                0x0000000000000000        0x0 /usr/local/lib/gcc/avr/4.9.2/avr5/libgcc.a(_copy_data.o)
 .text.libgcc.div
                0x0000000000000000        0x0 /usr/local/lib/gcc/avr/4.9.2/avr5/libgcc.a(_copy_data.o)
 .text.libgcc   0x0000000000000000        0x0 /usr/local/lib/gcc/avr/4.9.2/avr5/libgcc.a(_copy_data.o)
 .text.libgcc.prologue
                0x0000000000000000        0x0 /usr/local/lib/gcc/avr/4.9.2/avr5/libgcc.a(_copy_data.o)
 .text.libgcc.builtins
                0x0000000000000000        0x0 /usr/local/lib/gcc/avr/4.9.2/avr5/libgcc.a(_copy_data.o)
 .text.libgcc.fmul
                0x0000000000000000        0x0 /usr/local/lib/gcc/avr/4.9.2/avr5/libgcc.a(_copy_data.o)
 .text.libgcc.fixed
                0x0000000000000000        0x0 /usr/local/lib/gcc/avr/4.9.2/avr5/libgcc.a(_copy_data.o)
 .text          0x0000000000000000        0x0 /usr/local/lib/gcc/avr/4.9.2/avr5/libgcc.a(_clear_bss.o)
 .data          0x0000000000000000        0x0 /usr/local/lib/gcc/avr/4.9.2/avr5/libgcc.a(_clear_bss.o)
 .bss           0x0000000000000000        0x0 /usr/local/lib/gcc/avr/4.9.2/avr5/libgcc.a(_clear_bss.o)
 .text.libgcc.mul
                0x0000000000000000        0x0 /usr/local/lib/gcc/avr/4.9.2/avr5/libgcc.a(_clear_bss.o)
 .text.libgcc.div
                0x0000000000000000        0x0 /usr/local/lib/gcc/avr/4.9.2/avr5/libgcc.a(_clear_bss.o)
 .text.libgcc   0x0000000000000000        0x0 /usr/local/lib/gcc/avr/4.9.2/avr5/libgcc.a(_clear_bss.o)
 .text.libgcc.prologue
                0x0000000000000000        0x0 /usr/local/lib/gcc/avr/4.9.2/avr5/libgcc.a(_clear_bss.o)
 .text.libgcc.builtins
                0x0000000000000000        0x0 /usr/local/lib/gcc/avr/4.9.2/avr5/libgcc.a(_clear_bss.o)
 .text.libgcc.fmul
                0x0000000000000000        0x0 /usr/local/lib/gcc/avr/4.9.2/avr5/libgcc.a(_clear_bss.o)
 .text.libgcc.fixed
                0x0000000000000000        0x0 /usr/local/lib/gcc/avr/4.9.2/avr5/libgcc.a(_clear_bss.o)
 .text          0x0000000000000000        0x0 /usr/local/lib/gcc/avr/4.9.2/../../../../avr/lib/avr5/libm.a(addsf3.o)
 .data          0x0000000000000000        0x0 /usr/local/lib/gcc/avr/4.9.2/../../../../avr/lib/avr5/libm.a(addsf3.o)
 .bss           0x0000000000000000        0x0 /usr/local/lib/gcc/avr/4.9.2/../../../../avr/lib/avr5/libm.a(addsf3.o)
 .text          0x0000000000000000        0x0 /usr/local/lib/gcc/avr/4.9.2/../../../../avr/lib/avr5/libm.a(addsf3x.o)
 .data          0x0000000000000000        0x0 /usr/local/lib/gcc/avr/4.9.2/../../../../avr/lib/avr5/libm.a(addsf3x.o)
 .bss           0x0000000000000000        0x0 /usr/local/lib/gcc/avr/4.9.2/../../../../avr/lib/avr5/libm.a(addsf3x.o)
 .text          0x0000000000000000        0x0 /usr/local/lib/gcc/avr/4.9.2/../../../../avr/lib/avr5/libm.a(fixsfsi.o)
 .data          0x0000000000000000        0x0 /usr/local/lib/gcc/avr/4.9.2/../../../../avr/lib/avr5/libm.a(fixsfsi.o)
 .bss           0x0000000000000000        0x0 /usr/local/lib/gcc/avr/4.9.2/../../../../avr/lib/avr5/libm.a(fixsfsi.o)
 .text          0x0000000000000000        0x0 /usr/local/lib/gcc/avr/4.9.2/../../../../avr/lib/avr5/libm.a(fixunssfsi.o)
 .data          0x0000000000000000        0x0 /usr/local/lib/gcc/avr/4.9.2/../../../../avr/lib/avr5/libm.a(fixunssfsi.o)
 .bss           0x0000000000000000        0x0 /usr/local/lib/gcc/avr/4.9.2/../../../../avr/lib/avr5/libm.a(fixunssfsi.o)
 .text          0x0000000000000000        0x0 /usr/local/lib/gcc/avr/4.9.2/../../../../avr/lib/avr5/libm.a(floatsisf.o)
 .data          0x0000000000000000        0x0 /usr/local/lib/gcc/avr/4.9.2/../../../../avr/lib/avr5/libm.a(floatsisf.o)
 .bss           0x0000000000000000        0x0 /usr/local/lib/gcc/avr/4.9.2/../../../../avr/lib/avr5/libm.a(floatsisf.o)
 .text          0x0000000000000000        0x0 /usr/local/lib/gcc/avr/4.9.2/../../../../avr/lib/avr5/libm.a(fp_inf.o)
 .data          0x0000000000000000        0x0 /usr/local/lib/gcc/avr/4.9.2/../../../../avr/lib/avr5/libm.a(fp_inf.o)
 .bss           0x0000000000000000        0x0 /usr/local/lib/gcc/avr/4.9.2/../../../../avr/lib/avr5/libm.a(fp_inf.o)
 .text          0x0000000000000000        0x0 /usr/local/lib/gcc/avr/4.9.2/../../../../avr/lib/avr5/libm.a(fp_nan.o)
 .data          0x0000000000000000        0x0 /usr/local/lib/gcc/avr/4.9.2/../../../../avr/lib/avr5/libm.a(fp_nan.o)
 .bss           0x0000000000000000        0x0 /usr/local/lib/gcc/avr/4.9.2/../../../../avr/lib/avr5/libm.a(fp_nan.o)
 .text          0x0000000000000000        0x0 /usr/local/lib/gcc/avr/4.9.2/../../../../avr/lib/avr5/libm.a(fp_pscA.o)
 .data          0x0000000000000000        0x0 /usr/local/lib/gcc/avr/4.9.2/../../../../avr/lib/avr5/libm.a(fp_pscA.o)
 .bss           0x0000000000000000        0x0 /usr/local/lib/gcc/avr/4.9.2/../../../../avr/lib/avr5/libm.a(fp_pscA.o)
 .text          0x0000000000000000        0x0 /usr/local/lib/gcc/avr/4.9.2/../../../../avr/lib/avr5/libm.a(fp_pscB.o)
 .data          0x0000000000000000        0x0 /usr/local/lib/gcc/avr/4.9.2/../../../../avr/lib/avr5/libm.a(fp_pscB.o)
 .bss           0x0000000000000000        0x0 /usr/local/lib/gcc/avr/4.9.2/../../../../avr/lib/avr5/libm.a(fp_pscB.o)
 .text          0x0000000000000000        0x0 /usr/local/lib/gcc/avr/4.9.2/../../../../avr/lib/avr5/libm.a(fp_round.o)
 .data          0x0000000000000000        0x0 /usr/local/lib/gcc/avr/4.9.2/../../../../avr/lib/avr5/libm.a(fp_round.o)
 .bss           0x0000000000000000        0x0 /usr/local/lib/gcc/avr/4.9.2/../../../../avr/lib/avr5/libm.a(fp_round.o)
 .text          0x0000000000000000        0x0 /usr/local/lib/gcc/avr/4.9.2/../../../../avr/lib/avr5/libm.a(fp_split3.o)
 .data          0x0000000000000000        0x0 /usr/local/lib/gcc/avr/4.9.2/../../../../avr/lib/avr5/libm.a(fp_split3.o)
 .bss           0x0000000000000000        0x0 /usr/local/lib/gcc/avr/4.9.2/../../../../avr/lib/avr5/libm.a(fp_split3.o)
 .text          0x0000000000000000        0x0 /usr/local/lib/gcc/avr/4.9.2/../../../../avr/lib/avr5/libm.a(fp_zero.o)
 .data          0x0000000000000000        0x0 /usr/local/lib/gcc/avr/4.9.2/../../../../avr/lib/avr5/libm.a(fp_zero.o)
 .bss           0x0000000000000000        0x0 /usr/local/lib/gcc/avr/4.9.2/../../../../avr/lib/avr5/libm.a(fp_zero.o)
 .text          0x0000000000000000        0x0 /usr/local/lib/gcc/avr/4.9.2/../../../../avr/lib/avr5/libm.a(mulsf3.o)
 .data          0x0000000000000000        0x0 /usr/local/lib/gcc/avr/4.9.2/../../../../avr/lib/avr5/libm.a(mulsf3.o)
 .bss           0x0000000000000000        0x0 /usr/local/lib/gcc/avr/4.9.2/../../../../avr/lib/avr5/libm.a(mulsf3.o)
 .text          0x0000000000000000        0x0 /usr/local/lib/gcc/avr/4.9.2/../../../../avr/lib/avr5/libm.a(mulsf3x.o)
 .data          0x0000000000000000        0x0 /usr/local/lib/gcc/avr/4.9.2/../../../../avr/lib/avr5/libm.a(mulsf3x.o)
 .bss           0x0000000000000000        0x0 /usr/local/lib/gcc/avr/4.9.2/../../../../avr/lib/avr5/libm.a(mulsf3x.o)
 .text          0x0000000000000000        0x0 /usr/local/lib/gcc/avr/4.9.2/../../../../avr/lib/avr5/libc.a(strnlen_P.o)
 .data          0x0000000000000000        0x0 /usr/local/lib/gcc/avr/4.9.2/../../../../avr/lib/avr5/libc.a(strnlen_P.o)
 .bss           0x0000000000000000        0x0 /usr/local/lib/gcc/avr/4.9.2/../../../../avr/lib/avr5/libc.a(strnlen_P.o)

Memory Configuration

Name             Origin             Length             Attributes
text             0x0000000000000000 0x0000000000020000 xr
data             0x0000000000800060 0x000000000000ffa0 rw !x
eeprom           0x0000000000810000 0x0000000000010000 rw !x
fuse             0x0000000000820000 0x0000000000000400 rw !x
lock             0x0000000000830000 0x0000000000000400 rw !x
signature        0x0000000000840000 0x0000000000000400 rw !x
*default*        0x0000000000000000 0xffffffffffffffff

Linker script and memory map

Address of section .data set to 0x800100
LOAD /usr/local/lib/gcc/avr/4.9.2/../../../../avr/lib/avr5/crtm644.o
Address of section .noinit set to 0x800100
Address of section .data set to 0x800500
LOAD uzeboxVideoEngineCore.o
LOAD uzeboxCore.o
LOAD uzeboxSoundEngine.o
LOAD uzeboxSoundEngineCore.o
LOAD uzeboxVideoEngine.o
LOAD Iros.o
START GROUP
LOAD /usr/local/lib/gcc/avr/4.9.2/avr5/libgcc.a
LOAD /usr/local/lib/gcc/avr/4.9.2/../../../../avr/lib/avr5/libm.a
LOAD /usr/local/lib/gcc/avr/4.9.2/../../../../avr/lib/avr5/libc.a
END GROUP

.hash
 *(.hash)

.dynsym
 *(.dynsym)

.dynstr
 *(.dynstr)

.gnu.version
 *(.gnu.version)

.gnu.version_d
 *(.gnu.version_d)

.gnu.version_r
 *(.gnu.version_r)

.rel.init
 *(.rel.init)

.rela.init
 *(.rela.init)

.rel.text
 *(.rel.text)
 *(.rel.text.*)
 *(.rel.gnu.linkonce.t*)

.rela.text
 *(.rela.text)
 *(.rela.text.*)
 *(.rela.gnu.linkonce.t*)

.rel.fini
 *(.rel.fini)

.rela.fini
 *(.rela.fini)

.rel.rodata
 *(.rel.rodata)
 *(.rel.rodata.*)
 *(.rel.gnu.linkonce.r*)

.rela.rodata
 *(.rela.rodata)
 *(.rela.rodata.*)
 *(.rela.gnu.linkonce.r*)

.rel.data
 *(.rel.data)
 *(.rel.data.*)
 *(.rel.gnu.linkonce.d*)

.rela.data
 *(.rela.data)
 *(.rela.data.*)
 *(.rela.gnu.linkonce.d*)

.rel.ctors
 *(.rel.ctors)

.rela.ctors
 *(.rela.ctors)

.rel.dtors
 *(.rel.dtors)

.rela.dtors
 *(.rela.dtors)

.rel.got
 *(.rel.got)

.rela.got
 *(.rela.got)

.rel.bss
 *(.rel.bss)

.rela.bss
 *(.rela.bss)

.rel.plt
 *(.rel.plt)

.rela.plt
 *(.rela.plt)

.text           0x0000000000000000     0xe9da
 *(.vectors)
 .vectors       0x0000000000000000       0x70 /usr/local/lib/gcc/avr/4.9.2/../../../../avr/lib/avr5/crtm644.o
                0x0000000000000000                __vectors
                0x0000000000000000                __vector_default
 *(.vectors)
 *(.progmem.gcc*)
 .progmem.gcc_sw_table.update_enemies
                0x0000000000000070       0x10 Iros.o
 .progmem.gcc_sw_table.load_level
                0x0000000000000080       0x14 Iros.o
                0x0000000000000094                . = ALIGN (0x2)
                0x0000000000000094                __trampolines_start = .
 *(.trampolines)
 .trampolines   0x0000000000000094        0x0 linker stubs
 *(.trampolines*)
                0x0000000000000094                __trampolines_end = .
 *(.progmem*)
 .progmem.data  0x0000000000000094       0x4e uzeboxCore.o
                0x0000000000000094                io_table
                0x00000000000000c2                eeprom_format_table
 .progmem.data  0x00000000000000e2       0x1e uzeboxSoundEngine.o
                0x00000000000000e2                patchCommands
 .progmem.data  0x0000000000000100      0x853 uzeboxVideoEngine.o
                0x0000000000000100                fader
                0x000000000000010c                map_uzeboxlogo2
                0x000000000000011d                map_uzeboxlogo
                0x0000000000000133                logo_tileset
                0x0000000000000933                logoInitPatches
                0x000000000000093c                initPatch
 .progmem.data  0x0000000000000953     0x6db4 Iros.o
                0x0000000000000953                strChallenge
                0x0000000000000a03                strIntro
                0x0000000000000a84                default_scores
                0x0000000000000aa2                strTally
                0x0000000000000aa9                strGameOver
                0x0000000000000ab3                strLevelBonus
                0x0000000000000ab9                strLevelClear
                0x0000000000000ac5                strPaused
                0x0000000000000acb                strExitGame
                0x0000000000000ad7                strMainMenu
                0x0000000000000ae3                strTime
                0x0000000000000ae9                strLives
                0x0000000000000af0                strShield
                0x0000000000000af8                strScore
                0x0000000000000aff                strSelectHandle
                0x0000000000000b00                strHighScores
                0x0000000000000b0c                str1Player
                0x0000000000000b12                strCopyright
                0x0000000000000b27                spacesong
                0x00000000000011c7                planetsong
                0x0000000000001c99                my_patches
                0x0000000000001cd8                explode
                0x0000000000001da9                pshoot
                0x0000000000001dff                navigate
                0x0000000000001e10                instrument
                0x0000000000001e18                sprites_data
                0x0000000000003658                map_hazard_desert
                0x000000000000365b                map_hazard_city
                0x000000000000365e                map_hazard_jungle
                0x0000000000003661                map_hazard_fire
                0x0000000000003664                map_hazard_ice
                0x0000000000003667                map_enemy_boss_shot
                0x000000000000366a                map_enemy_boss_eye
                0x000000000000366d                map_enemy_boss_turret
                0x0000000000003670                map_enemy_drone
                0x0000000000003673                map_enemy_tank
                0x0000000000003676                map_enemy_ball
                0x0000000000003679                map_enemy_spider_1
                0x000000000000367c                map_enemy_spider_0
                0x000000000000367f                map_enemy_shark
                0x0000000000003682                map_enemy_shot
                0x0000000000003685                map_ahero_jump
                0x000000000000368d                map_ahero_step_3
                0x0000000000003695                map_ahero_step_2
                0x000000000000369d                map_ahero_step_1
                0x00000000000036a5                map_ahero_step_0
                0x00000000000036ad                map_ahero_idle
                0x00000000000036b5                map_hero_rplasma_shot
                0x00000000000036b8                map_hero_space_bomb
                0x00000000000036bb                map_hero_space_shot
                0x00000000000036be                map_hero_ice_shot
                0x00000000000036c1                map_hero_ball_shot
                0x00000000000036c4                map_hero_gplasma_shot
                0x00000000000036c7                map_hero_ship_large_1
                0x00000000000036d1                map_hero_ship_large_0
                0x00000000000036db                map_hero_ship_1
                0x00000000000036e0                map_hero_ship_0
                0x00000000000036e5                map_hero_prone
                0x00000000000036ea                map_hero_jump
                0x00000000000036f2                map_hero_step_3
                0x00000000000036fa                map_hero_step_2
                0x0000000000003702                map_hero_step_1
                0x000000000000370a                map_hero_step_0
                0x0000000000003712                map_hero_idle
                0x000000000000371a                map_emerald_4
                0x000000000000371d                map_emerald_3
                0x0000000000003720                map_emerald_2
                0x0000000000003723                map_emerald_1
                0x0000000000003726                map_emerald_0
                0x0000000000003729                map_explosion_2
                0x000000000000372c                map_explosion_1
                0x000000000000372f                map_explosion_0
                0x0000000000003732                map_particle
                0x0000000000003735                map_up_arrow
                0x0000000000003738                map_down_arrow
                0x000000000000373b                map_right_arrow
                0x000000000000373e                map_none
                0x0000000000003741                tiles_data
                0x0000000000005f41                map_font
                0x0000000000005f68                map_atmosphere
                0x0000000000005fa2                map_dialog
                0x0000000000006004                map_canvas
                0x000000000000608d                map_splash
                0x00000000000060da                map_tile_none
                0x00000000000060dd                map_level_mega_tiles
                0x0000000000007000                map_level_space_final
                0x0000000000007101                map_level_space
                0x0000000000007202                map_level_desert
                0x0000000000007303                map_level_city
                0x0000000000007404                map_level_forest
                0x0000000000007505                map_level_fire
                0x0000000000007606                map_level_ice
                0x0000000000007708                . = ALIGN (0x2)
 *fill*         0x0000000000007707        0x1 
 *(.jumptables)
 *(.jumptables*)
 *(.lowtext)
 *(.lowtext*)
                0x0000000000007708                __ctors_start = .
 *(.ctors)
                0x0000000000007708                __ctors_end = .
                0x0000000000007708                __dtors_start = .
 *(.dtors)
                0x0000000000007708                __dtors_end = .
 SORT(*)(.ctors)
 SORT(*)(.dtors)
 *(.init0)
 .init0         0x0000000000007708        0x0 /usr/local/lib/gcc/avr/4.9.2/../../../../avr/lib/avr5/crtm644.o
                0x0000000000007708                __init
 *(.init0)
 *(.init1)
 *(.init1)
 *(.init2)
 .init2         0x0000000000007708        0xc /usr/local/lib/gcc/avr/4.9.2/../../../../avr/lib/avr5/crtm644.o
 *(.init2)
 *(.init3)
 *(.init3)
 *(.init4)
 .init4         0x0000000000007714       0x16 /usr/local/lib/gcc/avr/4.9.2/avr5/libgcc.a(_copy_data.o)
                0x0000000000007714                __do_copy_data
 .init4         0x000000000000772a       0x10 /usr/local/lib/gcc/avr/4.9.2/avr5/libgcc.a(_clear_bss.o)
                0x000000000000772a                __do_clear_bss
 *(.init4)
 *(.init5)
 *(.init5)
 *(.init6)
 *(.init6)
 *(.init7)
 .init7         0x000000000000773a       0x16 uzeboxCore.o
                0x000000000000773a                wdt_init
 *(.init7)
 *(.init8)
 .init8         0x0000000000007750       0x82 uzeboxCore.o
                0x0000000000007750                Initialize
 *(.init8)
 *(.init9)
 .init9         0x00000000000077d2        0x8 /usr/local/lib/gcc/avr/4.9.2/../../../../avr/lib/avr5/crtm644.o
 *(.init9)
 *(.text)
 .text          0x00000000000077da        0x4 /usr/local/lib/gcc/avr/4.9.2/../../../../avr/lib/avr5/crtm644.o
                0x00000000000077da                __vector_20
                0x00000000000077da                __vector_1
                0x00000000000077da                __vector_24
                0x00000000000077da                __vector_12
                0x00000000000077da                __bad_interrupt
                0x00000000000077da                __vector_6
                0x00000000000077da                __vector_3
                0x00000000000077da                __vector_23
                0x00000000000077da                __vector_25
                0x00000000000077da                __vector_11
                0x00000000000077da                __vector_17
                0x00000000000077da                __vector_19
                0x00000000000077da                __vector_7
                0x00000000000077da                __vector_27
                0x00000000000077da                __vector_5
                0x00000000000077da                __vector_4
                0x00000000000077da                __vector_9
                0x00000000000077da                __vector_2
                0x00000000000077da                __vector_21
                0x00000000000077da                __vector_15
                0x00000000000077da                __vector_26
                0x00000000000077da                __vector_10
                0x00000000000077da                __vector_16
                0x00000000000077da                __vector_18
                0x00000000000077da                __vector_22
 .text          0x00000000000077de      0x868 uzeboxVideoEngineCore.o
                0x0000000000007b46                CopyFlashTile
                0x0000000000007c64                CopyRamTile
                0x0000000000007d7e                BlitSprite
                0x0000000000007e62                __vector_13
                0x0000000000007ee2                __vector_14
 .text          0x0000000000008046      0x180 uzeboxSoundEngineCore.o
                0x0000000000008046                process_music
                0x0000000000008052                update_sound
                0x00000000000081c6                . = ALIGN (0x2)
 *(.text.*)
 .text.SetSpritesTileTable
                0x00000000000081c6        0xa uzeboxVideoEngineCore.o
                0x00000000000081c6                SetSpritesTileTable
 .text.ClearVram
                0x00000000000081d0       0x14 uzeboxVideoEngineCore.o
                0x00000000000081d0                ClearVram
 .text.SetTile  0x00000000000081e4       0x22 uzeboxVideoEngineCore.o
                0x00000000000081e4                SetTile
 .text.SetTileTable
                0x0000000000008206        0xa uzeboxVideoEngineCore.o
                0x0000000000008206                SetTileTable
 .text.GetVsyncFlag
                0x0000000000008210        0x8 uzeboxVideoEngineCore.o
                0x0000000000008210                GetVsyncFlag
 .text.ClearVsyncFlag
                0x0000000000008218        0xc uzeboxVideoEngineCore.o
                0x0000000000008218                ClearVsyncFlag
 .text.ReadJoypad
                0x0000000000008224       0x18 uzeboxVideoEngineCore.o
                0x0000000000008224                ReadJoypad
 .text.WaitUs   0x000000000000823c        0xe uzeboxVideoEngineCore.o
                0x000000000000823c                WaitUs
 .text.WriteEeprom
                0x000000000000824a       0x14 uzeboxVideoEngineCore.o
                0x000000000000824a                WriteEeprom
 .text.ReadEeprom
                0x000000000000825e       0x12 uzeboxVideoEngineCore.o
                0x000000000000825e                ReadEeprom
 .text.wdt_randomize
                0x0000000000008270       0x50 uzeboxVideoEngineCore.o
                0x0000000000008270                wdt_randomize
 .text.GetTrueRandomSeed
                0x00000000000082c0        0xa uzeboxVideoEngineCore.o
                0x00000000000082c0                GetTrueRandomSeed
 .text.__vector_8
                0x00000000000082ca       0x44 uzeboxVideoEngineCore.o
                0x00000000000082ca                __vector_8
 .text.SoftReset
                0x000000000000830e       0x16 uzeboxCore.o
                0x000000000000830e                SoftReset
 .text.ReadButtons
                0x0000000000008324       0x6c uzeboxCore.o
                0x0000000000008324                ReadButtons
 .text.ReadControllers
                0x0000000000008390       0x20 uzeboxCore.o
                0x0000000000008390                ReadControllers
 .text.FormatEeprom
                0x00000000000083b0       0x44 uzeboxCore.o
                0x00000000000083b0                FormatEeprom
 .text.isEepromFormatted
                0x00000000000083f4       0x2e uzeboxCore.o
                0x00000000000083f4                isEepromFormatted
 .text.EepromBlockExists
                0x0000000000008422       0xa4 uzeboxCore.o
                0x0000000000008422                EepromBlockExists
 .text.EepromWriteBlock
                0x00000000000084c6       0x94 uzeboxCore.o
                0x00000000000084c6                EepromWriteBlock
 .text.EepromReadBlock
                0x000000000000855a       0x66 uzeboxCore.o
                0x000000000000855a                EepromReadBlock
 .text.GetPrngNumber
                0x00000000000085c0       0x5c uzeboxCore.o
                0x00000000000085c0                GetPrngNumber
 .text.PatchCommand00
                0x000000000000861c        0x6 uzeboxSoundEngine.o
                0x000000000000861c                PatchCommand00
 .text.PatchCommand01
                0x0000000000008622       0x10 uzeboxSoundEngine.o
                0x0000000000008622                PatchCommand01
 .text.PatchCommand05
                0x0000000000008632        0xa uzeboxSoundEngine.o
                0x0000000000008632                PatchCommand05
 .text.PatchCommand06
                0x000000000000863c        0xa uzeboxSoundEngine.o
                0x000000000000863c                PatchCommand06
 .text.PatchCommand07
                0x0000000000008646        0x6 uzeboxSoundEngine.o
                0x0000000000008646                PatchCommand07
 .text.PatchCommand09
                0x000000000000864c        0x6 uzeboxSoundEngine.o
                0x000000000000864c                PatchCommand09
 .text.PatchCommand10
                0x0000000000008652        0x6 uzeboxSoundEngine.o
                0x0000000000008652                PatchCommand10
 .text.PatchCommand11
                0x0000000000008658       0x76 uzeboxSoundEngine.o
                0x0000000000008658                PatchCommand11
 .text.PatchCommand12
                0x00000000000086ce        0x6 uzeboxSoundEngine.o
                0x00000000000086ce                PatchCommand12
 .text.PatchCommand13
                0x00000000000086d4        0x6 uzeboxSoundEngine.o
                0x00000000000086d4                PatchCommand13
 .text.PatchCommand02
                0x00000000000086da        0x8 uzeboxSoundEngine.o
                0x00000000000086da                PatchCommand02
 .text.PatchCommand03
                0x00000000000086e2        0xe uzeboxSoundEngine.o
                0x00000000000086e2                PatchCommand03
 .text.PatchCommand04
                0x00000000000086f0       0x10 uzeboxSoundEngine.o
                0x00000000000086f0                PatchCommand04
 .text.PatchCommand08
                0x0000000000008700       0x20 uzeboxSoundEngine.o
                0x0000000000008700                PatchCommand08
 .text.PatchCommand14
                0x0000000000008720       0x54 uzeboxSoundEngine.o
                0x0000000000008720                PatchCommand14
 .text.InitMusicPlayer
                0x0000000000008774       0x44 uzeboxSoundEngine.o
                0x0000000000008774                InitMusicPlayer
 .text.StartSong
                0x00000000000087b8       0x52 uzeboxSoundEngine.o
                0x00000000000087b8                StartSong
 .text.StopSong
                0x000000000000880a       0x1c uzeboxSoundEngine.o
                0x000000000000880a                StopSong
 .text.ReadVarLen
                0x0000000000008826       0x4c uzeboxSoundEngine.o
                0x0000000000008826                ReadVarLen
 .text.TriggerCommon
                0x0000000000008872      0x11c uzeboxSoundEngine.o
                0x0000000000008872                TriggerCommon
 .text.TriggerFx
                0x000000000000898e       0x90 uzeboxSoundEngine.o
                0x000000000000898e                TriggerFx
 .text.TriggerNote
                0x0000000000008a1e       0x80 uzeboxSoundEngine.o
                0x0000000000008a1e                TriggerNote
 .text.ProcessMusic
                0x0000000000008a9e      0x43e uzeboxSoundEngine.o
                0x0000000000008a9e                ProcessMusic
 .text.SetMasterVolume
                0x0000000000008edc        0x6 uzeboxSoundEngine.o
                0x0000000000008edc                SetMasterVolume
 .text.SetMixerNote
                0x0000000000008ee2       0x2e uzeboxSoundEngineCore.o
                0x0000000000008ee2                SetMixerNote
 .text.SetMixerWave
                0x0000000000008f10       0x3a uzeboxSoundEngineCore.o
                0x0000000000008f10                SetMixerWave
 *fill*         0x0000000000008f4a       0xb6 
 .text.DisableSoundEngine
                0x0000000000009000      0xc00 uzeboxSoundEngineCore.o
                0x0000000000009000                DisableSoundEngine
                0x0000000000009008                steptable
                0x0000000000009200                waves
 .text.RestoreBackground
                0x0000000000009c00       0x2c uzeboxVideoEngine.o
                0x0000000000009c00                RestoreBackground
 .text.ProcessSprites
                0x0000000000009c2c      0x224 uzeboxVideoEngine.o
                0x0000000000009c2c                ProcessSprites
 .text.Scroll   0x0000000000009e50       0x4a uzeboxVideoEngine.o
                0x0000000000009e50                Scroll
 .text.InitializeVideoMode
                0x0000000000009e9a       0x1e uzeboxVideoEngine.o
                0x0000000000009e9a                InitializeVideoMode
 .text.DrawMap  0x0000000000009eb8       0xd2 uzeboxVideoEngine.o
                0x0000000000009eb8                DrawMap2
                0x0000000000009eb8                DrawMap
 .text.WaitVsync
                0x0000000000009f8a       0x2e uzeboxVideoEngine.o
                0x0000000000009f8a                WaitVsync
 .text.DisplayLogo
                0x0000000000009fb8       0x6e uzeboxVideoEngine.o
                0x0000000000009fb8                DisplayLogo
 .text.doFade   0x000000000000a026       0x1c uzeboxVideoEngine.o
                0x000000000000a026                doFade
 .text.FadeIn   0x000000000000a042       0x18 uzeboxVideoEngine.o
                0x000000000000a042                FadeIn
 .text.FadeOut  0x000000000000a05a       0x18 uzeboxVideoEngine.o
                0x000000000000a05a                FadeOut
 .text.ProcessFading
                0x000000000000a072       0x4a uzeboxVideoEngine.o
                0x000000000000a072                ProcessFading
 .text.VideoModeVsync
                0x000000000000a0bc        0x8 uzeboxVideoEngine.o
                0x000000000000a0bc                VideoModeVsync
 .text.LBMoveDelta
                0x000000000000a0c4       0x56 Iros.o
                0x000000000000a0c4                LBMoveDelta
 .text.LBGetNextFrame
                0x000000000000a11a       0x4c Iros.o
                0x000000000000a11a                LBGetNextFrame
 .text.LBGetJoyPadState
                0x000000000000a166       0x96 Iros.o
                0x000000000000a166                LBGetJoyPadState
 .text.LBPrintChar
                0x000000000000a1fc       0x40 Iros.o
                0x000000000000a1fc                LBPrintChar
 .text.LBPrint  0x000000000000a23c       0x38 Iros.o
                0x000000000000a23c                LBPrint
 .text.LBPrintByte
                0x000000000000a274       0x62 Iros.o
                0x000000000000a274                LBPrintByte
 .text.LBPrintInt
                0x000000000000a2d6       0x72 Iros.o
                0x000000000000a2d6                LBPrintInt
 .text.LBCollides
                0x000000000000a348       0x54 Iros.o
                0x000000000000a348                LBCollides
 .text.LBRandom
                0x000000000000a39c       0x2c Iros.o
                0x000000000000a39c                LBRandom
 .text.LBWaitSeconds
                0x000000000000a3c8       0x1e Iros.o
                0x000000000000a3c8                LBWaitSeconds
 .text.LBMapSprite
                0x000000000000a3e6       0xa4 Iros.o
                0x000000000000a3e6                LBMapSprite
 .text.LBMoveSprite
                0x000000000000a48a       0x7c Iros.o
                0x000000000000a48a                LBMoveSprite
 .text.LBRotateSprites
                0x000000000000a506       0x68 Iros.o
                0x000000000000a506                LBRotateSprites
 .text.is_space
                0x000000000000a56e        0x8 Iros.o
                0x000000000000a56e                is_space
 .text.init_default_high_scores
                0x000000000000a576       0x2c Iros.o
                0x000000000000a576                init_default_high_scores
 .text.init_enemy_state
                0x000000000000a5a2       0x26 Iros.o
                0x000000000000a5a2                init_enemy_state
 .text.init_player_shot
                0x000000000000a5c8      0x434 Iros.o
                0x000000000000a5c8                init_player_shot
 .text.init_boss_shot
                0x000000000000a9fc      0x382 Iros.o
                0x000000000000a9fc                init_boss_shot
 .text.init_boss_state
                0x000000000000ad7e      0x154 Iros.o
                0x000000000000ad7e                init_boss_state
 .text.init_player_state
                0x000000000000aed2      0x15c Iros.o
                0x000000000000aed2                init_player_state
 .text.init_enemy_shot
                0x000000000000b02e       0xea Iros.o
                0x000000000000b02e                init_enemy_shot
 .text.init_enemy_spider
                0x000000000000b118       0x84 Iros.o
                0x000000000000b118                init_enemy_spider
 .text.init_enemy_turret
                0x000000000000b19c       0x7a Iros.o
                0x000000000000b19c                init_enemy_turret
 .text.init_enemy_drone
                0x000000000000b216       0x7c Iros.o
                0x000000000000b216                init_enemy_drone
 .text.init_enemy_shark
                0x000000000000b292       0x76 Iros.o
                0x000000000000b292                init_enemy_shark
 .text.init_enemy_globe
                0x000000000000b308       0x78 Iros.o
                0x000000000000b308                init_enemy_globe
 .text.init_enemy_boss_turret
                0x000000000000b380       0x7a Iros.o
                0x000000000000b380                init_enemy_boss_turret
 .text.init_enemy_boss_eye
                0x000000000000b3fa       0xa2 Iros.o
                0x000000000000b3fa                init_enemy_boss_eye
 .text.init_enemy_boss_turrets
                0x000000000000b49c       0x40 Iros.o
                0x000000000000b49c                init_enemy_boss_turrets
 .text.init_enemy_boss_eyes
                0x000000000000b4dc       0x7a Iros.o
                0x000000000000b4dc                init_enemy_boss_eyes
 .text.init_enemy_level_hazard
                0x000000000000b556       0xbe Iros.o
                0x000000000000b556                init_enemy_level_hazard
 .text.load_eeprom
                0x000000000000b614       0x24 Iros.o
                0x000000000000b614                load_eeprom
 .text.clear_overlay
                0x000000000000b638       0x30 Iros.o
                0x000000000000b638                clear_overlay
 .text.get_level_tile
                0x000000000000b668       0x50 Iros.o
                0x000000000000b668                get_level_tile
 .text.render_camera_view
                0x000000000000b6b8       0xd0 Iros.o
                0x000000000000b6b8                render_camera_view
 .text.init_level_enemy
                0x000000000000b788       0x44 Iros.o
                0x000000000000b788                init_level_enemy
 .text.init_space_enemy
                0x000000000000b7cc       0x30 Iros.o
                0x000000000000b7cc                init_space_enemy
 .text.spawn_enemy
                0x000000000000b7fc       0x96 Iros.o
                0x000000000000b7fc                spawn_enemy
 .text.solid_or_hazard_tile
                0x000000000000b892       0x1a Iros.o
                0x000000000000b892                solid_or_hazard_tile
 .text.append_tile_column
                0x000000000000b8ac      0x1a0 Iros.o
                0x000000000000b8ac                append_tile_column
 .text.move_camera_x
                0x000000000000ba4c       0x32 Iros.o
                0x000000000000ba4c                move_camera_x
 .text.map_ship
                0x000000000000ba7e       0x2a Iros.o
                0x000000000000ba7e                map_ship
 .text.map_level_info
                0x000000000000baa8       0x4a Iros.o
                0x000000000000baa8                map_level_info
 .text.on_solid_ground
                0x000000000000baf2       0xbe Iros.o
                0x000000000000baf2                on_solid_ground
 .text.find_shot_slot
                0x000000000000bbb0       0x2c Iros.o
                0x000000000000bbb0                find_shot_slot
 .text.update_shot
                0x000000000000bbdc      0x154 Iros.o
                0x000000000000bbdc                update_shot
 .text.out_of_bounds
                0x000000000000bd30       0x54 Iros.o
                0x000000000000bd30                out_of_bounds
 .text.explode_all_enemies
                0x000000000000bd84       0x38 Iros.o
                0x000000000000bd84                explode_all_enemies
 .text.pixel_overlap
                0x000000000000bdbc       0x1a Iros.o
                0x000000000000bdbc                pixel_overlap
 .text.collision_detect_level
                0x000000000000bdd6      0x41c Iros.o
                0x000000000000bdd6                collision_detect_level
 .text.animate_shot
                0x000000000000c1f2      0x2d0 Iros.o
                0x000000000000c1f2                animate_shot
 .text.map_explosion
                0x000000000000c4c2       0x96 Iros.o
                0x000000000000c4c2                map_explosion
 .text.animate_sprite
                0x000000000000c558       0xf0 Iros.o
                0x000000000000c558                animate_sprite
 .text.animate_player
                0x000000000000c648       0x42 Iros.o
                0x000000000000c648                animate_player
 .text.update_spider_enemy
                0x000000000000c68a       0x82 Iros.o
                0x000000000000c68a                update_spider_enemy
 .text.update_turret_enemy
                0x000000000000c70c       0x3a Iros.o
                0x000000000000c70c                update_turret_enemy
 .text.update_drone_enemy
                0x000000000000c746       0x20 Iros.o
                0x000000000000c746                update_drone_enemy
 .text.update_globe_enemy
                0x000000000000c766       0x20 Iros.o
                0x000000000000c766                update_globe_enemy
 .text.update_shark_enemy
                0x000000000000c786       0x20 Iros.o
                0x000000000000c786                update_shark_enemy
 .text.update_level_hazard
                0x000000000000c7a6       0x48 Iros.o
                0x000000000000c7a6                update_level_hazard
 .text.update_basic_shot
                0x000000000000c7ee       0x16 Iros.o
                0x000000000000c7ee                update_basic_shot
 .text.update_enemies
                0x000000000000c804       0xd2 Iros.o
                0x000000000000c804                update_enemies
 .text.update_enemy_shots
                0x000000000000c8d6      0x124 Iros.o
                0x000000000000c8d6                update_enemy_shots
 .text.animate_enemies
                0x000000000000c9fa      0x18a Iros.o
                0x000000000000c9fa                animate_enemies
 .text.animate_enemy_shots
                0x000000000000cb84      0x144 Iros.o
                0x000000000000cb84                animate_enemy_shots
 .text.clear_sprites
                0x000000000000ccc8       0x44 Iros.o
                0x000000000000ccc8                clear_sprites
 .text.fade_through
                0x000000000000cd0c       0x20 Iros.o
                0x000000000000cd0c                fade_through
 .text.load_level
                0x000000000000cd2c      0x222 Iros.o
                0x000000000000cd2c                load_level
 .text.hide_sprites
                0x000000000000cf4e       0x38 Iros.o
                0x000000000000cf4e                hide_sprites
 .text.select_pressed
                0x000000000000cf86       0x14 Iros.o
                0x000000000000cf86                select_pressed
 .text.stream_text_middle
                0x000000000000cf9a       0x6e Iros.o
                0x000000000000cf9a                stream_text_middle
 .text.stream_text_anywhere
                0x000000000000d008       0x4e Iros.o
                0x000000000000d008                stream_text_anywhere
 .text.map_particles
                0x000000000000d056       0x1a Iros.o
                0x000000000000d056                map_particles
 .text.place_particles
                0x000000000000d070       0x44 Iros.o
                0x000000000000d070                place_particles
 .text.animate_particles
                0x000000000000d0b4       0x64 Iros.o
                0x000000000000d0b4                animate_particles
 .text.get_emarald_map
                0x000000000000d118       0x1e Iros.o
                0x000000000000d118                get_emarald_map
 .text.music_transition
                0x000000000000d136       0x20 Iros.o
                0x000000000000d136                music_transition
 .text.planet_transition
                0x000000000000d156      0x11a Iros.o
                0x000000000000d156                planet_transition
 .text.intro    0x000000000000d270       0xc2 Iros.o
                0x000000000000d270                intro
 .text.load_splash
                0x000000000000d332       0x62 Iros.o
                0x000000000000d332                load_splash
 .text.load_high_scores
                0x000000000000d394      0x21e Iros.o
                0x000000000000d394                load_high_scores
 .text.exit_game
                0x000000000000d5b2       0x20 Iros.o
                0x000000000000d5b2                exit_game
 .text.update_splash
                0x000000000000d5d2       0x8e Iros.o
                0x000000000000d5d2                update_splash
 .text.update_high_scores
                0x000000000000d660      0x13c Iros.o
                0x000000000000d660                update_high_scores
 .text.tally_score
                0x000000000000d79c      0x27e Iros.o
                0x000000000000d79c                tally_score
 .text.handle_player_death
                0x000000000000da1a       0x80 Iros.o
                0x000000000000da1a                handle_player_death
 .text.update_player
                0x000000000000da9a      0x450 Iros.o
                0x000000000000da9a                update_player
 .text.update_level
                0x000000000000deea      0x256 Iros.o
                0x000000000000deea                update_level
 .text.update_pause
                0x000000000000e140       0xf0 Iros.o
                0x000000000000e140                update_pause
 .text.challenge
                0x000000000000e230       0x9a Iros.o
                0x000000000000e230                challenge
 .text.update_player_ai
                0x000000000000e2ca       0xd6 Iros.o
                0x000000000000e2ca                update_player_ai
 .text.prepare_debugging
                0x000000000000e3a0      0x16c Iros.o
                0x000000000000e3a0                prepare_debugging
 .text.startup.main
                0x000000000000e50c      0x116 Iros.o
                0x000000000000e50c                main
 .text.libgcc.div
                0x000000000000e622       0x18 /usr/local/lib/gcc/avr/4.9.2/avr5/libgcc.a(_udivmodqi4.o)
                0x000000000000e622                __udivmodqi4
 .text.libgcc.div
                0x000000000000e63a       0x1c /usr/local/lib/gcc/avr/4.9.2/avr5/libgcc.a(_divmodqi4.o)
                0x000000000000e63a                __divmodqi4
 .text.libgcc.div
                0x000000000000e656       0x28 /usr/local/lib/gcc/avr/4.9.2/avr5/libgcc.a(_udivmodhi4.o)
                0x000000000000e656                __udivmodhi4
 .text.libgcc.div
                0x000000000000e67e       0x28 /usr/local/lib/gcc/avr/4.9.2/avr5/libgcc.a(_divmodhi4.o)
                0x000000000000e67e                __divmodhi4
                0x000000000000e67e                _div
 .text.libgcc   0x000000000000e6a6        0xc /usr/local/lib/gcc/avr/4.9.2/avr5/libgcc.a(_tablejump2.o)
                0x000000000000e6a6                __tablejump2__
 .text.avr-libc.fplib
                0x000000000000e6b2        0xa /usr/local/lib/gcc/avr/4.9.2/../../../../avr/lib/avr5/libm.a(addsf3.o)
                0x000000000000e6b2                __subsf3
                0x000000000000e6b4                __addsf3
 .text.avr-libc.fplib
                0x000000000000e6bc       0xc0 /usr/local/lib/gcc/avr/4.9.2/../../../../avr/lib/avr5/libm.a(addsf3x.o)
                0x000000000000e6d6                __addsf3x
 .text.avr-libc.fplib
                0x000000000000e77c        0xa /usr/local/lib/gcc/avr/4.9.2/../../../../avr/lib/avr5/libm.a(fixsfsi.o)
                0x000000000000e77c                __fixsfsi
 .text.avr-libc.fplib
                0x000000000000e786       0x58 /usr/local/lib/gcc/avr/4.9.2/../../../../avr/lib/avr5/libm.a(fixunssfsi.o)
                0x000000000000e786                __fixunssfsi
 .text.avr-libc.fplib
                0x000000000000e7de       0x7a /usr/local/lib/gcc/avr/4.9.2/../../../../avr/lib/avr5/libm.a(floatsisf.o)
                0x000000000000e7de                __floatunsisf
                0x000000000000e7e2                __floatsisf
 .text.avr-libc.fplib
                0x000000000000e858        0xc /usr/local/lib/gcc/avr/4.9.2/../../../../avr/lib/avr5/libm.a(fp_inf.o)
                0x000000000000e858                __fp_inf
 .text.avr-libc.fplib
                0x000000000000e864        0x6 /usr/local/lib/gcc/avr/4.9.2/../../../../avr/lib/avr5/libm.a(fp_nan.o)
                0x000000000000e864                __fp_nan
 .text.avr-libc.fplib
                0x000000000000e86a        0xe /usr/local/lib/gcc/avr/4.9.2/../../../../avr/lib/avr5/libm.a(fp_pscA.o)
                0x000000000000e86a                __fp_pscA
 .text.avr-libc.fplib
                0x000000000000e878        0xe /usr/local/lib/gcc/avr/4.9.2/../../../../avr/lib/avr5/libm.a(fp_pscB.o)
                0x000000000000e878                __fp_pscB
 .text.avr-libc.fplib
                0x000000000000e886       0x22 /usr/local/lib/gcc/avr/4.9.2/../../../../avr/lib/avr5/libm.a(fp_round.o)
                0x000000000000e886                __fp_round
 .text.avr-libc.fplib
                0x000000000000e8a8       0x44 /usr/local/lib/gcc/avr/4.9.2/../../../../avr/lib/avr5/libm.a(fp_split3.o)
                0x000000000000e8a8                __fp_split3
                0x000000000000e8b8                __fp_splitA
 .text.avr-libc.fplib
                0x000000000000e8ec        0xe /usr/local/lib/gcc/avr/4.9.2/../../../../avr/lib/avr5/libm.a(fp_zero.o)
                0x000000000000e8ec                __fp_zero
                0x000000000000e8ee                __fp_szero
 .text.avr-libc.fplib
                0x000000000000e8fa        0x4 /usr/local/lib/gcc/avr/4.9.2/../../../../avr/lib/avr5/libm.a(mulsf3.o)
                0x000000000000e8fa                __mulsf3
 .text.avr-libc.fplib
                0x000000000000e8fe       0xc2 /usr/local/lib/gcc/avr/4.9.2/../../../../avr/lib/avr5/libm.a(mulsf3x.o)
                0x000000000000e912                __mulsf3x
                0x000000000000e916                __mulsf3_pse
 .text.avr-libc
                0x000000000000e9c0       0x16 /usr/local/lib/gcc/avr/4.9.2/../../../../avr/lib/avr5/libc.a(strnlen_P.o)
                0x000000000000e9c0                strnlen_P
                0x000000000000e9d6                . = ALIGN (0x2)
 *(.fini9)
 .fini9         0x000000000000e9d6        0x0 /usr/local/lib/gcc/avr/4.9.2/avr5/libgcc.a(_exit.o)
                0x000000000000e9d6                exit
                0x000000000000e9d6                _exit
 *(.fini9)
 *(.fini8)
 *(.fini8)
 *(.fini7)
 *(.fini7)
 *(.fini6)
 *(.fini6)
 *(.fini5)
 *(.fini5)
 *(.fini4)
 *(.fini4)
 *(.fini3)
 *(.fini3)
 *(.fini2)
 *(.fini2)
 *(.fini1)
 *(.fini1)
 *(.fini0)
 .fini0         0x000000000000e9d6        0x4 /usr/local/lib/gcc/avr/4.9.2/avr5/libgcc.a(_exit.o)
 *(.fini0)
                0x000000000000e9da                _etext = .

.data           0x0000000000800500       0x10 load address 0x000000000000e9da
                0x0000000000800500                PROVIDE (__data_start, .)
 *(.data)
 .data          0x0000000000800500        0x1 uzeboxVideoEngine.o
                0x0000000000800500                spritesOn
 .data          0x0000000000800501        0x1 Iros.o
 *(.data*)
 *(.rodata)
 .rodata        0x0000000000800502        0xe Iros.o
 *(.rodata*)
 *(.gnu.linkonce.d*)
                0x0000000000800510                . = ALIGN (0x2)
                0x0000000000800510                _edata = .
                0x0000000000800510                PROVIDE (__data_end, .)

.bss            0x0000000000800510      0xb42
                0x0000000000800510                PROVIDE (__bss_start, .)
 *(.bss)
 .bss           0x0000000000800510      0x7bc uzeboxVideoEngineCore.o
                0x0000000000800510                sprites
                0x0000000000800550                ram_tiles
                0x0000000000800c50                ram_tiles_restore
                0x0000000000800ca4                sprites_tile_banks
                0x0000000000800caf                Screen
                0x0000000000800cb6                sync_phase
                0x0000000000800cb7                sync_pulse
                0x0000000000800cb8                sync_flags
                0x0000000000800cbd                first_render_line
                0x0000000000800cbe                render_lines_count
                0x0000000000800cbf                joypad1_status_lo
                0x0000000000800cc1                joypad1_status_hi
                0x0000000000800cc3                joypad2_status_lo
                0x0000000000800cc5                joypad2_status_hi
 .bss           0x0000000000800ccc        0x2 uzeboxCore.o
 .bss           0x0000000000800cce        0x1 uzeboxSoundEngine.o
                0x0000000000800cce                playSong
 .bss           0x0000000000800ccf       0x23 uzeboxSoundEngineCore.o
                0x0000000000800ccf                sound_enabled
                0x0000000000800cd0                mixer
                0x0000000000800ce3                tr4_params
                0x0000000000800ce4                tr4_barrel_lo
                0x0000000000800ce5                tr4_barrel_hi
 .bss           0x0000000000800cf2        0x2 uzeboxVideoEngine.o
                0x0000000000800cf2                userRamTilesCount_tmp
                0x0000000000800cf3                userRamTilesCount
 .bss           0x0000000000800cf4        0x6 Iros.o
 *(.bss*)
 *(COMMON)
 COMMON         0x0000000000800cfa        0x1 uzeboxCore.o
                0x0000000000800cfa                joypadsConnectionStatus
 COMMON         0x0000000000800cfb       0x83 uzeboxSoundEngine.o
                0x0000000000800cfb                songStart
                0x0000000000800cfd                tracks
                0x0000000000800d70                currDeltaTime
                0x0000000000800d72                patchPointers
                0x0000000000800d74                lastStatus
                0x0000000000800d75                masterVolume
                0x0000000000800d76                nextDeltaTime
                0x0000000000800d78                songSpeed
                0x0000000000800d79                songPos
                0x0000000000800d7b                loopStart
                0x0000000000800d7d                step
 COMMON         0x0000000000800d7e        0x6 uzeboxVideoEngine.o
                0x0000000000800d7e                fadeSpeed
                0x0000000000800d7f                fadeDir
                0x0000000000800d80                free_tile_index
                0x0000000000800d81                fadeActive
                0x0000000000800d82                currFadeFrame
                0x0000000000800d83                fadeStep
 COMMON         0x0000000000800d84      0x2ce Iros.o
                0x0000000000800d84                font_tiles_map
                0x0000000000800d86                shot_top_anim
                0x0000000000800d88                boss_run_anim
                0x0000000000800d90                jump_anim
                0x0000000000800d92                scores
                0x0000000000800db2                game
                0x0000000000800fd2                boss_shot_top_anim
                0x0000000000800fd4                prone_anim
                0x0000000000800fd6                spider_anim
                0x0000000000800fda                shark_anim
                0x0000000000800fdc                extendedSprites
                0x000000000080102c                turret_anim
                0x000000000080102e                boss_shot_bottom_anim
                0x0000000000801030                run_anim
                0x0000000000801038                shot_middle_anim
                0x000000000080103a                boss_jump_anim
                0x000000000080103c                enemy_shot_anim
                0x000000000080103e                globe_anim
                0x0000000000801040                drone_anim
                0x0000000000801042                expl_anim
                0x0000000000801048                shot_bottom_anim
                0x000000000080104a                boss_idle_anim
                0x000000000080104c                boss_shot_middle_anim
                0x000000000080104e                hazard_anim
                0x0000000000801050                idle_anim
                0x0000000000801052                PROVIDE (__bss_end, .)
                0x000000000000e9da                __data_load_start = LOADADDR (.data)
                0x000000000000e9ea                __data_load_end = (__data_load_start + SIZEOF (.data))

.noinit         0x0000000000800100      0x400
                0x0000000000800100                PROVIDE (__noinit_start, .)
 *(.noinit*)
 .noinit        0x0000000000800100      0x400 uzeboxVideoEngineCore.o
                0x0000000000800100                vram
                0x0000000000800500                overlay_vram
                0x0000000000800500                PROVIDE (__noinit_end, .)
                0x0000000000800500                _end = .
                0x0000000000800500                PROVIDE (__heap_start, .)

.eeprom         0x0000000000810000        0x0
 *(.eeprom*)
                0x0000000000810000                __eeprom_end = .

.fuse
 *(.fuse)
 *(.lfuse)
 *(.hfuse)
 *(.efuse)

.lock
 *(.lock*)

.signature
 *(.signature*)

.stab           0x0000000000000000      0x708
 *(.stab)
 .stab          0x0000000000000000       0xf0 /usr/local/lib/gcc/avr/4.9.2/avr5/libgcc.a(_udivmodqi4.o)
 .stab          0x00000000000000f0       0xf0 /usr/local/lib/gcc/avr/4.9.2/avr5/libgcc.a(_divmodqi4.o)
                                         0xfc (size before relaxing)
 .stab          0x00000000000001e0      0x15c /usr/local/lib/gcc/avr/4.9.2/avr5/libgcc.a(_udivmodhi4.o)
                                        0x168 (size before relaxing)
 .stab          0x000000000000033c      0x138 /usr/local/lib/gcc/avr/4.9.2/avr5/libgcc.a(_divmodhi4.o)
                                        0x144 (size before relaxing)
 .stab          0x0000000000000474       0x6c /usr/local/lib/gcc/avr/4.9.2/avr5/libgcc.a(_exit.o)
                                         0x78 (size before relaxing)
 .stab          0x00000000000004e0       0x9c /usr/local/lib/gcc/avr/4.9.2/avr5/libgcc.a(_tablejump2.o)
                                         0xa8 (size before relaxing)
 .stab          0x000000000000057c       0xd8 /usr/local/lib/gcc/avr/4.9.2/avr5/libgcc.a(_copy_data.o)
                                         0xe4 (size before relaxing)
 .stab          0x0000000000000654       0xb4 /usr/local/lib/gcc/avr/4.9.2/avr5/libgcc.a(_clear_bss.o)
                                         0xc0 (size before relaxing)

.stabstr        0x0000000000000000      0x2f1
 *(.stabstr)
 .stabstr       0x0000000000000000      0x2f1 /usr/local/lib/gcc/avr/4.9.2/avr5/libgcc.a(_udivmodqi4.o)

.stab.excl
 *(.stab.excl)

.stab.exclstr
 *(.stab.exclstr)

.stab.index
 *(.stab.index)

.stab.indexstr
 *(.stab.indexstr)

.comment        0x0000000000000000       0x11
 *(.comment)
 .comment       0x0000000000000000       0x11 uzeboxCore.o
                                         0x12 (size before relaxing)
 .comment       0x0000000000000011       0x12 uzeboxSoundEngine.o
 .comment       0x0000000000000011       0x12 uzeboxVideoEngine.o
 .comment       0x0000000000000011       0x12 Iros.o

.note.gnu.build-id
 *(.note.gnu.build-id)

.debug
 *(.debug)

.line
 *(.line)

.debug_srcinfo
 *(.debug_srcinfo)

.debug_sfnames
 *(.debug_sfnames)

.debug_aranges  0x0000000000000000      0x758
 *(.debug_aranges)
 .debug_aranges
                0x0000000000000000       0xf8 uzeboxVideoEngineCore.o
 .debug_aranges
                0x00000000000000f8       0x90 uzeboxCore.o
 .debug_aranges
                0x0000000000000188       0xf8 uzeboxSoundEngine.o
 .debug_aranges
                0x0000000000000280       0x50 uzeboxSoundEngineCore.o
 .debug_aranges
                0x00000000000002d0      0x110 uzeboxVideoEngine.o
 .debug_aranges
                0x00000000000003e0      0x378 Iros.o

.debug_pubnames
 *(.debug_pubnames)

.debug_info     0x0000000000000000     0xab5d
 *(.debug_info .gnu.linkonce.wi.*)
 .debug_info    0x0000000000000000      0x672 /usr/local/lib/gcc/avr/4.9.2/../../../../avr/lib/avr5/crtm644.o
 .debug_info    0x0000000000000672       0x7b uzeboxVideoEngineCore.o
 .debug_info    0x00000000000006ed      0xab8 uzeboxCore.o
 .debug_info    0x00000000000011a5     0x12ce uzeboxSoundEngine.o
 .debug_info    0x0000000000002473       0x72 uzeboxSoundEngineCore.o
 .debug_info    0x00000000000024e5     0x15b9 uzeboxVideoEngine.o
 .debug_info    0x0000000000003a9e     0x70bf Iros.o

.debug_abbrev   0x0000000000000000     0x1673
 *(.debug_abbrev)
 .debug_abbrev  0x0000000000000000      0x619 /usr/local/lib/gcc/avr/4.9.2/../../../../avr/lib/avr5/crtm644.o
 .debug_abbrev  0x0000000000000619       0x12 uzeboxVideoEngineCore.o
 .debug_abbrev  0x000000000000062b      0x32b uzeboxCore.o
 .debug_abbrev  0x0000000000000956      0x35c uzeboxSoundEngine.o
 .debug_abbrev  0x0000000000000cb2       0x12 uzeboxSoundEngineCore.o
 .debug_abbrev  0x0000000000000cc4      0x3da uzeboxVideoEngine.o
 .debug_abbrev  0x000000000000109e      0x5d5 Iros.o

.debug_line     0x0000000000000000     0x27e6
 *(.debug_line .debug_line.* .debug_line_end)
 .debug_line    0x0000000000000000       0x1d /usr/local/lib/gcc/avr/4.9.2/../../../../avr/lib/avr5/crtm644.o
 .debug_line    0x000000000000001d      0x5bd uzeboxVideoEngineCore.o
 .debug_line    0x00000000000005da      0x2b9 uzeboxCore.o
 .debug_line    0x0000000000000893      0x3d5 uzeboxSoundEngine.o
 .debug_line    0x0000000000000c68      0x1a9 uzeboxSoundEngineCore.o
 .debug_line    0x0000000000000e11      0x4e2 uzeboxVideoEngine.o
 .debug_line    0x00000000000012f3     0x14f3 Iros.o

.debug_frame    0x0000000000000000     0x1744
 *(.debug_frame)
 .debug_frame   0x0000000000000000      0x1cc uzeboxCore.o
 .debug_frame   0x00000000000001cc      0x274 uzeboxSoundEngine.o
 .debug_frame   0x0000000000000440      0x4d4 uzeboxVideoEngine.o
 .debug_frame   0x0000000000000914      0xe30 Iros.o

.debug_str      0x0000000000000000     0x1feb
 *(.debug_str)
 .debug_str     0x0000000000000000      0x231 /usr/local/lib/gcc/avr/4.9.2/../../../../avr/lib/avr5/crtm644.o
 .debug_str     0x0000000000000231      0x4bd uzeboxCore.o
                                        0x514 (size before relaxing)
 .debug_str     0x00000000000006ee      0x3eb uzeboxSoundEngine.o
                                        0x636 (size before relaxing)
 .debug_str     0x0000000000000ad9      0x359 uzeboxVideoEngine.o
                                        0x56c (size before relaxing)
 .debug_str     0x0000000000000e32     0x11b9 Iros.o
                                       0x1618 (size before relaxing)

.debug_loc      0x0000000000000000     0x905e
 *(.debug_loc)
 .debug_loc     0x0000000000000000      0x9f9 uzeboxCore.o
 .debug_loc     0x00000000000009f9     0x1148 uzeboxSoundEngine.o
 .debug_loc     0x0000000000001b41     0x1bf5 uzeboxVideoEngine.o
 .debug_loc     0x0000000000003736     0x5928 Iros.o

.debug_macinfo
 *(.debug_macinfo)

.debug_weaknames
 *(.debug_weaknames)

.debug_funcnames
 *(.debug_funcnames)

.debug_typenames
 *(.debug_typenames)

.debug_varnames
 *(.debug_varnames)

.debug_pubtypes
 *(.debug_pubtypes)

.debug_ranges   0x0000000000000000      0x8f0
 *(.debug_ranges)
 .debug_ranges  0x0000000000000000       0xf0 uzeboxVideoEngineCore.o
 .debug_ranges  0x00000000000000f0       0x98 uzeboxCore.o
 .debug_ranges  0x0000000000000188      0x130 uzeboxSoundEngine.o
 .debug_ranges  0x00000000000002b8       0x48 uzeboxSoundEngineCore.o
 .debug_ranges  0x0000000000000300      0x148 uzeboxVideoEngine.o
 .debug_ranges  0x0000000000000448      0x4a8 Iros.o

.debug_macro
 *(.debug_macro)
OUTPUT(Iros.elf elf32-avr)
LOAD linker stubs
