Archive member included to satisfy reference by file (symbol)

/usr/local/lib/gcc/avr/4.9.2/avr5/libgcc.a(_udivmodqi4.o)
                              uzeboxVideoEngine.o (__udivmodqi4)
/usr/local/lib/gcc/avr/4.9.2/avr5/libgcc.a(_divmodqi4.o)
                              Iros.o (__divmodqi4)
/usr/local/lib/gcc/avr/4.9.2/avr5/libgcc.a(_udivmodhi4.o)
                              uzeboxVideoEngine.o (__udivmodhi4)
/usr/local/lib/gcc/avr/4.9.2/avr5/libgcc.a(_divmodhi4.o)
                              uzeboxSoundEngine.o (__divmodhi4)
/usr/local/lib/gcc/avr/4.9.2/avr5/libgcc.a(_udivmodsi4.o)
                              uzeboxVideoEngine.o (__udivmodsi4)
/usr/local/lib/gcc/avr/4.9.2/avr5/libgcc.a(_exit.o)
                              /usr/local/lib/gcc/avr/4.9.2/../../../../avr/lib/avr5/crtm644.o (exit)
/usr/local/lib/gcc/avr/4.9.2/avr5/libgcc.a(_tablejump2.o)
                              Iros.o (__tablejump2__)
/usr/local/lib/gcc/avr/4.9.2/avr5/libgcc.a(_copy_data.o)
                              uzeboxVideoEngine.o (__do_copy_data)
/usr/local/lib/gcc/avr/4.9.2/avr5/libgcc.a(_clear_bss.o)
                              uzeboxCore.o (__do_clear_bss)
/usr/local/lib/gcc/avr/4.9.2/../../../../avr/lib/avr5/libm.a(addsf3.o)
                              Iros.o (__addsf3)
/usr/local/lib/gcc/avr/4.9.2/../../../../avr/lib/avr5/libm.a(addsf3x.o)
                              /usr/local/lib/gcc/avr/4.9.2/../../../../avr/lib/avr5/libm.a(addsf3.o) (__addsf3x)
/usr/local/lib/gcc/avr/4.9.2/../../../../avr/lib/avr5/libm.a(fixsfsi.o)
                              Iros.o (__fixsfsi)
/usr/local/lib/gcc/avr/4.9.2/../../../../avr/lib/avr5/libm.a(fixunssfsi.o)
                              /usr/local/lib/gcc/avr/4.9.2/../../../../avr/lib/avr5/libm.a(fixsfsi.o) (__fixunssfsi)
/usr/local/lib/gcc/avr/4.9.2/../../../../avr/lib/avr5/libm.a(floatsisf.o)
                              Iros.o (__floatsisf)
/usr/local/lib/gcc/avr/4.9.2/../../../../avr/lib/avr5/libm.a(fp_inf.o)
                              /usr/local/lib/gcc/avr/4.9.2/../../../../avr/lib/avr5/libm.a(addsf3x.o) (__fp_inf)
/usr/local/lib/gcc/avr/4.9.2/../../../../avr/lib/avr5/libm.a(fp_nan.o)
                              /usr/local/lib/gcc/avr/4.9.2/../../../../avr/lib/avr5/libm.a(addsf3x.o) (__fp_nan)
/usr/local/lib/gcc/avr/4.9.2/../../../../avr/lib/avr5/libm.a(fp_pscA.o)
                              /usr/local/lib/gcc/avr/4.9.2/../../../../avr/lib/avr5/libm.a(addsf3x.o) (__fp_pscA)
/usr/local/lib/gcc/avr/4.9.2/../../../../avr/lib/avr5/libm.a(fp_pscB.o)
                              /usr/local/lib/gcc/avr/4.9.2/../../../../avr/lib/avr5/libm.a(addsf3x.o) (__fp_pscB)
/usr/local/lib/gcc/avr/4.9.2/../../../../avr/lib/avr5/libm.a(fp_round.o)
                              /usr/local/lib/gcc/avr/4.9.2/../../../../avr/lib/avr5/libm.a(addsf3.o) (__fp_round)
/usr/local/lib/gcc/avr/4.9.2/../../../../avr/lib/avr5/libm.a(fp_split3.o)
                              /usr/local/lib/gcc/avr/4.9.2/../../../../avr/lib/avr5/libm.a(addsf3x.o) (__fp_split3)
/usr/local/lib/gcc/avr/4.9.2/../../../../avr/lib/avr5/libm.a(fp_zero.o)
                              /usr/local/lib/gcc/avr/4.9.2/../../../../avr/lib/avr5/libm.a(addsf3x.o) (__fp_zero)
/usr/local/lib/gcc/avr/4.9.2/../../../../avr/lib/avr5/libm.a(mulsf3.o)
                              Iros.o (__mulsf3)
/usr/local/lib/gcc/avr/4.9.2/../../../../avr/lib/avr5/libm.a(mulsf3x.o)
                              /usr/local/lib/gcc/avr/4.9.2/../../../../avr/lib/avr5/libm.a(mulsf3.o) (__mulsf3x)
/usr/local/lib/gcc/avr/4.9.2/../../../../avr/lib/avr5/libc.a(strnlen_P.o)
                              Iros.o (strnlen_P)

Allocating common symbols
Common symbol       size              file

songStart           0x2               uzeboxSoundEngine.o
font_tiles_map      0x2               Iros.o
shot_top_anim       0x2               Iros.o
tracks              0x73              uzeboxSoundEngine.o
boss_run_anim       0x8               Iros.o
jump_anim           0x2               Iros.o
scores              0x20              Iros.o
fadeSpeed           0x1               uzeboxVideoEngine.o
currDeltaTime       0x2               uzeboxSoundEngine.o
fadeDir             0x1               uzeboxVideoEngine.o
patchPointers       0x2               uzeboxSoundEngine.o
game                0x220             Iros.o
lastStatus          0x1               uzeboxSoundEngine.o
boss_shot_top_anim  0x2               Iros.o
joypadsConnectionStatus
                    0x1               uzeboxCore.o
free_tile_index     0x1               uzeboxVideoEngine.o
fadeActive          0x1               uzeboxVideoEngine.o
masterVolume        0x1               uzeboxSoundEngine.o
prone_anim          0x2               Iros.o
nextDeltaTime       0x2               uzeboxSoundEngine.o
spider_anim         0x4               Iros.o
songSpeed           0x1               uzeboxSoundEngine.o
songPos             0x2               uzeboxSoundEngine.o
shark_anim          0x2               Iros.o
extendedSprites     0x50              Iros.o
turret_anim         0x2               Iros.o
boss_shot_bottom_anim
                    0x2               Iros.o
run_anim            0x8               Iros.o
shot_middle_anim    0x2               Iros.o
boss_jump_anim      0x2               Iros.o
enemy_shot_anim     0x2               Iros.o
loopStart           0x2               uzeboxSoundEngine.o
globe_anim          0x2               Iros.o
drone_anim          0x2               Iros.o
step                0x1               uzeboxSoundEngine.o
expl_anim           0x6               Iros.o
currFadeFrame       0x1               uzeboxVideoEngine.o
fadeStep            0x1               uzeboxVideoEngine.o
shot_bottom_anim    0x2               Iros.o
boss_idle_anim      0x2               Iros.o
boss_shot_middle_anim
                    0x2               Iros.o
xwing_anim          0x2               Iros.o
hazard_anim         0x2               Iros.o
idle_anim           0x2               Iros.o

Discarded input sections

 .data          0x0000000000000000        0x0 /usr/local/lib/gcc/avr/4.9.2/../../../../avr/lib/avr5/crtm644.o
 .bss           0x0000000000000000        0x0 /usr/local/lib/gcc/avr/4.9.2/../../../../avr/lib/avr5/crtm644.o
 .data          0x0000000000000000        0x0 uzeboxVideoEngineCore.o
 .text.SetSpritesTileBank
                0x0000000000000000       0x12 uzeboxVideoEngineCore.o
 .text.SetFont  0x0000000000000000        0x8 uzeboxVideoEngineCore.o
 .text.SetFontTilesIndex
                0x0000000000000000        0x6 uzeboxVideoEngineCore.o
 .text.GetTile  0x0000000000000000       0x24 uzeboxVideoEngineCore.o
 .text.GetVsyncCounter
                0x0000000000000000        0xa uzeboxVideoEngineCore.o
 .text.ClearVsyncCounter
                0x0000000000000000        0xa uzeboxVideoEngineCore.o
 .text.SetUserPreVsyncCallback
                0x0000000000000000        0xa uzeboxVideoEngineCore.o
 .text.SetUserPostVsyncCallback
                0x0000000000000000        0xa uzeboxVideoEngineCore.o
 .text.IsRunningInEmulator
                0x0000000000000000       0x12 uzeboxVideoEngineCore.o
 .text.WaitClocks
                0x0000000000000000        0x6 uzeboxVideoEngineCore.o
 .text.SetLedOn
                0x0000000000000000        0x4 uzeboxVideoEngineCore.o
 .text.SetLedOff
                0x0000000000000000        0x4 uzeboxVideoEngineCore.o
 .text.ToggleLed
                0x0000000000000000        0x4 uzeboxVideoEngineCore.o
 .text.internal_spi_byte
                0x0000000000000000        0xe uzeboxVideoEngineCore.o
 .text          0x0000000000000000        0x0 uzeboxCore.o
 .data          0x0000000000000000        0x0 uzeboxCore.o
 .text.SetRenderingParameters
                0x0000000000000000        0xa uzeboxCore.o
 .text.DetectControllers
                0x0000000000000000       0x36 uzeboxCore.o
 .text.FormatEeprom2
                0x0000000000000000       0x98 uzeboxCore.o
 .text.IsPowerSwitchPressed
                0x0000000000000000        0xe uzeboxCore.o
 .text          0x0000000000000000        0x0 uzeboxSoundEngine.o
 .data          0x0000000000000000        0x0 uzeboxSoundEngine.o
 .text.SetSongSpeed
                0x0000000000000000        0x6 uzeboxSoundEngine.o
 .text.GetSongSpeed
                0x0000000000000000        0x6 uzeboxSoundEngine.o
 .text.GetMasterVolume
                0x0000000000000000        0x6 uzeboxSoundEngine.o
 .data          0x0000000000000000        0x0 uzeboxSoundEngineCore.o
 .text.SetMixerNoiseParams
                0x0000000000000000       0x10 uzeboxSoundEngineCore.o
 .text.SetMixerVolume
                0x0000000000000000       0x16 uzeboxSoundEngineCore.o
 .text.EnableSoundEngine
                0x0000000000000000        0x8 uzeboxSoundEngineCore.o
 .text          0x0000000000000000        0x0 uzeboxVideoEngine.o
 .text.SetUserRamTilesCount
                0x0000000000000000        0x6 uzeboxVideoEngine.o
 .text.GetUserRamTile
                0x0000000000000000        0xe uzeboxVideoEngine.o
 .text.SetSpriteVisibility
                0x0000000000000000        0x6 uzeboxVideoEngine.o
 .text.SetScrolling
                0x0000000000000000       0x28 uzeboxVideoEngine.o
 .text.MapSprite
                0x0000000000000000       0x80 uzeboxVideoEngine.o
 .text.MapSprite2
                0x0000000000000000       0xa4 uzeboxVideoEngine.o
 .text.MoveSprite
                0x0000000000000000       0x7c uzeboxVideoEngine.o
 .text.PrintLong
                0x0000000000000000       0x8a uzeboxVideoEngine.o
 .text.PrintByte
                0x0000000000000000       0x66 uzeboxVideoEngine.o
 .text.PrintInt
                0x0000000000000000       0x70 uzeboxVideoEngine.o
 .text.PrintBinaryByte
                0x0000000000000000       0x36 uzeboxVideoEngine.o
 .text.PrintHexByte
                0x0000000000000000       0x40 uzeboxVideoEngine.o
 .text.PrintHexInt
                0x0000000000000000       0x24 uzeboxVideoEngine.o
 .text.PrintHexLong
                0x0000000000000000       0x5e uzeboxVideoEngine.o
 .text.Print    0x0000000000000000       0x36 uzeboxVideoEngine.o
 .text.PrintRam
                0x0000000000000000       0x36 uzeboxVideoEngine.o
 .text.PrintChar
                0x0000000000000000        0x6 uzeboxVideoEngine.o
 .text.Fill     0x0000000000000000       0x6e uzeboxVideoEngine.o
 .text.FontFill
                0x0000000000000000       0x6c uzeboxVideoEngine.o
 .text          0x0000000000000000        0x0 Iros.o
 .text.LBResetJoyPadState
                0x0000000000000000       0x12 Iros.o
 .text.LBSetFontTilesMap
                0x0000000000000000        0xa Iros.o
 .text.init_shot
                0x0000000000000000       0x44 Iros.o
 .text.save_eeprom
                0x0000000000000000        0x4 Iros.o
 .text.render_level_tile
                0x0000000000000000        0xe Iros.o
 .text.get_camera_x
                0x0000000000000000        0x4 Iros.o
 .text.get_camera_y
                0x0000000000000000        0x4 Iros.o
 .text.get_hero_spawn_x
                0x0000000000000000        0x4 Iros.o
 .text.get_hero_spawn_y
                0x0000000000000000        0x4 Iros.o
 .text.get_boss_spawn_x
                0x0000000000000000        0x4 Iros.o
 .text.get_boss_spawn_y
                0x0000000000000000        0x4 Iros.o
 .text.solid_tile
                0x0000000000000000        0xe Iros.o
 .text.hazard_tile
                0x0000000000000000        0xe Iros.o
 .text.hazard_projectile_tile
                0x0000000000000000        0xe Iros.o
 .text.music_toggle_pressed
                0x0000000000000000        0x8 Iros.o
 .text          0x0000000000000000        0x0 /usr/local/lib/gcc/avr/4.9.2/avr5/libgcc.a(_udivmodqi4.o)
 .data          0x0000000000000000        0x0 /usr/local/lib/gcc/avr/4.9.2/avr5/libgcc.a(_udivmodqi4.o)
 .bss           0x0000000000000000        0x0 /usr/local/lib/gcc/avr/4.9.2/avr5/libgcc.a(_udivmodqi4.o)
 .text.libgcc.mul
                0x0000000000000000        0x0 /usr/local/lib/gcc/avr/4.9.2/avr5/libgcc.a(_udivmodqi4.o)
 .text.libgcc   0x0000000000000000        0x0 /usr/local/lib/gcc/avr/4.9.2/avr5/libgcc.a(_udivmodqi4.o)
 .text.libgcc.prologue
                0x0000000000000000        0x0 /usr/local/lib/gcc/avr/4.9.2/avr5/libgcc.a(_udivmodqi4.o)
 .text.libgcc.builtins
                0x0000000000000000        0x0 /usr/local/lib/gcc/avr/4.9.2/avr5/libgcc.a(_udivmodqi4.o)
 .text.libgcc.fmul
                0x0000000000000000        0x0 /usr/local/lib/gcc/avr/4.9.2/avr5/libgcc.a(_udivmodqi4.o)
 .text.libgcc.fixed
                0x0000000000000000        0x0 /usr/local/lib/gcc/avr/4.9.2/avr5/libgcc.a(_udivmodqi4.o)
 .text          0x0000000000000000        0x0 /usr/local/lib/gcc/avr/4.9.2/avr5/libgcc.a(_divmodqi4.o)
 .data          0x0000000000000000        0x0 /usr/local/lib/gcc/avr/4.9.2/avr5/libgcc.a(_divmodqi4.o)
 .bss           0x0000000000000000        0x0 /usr/local/lib/gcc/avr/4.9.2/avr5/libgcc.a(_divmodqi4.o)
 .text.libgcc.mul
                0x0000000000000000        0x0 /usr/local/lib/gcc/avr/4.9.2/avr5/libgcc.a(_divmodqi4.o)
 .text.libgcc   0x0000000000000000        0x0 /usr/local/lib/gcc/avr/4.9.2/avr5/libgcc.a(_divmodqi4.o)
 .text.libgcc.prologue
                0x0000000000000000        0x0 /usr/local/lib/gcc/avr/4.9.2/avr5/libgcc.a(_divmodqi4.o)
 .text.libgcc.builtins
                0x0000000000000000        0x0 /usr/local/lib/gcc/avr/4.9.2/avr5/libgcc.a(_divmodqi4.o)
 .text.libgcc.fmul
                0x0000000000000000        0x0 /usr/local/lib/gcc/avr/4.9.2/avr5/libgcc.a(_divmodqi4.o)
 .text.libgcc.fixed
                0x0000000000000000        0x0 /usr/local/lib/gcc/avr/4.9.2/avr5/libgcc.a(_divmodqi4.o)
 .text          0x0000000000000000        0x0 /usr/local/lib/gcc/avr/4.9.2/avr5/libgcc.a(_udivmodhi4.o)
 .data          0x0000000000000000        0x0 /usr/local/lib/gcc/avr/4.9.2/avr5/libgcc.a(_udivmodhi4.o)
 .bss           0x0000000000000000        0x0 /usr/local/lib/gcc/avr/4.9.2/avr5/libgcc.a(_udivmodhi4.o)
 .text.libgcc.mul
                0x0000000000000000        0x0 /usr/local/lib/gcc/avr/4.9.2/avr5/libgcc.a(_udivmodhi4.o)
 .text.libgcc   0x0000000000000000        0x0 /usr/local/lib/gcc/avr/4.9.2/avr5/libgcc.a(_udivmodhi4.o)
 .text.libgcc.prologue
                0x0000000000000000        0x0 /usr/local/lib/gcc/avr/4.9.2/avr5/libgcc.a(_udivmodhi4.o)
 .text.libgcc.builtins
                0x0000000000000000        0x0 /usr/local/lib/gcc/avr/4.9.2/avr5/libgcc.a(_udivmodhi4.o)
 .text.libgcc.fmul
                0x0000000000000000        0x0 /usr/local/lib/gcc/avr/4.9.2/avr5/libgcc.a(_udivmodhi4.o)
 .text.libgcc.fixed
                0x0000000000000000        0x0 /usr/local/lib/gcc/avr/4.9.2/avr5/libgcc.a(_udivmodhi4.o)
 .text          0x0000000000000000        0x0 /usr/local/lib/gcc/avr/4.9.2/avr5/libgcc.a(_divmodhi4.o)
 .data          0x0000000000000000        0x0 /usr/local/lib/gcc/avr/4.9.2/avr5/libgcc.a(_divmodhi4.o)
 .bss           0x0000000000000000        0x0 /usr/local/lib/gcc/avr/4.9.2/avr5/libgcc.a(_divmodhi4.o)
 .text.libgcc.mul
                0x0000000000000000        0x0 /usr/local/lib/gcc/avr/4.9.2/avr5/libgcc.a(_divmodhi4.o)
 .text.libgcc   0x0000000000000000        0x0 /usr/local/lib/gcc/avr/4.9.2/avr5/libgcc.a(_divmodhi4.o)
 .text.libgcc.prologue
                0x0000000000000000        0x0 /usr/local/lib/gcc/avr/4.9.2/avr5/libgcc.a(_divmodhi4.o)
 .text.libgcc.builtins
                0x0000000000000000        0x0 /usr/local/lib/gcc/avr/4.9.2/avr5/libgcc.a(_divmodhi4.o)
 .text.libgcc.fmul
                0x0000000000000000        0x0 /usr/local/lib/gcc/avr/4.9.2/avr5/libgcc.a(_divmodhi4.o)
 .text.libgcc.fixed
                0x0000000000000000        0x0 /usr/local/lib/gcc/avr/4.9.2/avr5/libgcc.a(_divmodhi4.o)
 .text          0x0000000000000000        0x0 /usr/local/lib/gcc/avr/4.9.2/avr5/libgcc.a(_udivmodsi4.o)
 .data          0x0000000000000000        0x0 /usr/local/lib/gcc/avr/4.9.2/avr5/libgcc.a(_udivmodsi4.o)
 .bss           0x0000000000000000        0x0 /usr/local/lib/gcc/avr/4.9.2/avr5/libgcc.a(_udivmodsi4.o)
 .stab          0x0000000000000000      0x228 /usr/local/lib/gcc/avr/4.9.2/avr5/libgcc.a(_udivmodsi4.o)
                                        0x234 (size before relaxing)
 .text.libgcc.mul
                0x0000000000000000        0x0 /usr/local/lib/gcc/avr/4.9.2/avr5/libgcc.a(_udivmodsi4.o)
 .text.libgcc.div
                0x0000000000000000       0x44 /usr/local/lib/gcc/avr/4.9.2/avr5/libgcc.a(_udivmodsi4.o)
 .text.libgcc   0x0000000000000000        0x0 /usr/local/lib/gcc/avr/4.9.2/avr5/libgcc.a(_udivmodsi4.o)
 .text.libgcc.prologue
                0x0000000000000000        0x0 /usr/local/lib/gcc/avr/4.9.2/avr5/libgcc.a(_udivmodsi4.o)
 .text.libgcc.builtins
                0x0000000000000000        0x0 /usr/local/lib/gcc/avr/4.9.2/avr5/libgcc.a(_udivmodsi4.o)
 .text.libgcc.fmul
                0x0000000000000000        0x0 /usr/local/lib/gcc/avr/4.9.2/avr5/libgcc.a(_udivmodsi4.o)
 .text.libgcc.fixed
                0x0000000000000000        0x0 /usr/local/lib/gcc/avr/4.9.2/avr5/libgcc.a(_udivmodsi4.o)
 .text          0x0000000000000000        0x0 /usr/local/lib/gcc/avr/4.9.2/avr5/libgcc.a(_exit.o)
 .data          0x0000000000000000        0x0 /usr/local/lib/gcc/avr/4.9.2/avr5/libgcc.a(_exit.o)
 .bss           0x0000000000000000        0x0 /usr/local/lib/gcc/avr/4.9.2/avr5/libgcc.a(_exit.o)
 .text.libgcc.mul
                0x0000000000000000        0x0 /usr/local/lib/gcc/avr/4.9.2/avr5/libgcc.a(_exit.o)
 .text.libgcc.div
                0x0000000000000000        0x0 /usr/local/lib/gcc/avr/4.9.2/avr5/libgcc.a(_exit.o)
 .text.libgcc   0x0000000000000000        0x0 /usr/local/lib/gcc/avr/4.9.2/avr5/libgcc.a(_exit.o)
 .text.libgcc.prologue
                0x0000000000000000        0x0 /usr/local/lib/gcc/avr/4.9.2/avr5/libgcc.a(_exit.o)
 .text.libgcc.builtins
                0x0000000000000000        0x0 /usr/local/lib/gcc/avr/4.9.2/avr5/libgcc.a(_exit.o)
 .text.libgcc.fmul
                0x0000000000000000        0x0 /usr/local/lib/gcc/avr/4.9.2/avr5/libgcc.a(_exit.o)
 .text.libgcc.fixed
                0x0000000000000000        0x0 /usr/local/lib/gcc/avr/4.9.2/avr5/libgcc.a(_exit.o)
 .text          0x0000000000000000        0x0 /usr/local/lib/gcc/avr/4.9.2/avr5/libgcc.a(_tablejump2.o)
 .data          0x0000000000000000        0x0 /usr/local/lib/gcc/avr/4.9.2/avr5/libgcc.a(_tablejump2.o)
 .bss           0x0000000000000000        0x0 /usr/local/lib/gcc/avr/4.9.2/avr5/libgcc.a(_tablejump2.o)
 .text.libgcc.mul
                0x0000000000000000        0x0 /usr/local/lib/gcc/avr/4.9.2/avr5/libgcc.a(_tablejump2.o)
 .text.libgcc.div
                0x0000000000000000        0x0 /usr/local/lib/gcc/avr/4.9.2/avr5/libgcc.a(_tablejump2.o)
 .text.libgcc.prologue
                0x0000000000000000        0x0 /usr/local/lib/gcc/avr/4.9.2/avr5/libgcc.a(_tablejump2.o)
 .text.libgcc.builtins
                0x0000000000000000        0x0 /usr/local/lib/gcc/avr/4.9.2/avr5/libgcc.a(_tablejump2.o)
 .text.libgcc.fmul
                0x0000000000000000        0x0 /usr/local/lib/gcc/avr/4.9.2/avr5/libgcc.a(_tablejump2.o)
 .text.libgcc.fixed
                0x0000000000000000        0x0 /usr/local/lib/gcc/avr/4.9.2/avr5/libgcc.a(_tablejump2.o)
 .text          0x0000000000000000        0x0 /usr/local/lib/gcc/avr/4.9.2/avr5/libgcc.a(_copy_data.o)
 .data          0x0000000000000000        0x0 /usr/local/lib/gcc/avr/4.9.2/avr5/libgcc.a(_copy_data.o)
 .bss           0x0000000000000000        0x0 /usr/local/lib/gcc/avr/4.9.2/avr5/libgcc.a(_copy_data.o)
 .text.libgcc.mul
                0x0000000000000000        0x0 /usr/local/lib/gcc/avr/4.9.2/avr5/libgcc.a(_copy_data.o)
 .text.libgcc.div
                0x0000000000000000        0x0 /usr/local/lib/gcc/avr/4.9.2/avr5/libgcc.a(_copy_data.o)
 .text.libgcc   0x0000000000000000        0x0 /usr/local/lib/gcc/avr/4.9.2/avr5/libgcc.a(_copy_data.o)
 .text.libgcc.prologue
                0x0000000000000000        0x0 /usr/local/lib/gcc/avr/4.9.2/avr5/libgcc.a(_copy_data.o)
 .text.libgcc.builtins
                0x0000000000000000        0x0 /usr/local/lib/gcc/avr/4.9.2/avr5/libgcc.a(_copy_data.o)
 .text.libgcc.fmul
                0x0000000000000000        0x0 /usr/local/lib/gcc/avr/4.9.2/avr5/libgcc.a(_copy_data.o)
 .text.libgcc.fixed
                0x0000000000000000        0x0 /usr/local/lib/gcc/avr/4.9.2/avr5/libgcc.a(_copy_data.o)
 .text          0x0000000000000000        0x0 /usr/local/lib/gcc/avr/4.9.2/avr5/libgcc.a(_clear_bss.o)
 .data          0x0000000000000000        0x0 /usr/local/lib/gcc/avr/4.9.2/avr5/libgcc.a(_clear_bss.o)
 .bss           0x0000000000000000        0x0 /usr/local/lib/gcc/avr/4.9.2/avr5/libgcc.a(_clear_bss.o)
 .text.libgcc.mul
                0x0000000000000000        0x0 /usr/local/lib/gcc/avr/4.9.2/avr5/libgcc.a(_clear_bss.o)
 .text.libgcc.div
                0x0000000000000000        0x0 /usr/local/lib/gcc/avr/4.9.2/avr5/libgcc.a(_clear_bss.o)
 .text.libgcc   0x0000000000000000        0x0 /usr/local/lib/gcc/avr/4.9.2/avr5/libgcc.a(_clear_bss.o)
 .text.libgcc.prologue
                0x0000000000000000        0x0 /usr/local/lib/gcc/avr/4.9.2/avr5/libgcc.a(_clear_bss.o)
 .text.libgcc.builtins
                0x0000000000000000        0x0 /usr/local/lib/gcc/avr/4.9.2/avr5/libgcc.a(_clear_bss.o)
 .text.libgcc.fmul
                0x0000000000000000        0x0 /usr/local/lib/gcc/avr/4.9.2/avr5/libgcc.a(_clear_bss.o)
 .text.libgcc.fixed
                0x0000000000000000        0x0 /usr/local/lib/gcc/avr/4.9.2/avr5/libgcc.a(_clear_bss.o)
 .text          0x0000000000000000        0x0 /usr/local/lib/gcc/avr/4.9.2/../../../../avr/lib/avr5/libm.a(addsf3.o)
 .data          0x0000000000000000        0x0 /usr/local/lib/gcc/avr/4.9.2/../../../../avr/lib/avr5/libm.a(addsf3.o)
 .bss           0x0000000000000000        0x0 /usr/local/lib/gcc/avr/4.9.2/../../../../avr/lib/avr5/libm.a(addsf3.o)
 .text          0x0000000000000000        0x0 /usr/local/lib/gcc/avr/4.9.2/../../../../avr/lib/avr5/libm.a(addsf3x.o)
 .data          0x0000000000000000        0x0 /usr/local/lib/gcc/avr/4.9.2/../../../../avr/lib/avr5/libm.a(addsf3x.o)
 .bss           0x0000000000000000        0x0 /usr/local/lib/gcc/avr/4.9.2/../../../../avr/lib/avr5/libm.a(addsf3x.o)
 .text          0x0000000000000000        0x0 /usr/local/lib/gcc/avr/4.9.2/../../../../avr/lib/avr5/libm.a(fixsfsi.o)
 .data          0x0000000000000000        0x0 /usr/local/lib/gcc/avr/4.9.2/../../../../avr/lib/avr5/libm.a(fixsfsi.o)
 .bss           0x0000000000000000        0x0 /usr/local/lib/gcc/avr/4.9.2/../../../../avr/lib/avr5/libm.a(fixsfsi.o)
 .text          0x0000000000000000        0x0 /usr/local/lib/gcc/avr/4.9.2/../../../../avr/lib/avr5/libm.a(fixunssfsi.o)
 .data          0x0000000000000000        0x0 /usr/local/lib/gcc/avr/4.9.2/../../../../avr/lib/avr5/libm.a(fixunssfsi.o)
 .bss           0x0000000000000000        0x0 /usr/local/lib/gcc/avr/4.9.2/../../../../avr/lib/avr5/libm.a(fixunssfsi.o)
 .text          0x0000000000000000        0x0 /usr/local/lib/gcc/avr/4.9.2/../../../../avr/lib/avr5/libm.a(floatsisf.o)
 .data          0x0000000000000000        0x0 /usr/local/lib/gcc/avr/4.9.2/../../../../avr/lib/avr5/libm.a(floatsisf.o)
 .bss           0x0000000000000000        0x0 /usr/local/lib/gcc/avr/4.9.2/../../../../avr/lib/avr5/libm.a(floatsisf.o)
 .text          0x0000000000000000        0x0 /usr/local/lib/gcc/avr/4.9.2/../../../../avr/lib/avr5/libm.a(fp_inf.o)
 .data          0x0000000000000000        0x0 /usr/local/lib/gcc/avr/4.9.2/../../../../avr/lib/avr5/libm.a(fp_inf.o)
 .bss           0x0000000000000000        0x0 /usr/local/lib/gcc/avr/4.9.2/../../../../avr/lib/avr5/libm.a(fp_inf.o)
 .text          0x0000000000000000        0x0 /usr/local/lib/gcc/avr/4.9.2/../../../../avr/lib/avr5/libm.a(fp_nan.o)
 .data          0x0000000000000000        0x0 /usr/local/lib/gcc/avr/4.9.2/../../../../avr/lib/avr5/libm.a(fp_nan.o)
 .bss           0x0000000000000000        0x0 /usr/local/lib/gcc/avr/4.9.2/../../../../avr/lib/avr5/libm.a(fp_nan.o)
 .text          0x0000000000000000        0x0 /usr/local/lib/gcc/avr/4.9.2/../../../../avr/lib/avr5/libm.a(fp_pscA.o)
 .data          0x0000000000000000        0x0 /usr/local/lib/gcc/avr/4.9.2/../../../../avr/lib/avr5/libm.a(fp_pscA.o)
 .bss           0x0000000000000000        0x0 /usr/local/lib/gcc/avr/4.9.2/../../../../avr/lib/avr5/libm.a(fp_pscA.o)
 .text          0x0000000000000000        0x0 /usr/local/lib/gcc/avr/4.9.2/../../../../avr/lib/avr5/libm.a(fp_pscB.o)
 .data          0x0000000000000000        0x0 /usr/local/lib/gcc/avr/4.9.2/../../../../avr/lib/avr5/libm.a(fp_pscB.o)
 .bss           0x0000000000000000        0x0 /usr/local/lib/gcc/avr/4.9.2/../../../../avr/lib/avr5/libm.a(fp_pscB.o)
 .text          0x0000000000000000        0x0 /usr/local/lib/gcc/avr/4.9.2/../../../../avr/lib/avr5/libm.a(fp_round.o)
 .data          0x0000000000000000        0x0 /usr/local/lib/gcc/avr/4.9.2/../../../../avr/lib/avr5/libm.a(fp_round.o)
 .bss           0x0000000000000000        0x0 /usr/local/lib/gcc/avr/4.9.2/../../../../avr/lib/avr5/libm.a(fp_round.o)
 .text          0x0000000000000000        0x0 /usr/local/lib/gcc/avr/4.9.2/../../../../avr/lib/avr5/libm.a(fp_split3.o)
 .data          0x0000000000000000        0x0 /usr/local/lib/gcc/avr/4.9.2/../../../../avr/lib/avr5/libm.a(fp_split3.o)
 .bss           0x0000000000000000        0x0 /usr/local/lib/gcc/avr/4.9.2/../../../../avr/lib/avr5/libm.a(fp_split3.o)
 .text          0x0000000000000000        0x0 /usr/local/lib/gcc/avr/4.9.2/../../../../avr/lib/avr5/libm.a(fp_zero.o)
 .data          0x0000000000000000        0x0 /usr/local/lib/gcc/avr/4.9.2/../../../../avr/lib/avr5/libm.a(fp_zero.o)
 .bss           0x0000000000000000        0x0 /usr/local/lib/gcc/avr/4.9.2/../../../../avr/lib/avr5/libm.a(fp_zero.o)
 .text          0x0000000000000000        0x0 /usr/local/lib/gcc/avr/4.9.2/../../../../avr/lib/avr5/libm.a(mulsf3.o)
 .data          0x0000000000000000        0x0 /usr/local/lib/gcc/avr/4.9.2/../../../../avr/lib/avr5/libm.a(mulsf3.o)
 .bss           0x0000000000000000        0x0 /usr/local/lib/gcc/avr/4.9.2/../../../../avr/lib/avr5/libm.a(mulsf3.o)
 .text          0x0000000000000000        0x0 /usr/local/lib/gcc/avr/4.9.2/../../../../avr/lib/avr5/libm.a(mulsf3x.o)
 .data          0x0000000000000000        0x0 /usr/local/lib/gcc/avr/4.9.2/../../../../avr/lib/avr5/libm.a(mulsf3x.o)
 .bss           0x0000000000000000        0x0 /usr/local/lib/gcc/avr/4.9.2/../../../../avr/lib/avr5/libm.a(mulsf3x.o)
 .text          0x0000000000000000        0x0 /usr/local/lib/gcc/avr/4.9.2/../../../../avr/lib/avr5/libc.a(strnlen_P.o)
 .data          0x0000000000000000        0x0 /usr/local/lib/gcc/avr/4.9.2/../../../../avr/lib/avr5/libc.a(strnlen_P.o)
 .bss           0x0000000000000000        0x0 /usr/local/lib/gcc/avr/4.9.2/../../../../avr/lib/avr5/libc.a(strnlen_P.o)

Memory Configuration

Name             Origin             Length             Attributes
text             0x0000000000000000 0x0000000000020000 xr
data             0x0000000000800060 0x000000000000ffa0 rw !x
eeprom           0x0000000000810000 0x0000000000010000 rw !x
fuse             0x0000000000820000 0x0000000000000400 rw !x
lock             0x0000000000830000 0x0000000000000400 rw !x
signature        0x0000000000840000 0x0000000000000400 rw !x
*default*        0x0000000000000000 0xffffffffffffffff

Linker script and memory map

Address of section .data set to 0x800100
LOAD /usr/local/lib/gcc/avr/4.9.2/../../../../avr/lib/avr5/crtm644.o
Address of section .noinit set to 0x800100
Address of section .data set to 0x800500
LOAD uzeboxVideoEngineCore.o
LOAD uzeboxCore.o
LOAD uzeboxSoundEngine.o
LOAD uzeboxSoundEngineCore.o
LOAD uzeboxVideoEngine.o
LOAD Iros.o
START GROUP
LOAD /usr/local/lib/gcc/avr/4.9.2/avr5/libgcc.a
LOAD /usr/local/lib/gcc/avr/4.9.2/../../../../avr/lib/avr5/libm.a
LOAD /usr/local/lib/gcc/avr/4.9.2/../../../../avr/lib/avr5/libc.a
END GROUP

.hash
 *(.hash)

.dynsym
 *(.dynsym)

.dynstr
 *(.dynstr)

.gnu.version
 *(.gnu.version)

.gnu.version_d
 *(.gnu.version_d)

.gnu.version_r
 *(.gnu.version_r)

.rel.init
 *(.rel.init)

.rela.init
 *(.rela.init)

.rel.text
 *(.rel.text)
 *(.rel.text.*)
 *(.rel.gnu.linkonce.t*)

.rela.text
 *(.rela.text)
 *(.rela.text.*)
 *(.rela.gnu.linkonce.t*)

.rel.fini
 *(.rel.fini)

.rela.fini
 *(.rela.fini)

.rel.rodata
 *(.rel.rodata)
 *(.rel.rodata.*)
 *(.rel.gnu.linkonce.r*)

.rela.rodata
 *(.rela.rodata)
 *(.rela.rodata.*)
 *(.rela.gnu.linkonce.r*)

.rel.data
 *(.rel.data)
 *(.rel.data.*)
 *(.rel.gnu.linkonce.d*)

.rela.data
 *(.rela.data)
 *(.rela.data.*)
 *(.rela.gnu.linkonce.d*)

.rel.ctors
 *(.rel.ctors)

.rela.ctors
 *(.rela.ctors)

.rel.dtors
 *(.rel.dtors)

.rela.dtors
 *(.rela.dtors)

.rel.got
 *(.rel.got)

.rela.got
 *(.rela.got)

.rel.bss
 *(.rel.bss)

.rela.bss
 *(.rela.bss)

.rel.plt
 *(.rel.plt)

.rela.plt
 *(.rela.plt)

.text           0x0000000000000000     0xee14
 *(.vectors)
 .vectors       0x0000000000000000       0x70 /usr/local/lib/gcc/avr/4.9.2/../../../../avr/lib/avr5/crtm644.o
                0x0000000000000000                __vectors
                0x0000000000000000                __vector_default
 *(.vectors)
 *(.progmem.gcc*)
 .progmem.gcc_sw_table.update_enemies
                0x0000000000000070       0x12 Iros.o
 .progmem.gcc_sw_table.load_level
                0x0000000000000082       0x14 Iros.o
                0x0000000000000096                . = ALIGN (0x2)
                0x0000000000000096                __trampolines_start = .
 *(.trampolines)
 .trampolines   0x0000000000000096        0x0 linker stubs
 *(.trampolines*)
                0x0000000000000096                __trampolines_end = .
 *(.progmem*)
 .progmem.data  0x0000000000000096       0x4e uzeboxCore.o
                0x0000000000000096                io_table
                0x00000000000000c4                eeprom_format_table
 .progmem.data  0x00000000000000e4       0x1e uzeboxSoundEngine.o
                0x00000000000000e4                patchCommands
 .progmem.data  0x0000000000000102      0x853 uzeboxVideoEngine.o
                0x0000000000000102                fader
                0x000000000000010e                map_uzeboxlogo2
                0x000000000000011f                map_uzeboxlogo
                0x0000000000000135                logo_tileset
                0x0000000000000935                logoInitPatches
                0x000000000000093e                initPatch
 .progmem.data  0x0000000000000955     0x6f25 Iros.o
                0x0000000000000955                strChallenge
                0x0000000000000a05                strCongrats
                0x0000000000000abb                strIntro
                0x0000000000000b45                default_scores
                0x0000000000000b63                strTally
                0x0000000000000b6a                strGameOver
                0x0000000000000b74                strLevelBonus
                0x0000000000000b7a                strLevelClear
                0x0000000000000b86                strPaused
                0x0000000000000b8c                strExitGame
                0x0000000000000b98                strMainMenu
                0x0000000000000ba4                strTime
                0x0000000000000baa                strLives
                0x0000000000000bb1                strShield
                0x0000000000000bb9                strScore
                0x0000000000000bc0                strSelectHandle
                0x0000000000000bc1                strHighScores
                0x0000000000000bcd                str1Player
                0x0000000000000bd3                strCopyright
                0x0000000000000be8                spacesong
                0x0000000000001288                planetsong
                0x0000000000001d5a                my_patches
                0x0000000000001d99                explode
                0x0000000000001e6a                pshoot
                0x0000000000001ec0                navigate
                0x0000000000001ed1                instrument
                0x0000000000001ed9                sprites_data
                0x0000000000003759                map_hazard_desert
                0x000000000000375c                map_hazard_city
                0x000000000000375f                map_hazard_jungle
                0x0000000000003762                map_hazard_fire
                0x0000000000003765                map_hazard_ice
                0x0000000000003768                map_enemy_boss_shot
                0x000000000000376b                map_enemy_boss_eye
                0x000000000000376e                map_enemy_boss_turret
                0x0000000000003771                map_enemy_drone
                0x0000000000003774                map_enemy_tank
                0x0000000000003777                map_enemy_ball
                0x000000000000377a                map_enemy_spider_1
                0x000000000000377d                map_enemy_spider_0
                0x0000000000003780                map_enemy_xwing
                0x0000000000003783                map_enemy_shark
                0x0000000000003786                map_enemy_shot
                0x0000000000003789                map_ahero_jump
                0x0000000000003791                map_ahero_step_3
                0x0000000000003799                map_ahero_step_2
                0x00000000000037a1                map_ahero_step_1
                0x00000000000037a9                map_ahero_step_0
                0x00000000000037b1                map_ahero_idle
                0x00000000000037b9                map_hero_rplasma_shot
                0x00000000000037bc                map_hero_space_bomb
                0x00000000000037bf                map_hero_space_shot
                0x00000000000037c2                map_hero_ice_shot
                0x00000000000037c5                map_hero_ball_shot
                0x00000000000037c8                map_hero_gplasma_shot
                0x00000000000037cb                map_hero_ship_large_1
                0x00000000000037d5                map_hero_ship_large_0
                0x00000000000037df                map_hero_ship_1
                0x00000000000037e4                map_hero_ship_0
                0x00000000000037e9                map_hero_prone
                0x00000000000037ee                map_hero_jump
                0x00000000000037f6                map_hero_step_3
                0x00000000000037fe                map_hero_step_2
                0x0000000000003806                map_hero_step_1
                0x000000000000380e                map_hero_step_0
                0x0000000000003816                map_hero_idle
                0x000000000000381e                map_emerald_4
                0x0000000000003821                map_emerald_3
                0x0000000000003824                map_emerald_2
                0x0000000000003827                map_emerald_1
                0x000000000000382a                map_emerald_0
                0x000000000000382d                map_explosion_2
                0x0000000000003830                map_explosion_1
                0x0000000000003833                map_explosion_0
                0x0000000000003836                map_particle
                0x0000000000003839                map_up_arrow
                0x000000000000383c                map_down_arrow
                0x000000000000383f                map_right_arrow
                0x0000000000003842                map_none
                0x0000000000003845                tiles_data
                0x0000000000006005                map_font
                0x000000000000602c                map_atmosphere
                0x0000000000006066                map_dialog
                0x00000000000060c8                map_canvas
                0x0000000000006151                map_splash
                0x000000000000619e                map_tile_none
                0x00000000000061a1                map_level_mega_tiles
                0x0000000000007173                map_level_space_final
                0x0000000000007274                map_level_space
                0x0000000000007375                map_level_desert
                0x0000000000007476                map_level_city
                0x0000000000007577                map_level_forest
                0x0000000000007678                map_level_fire
                0x0000000000007779                map_level_ice
                0x000000000000787a                . = ALIGN (0x2)
 *(.jumptables)
 *(.jumptables*)
 *(.lowtext)
 *(.lowtext*)
                0x000000000000787a                __ctors_start = .
 *(.ctors)
                0x000000000000787a                __ctors_end = .
                0x000000000000787a                __dtors_start = .
 *(.dtors)
                0x000000000000787a                __dtors_end = .
 SORT(*)(.ctors)
 SORT(*)(.dtors)
 *(.init0)
 .init0         0x000000000000787a        0x0 /usr/local/lib/gcc/avr/4.9.2/../../../../avr/lib/avr5/crtm644.o
                0x000000000000787a                __init
 *(.init0)
 *(.init1)
 *(.init1)
 *(.init2)
 .init2         0x000000000000787a        0xc /usr/local/lib/gcc/avr/4.9.2/../../../../avr/lib/avr5/crtm644.o
 *(.init2)
 *(.init3)
 *(.init3)
 *(.init4)
 .init4         0x0000000000007886       0x16 /usr/local/lib/gcc/avr/4.9.2/avr5/libgcc.a(_copy_data.o)
                0x0000000000007886                __do_copy_data
 .init4         0x000000000000789c       0x10 /usr/local/lib/gcc/avr/4.9.2/avr5/libgcc.a(_clear_bss.o)
                0x000000000000789c                __do_clear_bss
 *(.init4)
 *(.init5)
 *(.init5)
 *(.init6)
 *(.init6)
 *(.init7)
 .init7         0x00000000000078ac       0x16 uzeboxCore.o
                0x00000000000078ac                wdt_init
 *(.init7)
 *(.init8)
 .init8         0x00000000000078c2       0x82 uzeboxCore.o
                0x00000000000078c2                Initialize
 *(.init8)
 *(.init9)
 .init9         0x0000000000007944        0x8 /usr/local/lib/gcc/avr/4.9.2/../../../../avr/lib/avr5/crtm644.o
 *(.init9)
 *(.text)
 .text          0x000000000000794c        0x4 /usr/local/lib/gcc/avr/4.9.2/../../../../avr/lib/avr5/crtm644.o
                0x000000000000794c                __vector_20
                0x000000000000794c                __vector_1
                0x000000000000794c                __vector_24
                0x000000000000794c                __vector_12
                0x000000000000794c                __bad_interrupt
                0x000000000000794c                __vector_6
                0x000000000000794c                __vector_3
                0x000000000000794c                __vector_23
                0x000000000000794c                __vector_25
                0x000000000000794c                __vector_11
                0x000000000000794c                __vector_17
                0x000000000000794c                __vector_19
                0x000000000000794c                __vector_7
                0x000000000000794c                __vector_27
                0x000000000000794c                __vector_5
                0x000000000000794c                __vector_4
                0x000000000000794c                __vector_9
                0x000000000000794c                __vector_2
                0x000000000000794c                __vector_21
                0x000000000000794c                __vector_15
                0x000000000000794c                __vector_26
                0x000000000000794c                __vector_10
                0x000000000000794c                __vector_16
                0x000000000000794c                __vector_18
                0x000000000000794c                __vector_22
 .text          0x0000000000007950      0x868 uzeboxVideoEngineCore.o
                0x0000000000007cb8                CopyFlashTile
                0x0000000000007dd6                CopyRamTile
                0x0000000000007ef0                BlitSprite
                0x0000000000007fd4                __vector_13
                0x0000000000008054                __vector_14
 .text          0x00000000000081b8      0x180 uzeboxSoundEngineCore.o
                0x00000000000081b8                process_music
                0x00000000000081c4                update_sound
                0x0000000000008338                . = ALIGN (0x2)
 *(.text.*)
 .text.SetSpritesTileTable
                0x0000000000008338        0xa uzeboxVideoEngineCore.o
                0x0000000000008338                SetSpritesTileTable
 .text.ClearVram
                0x0000000000008342       0x14 uzeboxVideoEngineCore.o
                0x0000000000008342                ClearVram
 .text.SetTile  0x0000000000008356       0x22 uzeboxVideoEngineCore.o
                0x0000000000008356                SetTile
 .text.SetTileTable
                0x0000000000008378        0xa uzeboxVideoEngineCore.o
                0x0000000000008378                SetTileTable
 .text.GetVsyncFlag
                0x0000000000008382        0x8 uzeboxVideoEngineCore.o
                0x0000000000008382                GetVsyncFlag
 .text.ClearVsyncFlag
                0x000000000000838a        0xc uzeboxVideoEngineCore.o
                0x000000000000838a                ClearVsyncFlag
 .text.ReadJoypad
                0x0000000000008396       0x18 uzeboxVideoEngineCore.o
                0x0000000000008396                ReadJoypad
 .text.WaitUs   0x00000000000083ae        0xe uzeboxVideoEngineCore.o
                0x00000000000083ae                WaitUs
 .text.WriteEeprom
                0x00000000000083bc       0x14 uzeboxVideoEngineCore.o
                0x00000000000083bc                WriteEeprom
 .text.ReadEeprom
                0x00000000000083d0       0x12 uzeboxVideoEngineCore.o
                0x00000000000083d0                ReadEeprom
 .text.wdt_randomize
                0x00000000000083e2       0x50 uzeboxVideoEngineCore.o
                0x00000000000083e2                wdt_randomize
 .text.GetTrueRandomSeed
                0x0000000000008432        0xa uzeboxVideoEngineCore.o
                0x0000000000008432                GetTrueRandomSeed
 .text.__vector_8
                0x000000000000843c       0x44 uzeboxVideoEngineCore.o
                0x000000000000843c                __vector_8
 .text.SoftReset
                0x0000000000008480       0x16 uzeboxCore.o
                0x0000000000008480                SoftReset
 .text.ReadButtons
                0x0000000000008496       0x6c uzeboxCore.o
                0x0000000000008496                ReadButtons
 .text.ReadControllers
                0x0000000000008502       0x20 uzeboxCore.o
                0x0000000000008502                ReadControllers
 .text.FormatEeprom
                0x0000000000008522       0x44 uzeboxCore.o
                0x0000000000008522                FormatEeprom
 .text.isEepromFormatted
                0x0000000000008566       0x2e uzeboxCore.o
                0x0000000000008566                isEepromFormatted
 .text.EepromBlockExists
                0x0000000000008594       0xa4 uzeboxCore.o
                0x0000000000008594                EepromBlockExists
 .text.EepromWriteBlock
                0x0000000000008638       0x94 uzeboxCore.o
                0x0000000000008638                EepromWriteBlock
 .text.EepromReadBlock
                0x00000000000086cc       0x66 uzeboxCore.o
                0x00000000000086cc                EepromReadBlock
 .text.GetPrngNumber
                0x0000000000008732       0x5c uzeboxCore.o
                0x0000000000008732                GetPrngNumber
 .text.PatchCommand00
                0x000000000000878e        0x6 uzeboxSoundEngine.o
                0x000000000000878e                PatchCommand00
 .text.PatchCommand01
                0x0000000000008794       0x10 uzeboxSoundEngine.o
                0x0000000000008794                PatchCommand01
 .text.PatchCommand05
                0x00000000000087a4        0xa uzeboxSoundEngine.o
                0x00000000000087a4                PatchCommand05
 .text.PatchCommand06
                0x00000000000087ae        0xa uzeboxSoundEngine.o
                0x00000000000087ae                PatchCommand06
 .text.PatchCommand07
                0x00000000000087b8        0x6 uzeboxSoundEngine.o
                0x00000000000087b8                PatchCommand07
 .text.PatchCommand09
                0x00000000000087be        0x6 uzeboxSoundEngine.o
                0x00000000000087be                PatchCommand09
 .text.PatchCommand10
                0x00000000000087c4        0x6 uzeboxSoundEngine.o
                0x00000000000087c4                PatchCommand10
 .text.PatchCommand11
                0x00000000000087ca       0x76 uzeboxSoundEngine.o
                0x00000000000087ca                PatchCommand11
 .text.PatchCommand12
                0x0000000000008840        0x6 uzeboxSoundEngine.o
                0x0000000000008840                PatchCommand12
 .text.PatchCommand13
                0x0000000000008846        0x6 uzeboxSoundEngine.o
                0x0000000000008846                PatchCommand13
 .text.PatchCommand02
                0x000000000000884c        0x8 uzeboxSoundEngine.o
                0x000000000000884c                PatchCommand02
 .text.PatchCommand03
                0x0000000000008854        0xe uzeboxSoundEngine.o
                0x0000000000008854                PatchCommand03
 .text.PatchCommand04
                0x0000000000008862       0x10 uzeboxSoundEngine.o
                0x0000000000008862                PatchCommand04
 .text.PatchCommand08
                0x0000000000008872       0x20 uzeboxSoundEngine.o
                0x0000000000008872                PatchCommand08
 .text.PatchCommand14
                0x0000000000008892       0x54 uzeboxSoundEngine.o
                0x0000000000008892                PatchCommand14
 .text.InitMusicPlayer
                0x00000000000088e6       0x44 uzeboxSoundEngine.o
                0x00000000000088e6                InitMusicPlayer
 .text.StartSong
                0x000000000000892a       0x52 uzeboxSoundEngine.o
                0x000000000000892a                StartSong
 .text.StopSong
                0x000000000000897c       0x1c uzeboxSoundEngine.o
                0x000000000000897c                StopSong
 .text.ResumeSong
                0x0000000000008998        0x8 uzeboxSoundEngine.o
                0x0000000000008998                ResumeSong
 .text.ReadVarLen
                0x00000000000089a0       0x4c uzeboxSoundEngine.o
                0x00000000000089a0                ReadVarLen
 .text.TriggerCommon
                0x00000000000089ec      0x11c uzeboxSoundEngine.o
                0x00000000000089ec                TriggerCommon
 .text.TriggerFx
                0x0000000000008b08       0x90 uzeboxSoundEngine.o
                0x0000000000008b08                TriggerFx
 .text.TriggerNote
                0x0000000000008b98       0x80 uzeboxSoundEngine.o
                0x0000000000008b98                TriggerNote
 .text.ProcessMusic
                0x0000000000008c18      0x43e uzeboxSoundEngine.o
                0x0000000000008c18                ProcessMusic
 .text.SetMasterVolume
                0x0000000000009056        0x6 uzeboxSoundEngine.o
                0x0000000000009056                SetMasterVolume
 .text.IsSongPlaying
                0x000000000000905c        0x6 uzeboxSoundEngine.o
                0x000000000000905c                IsSongPlaying
 .text.SetMixerNote
                0x0000000000009062       0x2e uzeboxSoundEngineCore.o
                0x0000000000009062                SetMixerNote
 .text.SetMixerWave
                0x0000000000009090       0x3a uzeboxSoundEngineCore.o
                0x0000000000009090                SetMixerWave
 *fill*         0x00000000000090ca       0x36 
 .text.DisableSoundEngine
                0x0000000000009100      0xc00 uzeboxSoundEngineCore.o
                0x0000000000009100                DisableSoundEngine
                0x0000000000009108                steptable
                0x0000000000009300                waves
 .text.RestoreBackground
                0x0000000000009d00       0x2c uzeboxVideoEngine.o
                0x0000000000009d00                RestoreBackground
 .text.ProcessSprites
                0x0000000000009d2c      0x224 uzeboxVideoEngine.o
                0x0000000000009d2c                ProcessSprites
 .text.Scroll   0x0000000000009f50       0x4a uzeboxVideoEngine.o
                0x0000000000009f50                Scroll
 .text.InitializeVideoMode
                0x0000000000009f9a       0x1e uzeboxVideoEngine.o
                0x0000000000009f9a                InitializeVideoMode
 .text.DrawMap  0x0000000000009fb8       0xd2 uzeboxVideoEngine.o
                0x0000000000009fb8                DrawMap2
                0x0000000000009fb8                DrawMap
 .text.WaitVsync
                0x000000000000a08a       0x2e uzeboxVideoEngine.o
                0x000000000000a08a                WaitVsync
 .text.DisplayLogo
                0x000000000000a0b8       0x6e uzeboxVideoEngine.o
                0x000000000000a0b8                DisplayLogo
 .text.doFade   0x000000000000a126       0x1c uzeboxVideoEngine.o
                0x000000000000a126                doFade
 .text.FadeIn   0x000000000000a142       0x18 uzeboxVideoEngine.o
                0x000000000000a142                FadeIn
 .text.FadeOut  0x000000000000a15a       0x18 uzeboxVideoEngine.o
                0x000000000000a15a                FadeOut
 .text.ProcessFading
                0x000000000000a172       0x4a uzeboxVideoEngine.o
                0x000000000000a172                ProcessFading
 .text.VideoModeVsync
                0x000000000000a1bc        0x8 uzeboxVideoEngine.o
                0x000000000000a1bc                VideoModeVsync
 .text.LBMoveDelta
                0x000000000000a1c4       0x56 Iros.o
                0x000000000000a1c4                LBMoveDelta
 .text.LBGetNextFrame
                0x000000000000a21a       0x4c Iros.o
                0x000000000000a21a                LBGetNextFrame
 .text.LBGetJoyPadState
                0x000000000000a266       0x96 Iros.o
                0x000000000000a266                LBGetJoyPadState
 .text.LBPrintChar
                0x000000000000a2fc       0x40 Iros.o
                0x000000000000a2fc                LBPrintChar
 .text.LBPrint  0x000000000000a33c       0x38 Iros.o
                0x000000000000a33c                LBPrint
 .text.LBPrintByte
                0x000000000000a374       0x62 Iros.o
                0x000000000000a374                LBPrintByte
 .text.LBPrintInt
                0x000000000000a3d6       0x72 Iros.o
                0x000000000000a3d6                LBPrintInt
 .text.LBCollides
                0x000000000000a448       0x54 Iros.o
                0x000000000000a448                LBCollides
 .text.LBRandom
                0x000000000000a49c       0x2c Iros.o
                0x000000000000a49c                LBRandom
 .text.LBWaitSeconds
                0x000000000000a4c8       0x1e Iros.o
                0x000000000000a4c8                LBWaitSeconds
 .text.LBMapSprite
                0x000000000000a4e6       0xa4 Iros.o
                0x000000000000a4e6                LBMapSprite
 .text.LBMoveSprite
                0x000000000000a58a       0x7c Iros.o
                0x000000000000a58a                LBMoveSprite
 .text.LBRotateSprites
                0x000000000000a606       0x68 Iros.o
                0x000000000000a606                LBRotateSprites
 .text.is_space
                0x000000000000a66e        0x8 Iros.o
                0x000000000000a66e                is_space
 .text.init_default_high_scores
                0x000000000000a676       0x2c Iros.o
                0x000000000000a676                init_default_high_scores
 .text.init_enemy_state
                0x000000000000a6a2       0x26 Iros.o
                0x000000000000a6a2                init_enemy_state
 .text.init_player_shot
                0x000000000000a6c8      0x402 Iros.o
                0x000000000000a6c8                init_player_shot
 .text.init_boss_shot
                0x000000000000aaca      0x382 Iros.o
                0x000000000000aaca                init_boss_shot
 .text.init_boss_state
                0x000000000000ae4c      0x160 Iros.o
                0x000000000000ae4c                init_boss_state
 .text.init_player_state
                0x000000000000afac      0x15e Iros.o
                0x000000000000afac                init_player_state
 .text.init_enemy_shot
                0x000000000000b10a       0xea Iros.o
                0x000000000000b10a                init_enemy_shot
 .text.init_enemy_spider
                0x000000000000b1f4       0x84 Iros.o
                0x000000000000b1f4                init_enemy_spider
 .text.init_enemy_turret
                0x000000000000b278       0x7a Iros.o
                0x000000000000b278                init_enemy_turret
 .text.init_enemy_drone
                0x000000000000b2f2       0x7c Iros.o
                0x000000000000b2f2                init_enemy_drone
 .text.init_enemy_shark
                0x000000000000b36e       0x76 Iros.o
                0x000000000000b36e                init_enemy_shark
 .text.init_enemy_globe
                0x000000000000b3e4       0x78 Iros.o
                0x000000000000b3e4                init_enemy_globe
 .text.init_enemy_xwing
                0x000000000000b45c       0x78 Iros.o
                0x000000000000b45c                init_enemy_xwing
 .text.init_enemy_boss_turret
                0x000000000000b4d4       0x7a Iros.o
                0x000000000000b4d4                init_enemy_boss_turret
 .text.init_enemy_boss_eye
                0x000000000000b54e       0xa2 Iros.o
                0x000000000000b54e                init_enemy_boss_eye
 .text.init_enemy_boss_turrets
                0x000000000000b5f0       0x40 Iros.o
                0x000000000000b5f0                init_enemy_boss_turrets
 .text.init_enemy_boss_eyes
                0x000000000000b630       0xb8 Iros.o
                0x000000000000b630                init_enemy_boss_eyes
 .text.init_enemy_level_hazard
                0x000000000000b6e8       0xbe Iros.o
                0x000000000000b6e8                init_enemy_level_hazard
 .text.load_eeprom
                0x000000000000b7a6       0x24 Iros.o
                0x000000000000b7a6                load_eeprom
 .text.clear_overlay
                0x000000000000b7ca       0x30 Iros.o
                0x000000000000b7ca                clear_overlay
 .text.get_level_tile
                0x000000000000b7fa       0x50 Iros.o
                0x000000000000b7fa                get_level_tile
 .text.render_camera_view
                0x000000000000b84a       0xd0 Iros.o
                0x000000000000b84a                render_camera_view
 .text.init_level_enemy
                0x000000000000b91a       0x44 Iros.o
                0x000000000000b91a                init_level_enemy
 .text.init_space_enemy
                0x000000000000b95e       0x40 Iros.o
                0x000000000000b95e                init_space_enemy
 .text.spawn_enemy
                0x000000000000b99e       0x96 Iros.o
                0x000000000000b99e                spawn_enemy
 .text.solid_or_hazard_tile
                0x000000000000ba34       0x1a Iros.o
                0x000000000000ba34                solid_or_hazard_tile
 .text.append_tile_column
                0x000000000000ba4e      0x1a0 Iros.o
                0x000000000000ba4e                append_tile_column
 .text.move_camera_x
                0x000000000000bbee       0x32 Iros.o
                0x000000000000bbee                move_camera_x
 .text.map_ship
                0x000000000000bc20       0x2a Iros.o
                0x000000000000bc20                map_ship
 .text.map_level_info
                0x000000000000bc4a       0x4a Iros.o
                0x000000000000bc4a                map_level_info
 .text.on_solid_ground
                0x000000000000bc94       0xbe Iros.o
                0x000000000000bc94                on_solid_ground
 .text.find_shot_slot
                0x000000000000bd52       0x2c Iros.o
                0x000000000000bd52                find_shot_slot
 .text.update_shot
                0x000000000000bd7e      0x182 Iros.o
                0x000000000000bd7e                update_shot
 .text.out_of_bounds
                0x000000000000bf00       0x56 Iros.o
                0x000000000000bf00                out_of_bounds
 .text.explode_all_enemies
                0x000000000000bf56       0x38 Iros.o
                0x000000000000bf56                explode_all_enemies
 .text.handle_music_toggle
                0x000000000000bf8e       0x18 Iros.o
                0x000000000000bf8e                handle_music_toggle
 .text.handle_demo_play
                0x000000000000bfa6       0x88 Iros.o
                0x000000000000bfa6                handle_demo_play
 .text.pixel_overlap
                0x000000000000c02e       0x1a Iros.o
                0x000000000000c02e                pixel_overlap
 .text.collision_detect_level
                0x000000000000c048      0x41c Iros.o
                0x000000000000c048                collision_detect_level
 .text.animate_shot
                0x000000000000c464      0x2c4 Iros.o
                0x000000000000c464                animate_shot
 .text.map_explosion
                0x000000000000c728       0x96 Iros.o
                0x000000000000c728                map_explosion
 .text.animate_sprite
                0x000000000000c7be       0xf0 Iros.o
                0x000000000000c7be                animate_sprite
 .text.animate_player
                0x000000000000c8ae       0xb8 Iros.o
                0x000000000000c8ae                animate_player
 .text.update_spider_enemy
                0x000000000000c966       0x82 Iros.o
                0x000000000000c966                update_spider_enemy
 .text.update_turret_enemy
                0x000000000000c9e8       0x3c Iros.o
                0x000000000000c9e8                update_turret_enemy
 .text.update_drone_enemy
                0x000000000000ca24       0x20 Iros.o
                0x000000000000ca24                update_drone_enemy
 .text.update_globe_enemy
                0x000000000000ca44       0x20 Iros.o
                0x000000000000ca44                update_globe_enemy
 .text.update_xwing_enemy
                0x000000000000ca64       0x32 Iros.o
                0x000000000000ca64                update_xwing_enemy
 .text.update_shark_enemy
                0x000000000000ca96       0x20 Iros.o
                0x000000000000ca96                update_shark_enemy
 .text.update_level_hazard
                0x000000000000cab6       0x48 Iros.o
                0x000000000000cab6                update_level_hazard
 .text.update_basic_shot
                0x000000000000cafe       0x16 Iros.o
                0x000000000000cafe                update_basic_shot
 .text.update_enemies
                0x000000000000cb14       0xda Iros.o
                0x000000000000cb14                update_enemies
 .text.update_enemy_shots
                0x000000000000cbee      0x140 Iros.o
                0x000000000000cbee                update_enemy_shots
 .text.animate_enemies
                0x000000000000cd2e      0x218 Iros.o
                0x000000000000cd2e                animate_enemies
 .text.animate_enemy_shots
                0x000000000000cf46      0x152 Iros.o
                0x000000000000cf46                animate_enemy_shots
 .text.stream_text_middle
                0x000000000000d098       0x6e Iros.o
                0x000000000000d098                stream_text_middle
 .text.print_scroll
                0x000000000000d106       0x9a Iros.o
                0x000000000000d106                print_scroll
 .text.clear_sprites
                0x000000000000d1a0       0x44 Iros.o
                0x000000000000d1a0                clear_sprites
 .text.fade_through
                0x000000000000d1e4       0x20 Iros.o
                0x000000000000d1e4                fade_through
 .text.congratulations
                0x000000000000d204       0x26 Iros.o
                0x000000000000d204                congratulations
 .text.load_level
                0x000000000000d22a      0x222 Iros.o
                0x000000000000d22a                load_level
 .text.hide_sprites
                0x000000000000d44c       0x38 Iros.o
                0x000000000000d44c                hide_sprites
 .text.select_pressed
                0x000000000000d484       0x14 Iros.o
                0x000000000000d484                select_pressed
 .text.stream_text_anywhere
                0x000000000000d498       0x4e Iros.o
                0x000000000000d498                stream_text_anywhere
 .text.map_particles
                0x000000000000d4e6       0x1a Iros.o
                0x000000000000d4e6                map_particles
 .text.place_particles
                0x000000000000d500       0x44 Iros.o
                0x000000000000d500                place_particles
 .text.animate_particles
                0x000000000000d544       0x64 Iros.o
                0x000000000000d544                animate_particles
 .text.get_emarald_map
                0x000000000000d5a8       0x1e Iros.o
                0x000000000000d5a8                get_emarald_map
 .text.music_transition
                0x000000000000d5c6       0x20 Iros.o
                0x000000000000d5c6                music_transition
 .text.planet_transition
                0x000000000000d5e6      0x11a Iros.o
                0x000000000000d5e6                planet_transition
 .text.intro    0x000000000000d700       0x3c Iros.o
                0x000000000000d700                intro
 .text.demo_load
                0x000000000000d73c       0x46 Iros.o
                0x000000000000d73c                demo_load
 .text.load_splash
                0x000000000000d782       0x62 Iros.o
                0x000000000000d782                load_splash
 .text.load_high_scores
                0x000000000000d7e4      0x228 Iros.o
                0x000000000000d7e4                load_high_scores
 .text.exit_game
                0x000000000000da0c       0x20 Iros.o
                0x000000000000da0c                exit_game
 .text.update_splash
                0x000000000000da2c       0xea Iros.o
                0x000000000000da2c                update_splash
 .text.update_high_scores
                0x000000000000db16      0x1cc Iros.o
                0x000000000000db16                update_high_scores
 .text.tally_score
                0x000000000000dce2      0x27e Iros.o
                0x000000000000dce2                tally_score
 .text.handle_player_death
                0x000000000000df60       0x80 Iros.o
                0x000000000000df60                handle_player_death
 .text.update_player
                0x000000000000dfe0      0x460 Iros.o
                0x000000000000dfe0                update_player
 .text.update_level
                0x000000000000e440      0x2a6 Iros.o
                0x000000000000e440                update_level
 .text.update_pause
                0x000000000000e6e6       0xf0 Iros.o
                0x000000000000e6e6                update_pause
 .text.challenge
                0x000000000000e7d6       0x9a Iros.o
                0x000000000000e7d6                challenge
 .text.update_player_ai
                0x000000000000e870       0xd6 Iros.o
                0x000000000000e870                update_player_ai
 .text.startup.main
                0x000000000000e946      0x116 Iros.o
                0x000000000000e946                main
 .text.libgcc.div
                0x000000000000ea5c       0x18 /usr/local/lib/gcc/avr/4.9.2/avr5/libgcc.a(_udivmodqi4.o)
                0x000000000000ea5c                __udivmodqi4
 .text.libgcc.div
                0x000000000000ea74       0x1c /usr/local/lib/gcc/avr/4.9.2/avr5/libgcc.a(_divmodqi4.o)
                0x000000000000ea74                __divmodqi4
 .text.libgcc.div
                0x000000000000ea90       0x28 /usr/local/lib/gcc/avr/4.9.2/avr5/libgcc.a(_udivmodhi4.o)
                0x000000000000ea90                __udivmodhi4
 .text.libgcc.div
                0x000000000000eab8       0x28 /usr/local/lib/gcc/avr/4.9.2/avr5/libgcc.a(_divmodhi4.o)
                0x000000000000eab8                __divmodhi4
                0x000000000000eab8                _div
 .text.libgcc   0x000000000000eae0        0xc /usr/local/lib/gcc/avr/4.9.2/avr5/libgcc.a(_tablejump2.o)
                0x000000000000eae0                __tablejump2__
 .text.avr-libc.fplib
                0x000000000000eaec        0xa /usr/local/lib/gcc/avr/4.9.2/../../../../avr/lib/avr5/libm.a(addsf3.o)
                0x000000000000eaec                __subsf3
                0x000000000000eaee                __addsf3
 .text.avr-libc.fplib
                0x000000000000eaf6       0xc0 /usr/local/lib/gcc/avr/4.9.2/../../../../avr/lib/avr5/libm.a(addsf3x.o)
                0x000000000000eb10                __addsf3x
 .text.avr-libc.fplib
                0x000000000000ebb6        0xa /usr/local/lib/gcc/avr/4.9.2/../../../../avr/lib/avr5/libm.a(fixsfsi.o)
                0x000000000000ebb6                __fixsfsi
 .text.avr-libc.fplib
                0x000000000000ebc0       0x58 /usr/local/lib/gcc/avr/4.9.2/../../../../avr/lib/avr5/libm.a(fixunssfsi.o)
                0x000000000000ebc0                __fixunssfsi
 .text.avr-libc.fplib
                0x000000000000ec18       0x7a /usr/local/lib/gcc/avr/4.9.2/../../../../avr/lib/avr5/libm.a(floatsisf.o)
                0x000000000000ec18                __floatunsisf
                0x000000000000ec1c                __floatsisf
 .text.avr-libc.fplib
                0x000000000000ec92        0xc /usr/local/lib/gcc/avr/4.9.2/../../../../avr/lib/avr5/libm.a(fp_inf.o)
                0x000000000000ec92                __fp_inf
 .text.avr-libc.fplib
                0x000000000000ec9e        0x6 /usr/local/lib/gcc/avr/4.9.2/../../../../avr/lib/avr5/libm.a(fp_nan.o)
                0x000000000000ec9e                __fp_nan
 .text.avr-libc.fplib
                0x000000000000eca4        0xe /usr/local/lib/gcc/avr/4.9.2/../../../../avr/lib/avr5/libm.a(fp_pscA.o)
                0x000000000000eca4                __fp_pscA
 .text.avr-libc.fplib
                0x000000000000ecb2        0xe /usr/local/lib/gcc/avr/4.9.2/../../../../avr/lib/avr5/libm.a(fp_pscB.o)
                0x000000000000ecb2                __fp_pscB
 .text.avr-libc.fplib
                0x000000000000ecc0       0x22 /usr/local/lib/gcc/avr/4.9.2/../../../../avr/lib/avr5/libm.a(fp_round.o)
                0x000000000000ecc0                __fp_round
 .text.avr-libc.fplib
                0x000000000000ece2       0x44 /usr/local/lib/gcc/avr/4.9.2/../../../../avr/lib/avr5/libm.a(fp_split3.o)
                0x000000000000ece2                __fp_split3
                0x000000000000ecf2                __fp_splitA
 .text.avr-libc.fplib
                0x000000000000ed26        0xe /usr/local/lib/gcc/avr/4.9.2/../../../../avr/lib/avr5/libm.a(fp_zero.o)
                0x000000000000ed26                __fp_zero
                0x000000000000ed28                __fp_szero
 .text.avr-libc.fplib
                0x000000000000ed34        0x4 /usr/local/lib/gcc/avr/4.9.2/../../../../avr/lib/avr5/libm.a(mulsf3.o)
                0x000000000000ed34                __mulsf3
 .text.avr-libc.fplib
                0x000000000000ed38       0xc2 /usr/local/lib/gcc/avr/4.9.2/../../../../avr/lib/avr5/libm.a(mulsf3x.o)
                0x000000000000ed4c                __mulsf3x
                0x000000000000ed50                __mulsf3_pse
 .text.avr-libc
                0x000000000000edfa       0x16 /usr/local/lib/gcc/avr/4.9.2/../../../../avr/lib/avr5/libc.a(strnlen_P.o)
                0x000000000000edfa                strnlen_P
                0x000000000000ee10                . = ALIGN (0x2)
 *(.fini9)
 .fini9         0x000000000000ee10        0x0 /usr/local/lib/gcc/avr/4.9.2/avr5/libgcc.a(_exit.o)
                0x000000000000ee10                exit
                0x000000000000ee10                _exit
 *(.fini9)
 *(.fini8)
 *(.fini8)
 *(.fini7)
 *(.fini7)
 *(.fini6)
 *(.fini6)
 *(.fini5)
 *(.fini5)
 *(.fini4)
 *(.fini4)
 *(.fini3)
 *(.fini3)
 *(.fini2)
 *(.fini2)
 *(.fini1)
 *(.fini1)
 *(.fini0)
 .fini0         0x000000000000ee10        0x4 /usr/local/lib/gcc/avr/4.9.2/avr5/libgcc.a(_exit.o)
 *(.fini0)
                0x000000000000ee14                _etext = .

.data           0x0000000000800500       0x10 load address 0x000000000000ee14
                0x0000000000800500                PROVIDE (__data_start, .)
 *(.data)
 .data          0x0000000000800500        0x1 uzeboxVideoEngine.o
                0x0000000000800500                spritesOn
 .data          0x0000000000800501        0x1 Iros.o
 *(.data*)
 *(.rodata)
 .rodata        0x0000000000800502        0xe Iros.o
 *(.rodata*)
 *(.gnu.linkonce.d*)
                0x0000000000800510                . = ALIGN (0x2)
                0x0000000000800510                _edata = .
                0x0000000000800510                PROVIDE (__data_end, .)

.bss            0x0000000000800510      0xb4c
                0x0000000000800510                PROVIDE (__bss_start, .)
 *(.bss)
 .bss           0x0000000000800510      0x7bc uzeboxVideoEngineCore.o
                0x0000000000800510                sprites
                0x0000000000800550                ram_tiles
                0x0000000000800c50                ram_tiles_restore
                0x0000000000800ca4                sprites_tile_banks
                0x0000000000800caf                Screen
                0x0000000000800cb6                sync_phase
                0x0000000000800cb7                sync_pulse
                0x0000000000800cb8                sync_flags
                0x0000000000800cbd                first_render_line
                0x0000000000800cbe                render_lines_count
                0x0000000000800cbf                joypad1_status_lo
                0x0000000000800cc1                joypad1_status_hi
                0x0000000000800cc3                joypad2_status_lo
                0x0000000000800cc5                joypad2_status_hi
 .bss           0x0000000000800ccc        0x2 uzeboxCore.o
 .bss           0x0000000000800cce        0x1 uzeboxSoundEngine.o
                0x0000000000800cce                playSong
 .bss           0x0000000000800ccf       0x23 uzeboxSoundEngineCore.o
                0x0000000000800ccf                sound_enabled
                0x0000000000800cd0                mixer
                0x0000000000800ce3                tr4_params
                0x0000000000800ce4                tr4_barrel_lo
                0x0000000000800ce5                tr4_barrel_hi
 .bss           0x0000000000800cf2        0x2 uzeboxVideoEngine.o
                0x0000000000800cf2                userRamTilesCount_tmp
                0x0000000000800cf3                userRamTilesCount
 .bss           0x0000000000800cf4        0xe Iros.o
 *(.bss*)
 *(COMMON)
 COMMON         0x0000000000800d02        0x1 uzeboxCore.o
                0x0000000000800d02                joypadsConnectionStatus
 COMMON         0x0000000000800d03       0x83 uzeboxSoundEngine.o
                0x0000000000800d03                songStart
                0x0000000000800d05                tracks
                0x0000000000800d78                currDeltaTime
                0x0000000000800d7a                patchPointers
                0x0000000000800d7c                lastStatus
                0x0000000000800d7d                masterVolume
                0x0000000000800d7e                nextDeltaTime
                0x0000000000800d80                songSpeed
                0x0000000000800d81                songPos
                0x0000000000800d83                loopStart
                0x0000000000800d85                step
 COMMON         0x0000000000800d86        0x6 uzeboxVideoEngine.o
                0x0000000000800d86                fadeSpeed
                0x0000000000800d87                fadeDir
                0x0000000000800d88                free_tile_index
                0x0000000000800d89                fadeActive
                0x0000000000800d8a                currFadeFrame
                0x0000000000800d8b                fadeStep
 COMMON         0x0000000000800d8c      0x2d0 Iros.o
                0x0000000000800d8c                font_tiles_map
                0x0000000000800d8e                shot_top_anim
                0x0000000000800d90                boss_run_anim
                0x0000000000800d98                jump_anim
                0x0000000000800d9a                scores
                0x0000000000800dba                game
                0x0000000000800fda                boss_shot_top_anim
                0x0000000000800fdc                prone_anim
                0x0000000000800fde                spider_anim
                0x0000000000800fe2                shark_anim
                0x0000000000800fe4                extendedSprites
                0x0000000000801034                turret_anim
                0x0000000000801036                boss_shot_bottom_anim
                0x0000000000801038                run_anim
                0x0000000000801040                shot_middle_anim
                0x0000000000801042                boss_jump_anim
                0x0000000000801044                enemy_shot_anim
                0x0000000000801046                globe_anim
                0x0000000000801048                drone_anim
                0x000000000080104a                expl_anim
                0x0000000000801050                shot_bottom_anim
                0x0000000000801052                boss_idle_anim
                0x0000000000801054                boss_shot_middle_anim
                0x0000000000801056                xwing_anim
                0x0000000000801058                hazard_anim
                0x000000000080105a                idle_anim
                0x000000000080105c                PROVIDE (__bss_end, .)
                0x000000000000ee14                __data_load_start = LOADADDR (.data)
                0x000000000000ee24                __data_load_end = (__data_load_start + SIZEOF (.data))

.noinit         0x0000000000800100      0x400
                0x0000000000800100                PROVIDE (__noinit_start, .)
 *(.noinit*)
 .noinit        0x0000000000800100      0x400 uzeboxVideoEngineCore.o
                0x0000000000800100                vram
                0x0000000000800500                overlay_vram
                0x0000000000800500                PROVIDE (__noinit_end, .)
                0x0000000000800500                _end = .
                0x0000000000800500                PROVIDE (__heap_start, .)

.eeprom         0x0000000000810000        0x0
 *(.eeprom*)
                0x0000000000810000                __eeprom_end = .

.fuse
 *(.fuse)
 *(.lfuse)
 *(.hfuse)
 *(.efuse)

.lock
 *(.lock*)

.signature
 *(.signature*)

.stab           0x0000000000000000      0x708
 *(.stab)
 .stab          0x0000000000000000       0xf0 /usr/local/lib/gcc/avr/4.9.2/avr5/libgcc.a(_udivmodqi4.o)
 .stab          0x00000000000000f0       0xf0 /usr/local/lib/gcc/avr/4.9.2/avr5/libgcc.a(_divmodqi4.o)
                                         0xfc (size before relaxing)
 .stab          0x00000000000001e0      0x15c /usr/local/lib/gcc/avr/4.9.2/avr5/libgcc.a(_udivmodhi4.o)
                                        0x168 (size before relaxing)
 .stab          0x000000000000033c      0x138 /usr/local/lib/gcc/avr/4.9.2/avr5/libgcc.a(_divmodhi4.o)
                                        0x144 (size before relaxing)
 .stab          0x0000000000000474       0x6c /usr/local/lib/gcc/avr/4.9.2/avr5/libgcc.a(_exit.o)
                                         0x78 (size before relaxing)
 .stab          0x00000000000004e0       0x9c /usr/local/lib/gcc/avr/4.9.2/avr5/libgcc.a(_tablejump2.o)
                                         0xa8 (size before relaxing)
 .stab          0x000000000000057c       0xd8 /usr/local/lib/gcc/avr/4.9.2/avr5/libgcc.a(_copy_data.o)
                                         0xe4 (size before relaxing)
 .stab          0x0000000000000654       0xb4 /usr/local/lib/gcc/avr/4.9.2/avr5/libgcc.a(_clear_bss.o)
                                         0xc0 (size before relaxing)

.stabstr        0x0000000000000000      0x2f1
 *(.stabstr)
 .stabstr       0x0000000000000000      0x2f1 /usr/local/lib/gcc/avr/4.9.2/avr5/libgcc.a(_udivmodqi4.o)

.stab.excl
 *(.stab.excl)

.stab.exclstr
 *(.stab.exclstr)

.stab.index
 *(.stab.index)

.stab.indexstr
 *(.stab.indexstr)

.comment        0x0000000000000000       0x11
 *(.comment)
 .comment       0x0000000000000000       0x11 uzeboxCore.o
                                         0x12 (size before relaxing)
 .comment       0x0000000000000011       0x12 uzeboxSoundEngine.o
 .comment       0x0000000000000011       0x12 uzeboxVideoEngine.o
 .comment       0x0000000000000011       0x12 Iros.o

.note.gnu.build-id
 *(.note.gnu.build-id)

.debug
 *(.debug)

.line
 *(.line)

.debug_srcinfo
 *(.debug_srcinfo)

.debug_sfnames
 *(.debug_sfnames)

.debug_aranges  0x0000000000000000      0x790
 *(.debug_aranges)
 .debug_aranges
                0x0000000000000000       0xf8 uzeboxVideoEngineCore.o
 .debug_aranges
                0x00000000000000f8       0x90 uzeboxCore.o
 .debug_aranges
                0x0000000000000188      0x100 uzeboxSoundEngine.o
 .debug_aranges
                0x0000000000000288       0x50 uzeboxSoundEngineCore.o
 .debug_aranges
                0x00000000000002d8      0x110 uzeboxVideoEngine.o
 .debug_aranges
                0x00000000000003e8      0x3a8 Iros.o

.debug_pubnames
 *(.debug_pubnames)

.debug_info     0x0000000000000000     0xae9f
 *(.debug_info .gnu.linkonce.wi.*)
 .debug_info    0x0000000000000000      0x672 /usr/local/lib/gcc/avr/4.9.2/../../../../avr/lib/avr5/crtm644.o
 .debug_info    0x0000000000000672       0x7b uzeboxVideoEngineCore.o
 .debug_info    0x00000000000006ed      0xab8 uzeboxCore.o
 .debug_info    0x00000000000011a5     0x12e8 uzeboxSoundEngine.o
 .debug_info    0x000000000000248d       0x72 uzeboxSoundEngineCore.o
 .debug_info    0x00000000000024ff     0x15b9 uzeboxVideoEngine.o
 .debug_info    0x0000000000003ab8     0x73e7 Iros.o

.debug_abbrev   0x0000000000000000     0x1654
 *(.debug_abbrev)
 .debug_abbrev  0x0000000000000000      0x619 /usr/local/lib/gcc/avr/4.9.2/../../../../avr/lib/avr5/crtm644.o
 .debug_abbrev  0x0000000000000619       0x12 uzeboxVideoEngineCore.o
 .debug_abbrev  0x000000000000062b      0x32b uzeboxCore.o
 .debug_abbrev  0x0000000000000956      0x35c uzeboxSoundEngine.o
 .debug_abbrev  0x0000000000000cb2       0x12 uzeboxSoundEngineCore.o
 .debug_abbrev  0x0000000000000cc4      0x3da uzeboxVideoEngine.o
 .debug_abbrev  0x000000000000109e      0x5b6 Iros.o

.debug_line     0x0000000000000000     0x28c3
 *(.debug_line .debug_line.* .debug_line_end)
 .debug_line    0x0000000000000000       0x1d /usr/local/lib/gcc/avr/4.9.2/../../../../avr/lib/avr5/crtm644.o
 .debug_line    0x000000000000001d      0x5bd uzeboxVideoEngineCore.o
 .debug_line    0x00000000000005da      0x2b9 uzeboxCore.o
 .debug_line    0x0000000000000893      0x3e6 uzeboxSoundEngine.o
 .debug_line    0x0000000000000c79      0x1a9 uzeboxSoundEngineCore.o
 .debug_line    0x0000000000000e22      0x4e2 uzeboxVideoEngine.o
 .debug_line    0x0000000000001304     0x15bf Iros.o

.debug_frame    0x0000000000000000     0x1818
 *(.debug_frame)
 .debug_frame   0x0000000000000000      0x1cc uzeboxCore.o
 .debug_frame   0x00000000000001cc      0x284 uzeboxSoundEngine.o
 .debug_frame   0x0000000000000450      0x4d4 uzeboxVideoEngine.o
 .debug_frame   0x0000000000000924      0xef4 Iros.o

.debug_str      0x0000000000000000     0x20ae
 *(.debug_str)
 .debug_str     0x0000000000000000      0x231 /usr/local/lib/gcc/avr/4.9.2/../../../../avr/lib/avr5/crtm644.o
 .debug_str     0x0000000000000231      0x4bd uzeboxCore.o
                                        0x514 (size before relaxing)
 .debug_str     0x00000000000006ee      0x3f9 uzeboxSoundEngine.o
                                        0x644 (size before relaxing)
 .debug_str     0x0000000000000ae7      0x359 uzeboxVideoEngine.o
                                        0x56c (size before relaxing)
 .debug_str     0x0000000000000e40     0x126e Iros.o
                                       0x16ed (size before relaxing)

.debug_loc      0x0000000000000000     0x93c1
 *(.debug_loc)
 .debug_loc     0x0000000000000000      0x9f9 uzeboxCore.o
 .debug_loc     0x00000000000009f9     0x1148 uzeboxSoundEngine.o
 .debug_loc     0x0000000000001b41     0x1bf5 uzeboxVideoEngine.o
 .debug_loc     0x0000000000003736     0x5c8b Iros.o

.debug_macinfo
 *(.debug_macinfo)

.debug_weaknames
 *(.debug_weaknames)

.debug_funcnames
 *(.debug_funcnames)

.debug_typenames
 *(.debug_typenames)

.debug_varnames
 *(.debug_varnames)

.debug_pubtypes
 *(.debug_pubtypes)

.debug_ranges   0x0000000000000000      0x928
 *(.debug_ranges)
 .debug_ranges  0x0000000000000000       0xf0 uzeboxVideoEngineCore.o
 .debug_ranges  0x00000000000000f0       0x98 uzeboxCore.o
 .debug_ranges  0x0000000000000188      0x138 uzeboxSoundEngine.o
 .debug_ranges  0x00000000000002c0       0x48 uzeboxSoundEngineCore.o
 .debug_ranges  0x0000000000000308      0x148 uzeboxVideoEngine.o
 .debug_ranges  0x0000000000000450      0x4d8 Iros.o

.debug_macro
 *(.debug_macro)
OUTPUT(Iros.elf elf32-avr)
LOAD linker stubs
